FL 2019 2020 2021 2022 2023 2024 2025 2026 2027 2028 2029 2030 2031 2032 2033 2034 2035 2036 2037 2038 2039 2040 2041 2042 2043 2044 2045
 1    4109.00    3843.84    3843.84    4061.44    4061.44    4723.03    4723.03    7477.47    7477.47    6230.99    6230.99    2475.86    2475.86    2344.65    2344.65    1874.80    1874.80     824.67     824.67     172.79     172.79     488.33     488.33    2032.80    2032.80    5624.39    5624.39
 2     783.00     732.16     732.16     773.61     773.61     899.62     899.62    1424.28    1424.28    1186.86    1186.86     471.59     471.59     446.60     446.60     357.10     357.10     157.08     157.08      32.91      32.91      93.02      93.02     387.20     387.20    1071.31    1071.31
 3    3537.00    2553.62    2519.00    2671.57    1918.65    3036.41    3553.84    4432.01    3153.23    2875.84    2875.84    2875.84    2875.84    2875.84    2875.84    2875.84    2875.84    2875.84    2875.84    2875.84    2875.84     341.64     831.42    1523.03    1429.70    2684.68    2684.68
 4    1379.00    1253.13     911.96    1228.86    1669.60    1875.38    1223.22    1069.63     634.32     665.11     665.11     665.11     665.11     665.11     665.11     665.11     665.11     665.11     665.11     665.11     665.11     800.26     681.78    1056.43    1019.19     894.22     894.22
 1    4109.00    4466.15    4466.15    6319.24    6319.24    3997.22    3997.22    2820.05    2820.05    2481.40    2481.40    1438.67    1438.67    1569.41    1569.41    1480.71    1480.71    2266.57    2266.57   10672.20   10672.20    5987.52    5987.52    1763.45    1763.45     281.82     281.82
 2     783.00     850.70     850.70    1203.66    1203.66     761.38     761.38     537.15     537.15     472.65     472.65     274.03     274.03     298.94     298.94     282.04     282.04     431.73     431.73    2032.80    2032.80    1140.48    1140.48     335.90     335.90      53.68      53.68
 3    3537.00    2194.10    2470.19    2582.53    2281.37    1600.06    1791.80    1655.38    1509.73    1570.63    1612.83    1612.83    1308.92    1308.92    1308.92    1487.66    1475.64    1375.65    2142.69    4539.18    3381.13    3381.13    3381.13    3381.13    3381.13    2536.23    3381.13
 4    1379.00    1064.27     862.67     637.62     553.62     699.98     701.03     671.41     692.72     567.12     560.47     560.47     636.46     636.46     636.46     708.88    1212.42    1179.68    1111.37     718.35     580.77     580.77     580.77     580.77     580.77     580.77     580.77
 1    4109.00    6493.41    6493.41    4898.12    4898.12    7397.08    7397.08    2897.20    2897.20    1342.11    1342.11    1374.45    1374.45     658.35     658.35    1704.78    1704.78    1825.82    1825.82    1713.10    1713.10    2737.81    2737.81    1055.21    1055.21    1696.46    1696.46
 2     783.00    1236.84    1236.84     932.98     932.98    1408.97    1408.97     551.85     551.85     255.64     255.64     261.80     261.80     125.40     125.40     324.72     324.72     347.78     347.78     326.30     326.30     521.49     521.49     200.99     200.99     323.14     323.14
 3    3537.00    3961.67    3732.34    2434.02    2754.35    3095.70    3095.70    3095.70    3095.70    3095.70    3095.70    3095.70    3095.70    3095.70    3095.70    3095.70    3095.70    3095.70    3095.70    3095.70    3095.70    3095.70    3095.70    3095.70     490.63     473.42     473.42
 4    1379.00    1087.69     912.62     739.76     707.30     537.36     537.36     537.36     537.36     537.36     537.36     537.36     537.36     537.36     537.36     537.36     537.36     537.36     537.36     537.36     537.36     537.36     537.36     537.36     866.03     695.82     695.82
 1    4109.00    2510.05    2510.05    6146.45    6146.45    4047.12    4047.12    1676.60    1676.60    1288.98    1288.98    2135.83    2135.83    2618.62    2618.62    3343.49    3343.49    5151.76    5151.76    3699.70    3699.70    5134.21    5134.21    5002.54    5002.54    2897.20    2897.20
 2     783.00     478.10     478.10    1170.75    1170.75     770.88     770.88     319.35     319.35     245.52     245.52     406.82     406.82     498.78     498.78     636.86     636.86     981.29     981.29     704.70     704.70     977.94     977.94     952.86     952.86     551.85     551.85
 3    3537.00    2604.39    2784.91    3086.75    2371.09    1526.07    1526.07     740.20     859.57     880.81    1478.53    2397.75    2321.05    3248.41    2955.38    2838.96    2052.84    1890.74    1610.42    1944.10    1655.94    2203.39    2331.27    2331.27    2331.27    2331.27    2331.27
 4    1379.00    1243.97     983.77     887.10     600.20     474.36     474.36     669.79     973.15    1107.90    1135.42    1206.63    1046.43     942.82     844.48     786.77     763.12     716.61     710.49     789.05    1061.34    1079.41     682.89     682.89     682.89     682.89     682.89
 1    4109.00    3921.92    3921.92    4470.77    4470.77    6006.92    6006.92    9823.97    9823.97    8546.08    8546.08    1846.61    1846.61    1035.34    1035.34    4214.36    4214.36    4200.04    4200.04    1955.65    1955.65    4385.30    4385.30    4932.77    4932.77     903.67     903.67
 2     783.00     747.03     747.03     851.58     851.58    1144.18    1144.18    1871.23    1871.23    1627.82    1627.82     351.74     351.74     197.21     197.21     802.74     802.74     800.01     800.01     372.50     372.50     835.30     835.30     939.58     939.58     172.13     172.13
 3    3537.00    2367.75    2696.47    2539.79    1973.62    2566.53    2497.04    1834.44    1711.26    1711.26    1711.26    1711.26    1711.26     485.57    1293.38    1293.38    1293.38    1293.38    1293.38     809.78     809.78     809.78     809.78     809.78     809.78     809.78     809.78
 4    1379.00    1096.84     955.99     912.61    1035.41     932.47    1010.45     861.18     879.34     879.34     879.34     879.34     879.34     751.01     887.63     887.63     887.63     887.63     887.63     656.11     656.11     656.11     656.11     656.11     656.11     656.11     656.11
 1    4109.00    6447.21    6447.21    7256.17    7256.17    4920.30    4920.30    1742.20    1742.20    1890.50    1890.50    1466.85    1466.85    2759.06    2759.06    3470.08    3470.08    2196.81    2196.81    1029.34    1029.34    1809.19    1809.19    4430.58    4430.58    1562.95    1562.95
 2     783.00    1228.04    1228.04    1382.13    1382.13     937.20     937.20     331.85     331.85     360.10     360.10     279.40     279.40     525.54     525.54     660.97     660.97     418.44     418.44     196.06     196.06     344.61     344.61     843.92     843.92     297.70     297.70
 3    3537.00    2666.05    2349.36    2569.93    2569.93    2569.93    2569.93    2569.93     400.84     400.84     400.84     400.84     400.84     400.84     400.84     400.84     400.84     400.84     400.84     400.84     400.84     426.80     426.80    1501.28    1501.28     911.50     911.50
 4    1379.00    1122.11     924.14     816.94     816.94     816.94     816.94     816.94     819.66     819.66     819.66     819.66     819.66     819.66     819.66     819.66     819.66     819.66     819.66     819.66     819.66     637.97     637.97     604.32     604.32     722.86     722.86
 1    4109.00    6966.04    6966.04    3513.05    3513.05    2585.81    2585.81    1786.55    1786.55    1236.31    1236.31     695.31     695.31     661.12     661.12    3357.82    3357.82    1651.65    1651.65     999.77     999.77    2301.68    2301.68    5692.76    5692.76    3912.22    3912.22
 2     783.00    1326.86    1326.86     669.15     669.15     492.54     492.54     340.30     340.30     235.49     235.49     132.44     132.44     125.93     125.93     639.58     639.58     314.60     314.60     190.43     190.43     438.42     438.42    1084.34    1084.34     745.18     745.18
 3    3537.00    2420.43    2433.54    1961.87    1961.87    1961.87    1961.87    1961.87    1961.87    1961.87    1961.87    1961.87    1961.87    1961.87    1961.87    1961.87    1961.87    1961.87    1961.87     707.59    1453.45    2496.05    2743.79    4261.47    3867.98    3867.98    3867.98
 4    1379.00    1123.48    1016.59     806.29     806.29     806.29     806.29     806.29     806.29     806.29     806.29     806.29     806.29     806.29     806.29     806.29     806.29     806.29     806.29    1060.81    1105.85    1405.93    1298.45    1142.33     811.22     811.22     811.22
 1    4109.00    1392.47    1392.47    1659.97    1659.97    3248.78    3248.78    6407.48    6407.48    3725.57    3725.57    7787.01    7787.01    4187.11    4187.11    1753.75    1753.75    4267.49    4267.49   11871.09   11871.09    7236.77    7236.77    1192.42    1192.42     504.04     504.04
 2     783.00     265.23     265.23     316.18     316.18     618.82     618.82    1220.47    1220.47     709.63     709.63    1483.24    1483.24     797.54     797.54     334.05     334.05     812.86     812.86    2261.16    2261.16    1378.43    1378.43     227.13     227.13      96.01      96.01
 3    3537.00    1845.97    2057.38    2057.38    2057.38    2057.38    1014.38    1272.83    1553.75    1486.43    2219.88    2118.60    2118.60    2118.60    2118.60    2118.60     569.64     840.36    1647.15    5222.26    3980.23    3980.23    3980.23    3980.23    3980.23    3980.23     263.06
 4    1379.00    1122.14     950.09     950.09     950.09     950.09     872.70     968.60    1205.71    1124.50    1134.87     809.67     809.67     809.67     809.67     809.67    1289.36    1501.41    1299.32    1024.48     793.98     793.98     793.98     793.98     793.98     793.98     971.47
 1    4109.00    6888.42    6888.42    8021.71    8021.71    3878.03    3878.03     660.20     660.20    2677.29    2677.29    5450.68    5450.68    4324.32    4324.32    2305.38    2305.38     884.73     884.73     644.49     644.49     680.53     680.53     965.12     965.12    4457.38    4457.38
 2     783.00    1312.08    1312.08    1527.94    1527.94     738.67     738.67     125.75     125.75     509.96     509.96    1038.22    1038.22     823.68     823.68     439.12     439.12     168.52     168.52     122.76     122.76     129.62     129.62     183.83     183.83     849.02     849.02
 3    3537.00    2976.32    2640.59    1703.95    1703.95    1703.95    1703.95     364.01     703.51    1646.71    2395.94    3993.43    2928.96    2928.96    2928.96    2928.96    2928.96    2928.96    2928.96    2928.96    2928.96    2928.96     539.16     671.83    1140.95    4177.11    5038.08
 4    1379.00    1274.08     884.90     660.28     660.28     660.28     660.28     862.15    1231.13    1380.07    1138.66    1002.52     765.29     765.29     765.29     765.29     765.29     765.29     765.29     765.29     765.29     765.29     830.12    2126.06    2790.93    2460.34    1854.52
 1    4109.00    6048.97    6048.97    4602.91    4602.91    2987.29    2987.29    2224.99    2224.99    1422.96    1422.96    1075.54    1075.54     977.59     977.59    1501.50    1501.50    4732.73    4732.73    4358.05    4358.05    4880.57    4880.57     899.05     899.05     489.72     489.72
 2     783.00    1152.18    1152.18     876.74     876.74     569.01     569.01     423.81     423.81     271.04     271.04     204.86     204.86     186.21     186.21     286.00     286.00     901.47     901.47     830.10     830.10     929.63     929.63     171.25     171.25      93.28      93.28
 3    3537.00    2514.23    2596.28    2351.20    2351.20    2351.20    2351.20    2351.20    2351.20    2351.20    2351.20    2351.20    2351.20    2351.20     456.28     725.30    1046.12    2604.87    2604.87    2604.87    2604.87    2604.87    2604.87    2604.87    2604.87    2604.87    2604.87
 4    1379.00    1171.72    1029.83    1061.29    1061.29    1061.29    1061.29    1061.29    1061.29    1061.29    1061.29    1061.29    1061.29    1061.29     728.11    1060.09    1216.36     980.12     980.12     980.12     980.12     980.12     980.12     980.12     980.12     980.12     980.12
 1    4109.00    3446.06    3446.06    3783.32    3783.32    4157.54    4157.54    3480.25    3480.25    2643.56    2643.56    2029.57    2029.57    4771.54    4771.54    4742.89    4742.89    4862.09    4862.09    2616.31    2616.31    3745.90    3745.90    2395.01    2395.01    2584.89    2584.89
 2     783.00     656.39     656.39     720.63     720.63     791.91     791.91     662.90     662.90     503.54     503.54     386.58     386.58     908.86     908.86     903.41     903.41     926.11     926.11     498.34     498.34     713.50     713.50     456.19     456.19     492.36     492.36
 3    3537.00    2689.36    2643.33    2692.65    2373.15    2279.41    1894.73    1894.73    1894.73    1894.73    1894.73     938.94    1036.19    2359.50    2403.89    2655.94    2770.93    2287.39    2248.00    2089.72    2089.72    2089.72    2089.72    2089.72    2089.72    2089.72    2089.72
 4    1379.00    1249.75     921.37     804.69     746.78     675.20     817.70     817.70     817.70     817.70     817.70    1003.90    1081.65    1133.02    1053.76     964.08     892.16     834.12     777.34     583.47     583.47     583.47     583.47     583.47     583.47     583.47     583.47
 1    4109.00    4743.35    4743.35    5446.06    5446.06    4798.33    4798.33    3284.82    3284.82    1431.28    1431.28     978.52     978.52    3661.81    3661.81    6602.90    6602.90    5446.06    5446.06    2264.26    2264.26    3019.63    3019.63    5266.34    5266.34    7554.16    7554.16
 2     783.00     903.50     903.50    1037.34    1037.34     913.97     913.97     625.68     625.68     272.62     272.62     186.38     186.38     697.49     697.49    1257.70    1257.70    1037.34    1037.34     431.29     431.29     575.17     575.17    1003.11    1003.11    1438.89    1438.89
 3    3537.00    2370.44    2596.76    2067.31    1808.66    1808.66    1808.66    1808.66    1808.66    1808.66    1808.66     361.49    1011.05    2182.28    2776.58    3250.71    2652.85    2652.85    1202.21     983.17    1094.00    1668.53    1567.38    1389.47    1615.41    3145.73    2807.22
 4    1379.00    1189.81     953.51     779.93     662.27     662.27     662.27     662.27     662.27     662.27     662.27     999.22    1384.04    1241.79     912.97     686.30     537.53     537.53     641.19     718.39     816.39     850.94    1017.09    1377.08    1430.90    1644.83    1349.22
 1    4109.00    5658.58    5658.58    3107.87    3107.87    2082.70    2082.70    1251.10    1251.10    2552.55    2552.55    2601.98    2601.98    2091.94    2091.94     807.58     807.58    1105.57    1105.57    1216.91    1216.91    2231.92    2231.92    4863.47    4863.47    3888.65    3888.65
 2     783.00    1077.82    1077.82     591.98     591.98     396.70     396.70     238.30     238.30     486.20     486.20     495.62     495.62     398.46     398.46     153.82     153.82     210.58     210.58     231.79     231.79     425.13     425.13     926.38     926.38     740.70     740.70
 3    3537.00    3405.44    3334.07    1900.14    2004.60    1480.77    1480.77    1480.77    1480.77    1480.77    1480.77    1480.77    1480.77    1480.77    1480.77    1480.77    1480.77    1480.77     266.32     266.32     266.32     266.32     266.32     266.32     608.39     831.34    1328.84
 4    1379.00     837.48     683.26     637.76     963.21     886.42     886.42     886.42     886.42     886.42     886.42     886.42     886.42     886.42     886.42     886.42     886.42     886.42     648.31     648.31     648.31     648.31     648.31     648.31     741.08    1327.69    1247.30
 1    4109.00    5649.34    5649.34    9430.34    9430.34    5856.31    5856.31    5308.84    5308.84    2808.96    2808.96    3513.97    3513.97    4770.61    4770.61    2680.99    2680.99    1381.84    1381.84    3042.73    3042.73    7581.88    7581.88    4305.84    4305.84    1726.03    1726.03
 2     783.00    1076.06    1076.06    1796.26    1796.26    1115.49    1115.49    1011.21    1011.21     535.04     535.04     669.33     669.33     908.69     908.69     510.66     510.66     263.21     263.21     579.57     579.57    1444.17    1444.17     820.16     820.16     328.77     328.77
 3    3537.00    1088.38    1214.85    2185.97    1408.04    1408.04     957.96    1116.90    1116.90    1116.90    1169.18    1531.60    1891.55    1891.55    1891.55    1891.55    1209.76     835.27    1041.10    2029.82    2601.60    2601.60    2601.60    2601.60    2601.60    2601.60    2601.60
 4    1379.00    1142.91     905.80     652.00     600.37     600.37     714.80     620.44     620.44     620.44     793.01     944.73     827.75     827.75     827.75     827.75     756.76     850.88    1211.11    1455.55    1188.42    1188.42    1188.42    1188.42    1188.42    1188.42    1188.42
 1    4109.00    5167.01    5167.01    4688.84    4688.84    3015.47    3015.47    2130.28    2130.28    1910.37    1910.37     499.42     499.42    3195.19    3195.19    2608.91    2608.91    3402.63    3402.63    2969.27    2969.27    1576.34    1576.34     827.90     827.90    1412.33    1412.33
 2     783.00     984.19     984.19     893.11     893.11     574.38     574.38     405.77     405.77     363.88     363.88      95.13      95.13     608.61     608.61     496.94     496.94     648.12     648.12     565.58     565.58     300.26     300.26     157.70     157.70     269.02     269.02
 3    3537.00    2061.05    2314.91    1898.49    1817.00    1817.00    1817.00    1817.00    1817.00    1817.00    1817.00     342.55     475.93    1362.66    1362.66    1362.66    1362.66    1362.66    1362.66    1362.66    1362.66    1362.66    1362.66    1362.66    1362.66     684.11     905.40
 4    1379.00    1006.64     867.80     813.57     882.99     882.99     882.99     882.99     882.99     882.99     882.99    1013.67    1045.14     851.36     851.36     851.36     851.36     851.36     851.36     851.36     851.36     851.36     851.36     851.36     851.36     663.22     860.64
 1    4109.00    4684.22    4684.22    3465.00    3465.00    5432.20    5432.20    5208.13    5208.13    3939.01    3939.01    3703.85    3703.85    3917.76    3917.76    2593.67    2593.67    3199.35    3199.35    5963.50    5963.50    8343.72    8343.72    4950.33    4950.33    3572.18    3572.18
 2     783.00     892.23     892.23     660.00     660.00    1034.70    1034.70     992.02     992.02     750.29     750.29     705.50     705.50     746.24     746.24     494.03     494.03     609.40     609.40    1135.90    1135.90    1589.28    1589.28     942.92     942.92     680.42     680.42
 3    3537.00    2170.18    1959.76    2661.09    2258.01    1617.74    1621.50    1780.83    1928.44    1453.29    1428.32    1852.84    2015.20    1985.12    1986.26    1480.23    1900.51    2009.12    3464.16    6054.06    6054.06    3125.16    3125.16    1347.28    1257.12    1699.48    1997.15
 4    1379.00    1248.40     932.64     732.62     697.84     647.33     674.97     610.28     675.81     858.91     949.37     883.36     642.39     627.61     718.93     949.34    2190.52    2204.05    1682.87     971.42     971.42     576.47     576.47     714.22     912.20    1056.61    1385.00
 1    4109.00    6814.96    6814.96    3641.95    3641.95    3826.28    3826.28    2025.41    2025.41    1362.90    1362.90    1468.70    1468.70    1801.80    1801.80    5576.80    5576.80    6939.24    6939.24    6311.38    6311.38    6890.73    6890.73    2176.02    2176.02    1065.83    1065.83
 2     783.00    1298.09    1298.09     693.70     693.70     728.82     728.82     385.79     385.79     259.60     259.60     279.75     279.75     343.20     343.20    1062.25    1062.25    1321.76    1321.76    1202.17    1202.17    1312.52    1312.52     414.48     414.48     203.02     203.02
 3    3537.00    3740.74    3515.62    1998.81    1908.36    1805.64    1805.64    1805.64    1805.64    1805.64    1805.64    1805.64    1043.17    1755.26    1704.20    3236.90    3453.37    3129.40    2114.58     956.47    1605.10    1605.10    1605.10    1605.10    1605.10    1605.10    1605.10
 4    1379.00    1000.42     834.39     776.49     786.82     745.84     745.84     745.84     745.84     745.84     745.84     745.84     859.26    1660.61    1463.26    1003.30     809.56    1033.82    1044.87     868.85     660.34     660.34     660.34     660.34     660.34     660.34     660.34
 1    4109.00    4288.75    4288.75    5380.45    5380.45    4248.55    4248.55    5248.32    5248.32    3410.48    3410.48    1464.54    1464.54    2006.00    2006.00    1305.61    1305.61    2181.10    2181.10    3188.72    3188.72    2997.46    2997.46    4470.77    4470.77    3100.48    3100.48
 2     783.00     816.90     816.90    1024.85    1024.85     809.25     809.25     999.68     999.68     649.62     649.62     278.96     278.96     382.10     382.10     248.69     248.69     415.45     415.45     607.38     607.38     570.94     570.94     851.58     851.58     590.57     590.57
 3    3537.00    2709.78    2854.46    3588.98    3186.37    2829.85    2630.31    2630.31    2630.31    2630.31    2630.31    2630.31    2630.31    2630.31     838.07    1096.08    1373.71    1213.91    1332.31    1619.07    2008.62    2353.44    2627.73    2627.73    2267.28    1678.40    1653.61
 4    1379.00    1303.14    1052.51    1182.96     977.02    1023.56     944.65     944.65     944.65     944.65     944.65     944.65     944.65     944.65     583.51     784.57     853.51     626.51     736.68    1250.48    1326.87    1321.59     885.16     885.16     617.22     995.98     997.23
 1    4109.00    4831.13    4831.13   12235.15   12235.15    3138.83    3138.83     644.95     644.95     238.85     238.85     262.88     262.88     641.72     641.72     413.49     413.49     716.10     716.10     482.33     482.33     777.08     777.08     375.61     375.61     464.77     464.77
 2     783.00     920.22     920.22    2330.50    2330.50     597.87     597.87     122.85     122.85      45.50      45.50      50.07      50.07     122.23     122.23      78.76      78.76     136.40     136.40      91.87      91.87     148.02     148.02      71.54      71.54      88.53      88.53
 3    3537.00    2939.43    2846.79    2846.79    2846.79    2846.79    2846.79    2257.51    2675.19    2558.19    2747.56    2846.79    2846.79    2846.79    2846.79    2846.79    2846.79    2846.79    2846.79    2846.79    2846.79    2846.79    2846.79    2846.79    2846.79    2846.79    2846.79
 4    1379.00    1195.52     866.17     866.17     866.17     866.17     866.17     866.17     866.17     866.17     866.17     866.17     866.17     866.17     866.17     866.17     866.17     866.17     866.17     866.17     866.17     866.17     866.17     866.17     866.17     866.17     866.17
 1    4109.00    4753.98    4753.98    5943.17    5943.17    4600.60    4600.60    4367.75    4367.75     935.09     935.09    2270.73    2270.73    3688.15    3688.15    7471.46    7471.46    8582.57    8582.57    3794.41    3794.41    4220.83    4220.83    1829.06    1829.06     809.42     809.42
 2     783.00     905.52     905.52    1132.03    1132.03     876.30     876.30     831.95     831.95     178.11     178.11     432.52     432.52     702.50     702.50    1423.14    1423.14    1634.78    1634.78     722.74     722.74     803.97     803.97     348.39     348.39     154.18     154.18
 3    3537.00    2520.44    2234.60    1970.47    1940.04    1940.04    1940.04    1940.04    1940.04     369.22     811.05    1560.41    1572.26    2481.29    2636.26    2942.36    2355.14    1577.97    1577.97    1577.97    1577.97    1577.97    1577.97    1577.97    1577.97    1577.97    1577.97
 4    1379.00    1066.55     871.96     898.99     978.01     978.01     978.01     978.01     978.01     861.61    1072.06     839.51     742.82     843.97    1032.49     984.62     757.21     571.89     571.89     571.89     571.89     571.89     571.89     571.89     571.89     571.89     571.89
 1    4109.00    4037.42    4037.42    4004.62    4004.62    2051.74    2051.74    2305.84    2305.84    1629.94    1629.94    3552.78    3552.78    4963.27    4963.27    6753.52    6753.52    4856.08    4856.08    1725.11    1725.11     535.00     535.00    1738.04    1738.04    1763.45    1763.45
 2     783.00     769.03     769.03     762.78     762.78     390.81     390.81     439.21     439.21     310.46     310.46     676.72     676.72     945.38     945.38    1286.38    1286.38     924.97     924.97     328.59     328.59     101.90     101.90     331.06     331.06     335.90     335.90
 3    3537.00    2097.56    2269.83    1950.30    1950.30    1714.15    1714.15    1402.08    1299.09     978.88    1664.84    2660.12    2884.06    3107.80    2634.32    2634.32    2634.32    2634.32    2634.32    2634.32    2634.32    2634.32    2634.32    2634.32    2634.32     835.78    1114.46
 4    1379.00    1114.36    1018.01     705.19     705.19     627.51     627.51     799.62    1122.82    1151.99    1098.06    1039.03    1041.91     873.84     684.68     684.68     684.68     684.68     684.68     684.68     684.68     684.68     684.68     684.68     684.68     921.97    1124.27
 1    4109.00    4456.91    4456.91    4264.72    4264.72    2973.89    2973.89    5141.60    5141.60     781.24     781.24    1659.97    1659.97    3987.98    3987.98    3857.70    3857.70    2322.94    2322.94    2179.25    2179.25    1932.08    1932.08    1644.26    1644.26    1449.29    1449.29
 2     783.00     848.94     848.94     812.33     812.33     566.46     566.46     979.35     979.35     148.81     148.81     316.18     316.18     759.62     759.62     734.80     734.80     442.46     442.46     415.10     415.10     368.02     368.02     313.19     313.19     276.06     276.06
 3    3537.00    1885.79    2427.73    2893.13    2832.96    2219.43    2219.43    2219.43    2219.43    2219.43     650.27     639.47     844.38     844.38     844.38     844.38     844.38     844.38     844.38     844.38     844.38     554.43     836.10     836.10     836.10     836.10     836.10
 4    1379.00    1150.41    1041.23     859.03     917.25     756.80     756.80     756.80     756.80     756.80     733.40     845.48     752.57     752.57     752.57     752.57     752.57     752.57     752.57     752.57     752.57     680.76     791.12     791.12     791.12     791.12     791.12
 1    4109.00    4004.62    4004.62    8529.44    8529.44   13770.37   13770.37    4893.04    4893.04    4636.17    4636.17    8489.25    8489.25    4060.98    4060.98    5869.25    5869.25    3076.46    3076.46    2555.78    2555.78    1142.53    1142.53    3197.96    3197.96    2963.27    2963.27
 2     783.00     762.78     762.78    1624.66    1624.66    2622.93    2622.93     932.01     932.01     883.08     883.08    1617.00    1617.00     773.52     773.52    1117.95    1117.95     585.99     585.99     486.82     486.82     217.62     217.62     609.14     609.14     564.43     564.43
 3    3537.00    1793.77    1549.21    2941.31    2635.36    1717.65    1003.83     399.54     745.47     745.47    1027.54    1211.29    1211.29     496.42     649.46    1350.62    1937.89    2184.76    2087.70    2087.70    2087.70    2087.70    2087.70    1976.73    1976.73    1976.73    1976.73
 4    1379.00     978.06     962.06    1116.57     986.35     760.60     810.31     654.07     584.03     584.03     673.33     641.28     641.28     695.97    1139.09    1056.62     884.03     681.35     578.92     578.92     578.92     578.92     578.92     586.22     586.22     586.22     586.22
 1    4109.00    4684.22    4684.22    3974.59    3974.59    2846.84    2846.84    1537.54    1537.54    1275.58    1275.58    1482.56    1482.56     665.74     665.74     717.02     717.02    3629.93    3629.93   16133.04   16133.04   16016.62   16016.62    6112.26    6112.26    3074.61    3074.61
 2     783.00     892.23     892.23     757.06     757.06     542.26     542.26     292.86     292.86     242.97     242.97     282.39     282.39     126.81     126.81     136.58     136.58     691.42     691.42    3072.96    3072.96    3050.78    3050.78    1164.24    1164.24     585.64     585.64
 3    3537.00    2881.71    3127.12    3127.12    3127.12    3127.12    3127.12    3127.12    3127.12    3127.12    3127.12    3127.12    3127.12    3127.12    3127.12     271.41     651.21    1953.51    3136.95    5934.16    5790.86    6126.95    4238.81    2639.73    2025.01    1463.56    1399.09
 4    1379.00    1279.35    1064.12    1064.12    1064.12    1064.12    1064.12    1064.12    1064.12    1064.12    1064.12    1064.12    1064.12    1064.12    1064.12     987.44    1892.65    3380.79    3740.33    3260.38    1961.78     984.52     714.40     587.37     723.71     850.01     974.53
