2019 2020 2021 2022 2023 2024 2025 2026 2027 2028 2029 2030 2031 2032 2033 2034 2035 2036 2037 2038 2039 2040 2041 2042 2043 2044 2045
 0.3695097  0.2651010  0.2361982  0.2951074  0.2232052  0.2633743  0.2324876  0.3543064  0.3875641  0.5032452  0.6228015  0.3377363  0.3326656  0.3449055  0.3881212  0.5801392  0.6270940  0.3786607  0.4206208  0.1730558  0.1325480  0.2009201  0.1751645  0.3377964  0.2726612  0.4708954  0.5237480
 0.3576641  0.2643792  0.2503666  0.3638748  0.3744642  0.3436878  0.3127895  0.3367983  0.3187416  0.2875183  0.2865915  0.2269242  0.2158849  0.2113379  0.2312348  0.2079929  0.1972112  0.1898090  0.1876812  0.7064463  1.0118854  0.7305787  0.9296670  0.4133412  0.4598343  0.1871363  0.1686484
 0.3464490  0.3325316  0.3270111  0.3047184  0.2766348  0.5818572  0.7014790  0.3789278  0.3648678  0.2802975  0.2990386  0.4043793  0.3849659  0.2167242  0.2244734  0.3597441  0.3588192  0.3606779  0.3545495  0.3529359  0.3392639  0.5288820  0.6855587  0.2877528  0.2156831  0.2391692  0.2366956
 0.3476240  0.1429802  0.1291840  0.2943562  0.3097314  0.3006653  0.3481919  0.2044519  0.2216564  0.1501149  0.1508657  0.1989523  0.1929469  0.2236927  0.2303815  0.2554535  0.2625423  0.3509572  0.4187696  0.3183816  0.3051478  0.3505799  0.3478496  0.3867415  0.4644196  0.3917517  0.4469632
 0.3487996  0.2395762  0.2094439  0.2372000  0.2192171  0.3293921  0.3201229  0.6534977  0.7962032  0.9477271  1.5539191  0.5193637  0.4209847  0.1810905  0.1744062  0.4053346  0.4345055  0.5309319  0.6384060  0.2586020  0.2502586  0.4919771  0.5936625  0.8638287  2.1231552  0.8770631  0.2141892
 0.3394349  0.3884093  0.3799565  0.4281892  0.4524121  0.4287967  0.5004473  0.3054400  0.2553301  0.2679510  0.2601048  0.2323445  0.2450841  0.2973046  0.3126427  0.3525165  0.3957571  0.3298455  0.3364781  0.1722315  0.1786456  0.2598818  0.2219193  0.4155270  0.5097533  0.2179615  0.1900577
 0.3824709  0.3519877  0.3345610  0.2240156  0.2321782  0.2207277  0.2278321  0.2709132  0.2794750  0.3045890  0.3347244  0.2368328  0.1867796  0.1280299  0.1290817  0.4080996  0.4449123  0.4070557  0.4042745  0.1601302  0.1436681  0.2414937  0.2284887  0.3311373  0.3616204  0.3054377  0.3347470
 0.3701290  0.1295673  0.1288307  0.1111113  0.1137434  0.2187538  0.2339972  0.4154886  0.4029905  0.2773835  0.2620933  0.4487427  0.5223126  0.4026392  0.5037802  0.3498742  0.2723186  0.2988245  0.2548162  0.7376909  0.9153094  0.7722323  1.2078757  0.3097121  0.2973386  0.1964891  0.1657205
 0.3638768  0.3450606  0.3109853  0.5120655  0.5942756  0.4201263  0.4268599  0.1325171  0.1106774  0.2105788  0.1957692  0.3431527  0.3556190  0.3230645  0.3578795  0.2785975  0.3213740  0.1996826  0.2012485  0.2008217  0.2002484  0.1896673  0.2227485  0.2066698  0.1595426  0.1992243  0.1995078
 0.3850089  0.3949300  0.3730770  0.2997246  0.2528048  0.2575412  0.2712059  0.2683169  0.2876958  0.2550005  0.2522665  0.2382386  0.2633931  0.2527951  0.2150724  0.2483997  0.2134660  0.3196839  0.3325948  0.3646955  0.4303544  0.6845361  0.9251667  0.3278647  0.2889138  0.2249624  0.2223895
 0.3449682  0.1791839  0.1971999  0.1998587  0.1846399  0.2723632  0.2809725  0.2801989  0.2903886  0.3137783  0.3228090  0.3388615  0.2639827  0.3959520  0.3645292  0.3531753  0.3636063  0.4014564  0.4356948  0.2947116  0.2952426  0.4089287  0.4411600  0.3300009  0.3485388  0.4816444  0.5635161
 0.3868784  0.2418356  0.2334424  0.3253804  0.3216882  0.3855784  0.4308695  0.4411133  0.5127364  0.3308403  0.3130928  0.2060571  0.1682798  0.2618743  0.2521325  0.3878738  0.4624556  0.4773987  0.5148444  0.2799402  0.2466052  0.2780576  0.2815146  0.3690326  0.3036981  0.4055128  0.3774761
 0.4068006  0.2900597  0.2793028  0.1899611  0.1998248  0.2027330  0.1915409  0.1641129  0.1787755  0.2714035  0.3272624  0.4094206  0.4417117  0.4266000  0.4705986  0.2568654  0.2647497  0.3509288  0.2723261  0.2179577  0.2185056  0.3022123  0.3375409  0.6284795  0.8089954  0.3740327  0.2790735
 0.3868869  0.3158696  0.2816491  0.5171024  0.6256734  0.5829165  0.5042659  0.5823108  0.6311871  0.4788528  0.4493159  0.4089679  0.3700862  0.4535641  0.5212953  0.3883240  0.3416063  0.1912494  0.1775566  0.2081677  0.1927272  0.3732239  0.4695028  0.4055332  0.5109696  0.2791229  0.2736061
 0.4323681  0.3632366  0.3493202  0.3312548  0.3064137  0.2679457  0.2646219  0.2945920  0.3808899  0.5565564  0.4664358  0.1131483  0.1044209  0.2300791  0.2225668  0.2310377  0.2595098  0.3492105  0.4193551  0.4151195  0.4029556  0.2507861  0.2386766  0.2014836  0.1906170  0.2425531  0.2070023
 0.3936755  0.3035159  0.2801982  0.2189135  0.2215538  0.3756693  0.3624103  0.4775014  0.4894769  0.4700953  0.4151997  0.3422906  0.3490401  0.4357406  0.5115771  0.3341859  0.2787147  0.1903532  0.1831430  0.2637045  0.2937454  0.4542616  0.6506850  0.5523568  0.5686707  0.3506878  0.3176516
 0.3811711  0.3831748  0.3788464  0.2305775  0.2213511  0.2846754  0.2655202  0.2659836  0.2796548  0.2557702  0.2450321  0.2464781  0.2558759  0.2444190  0.1957760  0.3658116  0.4019300  0.5043949  0.5155129  0.4194969  0.4386184  0.6755756  0.9630556  0.4458391  0.4679031  0.2320883  0.1949532
 0.3180644  0.2579425  0.2477046  0.3275029  0.2893268  0.3032015  0.2958481  0.4085171  0.4532461  0.4759833  0.5479261  0.2698027  0.2526479  0.3901215  0.3455843  0.2531668  0.2104024  0.2702899  0.2817864  0.2599390  0.1935992  0.2112677  0.1985090  0.2859180  0.3244417  0.2398299  0.2047280
 0.3661831  0.3165158  0.2854690  0.7888570  1.2947131  0.8557719  0.4957388  0.3145308  0.2789286  0.2547117  0.2580861  0.1972084  0.1941275  0.3273765  0.3271777  0.2236383  0.2013543  0.2437755  0.2491762  0.1792320  0.1824393  0.2338683  0.2678230  0.1886701  0.1869483  0.1918837  0.1621800
 0.3672031  0.2824332  0.2643664  0.3507965  0.3379770  0.3184310  0.2923275  0.4062925  0.5415831  0.1672540  0.1403941  0.2000877  0.2037388  0.3101655  0.3042512  0.4959116  0.5889909  0.9020850  1.5320914  0.7398205  0.5486122  0.6808493  0.7436878  0.4255155  0.4515758  0.2741255  0.2377885
 0.3251653  0.2506796  0.2340628  0.2156561  0.2162619  0.1548953  0.1492479  0.2351789  0.2126528  0.1648396  0.1547118  0.2149442  0.2071491  0.3280882  0.3304925  0.4935643  0.6496777  0.7066281  1.0493854  0.4100663  0.3449353  0.1328098  0.1345871  0.2902389  0.2995419  0.2786197  0.2411857
 0.3393207  0.2713914  0.2421037  0.2220557  0.2175218  0.2158753  0.2070339  0.4060775  0.4739703  0.1641290  0.1588549  0.2050099  0.1932863  0.3304553  0.3691974  0.4329943  0.5151283  0.3268062  0.3025189  0.3193254  0.2947094  0.2628045  0.2447869  0.1973097  0.1946785  0.2152768  0.2264436
 0.3828618  0.2641199  0.2476184  0.4395798  0.3988731  1.2176104  2.9581042  0.8156541  0.7479695  0.7574779  0.7486132  1.2901086  1.9378256  0.7293516  0.4673209  0.4678194  0.4295987  0.3124599  0.2875201  0.2725378  0.2658916  0.1737045  0.1837752  0.3403179  0.3575689  0.3593888  0.4280696
 0.3563025  0.2656680  0.2563123  0.2438891  0.2696008  0.2735163  0.2543466  0.2287307  0.2286413  0.2284442  0.2321496  0.3406090  0.3966679  0.2846354  0.2736373  0.2096559  0.1976104  0.2082865  0.1600847  0.3467380  0.3704745  0.4672993  0.6990946  0.4096633  0.5403988  0.2919275  0.2765635
 0.3215713  0.2565399  0.2280828  0.2804020  0.2782891  0.3676928  0.4123785  0.5919568  0.8326406  0.2808277  0.2693472  0.1777402  0.1484202  0.2253903  0.2318659  0.3092596  0.3093509  0.3252119  0.3435500  0.4193964  0.4856097  0.4078654  0.2843744  0.3156084  0.3387286  0.3110524  0.3302544
 0.3346949  0.2119594  0.1922063  0.2166059  0.2190531  0.3928092  0.5225105  0.2654045  0.2429274  0.2100326  0.2012815  0.1857013  0.1616820  0.2294531  0.2306294  0.2088609  0.2150529  0.2289212  0.2503036  0.2238672  0.2497642  0.2386899  0.2485232  0.2638025  0.2931087  0.1686616  0.1658014
 0.3399655  0.2088912  0.1897405  0.2731969  0.2665953  0.3132519  0.3399011  0.1960430  0.2092075  0.2765718  0.2735054  0.2054097  0.1823289  0.2144737  0.2173646  0.2985787  0.3011229  0.2190686  0.2396764  0.2915690  0.2810240  0.1605019  0.1573148  0.1843414  0.1790276  0.2539174  0.2087944
 0.3825636  0.2311662  0.2235180  0.2302038  0.1974805  0.2796256  0.2652350  0.2937866  0.3049611  0.2905512  0.3037132  0.3383124  0.3608125  0.2317616  0.2277941  0.3471358  0.4212091  0.4212784  0.3734988  0.1902325  0.1577999  0.1900515  0.1822366  0.2936440  0.3056024  0.3973180  0.5028612
 0.3444544  0.2257126  0.2104507  0.4120984  0.4458991  0.3735011  0.3880738  0.2879732  0.2441643  0.1687875  0.1626706  0.3075150  0.3420288  0.3512097  0.3988865  0.2730110  0.2607848  0.3726278  0.3419921  0.3404135  0.3238802  0.3773230  0.3729805  0.3178827  0.3514525  0.2040146  0.1912877
 0.3101507  0.3098535  0.2737559  0.2586518  0.2672218  0.4180580  0.5274636  0.2977156  0.2825057  0.1544989  0.1410982  0.2156566  0.2312970  0.4266452  0.5381313  0.4638960  0.4870641  0.1372242  0.1401972  0.2626494  0.2713121  0.6374872  0.8636622  0.4375079  0.3818867  0.3918076  0.3271882
 0.3940070  0.2479276  0.2246842  0.3079982  0.3608876  0.2899535  0.2694223  0.3801952  0.3774325  0.4616179  0.6069158  0.2479917  0.2578953  0.2656336  0.2402961  0.2414621  0.2064779  0.2333393  0.2428462  0.3946247  0.4616040  0.4260562  0.4764783  0.2827407  0.2843129  0.2145823  0.2186177
 0.3111018  0.2846852  0.2525273  0.1994191  0.1971754  0.2652039  0.2750287  0.3003544  0.3091692  0.1655851  0.1864697  0.2245585  0.1952021  0.2130620  0.2106939  0.2817372  0.2728487  0.2272100  0.2477490  0.2359181  0.2408301  0.1856748  0.1668183  0.2443427  0.2522163  0.2496034  0.2232980
 0.3583571  0.8402027  1.0326581  0.6265005  0.7094413  0.5328400  0.5680100  0.3363990  0.2541438  0.2088024  0.2071199  0.3698830  0.3331129  0.3394763  0.3464444  0.3103692  0.3267008  0.3048140  0.2976631  0.5259002  0.6809680  0.3636186  0.2785911  0.3235086  0.3284600  0.3746120  0.4443508
 0.3597885  0.1597634  0.1544402  0.2005913  0.1748212  0.2676587  0.2646184  0.2756629  0.2737625  0.3339026  0.3511098  0.5931614  0.9133223  1.2045140        NaN  1.8837349  0.2420817  0.0785331  0.0680284  0.1360279  0.1191523  0.2525294  0.2472308  0.3817955  0.4354267  0.2860371  0.2801338
 0.3998546  0.1326888  0.1163170  0.1959626  0.2080367  0.1806386  0.1692794  0.1828941  0.1773497  0.2070863  0.2065036  0.2003876  0.1917881  0.2552028  0.3053892  0.2111403  0.2001157  0.3397604  0.3769983  0.3094725  0.3092404  0.2623796  0.2445797  0.3086331  0.3513288  0.5769747  0.7627961
 0.3698310  0.2265125  0.1984773  0.1732181  0.1507223  0.2617137  0.2700196  0.3684577  0.3722271  0.3386910  0.3412696  0.4552143  0.5263073  0.2692147  0.2465146  0.2949681  0.2762508  0.5449999  0.6111026  0.5046253  0.5667102  0.2917481  0.2421915  0.2754553  0.2656648  0.2547254  0.2284250
 0.3254748  0.4249640  0.4323554  0.2827211  0.2881567  0.3169623  0.2856895  0.4119564  0.4017341  0.4586816  0.3768804  0.3354891  0.3633624  0.5491996  0.6868396  0.4705351  0.5364004  0.2525286  0.2358087  0.1968890  0.1966265  0.2463707  0.2524697  0.1632152  0.1323798  0.1561768  0.1638252
 0.3566842  0.3307120  0.3213514  0.2709262  0.2665632  0.2840643  0.2848935  0.2301307  0.1955147  0.3258500  0.3328495  0.5079763  0.6390897  0.5324978  0.5079722  0.4014985  0.3820208  0.2351435  0.2454574  0.2707762  0.2858987  0.3680575  0.3398206  0.4374354  0.4201160  0.5502845  0.7182581
 0.3821883  0.2439936  0.2195468  0.3078462  0.2694581  0.3714840  0.3704106  0.4431840  0.5419262  0.4553523  0.4962226  0.2696034  0.1964029  0.3206332  0.3113202  0.3043439  0.3373508  0.1921490  0.1922017  0.2010686  0.1787274  0.2607779  0.2690284  0.2218380  0.2143056  0.3253935  0.3598797
 0.4417653  0.2826550  0.2763051  0.3677189  0.3485222  0.3260405  0.2975526  0.3858407  0.3777087  0.4479792  0.5613639  0.3345350  0.2977193  0.2183957  0.2256764  0.3207278  0.3184772  0.2222372  0.2373600  0.2151648  0.2293450  0.1727027  0.1596243  0.1261262  0.1345197  0.2446954  0.2629058
 0.4166687  0.4301934  0.4298612  0.4330084  0.4548761  0.4059550  0.4185953  0.3558012  0.3649096  0.2069581  0.1604164  0.2382002  0.2437690  0.2480333  0.2616864  0.2275056  0.2189697  0.1762778  0.1679478  0.2283069  0.2376984  0.2978128  0.3171295  0.2582080  0.2524383  0.3405346  0.3746180
 0.3574196  0.4434680  0.4437863  0.3973227  0.4338052  0.2705320  0.2301014  0.3088578  0.2810830  0.2780716  0.3089724  0.3137762  0.3049829  0.6100567  0.8309551  0.7201754  0.5675782  0.3582785  0.3721011  0.4977960  0.5064145  0.2588357  0.2515682  0.4173089  0.4400214  0.2070215  0.1968574
 0.2958877  0.4270107  0.4345731  0.4318003  0.4358892  0.4933627  0.4501187  0.2593984  0.2778880  0.1929202  0.1854950  0.2274155  0.2514610  0.1090658  0.1206696  0.2630325  0.2939263  0.4034195  0.5084149  0.4079785  0.4292164  0.3016453  0.2789228  0.2556666  0.2370065  0.1636272  0.1461063
