FL 2019 2020 2021 2022 2023 2024 2025 2026 2027 2028 2029 2030 2031 2032 2033 2034 2035 2036 2037 2038 2039 2040 2041 2042 2043 2044 2045
 1    4109.00    1983.83    1983.83    3969.04    3969.04   20431.03   20431.03   40120.08   40120.08   35803.62   35803.62   14193.56   14193.56   15527.82   15527.82   20092.38   20092.38   10392.23   10392.23    3454.84    3454.84    6923.07    6923.07   18475.84   18475.84   35176.22   35176.22
 2     783.00     377.87     377.87     756.01     756.01    3891.62    3891.62    7641.92    7641.92    6819.74    6819.74    2703.54    2703.54    2957.68    2957.68    3827.12    3827.12    1979.47    1979.47     658.06     658.06    1318.68    1318.68    3519.21    3519.21    6700.23    6700.23
 3    3537.00    1078.97    1494.84    3842.39    4455.01    9978.34   15130.02   30203.94   20242.71   18091.90   10675.55    7769.04    6330.31    6173.38    4578.67    6998.22    5467.77    3661.14    3189.23    2424.38    3541.11    8918.45    9159.94   12103.56   12146.97   18366.61   12845.34
 4    1379.00    2749.99    2717.03    6490.75   11687.70   14215.37    9140.33    8339.94    4788.39    4665.86    3978.77    4279.85    3072.31    2915.56    2524.91    3650.92    2367.52    2060.58    2548.80    3732.52    4438.30    6352.21    5424.79    7839.11    6995.61    6558.34    3838.87
 1    4109.00    2048.51    2048.51    6033.26    6033.26    9572.64    9572.64   15529.21   15529.21   16726.71   16726.71    8699.00    8699.00    9132.35    9132.35    8157.53    8157.53   12133.97   12133.97   59864.58   59864.58   32664.33   32664.33    9794.86    9794.86    3914.53    3914.53
 2     783.00     390.19     390.19    1149.19    1149.19    1823.36    1823.36    2957.94    2957.94    3186.04    3186.04    1656.95    1656.95    1739.50    1739.50    1553.82    1553.82    2311.23    2311.23   11402.78   11402.78    6221.78    6221.78    1865.69    1865.69     745.62     745.62
 3    3537.00    2156.17    3047.18    4803.64    5411.58    7746.85    9696.78   11172.05   11761.55   10465.66   10621.88    9922.48    9899.95   12068.71   12304.56   12676.40   11995.29   11099.35   15595.56   32866.91   24335.85   14913.79   11836.54    3669.78    3636.47    2427.21    3485.45
 4    1379.00    2384.24    3093.16    3161.17    3275.64    4689.08    5328.05    4926.11    5898.65    4615.74    4121.17    4227.31    3876.26    4652.74    4842.23    5407.76    9357.64    9189.05    7799.21    4590.82    3556.58    4011.66    2683.94    1870.42    2072.61    2153.35    2767.97
 1    4109.00    3005.31    3005.31    5539.84    5539.84   28224.97   28224.97   17541.68   17541.68   13170.70   13170.70   15685.82   15685.82    7420.64    7420.64   18124.72   18124.72   17817.03   17817.03   14793.70   14793.70   23043.17   23043.17    9555.55    9555.55   13891.42   13891.42
 2     783.00     572.44     572.44    1055.21    1055.21    5376.18    5376.18    3341.27    3341.27    2508.70    2508.70    2987.78    2987.78    1413.46    1413.46    3452.33    3452.33    3393.72    3393.72    2817.85    2817.85    4389.18    4389.18    1820.10    1820.10    2645.98    2645.98
 3    3537.00    2191.43    2816.00    3971.11    5776.25   12757.50    9993.08    8209.68    9225.74    7330.02    7343.20    6349.87    5806.66    6774.61    7028.52    8941.05    7522.05    8604.98    7853.12    9605.36    9694.64   11007.50    9402.47    3208.37    4507.75    7824.08    9661.27
 4    1379.00    2498.46    3651.66    4634.17    4780.59    4743.45    4243.43    4016.83    4007.75    2898.87    2726.52    3299.32    3322.96    3508.64    3663.41    4148.39    3882.91    4102.97    3837.79    3880.85    3152.45    2431.30    3125.83    4362.15    5715.19    5468.06    4188.42
 1    4109.00     973.90     973.90    6861.62    6861.62    9941.78    9941.78    7448.36    7448.36    7941.78    7941.78   12729.49   12729.49   15374.90   15374.90   19137.43   19137.43   29752.34   29752.34   21518.11   21518.11   29605.42   29605.42   29026.08   29026.08   16450.90   16450.90
 2     783.00     185.50     185.50    1306.98    1306.98    1893.67    1893.67    1418.74    1418.74    1512.72    1512.72    2424.66    2424.66    2928.55    2928.55    3645.22    3645.22    5667.11    5667.11    4098.69    4098.69    5639.13    5639.13    5528.78    5528.78    3133.50    3133.50
 3    3537.00    1563.90    2024.90    4241.15    5362.14    6611.53    7039.51    4938.16    5473.85    5494.38    7165.75   16264.07   17064.32   18065.30   16992.07   15179.57   11530.27   14175.78   12692.89   12030.13   10884.39   13218.23   12753.48   15916.07   11966.03    8685.92    7516.95
 4    1379.00    2303.12    2956.85    3822.63    3644.60    3556.48    3995.86    4658.47    6951.76    7960.23    7803.59    9983.86    8376.72    6707.60    6362.43    5772.32    5684.40    5381.22    5351.08    5930.79    7276.82    7485.32    4924.47    4700.85    3384.60    3105.88    3182.73
 1    4109.00    1834.60    1834.60    4403.32    4403.32   20669.42   20669.42   52024.90   52024.90   51939.43   51939.43   11294.98   11294.98    7164.23    7164.23   26881.93   26881.93   25030.24   25030.24   10108.56   10108.56   25002.98   25002.98   25504.71   25504.71    4061.90    4061.90
 2     783.00     349.45     349.45     838.73     838.73    3937.03    3937.03    9909.50    9909.50    9893.22    9893.22    2151.42    2151.42    1364.62    1364.62    5120.37    5120.37    4767.66    4767.66    1925.44    1925.44    4762.47    4762.47    4858.04    4858.04     773.70     773.70
 3    3537.00    1366.43    1586.35    3230.89    4091.76    9434.47   11233.18   15391.79   12954.59   17620.49   14129.72    5304.47    5719.41    4034.98    7774.09   19540.91   15478.72   11259.68    8343.57    7156.55   11245.49   17048.73   12861.12    6736.06    5607.14    1416.90    2463.39
 4    1379.00    2196.93    2800.09    4863.65    6093.89    7842.72    7625.10    7193.62    7033.70    3245.89    2125.23    2605.21    4725.94    5215.97    5618.77    4792.20    3152.58    3397.36    4919.80    5273.21    4621.62    3430.09    2467.88    1519.26    1638.31    2212.53    2951.11
 1    4109.00    3351.81    3351.81    8323.85    8323.85   17497.79   17497.79   14940.62   14940.62   17914.05   17914.05   10410.25   10410.25   15493.17   15493.17   17809.18   17809.18   10599.20   10599.20    5599.44    5599.44   11263.10   11263.10   26868.07   26868.07    8430.11    8430.11
 2     783.00     638.44     638.44    1585.50    1585.50    3332.91    3332.91    2845.83    2845.83    3412.20    3412.20    1982.90    1982.90    2951.08    2951.08    3392.22    3392.22    2018.90    2018.90    1066.56    1066.56    2145.35    2145.35    5117.73    5117.73    1605.74    1605.74
 3    3537.00    1910.02    2549.77    3839.47    4308.85    6268.46    6583.15    4671.16    5827.89   10047.58   10898.19   10531.39    9680.28   10819.92   11188.13    8554.52    7404.16    5292.79    4368.13    3080.28    3829.71    4854.76    7387.99   13027.30   10404.91    7289.36    8787.49
 4    1379.00    2328.70    3125.72    3677.91    3355.24    3181.51    3385.83    4427.78    5595.42    5300.82    3922.67    3208.81    3679.03    4151.03    4183.80    3051.87    2212.61    2207.03    2335.53    2393.63    4077.08    4914.14    5180.36    4275.06    4927.82    4801.75    4248.46
 1    4109.00    3241.39    3241.39    3456.68    3456.68    7527.37    7527.37    9106.48    9106.48    9499.18    9499.18    7438.20    7438.20    6484.63    6484.63   25574.94   25574.94   14796.47   14796.47    8206.04    8206.04   14687.44   14687.44   32910.11   32910.11   21780.99   21780.99
 2     783.00     617.41     617.41     658.42     658.42    1433.78    1433.78    1734.57    1734.57    1809.37    1809.37    1416.80    1416.80    1235.17    1235.17    4871.42    4871.42    2818.38    2818.38    1563.06    1563.06    2797.61    2797.61    6268.59    6268.59    4148.76    4148.76
 3    3537.00    1911.35    2697.63    4385.30    6648.99    5716.19    5668.42    8124.11    6034.83    5378.09    4827.50    3960.52    5001.17    4368.58    5311.62    9129.49    8031.60    8104.80    6004.66    4906.62    9980.41   23017.27   22915.36   23756.30   21587.10   20467.79   15674.60
 4    1379.00    2408.00    3250.01    4349.06    4670.76    3033.75    2694.67    2456.66    1912.27    1769.58    2162.03    3713.32    4820.06    4185.08    3703.06    3222.40    2496.73    3472.01    6832.12    7641.35    9050.59   12132.78    9866.83    5827.59    4888.76    5287.43    3419.57
 1    4109.00     541.00     541.00    1406.79    1406.79    6115.03    6115.03   28070.66   28070.66   21355.49   21355.49   45635.44   45635.44   23574.01   23574.01   10035.10   10035.10   28325.68   28325.68   71272.28   71272.28   39853.51   39853.51    6428.73    6428.73    5957.95    5957.95
 2     783.00     103.05     103.05     267.96     267.96    1164.77    1164.77    5346.79    5346.79    4067.71    4067.71    8692.46    8692.46    4490.29    4490.29    1911.45    1911.45    5395.37    5395.37   13575.67   13575.67    7591.14    7591.14    1224.52    1224.52    1134.85    1134.85
 3    3537.00    1358.16    1672.12    2113.36    2987.23    5385.96    5558.32    9356.98   12432.95   15051.95   18092.03   17842.85   14031.13   10692.09    7826.36    5645.77    5370.69    9633.22   14095.13   36623.98   26968.35   16003.15   11131.50    3769.52    4827.71    4392.92    6338.50
 4    1379.00    2375.19    2698.99    2650.12    2576.90    3269.21    5616.47    7111.79    9260.75    9096.14    8239.44    5110.32    3734.31    3277.75    2676.86    4290.56    9131.08   11484.49    8724.38    9190.95    6361.10    3486.31    2825.13    2819.63    3809.14    5461.23    7690.65
 1    4109.00    3120.35    3120.35   11284.81   11284.81   14291.05   14291.05    5129.59    5129.59   18029.55   18029.55   33431.25   33431.25   25802.70   25802.70   13663.19   13663.19    6405.63    6405.63    6210.67    6210.67    7631.78    7631.78   10778.92   10778.92   26855.60   26855.60
 2     783.00     594.35     594.35    2149.49    2149.49    2722.10    2722.10     977.06     977.06    3434.20    3434.20    6367.86    6367.86    4914.80    4914.80    2602.51    2602.51    1220.12    1220.12    1182.98    1182.98    1453.67    1453.67    2053.13    2053.13    5115.35    5115.35
 3    3537.00    2137.31    2615.14    3746.36    4604.20    4829.17    5796.16    4114.41    5546.87   10859.62   13725.39   24035.72   19651.48   16649.87   13332.39    8629.43    7501.24    5464.78    5069.89    5901.84    6475.28    5397.08    5725.38    7866.85   12096.46   17454.61   22776.60
 4    1379.00    2460.43    2648.02    3147.31    3441.20    3381.02    4734.26    6329.91    9465.34    9583.70    7851.85    7540.09    5951.84    4492.32    3087.99    2296.80    2458.51    3435.68    3262.01    3447.97    4082.88    3938.58    5982.45   15241.07   20028.34   14622.23   11922.37
 1    4109.00    3203.05    3203.05    4919.38    4919.38   10243.00   10243.00   13542.61   13542.61   11518.58   11518.58    9847.07    9847.07   10250.39   10250.39   13996.75   13996.75   29260.77   29260.77   24474.91   24474.91   28153.82   28153.82    7170.70    7170.70    7516.28    7516.28
 2     783.00     610.10     610.10     937.02     937.02    1951.05    1951.05    2579.54    2579.54    2194.02    2194.02    1875.63    1875.63    1952.46    1952.46    2666.05    2666.05    5573.48    5573.48    4661.89    4661.89    5362.63    5362.63    1365.85    1365.85    1431.67    1431.67
 3    3537.00    1514.14    1917.62    3834.33    6356.76   11574.30   11615.46   11180.31    9505.20    8134.18    7670.45    6640.65    7401.38    6387.75    6531.49   10098.60   12583.62   19689.21   16196.21   15357.41   10403.75    7685.52    6249.03    4263.73    4498.10    3967.16    5933.57
 4    1379.00    2274.93    3432.43    5745.89    5401.40    3778.23    2992.69    3125.10    3034.33    3405.01    3706.72    3135.73    3200.86    5084.09    6265.92    8318.00    8302.09    7355.89    4630.89    3394.52    2830.83    2650.74    2551.04    2469.85    3505.82    3604.16    3446.20
 1    4109.00    1403.09    1403.09    3471.01    3471.01    9428.50    9428.50   17205.80   17205.80   16559.47   16559.47   14368.20   14368.20   29722.77   29722.77   28155.67   28155.67   27586.95   27586.95   14760.90   14760.90   20639.39   20639.39   13700.61   13700.61   17439.58   17439.58
 2     783.00     267.26     267.26     661.14     661.14    1795.90    1795.90    3277.30    3277.30    3154.18    3154.18    2736.80    2736.80    5661.48    5661.48    5362.98    5362.98    5254.66    5254.66    2811.60    2811.60    3931.31    3931.31    2609.64    2609.64    3321.82    3321.82
 3    3537.00    1135.25    1642.72    4502.48    4960.73    6610.18    7424.89    9505.09   10839.57   11338.59    9077.99    7075.79    8153.86   15562.28   16964.12   17069.67   18056.27   17897.36   17737.89   14157.18   11885.48    9059.49    8268.73    9178.16    8481.29    7412.38    6260.62
 4    1379.00    2291.57    2898.89    3994.29    3947.63    4247.38    5250.12    5291.82    4107.92    3528.10    3924.53    7001.51    7501.52    6635.52    7015.61    7620.58    6915.59    5091.79    4324.89    4938.09    3776.54    3464.26    3609.76    3371.77    2734.41    2888.60    5195.93
 1    4109.00    2231.00    2231.00    5957.95    5957.95   14852.38   14852.38   18628.76   18628.76   13006.69   13006.69    9265.87    9265.87   23110.63   23110.63   38409.76   38409.76   29369.34   29369.34   11305.60   11305.60   16802.94   16802.94   29536.59   29536.59   42790.90   42790.90
 2     783.00     424.95     424.95    1134.85    1134.85    2829.02    2829.02    3548.34    3548.34    2477.46    2477.46    1764.93    1764.93    4402.02    4402.02    7316.14    7316.14    5594.16    5594.16    2153.45    2153.45    3200.56    3200.56    5626.02    5626.02    8150.65    8150.65
 3    3537.00    2126.45    2495.61    3207.20    4179.01    9137.23    8391.46    7061.32    6304.83    3407.23    4229.48    4915.83    7432.46   19494.98   21456.21   27134.64   23021.53   10432.99   10142.05    8331.84   10000.03   12319.66   13474.40   13026.25   15575.47   22322.23   19670.29
 4    1379.00    2493.89    3311.42    3931.39    3719.05    3271.75    2649.63    2324.93    2808.02    2898.09    5024.86    7098.45    9729.00   10161.35    7843.30    4849.57    4280.10    4272.33    4283.02    6043.24    6220.12    5935.11    7763.37   10921.69   10798.84    9530.38    7809.92
 1    4109.00    2383.00    2383.00    3236.31    3236.31    7064.44    7064.44    6954.95    6954.95   16357.11   16357.11   18254.54   18254.54   14996.52   14996.52    6504.50    6504.50   11158.22   11158.22   10428.26   10428.26   14841.75   14841.75   25107.85   25107.85   17419.71   17419.71
 2     783.00     453.90     453.90     616.44     616.44    1345.61    1345.61    1324.75    1324.75    3115.64    3115.64    3477.06    3477.06    2856.48    2856.48    1238.95    1238.95    2125.38    2125.38    1986.34    1986.34    2827.00    2827.00    4782.45    4782.45    3318.04    3318.04
 3    3537.00    1739.34    2431.03    3063.82    4120.06    6548.35    9740.49    7728.92    7340.85    9998.29    7340.87    8029.09    6644.34    6986.58    6052.75    2671.48    2614.82    2393.56    4223.05    7884.32    7936.32   11127.54    9899.57    8701.81    7521.75    7770.50   13415.84
 4    1379.00    1902.78    2542.02    2787.94    4846.15    6045.66    5710.31    3873.49    2899.72    2242.29    2479.38    2911.03    2927.41    2273.15    2187.85    2034.69    2479.92    3965.89    5014.40    4669.42    3535.91    3362.86    3220.38    3147.30    5323.75    9734.07    9888.03
 1    4109.00    3375.37    3375.37   10911.98   10911.98   18792.31   18792.31   36149.65   36149.65   20646.78   20646.78   21172.54   21172.54   27859.06   27859.06   15682.13   15682.13    8537.30    8537.30   18103.47   18103.47   44054.94   44054.94   25237.21   25237.21   10964.65   10964.65
 2     783.00     642.93     642.93    2078.47    2078.47    3579.49    3579.49    6885.65    6885.65    3932.72    3932.72    4032.86    4032.86    5306.49    5306.49    2987.07    2987.07    1626.15    1626.15    3448.28    3448.28    8391.42    8391.42    4807.09    4807.09    2088.50    2088.50
 3    3537.00    1598.50    2601.50    3760.25    5269.16    7580.97    8505.25   12998.03   11200.44    7297.97    6454.80    7549.47    9495.50   14488.00   11802.48    8749.67    7911.59    6583.97    9218.56   12579.38   16327.19   23904.76   18883.47   11328.53    8546.58    5306.48    5778.67
 4    1379.00    2410.39    2991.59    3100.95    3936.00    5101.67    6154.66    4913.14    3644.58    3942.03    5719.41    6368.58    5572.41    4300.69    3529.87    4393.44    5781.70    6350.33    9702.18   10680.74    8476.95    4127.21    2908.51    2995.17    3042.75    2895.77    2373.16
 1    4109.00    2770.15    2770.15    5519.51    5519.51   10655.11   10655.11   12826.97   12826.97   14685.13   14685.13    4080.85    4080.85   20314.14   20314.14   15951.94   15951.94   19265.86   19265.86   15877.55   15877.55    9665.50    9665.50    5502.88    5502.88    9467.30    9467.30
 2     783.00     527.65     527.65    1051.34    1051.34    2029.54    2029.54    2443.23    2443.23    2797.17    2797.17     777.30     777.30    3869.36    3869.36    3038.46    3038.46    3669.69    3669.69    3024.30    3024.30    1841.05    1841.05    1048.17    1048.17    1803.30    1803.30
 3    3537.00    1555.35    2306.03    2540.46    4114.30    8473.29    9225.14   13295.44   10712.94    7059.49    5197.98    2381.89    4200.11   15342.69   15421.99   17237.14   12227.41    8638.90    7715.44    7666.24    8912.89    9112.78    9836.34    7667.34    7779.02    7521.30    9458.90
 4    1379.00    1992.74    3354.65    4189.20    5536.72    4783.52    3543.47    2760.90    1876.78    2137.39    4142.10    6641.39    7435.28    6197.31    4323.69    3706.07    3023.54    2570.37    3117.62    4273.44    4401.00    3655.39    3297.87    3317.92    4191.26    4779.11    6267.27
 1    4109.00    2597.83    2597.83    3384.61    3384.61   16702.69   16702.69   27018.22   27018.22   24482.30   24482.30   22799.70   22799.70   22746.11   22746.11   14149.21   14149.21   18942.00   18942.00   34680.96   34680.96   49852.57   49852.57   30897.18   30897.18   21448.81   21448.81
 2     783.00     494.82     494.82     644.69     644.69    3181.46    3181.46    5146.33    5146.33    4663.30    4663.30    4342.80    4342.80    4332.59    4332.59    2695.09    2695.09    3608.00    3608.00    6605.90    6605.90    9495.73    9495.73    5885.18    5885.18    4085.49    4085.49
 3    3537.00    1504.92    2041.38    3688.29    4709.95    7985.12    8774.82   11225.26   11280.65   10109.57   10752.54   12430.85   13021.91   15364.42   14534.24    9182.07   11087.46   11880.15   19987.78   25233.46   22728.39   25370.11   18261.00   11807.18   12731.45   14004.97   17024.21
 4    1379.00    2290.90    2824.83    3043.25    3650.97    4489.43    5199.73    5910.07    5893.69    6665.00    7263.52    6274.40    5126.06    3868.90    3950.08    7611.37   15792.99   15960.79   12598.23    6063.71    4448.18    3649.16    4550.32    4974.15    6077.78    6753.12    8939.00
 1    4109.00    3262.64    3262.64    4017.55    4017.55   14091.46   14091.46   11257.09   11257.09    9214.13    9214.13   10095.62   10095.62   12188.48   12188.48   32299.35   32299.35   38498.92   38498.92   34908.72   34908.72   38384.35   38384.35   10495.72   10495.72    6762.29    6762.29
 2     783.00     621.46     621.46     765.25     765.25    2684.09    2684.09    2144.21    2144.21    1755.07    1755.07    1922.98    1922.98    2321.62    2321.62    6152.26    6152.26    7333.13    7333.13    6649.28    6649.28    7311.30    7311.30    1999.18    1999.18    1288.06    1288.06
 3    3537.00    2067.58    2555.34    3937.81    5493.70    8985.16    9500.51    9062.22    8588.62    6531.37    8031.02   11605.78   12883.04   14512.20   18528.12   29750.81   27655.63   14929.11   15265.98   16143.66   15267.20   15218.75   10591.55    3451.00    3334.66    3210.70    5170.85
 4    1379.00    2131.93    3045.40    4037.13    4946.64    4970.05    4038.99    3591.24    4043.87    4016.94    4481.60    3875.37    6471.36   13732.07   11776.60    5127.16    4541.29    5428.09    5769.12    5677.53    3936.99    3365.68    2465.95    2123.47    3253.20    3459.86    3124.78
 1    4109.00    1898.82    1898.82    5320.39    5320.39   11663.65   11663.65   28486.92   28486.92   21424.33   21424.33   11024.71   11024.71   18253.62   18253.62   11794.40   11794.40   13883.10   13883.10   17873.39   17873.39   17043.18   17043.18   25395.68   25395.68   17856.30   17856.30
 2     783.00     361.68     361.68    1013.41    1013.41    2221.65    2221.65    5426.08    5426.08    4080.82    4080.82    2099.94    2099.94    3476.88    3476.88    2246.55    2246.55    2644.40    2644.40    3404.46    3404.46    3246.32    3246.32    4837.27    4837.27    3401.20    3401.20
 3    3537.00    1525.70    2436.17    4485.07    5953.06   12975.68   15379.36   22991.53   19020.57    9100.57    6544.73    4232.95    6075.54    9123.10   10738.05   11050.16   11072.05    9752.10    9818.38   12018.26   14598.26   13523.59   13734.63   20991.13   17805.70   14640.41   13469.32
 4    1379.00    2416.15    3530.43    5277.20    5477.18    7069.04    6984.49    4107.37    2871.01    2880.11    4161.96    3976.33    3829.93    4417.01    4691.98    5899.68    5807.38    4821.24    5667.18    9542.77    9865.07    8232.03    6218.88    3849.63    4007.06    7585.00    8188.94
 1    4109.00    2561.79    2561.79   15716.32   15716.32    9323.16    9323.16   14149.21   14149.21    8926.76    8926.76    7170.24    7170.24   12237.46   12237.46    8053.12    8053.12   10101.17   10101.17    6510.97    6510.97   10227.29   10227.29    6116.88    6116.88    7185.95    7185.95
 2     783.00     487.96     487.96    2993.58    2993.58    1775.84    1775.84    2695.09    2695.09    1700.34    1700.34    1365.76    1365.76    2330.94    2330.94    1533.93    1533.93    1924.03    1924.03    1240.18    1240.18    1948.06    1948.06    1165.12    1165.12    1368.75    1368.75
 3    3537.00    1704.48    2024.65    6101.18    5433.38    5302.14    5370.12    5443.84    5949.93    3670.07    4089.28    4487.53    5508.12    8386.39    7681.66    5887.03    6521.23    4724.55    4597.99    6372.34    6805.70   10371.03    8469.66    5818.63    5636.86    5236.84    6257.01
 4    1379.00    2313.18    2705.76    2700.87    1985.94    2715.44    3027.18    2617.44    2349.67    2508.01    3580.98    3150.37    2681.89    3020.22    3540.68    4052.16    3667.96    3210.84    2997.94    3585.72    2868.90    2290.62    2378.25    3194.74    3992.57    4719.29    4941.94
 1    4109.00    2121.50    2121.50    6670.36    6670.36   17930.22   17930.22   25269.09   25269.09    6904.13    6904.13   14428.72   14428.72   22232.83   22232.83   42946.14   42946.14   47044.08   47044.08   17536.13   17536.13   24212.50   24212.50   12534.06   12534.06    6404.71    6404.71
 2     783.00     404.10     404.10    1270.54    1270.54    3415.28    3415.28    4813.16    4813.16    1315.07    1315.07    2748.33    2748.33    4234.82    4234.82    8180.22    8180.22    8960.78    8960.78    3340.22    3340.22    4611.90    4611.90    2387.44    2387.44    1219.94    1219.94
 3    3537.00    1784.82    2160.32    3709.25    5978.07    9716.70    9333.83   12726.91   10216.98    3795.71    5857.26   11748.77   13235.95   17846.72   16746.17   29830.01   24297.78   14461.66   11717.44    3336.35    4866.17   10670.00    9523.91    6604.84    5560.58    2775.01    3646.17
 4    1379.00    2296.21    3264.05    5127.86    6735.70    5976.51    3835.34    2978.73    4439.23    6380.12    7333.01    6658.13    5375.94    5643.36    6728.69    6939.27    5274.69    3489.03    3176.71    4231.80    4038.80    3129.48    2387.73    2018.81    2040.29    2520.85    3932.08
 1    4109.00    2159.85    2159.85    4608.91    4608.91    4232.84    4232.84    9821.20    9821.20    9113.41    9113.41   20605.20   20605.20   28066.50   28066.50   37187.31   37187.31   27506.56   27506.56   11299.13   11299.13    5545.39    5545.39   16283.65   16283.65   15245.54   15245.54
 2     783.00     411.40     411.40     877.89     877.89     806.26     806.26    1870.70    1870.70    1735.89    1735.89    3924.80    3924.80    5346.00    5346.00    7083.30    7083.30    5239.34    5239.34    2152.22    2152.22    1056.26    1056.26    3101.65    3101.65    2903.91    2903.91
 3    3537.00    1065.86    1314.33    2844.45    4500.73    4940.60    5767.42    8678.99    9327.40    9224.89   12267.93   21732.32   22434.87   18161.73   14496.55   21988.07   16654.47   10388.60    6036.18    2824.85    4337.64    4812.25    7285.72   12143.07   10720.95    8764.56   11069.70
 4    1379.00    2121.66    2881.07    3040.94    3722.60    3535.71    4404.27    5803.17    7571.47    8347.18    7881.39    9108.82    8371.12    6110.44    4940.46    3472.71    2458.88    2307.16    2777.90    3138.49    4940.04    4546.76    4088.41    4246.53    5053.59    6443.35    7884.91
 1    4109.00    2443.98    2443.98    4049.89    4049.89    7214.59    7214.59   24904.57   24904.57    5132.36    5132.36   12502.18   12502.18   24887.48   24887.48   21620.21   21620.21   10877.33   10877.33   11595.74   11595.74   12082.69   12082.69    9862.31    9862.31    8405.17    8405.17
 2     783.00     465.52     465.52     771.41     771.41    1374.21    1374.21    4743.73    4743.73     977.59     977.59    2381.37    2381.37    4740.47    4740.47    4118.14    4118.14    2071.87    2071.87    2208.71    2208.71    2301.46    2301.46    1878.54    1878.54    1600.98    1600.98
 3    3537.00    1186.67    1706.78    3437.65    5234.50    5947.65    7823.01    9750.59    8003.71    6938.12    7611.10    8405.81   10470.19   14743.91   12333.85    9811.75    8384.83    5740.44    5617.16    4881.54    5428.64    5744.83    8361.95    9882.07    9719.90    8737.71    7690.29
 4    1379.00    2223.93    2896.79    4173.51    5100.44    5008.54    4151.18    3273.41    3503.01    4175.91    5740.14    6387.72    5560.91    4348.56    3399.43    2797.06    2897.72    3021.79    3134.30    3480.54    4414.47    5875.62    6177.47    4656.78    3432.89    3319.58    3516.32
 1    4109.00    2033.72    2033.72   10569.64   10569.64   55698.72   55698.72   36625.98   36625.98   34219.88   34219.88   45258.45   45258.45   17704.76   17704.76   33607.27   33607.27   17645.17   17645.17   13831.82   13831.82    6421.80    6421.80   19207.19   19207.19   18425.02   18425.02
 2     783.00     387.38     387.38    2013.26    2013.26   10609.28   10609.28    6976.38    6976.38    6518.07    6518.07    8620.66    8620.66    3372.34    3372.34    6401.38    6401.38    3360.98    3360.98    2634.63    2634.63    1223.20    1223.20    3658.51    3658.51    3509.53    3509.53
 3    3537.00    1794.41    2191.33    3255.68    5012.00   12767.28    8872.90   11247.05   11679.55   14940.71   13539.33   12987.10    9815.14    2718.06    4994.04   13446.61   14693.11   13859.69   12126.55   10980.59    9990.24    8119.76    9533.14   10372.84    9474.94    8735.40    7408.16
 4    1379.00    2366.50    3187.92    5160.80    5444.44    6095.72    6783.42    5525.90    4132.10    5050.17    5075.83    4944.86    4114.03    4866.94    9136.74    7964.98    6022.11    5153.96    4184.19    3851.57    3797.27    3616.44    4543.47    4092.78    3280.90    2953.25    3462.14
