              Isim, Ftarg, Btarg
   1 2019          0.3977734      43121.5693246      11088.7194212
   1 2021          0.3919238      43016.8908013      11026.8301438
   1 2023          0.3743750      43016.5549658      10766.9298211
   1 2025          0.4006982      43047.0297203      11094.8374185
   1 2027          0.4065479      43017.3520422      11226.0438154
   1 2029          0.4006982      43135.8620185      11194.3825227
   1 2031          0.4006982      43015.5293608      11150.2145273
   1 2033          0.3948486      43079.6867426      11131.9297590
   1 2035          0.3948486      43144.9071275      11131.8591237
   1 2037          0.3919238      43027.0622484      11080.5035151
   1 2039          0.3685254      42968.2304052      10647.0754774
   1 2041          0.3889990      43109.0441781      10950.1411459
   1 2043          0.3919238      43179.3542401      11050.2385061
   2 2019          0.3977734      42938.1396063      11041.5504357
   2 2021          0.3977734      42766.2046095      11023.9558041
   2 2023          0.4036230      42855.2543491      11120.9542545
   2 2025          0.3919238      42994.2255721      11004.4003827
   2 2027          0.3948486      42834.3091760      11020.2226021
   2 2029          0.4036230      42766.2327989      11104.1757805
   2 2031          0.4036230      42899.2875897      11063.4788330
   2 2033          0.4006982      42939.4263121      11033.9412361
   2 2035          0.3831494      42801.4158174      10818.8544704
   2 2037          0.3977734      42769.1528334      10993.0300396
   2 2039          0.4065479      42865.3372499      11195.7793513
   2 2041          0.4006982      42944.7147568      11162.7438564
   2 2043          0.3977734      42909.4237128      11096.7438928
   3 2019          0.3977734      43806.1338287      11264.7553084
   3 2021          0.3948486      43704.4709461      11249.2163035
   3 2023          0.3948486      43663.1183753      11248.2044438
   3 2025          0.4006982      43800.0793776      11374.1484450
   3 2027          0.3919238      43861.4072315      11272.6608788
   3 2029          0.3977734      43809.4164438      11302.6980731
   3 2031          0.3919238      43826.6241161      11259.0002894
   3 2033          0.3919238      43735.1336777      11179.5618582
   3 2035          0.3948486      43791.8768108      11290.6939308
   3 2037          0.3977734      43639.5753564      11305.9380491
   3 2039          0.4036230      43735.4418313      11349.1811998
   3 2041          0.3977734      43738.7176887      11335.6984579
   3 2043          0.3743750      43769.3044814      11004.5570426
   4 2019          0.3977734      44476.3116883      11437.0916673
   4 2021          0.3802246      44467.3433507      11185.0861134
   4 2023          0.3977734      44422.5201069      11477.6216467
   4 2025          0.4006982      44435.9967690      11492.6495445
   4 2027          0.3772998      44346.9084600      11132.3592194
   4 2029          0.3860742      44469.1479203      11230.6855299
   4 2031          0.4006982      44489.7484884      11413.1061769
   4 2033          0.4094727      44326.6933070      11504.9288320
   4 2035          0.4006982      44443.4020997      11471.5939701
   4 2037          0.4006982      44431.0069309      11504.2448946
   4 2039          0.3889990      44337.3379335      11367.1270788
   4 2041          0.4006982      44444.9489382      11513.6395662
   4 2043          0.4006982      44486.9468213      11542.6299533
   5 2019          0.3977734      43500.4176316      11186.1403325
   5 2021          0.3889990      43471.7468621      11087.5451827
   5 2023          0.3831494      43472.0021425      11032.5924930
   5 2025          0.3919238      43348.8590240      11168.6011719
   5 2027          0.3977734      43358.0252714      11267.3895544
   5 2029          0.4036230      43513.4843671      11333.6062633
   5 2031          0.3802246      43429.5512653      11012.0134040
   5 2033          0.3831494      43495.3242536      10983.7611744
   5 2035          0.4036230      43439.7261389      11294.2649929
   5 2037          0.3948486      43472.1424903      11217.8306283
   5 2039          0.3977734      43520.5556922      11180.9849447
   5 2041          0.4094727      43334.6406043      11345.4801484
   5 2043          0.4065479      43494.4489709      11341.0875974
   6 2019          0.3977734      44314.4619369      11395.4719742
   6 2021          0.3977734      44187.8375020      11418.2733980
   6 2023          0.3977734      44299.1127719      11451.7234999
   6 2025          0.3977734      44142.7062190      11456.7572779
   6 2027          0.3802246      44354.6900764      11224.6808868
   6 2029          0.3977734      44319.2391218      11426.1840064
   6 2031          0.4006982      44288.3499412      11412.5580170
   6 2033          0.3977734      44264.5136210      11426.6251421
   6 2035          0.4036230      44155.1064874      11505.9714160
   6 2037          0.3977734      44219.1327372      11435.4880335
   6 2039          0.3743750      44317.2482439      11113.3339695
   6 2041          0.3919238      44227.0481503      11330.1258731
   6 2043          0.3977734      44328.9270871      11450.7795799
   7 2019          0.3977734      43536.3842430      11195.3891532
   7 2021          0.3919238      43574.9360025      11177.8169555
   7 2023          0.3977734      43573.0125070      11168.1023025
   7 2025          0.4036230      43509.1562477      11265.9168970
   7 2027          0.4065479      43465.9219860      11293.8765905
   7 2029          0.4006982      43451.7688637      11241.9680698
   7 2031          0.3772998      43396.4931867      10943.4255207
   7 2033          0.3831494      43426.3041344      11012.6291539
   7 2035          0.4006982      43457.5923567      11299.6895734
   7 2037          0.3831494      43398.2606149      11045.7466301
   7 2039          0.3772998      43449.1940170      10901.9411286
   7 2041          0.3977734      43531.3242076      11139.1686751
   7 2043          0.4065479      43561.4525085      11304.0449166
   8 2019          0.3977734      43356.5511859      11149.1450498
   8 2021          0.3802246      43359.0861810      10845.7439446
   8 2023          0.3948486      43278.4233867      11056.8463436
   8 2025          0.3831494      43305.1753944      10998.8152100
   8 2027          0.3889990      43241.1643474      11118.9163747
   8 2029          0.3919238      43207.1278074      11092.6617852
   8 2031          0.4006982      43253.6910973      11262.3822074
   8 2033          0.4006982      43385.3643747      11245.5405105
   8 2035          0.3714502      43332.0758908      10810.9101721
   8 2037          0.3889990      43279.0170786      11094.0097474
   8 2039          0.4036230      43352.0679172      11283.4659523
   8 2041          0.4036230      43290.4662942      11286.8932835
   8 2043          0.3889990      43303.7508009      11050.0066778
   9 2019          0.3977734      43599.9252566      11211.7287364
   9 2021          0.3948486      43462.7274955      11216.1427272
   9 2023          0.3977734      43482.9008194      11282.7414093
   9 2025          0.3889990      43540.0166514      11180.4460295
   9 2027          0.3568262      43605.6116397      10552.8358096
   9 2029          0.3919238      43644.3698316      11141.8028704
   9 2031          0.4065479      43474.9789057      11327.7179371
   9 2033          0.4036230      43640.0182025      11327.8569511
   9 2035          0.4006982      43593.0336380      11286.3819322
   9 2037          0.3889990      43554.9135867      11109.7623208
   9 2039          0.3889990      43624.2212922      11092.5786686
   9 2041          0.3831494      43579.4572912      11006.2440727
   9 2043          0.3685254      43665.7302736      10756.8604423
  10 2019          0.3977734      43518.4009373      11190.7647429
  10 2021          0.3919238      43436.8870327      11160.0385601
  10 2023          0.3948486      43514.8610195      11150.1480184
  10 2025          0.4123975      43456.6100052      11316.6686505
  10 2027          0.4006982      43519.5494856      11256.4930651
  10 2029          0.3919238      43513.5445664      11161.2696160
  10 2031          0.3977734      43457.8339037      11196.5980300
  10 2033          0.3802246      43402.8286180      11008.1357244
  10 2035          0.3860742      43497.0854595      11058.0327974
  10 2037          0.4006982      43548.4075972      11272.4008166
  10 2039          0.4036230      43419.7540600      11310.4878740
  10 2041          0.4006982      43388.8598105      11316.4777550
  10 2043          0.3860742      43485.6923606      11090.9016364
  11 2019          0.3977734      42976.5039919      11051.4158444
  11 2021          0.3889990      42930.1056278      10912.1955411
  11 2023          0.3919238      42864.0027728      10990.5860509
  11 2025          0.3948486      42898.7560815      11029.6663813
  11 2027          0.3977734      42995.1412716      11098.9985117
  11 2029          0.3977734      42897.3289172      11092.0513123
  11 2031          0.3860742      42996.0037280      10924.3704568
  11 2033          0.3948486      42946.5575739      11057.0763098
  11 2035          0.4006982      42961.6403717      11104.8323561
  11 2037          0.4065479      42886.3968404      11157.1383894
  11 2039          0.4036230      43033.5346717      11121.5336446
  11 2041          0.3977734      42990.4433058      11104.7253331
  11 2043          0.4036230      42877.3868103      11133.5549396
  12 2019          0.3977734      43550.7708876      11199.0886815
  12 2021          0.3860742      43479.3578470      11093.0727758
  12 2023          0.4006982      43413.5789486      11249.6974726
  12 2025          0.4036230      43410.9156613      11311.1511495
  12 2027          0.3948486      43486.9683680      11252.2661700
  12 2029          0.3802246      43623.4949569      11045.2222268
  12 2031          0.3743750      43562.9124188      10881.4109588
  12 2033          0.4006982      43416.5509842      11228.3179529
  12 2035          0.4036230      43478.5669153      11317.1297363
  12 2037          0.3948486      43559.8438162      11253.7337306
  12 2039          0.3889990      43556.3527777      11121.3651838
  12 2041          0.3889990      43416.9566115      11112.1856747
  12 2043          0.3889990      43498.7135619      11135.4025035
