FL 2019 2020 2021 2022 2023 2024 2025 2026 2027 2028 2029 2030 2031 2032 2033 2034 2035 2036 2037 2038 2039 2040 2041 2042 2043 2044 2045
 1  0.7288134  0.6828020  0.6493102  0.6332880  0.6433996  0.6862050  0.6839017  0.6775360  0.6710771  0.6677245  0.6701064  0.6673081  0.6668119  0.6494097  0.6298130  0.6332813  0.6416855  0.5944940  0.5502887  0.6346758  0.6759944  0.6717466  0.6830813  0.6922982  0.7067250  0.7033165  0.6873737
 2  0.5725724  0.5236363  0.4942977  0.4732724  0.5247066  0.5744235  0.5766861  0.5497898  0.5053168  0.4756401  0.4839646  0.5273332  0.5459945  0.5288638  0.5111238  0.5420159  0.5574779  0.5089268  0.4952176  0.5830970  0.5988110  0.5920278  0.5896268  0.5886330  0.5886628  0.5809610  0.5477458
 3  0.7521145  0.7089222  0.6732501  0.6533902  0.6569117  0.7050393  0.7057136  0.6965204  0.6875052  0.6826126  0.6842925  0.6837769  0.6862738  0.6696557  0.6472154  0.6489736  0.6633577  0.6185211  0.5637122  0.6477084  0.7009385  0.6961874  0.7054738  0.7107027  0.7264516  0.7235507  0.7060534
 4  0.4566311  0.4168102  0.3849856  0.3591812  0.4758694  0.5201326  0.4824800  0.4143448  0.3654809  0.3602807  0.4094082  0.4671117  0.4705782  0.4303041  0.4320624  0.4939808  0.4981580  0.4252588  0.4522842  0.5428684  0.5419493  0.5205284  0.4948144  0.5021165  0.5113932  0.4813333  0.4273205
 1  0.7290193  0.6837632  0.6500220  0.6330476  0.6235373  0.6252483  0.6539695  0.6605902  0.6655055  0.6800152  0.6826402  0.6829708  0.6923508  0.6964202  0.7041790  0.7064929  0.7096262  0.7220857  0.7131194  0.7079303  0.6829978  0.6525627  0.6392981  0.5741334  0.5307210  0.6195123  0.6385372
 2  0.5731135  0.5245497  0.4940974  0.4731580  0.4575855  0.4813294  0.5284071  0.5433304  0.5502545  0.5601786  0.5580430  0.5505507  0.5496980  0.5504280  0.5544515  0.5550191  0.5752525  0.5941453  0.5924898  0.5711021  0.5257377  0.5071354  0.5154117  0.4780873  0.4721911  0.5640823  0.5688341
 3  0.7523618  0.7097663  0.6738295  0.6529944  0.6407549  0.6396469  0.6699810  0.6798418  0.6832468  0.6983377  0.7020118  0.7005262  0.7096775  0.7134305  0.7207667  0.7239492  0.7255010  0.7418896  0.7340729  0.7260825  0.7001394  0.6694749  0.6575228  0.5956367  0.5436040  0.6366633  0.6619651
 4  0.4573780  0.4167930  0.3835507  0.3615960  0.3551418  0.4210886  0.4706182  0.4619849  0.4686808  0.4833551  0.4637255  0.4543363  0.4544377  0.4544150  0.4638130  0.4529848  0.5012444  0.5250774  0.4922325  0.4432558  0.4123225  0.4317913  0.4493576  0.4032027  0.4338984  0.5232444  0.5167350
 1  0.7283085  0.6840649  0.6386237  0.6140924  0.6259596  0.6309679  0.6186522  0.6151751  0.6339130  0.6257352  0.6198367  0.6195844  0.6455000  0.6536004  0.6445261  0.6594498  0.6534210  0.6597185  0.6575009  0.6596979  0.6540425  0.6436393  0.6326533  0.6431276  0.6753988  0.6894067  0.6886692
 2  0.5726575  0.5248717  0.4851232  0.4749912  0.4940394  0.4988308  0.4896986  0.5144593  0.5424973  0.5338395  0.5198147  0.5265160  0.5602060  0.5640773  0.5578524  0.5591609  0.5569420  0.5579853  0.5584285  0.5555618  0.5412389  0.5201067  0.5183415  0.5661313  0.5946726  0.6012373  0.5853308
 3  0.7516802  0.7099042  0.6627436  0.6334236  0.6431761  0.6489553  0.6352193  0.6305245  0.6530496  0.6465238  0.6395013  0.6360105  0.6628203  0.6758044  0.6645753  0.6788262  0.6731645  0.6789249  0.6773519  0.6793949  0.6741465  0.6621253  0.6488695  0.6587500  0.6971117  0.7128943  0.7100698
 4  0.4573648  0.4163187  0.3784463  0.3933812  0.4209746  0.4091824  0.4092104  0.4642985  0.4820628  0.4581668  0.4357484  0.4653287  0.5080714  0.4935368  0.4812507  0.4865226  0.4828772  0.4867049  0.4842830  0.4777153  0.4489207  0.4232981  0.4550549  0.5199165  0.5380411  0.5218120  0.4717209
 1  0.7292546  0.6838715  0.6542654  0.6419444  0.6359472  0.6373377  0.6453414  0.6603347  0.6801372  0.7025558  0.7066166  0.7069744  0.7138273  0.7125662  0.7117096  0.7118431  0.7103149  0.7126714  0.7027886  0.6986505  0.6973580  0.7038872  0.6902332  0.6766212  0.6691549  0.6662716  0.6680521
 2  0.5718989  0.5240255  0.4981358  0.4814067  0.4705539  0.4710228  0.4886890  0.5178841  0.5603663  0.5880982  0.5915184  0.5835392  0.5729636  0.5611845  0.5440608  0.5345776  0.5386101  0.5463053  0.5495465  0.5500203  0.5668171  0.5801874  0.5667073  0.5354591  0.5068086  0.5069378  0.5220096
 3  0.7524902  0.7101030  0.6781253  0.6616834  0.6528823  0.6533056  0.6603835  0.6761244  0.6962617  0.7217155  0.7273793  0.7252132  0.7315352  0.7301370  0.7276259  0.7273498  0.7256402  0.7291388  0.7201182  0.7159437  0.7146636  0.7236629  0.7109788  0.6951011  0.6855407  0.6820874  0.6851144
 4  0.4556608  0.4177696  0.3866202  0.3682092  0.3713974  0.3784717  0.4108547  0.4465180  0.4973318  0.5203976  0.4978778  0.4783611  0.4736267  0.4479507  0.4251844  0.4206184  0.4447483  0.4555085  0.4533805  0.4591820  0.4944836  0.5051047  0.4634418  0.4090218  0.3962817  0.4264186  0.4471165
 1  0.7307392  0.6865300  0.6535230  0.6378048  0.6416158  0.6617726  0.6635239  0.6699350  0.6574236  0.6536845  0.6257620  0.5571639  0.6132154  0.6824779  0.6860838  0.6919438  0.6847362  0.6815713  0.6860894  0.7012856  0.6928138  0.6890883  0.6856192  0.6827156  0.6712592  0.6548738  0.6810460
 2  0.5709265  0.5237572  0.4953607  0.4800728  0.4979760  0.5269652  0.5406360  0.5455677  0.5425339  0.5426021  0.5123176  0.4486489  0.5482952  0.5950652  0.6004002  0.5863293  0.5542864  0.5232071  0.5473979  0.5842256  0.5840627  0.5643621  0.5356790  0.5167586  0.5038560  0.5391792  0.5844983
 3  0.7534590  0.7122673  0.6772395  0.6574909  0.6576496  0.6786710  0.6814249  0.6882013  0.6760126  0.6731327  0.6478082  0.5752621  0.6218080  0.7047547  0.7091449  0.7124196  0.7037123  0.6985533  0.7005371  0.7218835  0.7150522  0.7080287  0.7026636  0.6994698  0.6877643  0.6713036  0.7006733
 4  0.4540021  0.4161973  0.3847744  0.3748038  0.4270604  0.4567422  0.4624696  0.4618210  0.4671609  0.4718394  0.4147211  0.3730111  0.5129593  0.5416630  0.5153880  0.4801263  0.4361152  0.4029294  0.4887290  0.5256372  0.4885810  0.4412371  0.4223329  0.4096099  0.4151358  0.4884654  0.5276885
 1  0.7296156  0.6865713  0.6464648  0.6251032  0.6185242  0.6156117  0.6112010  0.6242841  0.6672982  0.6851418  0.6850115  0.6885507  0.7019212  0.7158842  0.7177521  0.7151190  0.7071037  0.7033556  0.7105994  0.7134321  0.7146474  0.7211135  0.7183834  0.7094181  0.6962811  0.6964931  0.7039883
 2  0.5721350  0.5249587  0.4893791  0.4717861  0.4721844  0.4758024  0.4838717  0.5379980  0.5845366  0.5946618  0.5808076  0.5533518  0.5383555  0.5459636  0.5595632  0.5640951  0.5496527  0.5325111  0.5420616  0.5579234  0.5770384  0.5982929  0.6013774  0.5872685  0.5585891  0.5630321  0.5750474
 3  0.7525046  0.7120612  0.6702714  0.6449767  0.6357096  0.6327858  0.6276065  0.6380214  0.6870049  0.7080092  0.7064186  0.7064127  0.7170655  0.7314175  0.7346428  0.7329952  0.7247583  0.7193617  0.7261780  0.7310705  0.7323736  0.7402542  0.7400325  0.7297253  0.7136453  0.7138020  0.7233218
 4  0.4555682  0.4155233  0.3809823  0.3730792  0.3904092  0.3939531  0.4124030  0.4954163  0.5307562  0.5182996  0.4683747  0.4181909  0.4307008  0.4598006  0.4734723  0.4636611  0.4276707  0.4160918  0.4562345  0.4746903  0.4974798  0.5270244  0.5192455  0.4715740  0.4528792  0.4911983  0.4953162
