FL 2019 2020 2021 2022 2023 2024 2025 2026 2027 2028 2029 2030 2031 2032 2033 2034 2035 2036 2037 2038 2039 2040 2041 2042 2043 2044 2045
 1    4109.00    3843.84    3843.84    4061.44    4061.44    4723.03    4723.03    7477.47    7477.47    6230.99    6230.99    2475.86    2475.86    2344.65    2344.65    1874.80    1874.80     824.67     824.67     172.79     172.79     488.33     488.33    2032.80    2032.80    5624.39    5624.39
 2     783.00     732.16     732.16     773.61     773.61     899.62     899.62    1424.28    1424.28    1186.86    1186.86     471.59     471.59     446.60     446.60     357.10     357.10     157.08     157.08      32.91      32.91      93.02      93.02     387.20     387.20    1071.31    1071.31
 3    3537.00    2553.62    2519.00    2671.57    1918.65    3036.41    3553.84    4432.01    3153.23    2875.84    2875.84    2875.84    2875.84    2875.84    2875.84    2875.84    2875.84    2875.84    2875.84    2875.84    2875.84     341.64     831.42    1523.03    1429.70    2684.68    2684.68
 4    1379.00    1253.13     911.96    1228.86    1669.60    1875.38    1223.22    1069.63     634.32     665.11     665.11     665.11     665.11     665.11     665.11     665.11     665.11     665.11     665.11     665.11     665.11     800.26     681.78    1056.43    1019.19     894.22     894.22
 1    4109.00    4466.15    4466.15    6319.24    6319.24    3997.22    3997.22    2820.05    2820.05    2481.40    2481.40    1438.67    1438.67    1569.41    1569.41    1480.71    1480.71    2266.57    2266.57   10672.20   10672.20    5987.52    5987.52    1763.45    1763.45     281.82     281.82
 2     783.00     850.70     850.70    1203.66    1203.66     761.38     761.38     537.15     537.15     472.65     472.65     274.03     274.03     298.94     298.94     282.04     282.04     431.73     431.73    2032.80    2032.80    1140.48    1140.48     335.90     335.90      53.68      53.68
 3    3537.00    2194.10    2470.19    2582.53    2281.37    1600.06    1791.80    1655.38    1509.73    1570.63    1612.83    1612.83    1308.92    1308.92    1308.92    1487.66    1475.64    1375.65    2142.69    4539.18    3381.13    3381.13    3381.13    3381.13    3381.13    2536.23    3381.13
 4    1379.00    1064.27     862.67     637.62     553.62     699.98     701.03     671.41     692.72     567.12     560.47     560.47     636.46     636.46     636.46     708.88    1212.42    1179.68    1111.37     718.35     580.77     580.77     580.77     580.77     580.77     580.77     580.77
 1    4109.00    6493.41    6493.41    4898.12    4898.12    7397.08    7397.08    2897.20    2897.20    1342.11    1342.11    1374.45    1374.45     658.35     658.35    1704.78    1704.78    1825.82    1825.82    1713.10    1713.10    2737.81    2737.81    1055.21    1055.21    1696.46    1696.46
 2     783.00    1236.84    1236.84     932.98     932.98    1408.97    1408.97     551.85     551.85     255.64     255.64     261.80     261.80     125.40     125.40     324.72     324.72     347.78     347.78     326.30     326.30     521.49     521.49     200.99     200.99     323.14     323.14
 3    3537.00    3961.67    3732.34    2434.02    2754.35    3095.70    3095.70    3095.70    3095.70    3095.70    3095.70    3095.70    3095.70    3095.70    3095.70    3095.70    3095.70    3095.70    3095.70    3095.70    3095.70    3095.70    3095.70    3095.70     490.63     473.42     473.42
 4    1379.00    1087.69     912.62     739.76     707.30     537.36     537.36     537.36     537.36     537.36     537.36     537.36     537.36     537.36     537.36     537.36     537.36     537.36     537.36     537.36     537.36     537.36     537.36     537.36     866.03     695.82     695.82
 1    4109.00    2510.05    2510.05    6146.45    6146.45    4047.12    4047.12    1676.60    1676.60    1288.98    1288.98    2135.83    2135.83    2618.62    2618.62    3343.49    3343.49    5151.76    5151.76    3699.70    3699.70    5134.21    5134.21    5002.54    5002.54    2897.20    2897.20
 2     783.00     478.10     478.10    1170.75    1170.75     770.88     770.88     319.35     319.35     245.52     245.52     406.82     406.82     498.78     498.78     636.86     636.86     981.29     981.29     704.70     704.70     977.94     977.94     952.86     952.86     551.85     551.85
 3    3537.00    2604.39    2784.91    3086.75    2371.09    1526.07    1526.07     740.20     859.57     880.81    1478.53    2397.75    2321.05    3248.41    2955.38    2838.96    2052.84    1890.74    1610.42    1944.10    1655.94    2203.39    2331.27    2331.27    2331.27    2331.27    2331.27
 4    1379.00    1243.97     983.77     887.10     600.20     474.36     474.36     669.79     973.15    1107.90    1135.42    1206.63    1046.43     942.82     844.48     786.77     763.12     716.61     710.49     789.05    1061.34    1079.41     682.89     682.89     682.89     682.89     682.89
 1    4109.00    3921.92    3921.92    4470.77    4470.77    6006.92    6006.92    9823.97    9823.97    8546.08    8546.08    1846.61    1846.61    1035.34    1035.34    4214.36    4214.36    4200.04    4200.04    1955.65    1955.65    4385.30    4385.30    4932.77    4932.77     903.67     903.67
 2     783.00     747.03     747.03     851.58     851.58    1144.18    1144.18    1871.23    1871.23    1627.82    1627.82     351.74     351.74     197.21     197.21     802.74     802.74     800.01     800.01     372.50     372.50     835.30     835.30     939.58     939.58     172.13     172.13
 3    3537.00    2367.75    2696.47    2539.79    1973.62    2566.53    2497.04    1834.44    1711.26    1711.26    1711.26    1711.26    1711.26     485.57    1293.38    1293.38    1293.38    1293.38    1293.38     809.78     809.78     809.78     809.78     809.78     809.78     809.78     809.78
 4    1379.00    1096.84     955.99     912.61    1035.41     932.47    1010.45     861.18     879.34     879.34     879.34     879.34     879.34     751.01     887.63     887.63     887.63     887.63     887.63     656.11     656.11     656.11     656.11     656.11     656.11     656.11     656.11
 1    4109.00    6447.21    6447.21    7256.17    7256.17    4920.30    4920.30    1742.20    1742.20    1890.50    1890.50    1466.85    1466.85    2759.06    2759.06    3470.08    3470.08    2196.81    2196.81    1029.34    1029.34    1809.19    1809.19    4430.58    4430.58    1562.95    1562.95
 2     783.00    1228.04    1228.04    1382.13    1382.13     937.20     937.20     331.85     331.85     360.10     360.10     279.40     279.40     525.54     525.54     660.97     660.97     418.44     418.44     196.06     196.06     344.61     344.61     843.92     843.92     297.70     297.70
 3    3537.00    2666.05    2349.36    2569.93    2569.93    2569.93    2569.93    2569.93     400.84     400.84     400.84     400.84     400.84     400.84     400.84     400.84     400.84     400.84     400.84     400.84     400.84     426.80     426.80    1501.28    1501.28     911.50     911.50
 4    1379.00    1122.11     924.14     816.94     816.94     816.94     816.94     816.94     819.66     819.66     819.66     819.66     819.66     819.66     819.66     819.66     819.66     819.66     819.66     819.66     819.66     637.97     637.97     604.32     604.32     722.86     722.86
 1    4109.00    6966.04    6966.04    3513.05    3513.05    2585.81    2585.81    1786.55    1786.55    1236.31    1236.31     695.31     695.31     661.12     661.12    3357.82    3357.82    1651.65    1651.65     999.77     999.77    2301.68    2301.68    5692.76    5692.76    3912.22    3912.22
 2     783.00    1326.86    1326.86     669.15     669.15     492.54     492.54     340.30     340.30     235.49     235.49     132.44     132.44     125.93     125.93     639.58     639.58     314.60     314.60     190.43     190.43     438.42     438.42    1084.34    1084.34     745.18     745.18
 3    3537.00    2420.43    2433.54    1961.87    1961.87    1961.87    1961.87    1961.87    1961.87    1961.87    1961.87    1961.87    1961.87    1961.87    1961.87    1961.87    1961.87    1961.87    1961.87     707.59    1453.45    2496.05    2743.79    4261.47    3867.98    3867.98    3867.98
 4    1379.00    1123.48    1016.59     806.29     806.29     806.29     806.29     806.29     806.29     806.29     806.29     806.29     806.29     806.29     806.29     806.29     806.29     806.29     806.29    1060.81    1105.85    1405.93    1298.45    1142.33     811.22     811.22     811.22
 1    4109.00    1392.47    1392.47    1659.97    1659.97    3248.78    3248.78    6407.48    6407.48    3725.57    3725.57    7787.01    7787.01    4187.11    4187.11    1753.75    1753.75    4267.49    4267.49   11871.09   11871.09    7236.77    7236.77    1192.42    1192.42     504.04     504.04
 2     783.00     265.23     265.23     316.18     316.18     618.82     618.82    1220.47    1220.47     709.63     709.63    1483.24    1483.24     797.54     797.54     334.05     334.05     812.86     812.86    2261.16    2261.16    1378.43    1378.43     227.13     227.13      96.01      96.01
 3    3537.00    1845.97    2057.38    2057.38    2057.38    2057.38    1014.38    1272.83    1553.75    1486.43    2219.88    2118.60    2118.60    2118.60    2118.60    2118.60     569.64     840.36    1647.15    5222.26    3980.23    3980.23    3980.23    3980.23    3980.23    3980.23     263.06
 4    1379.00    1122.14     950.09     950.09     950.09     950.09     872.70     968.60    1205.71    1124.50    1134.87     809.67     809.67     809.67     809.67     809.67    1289.36    1501.41    1299.32    1024.48     793.98     793.98     793.98     793.98     793.98     793.98     971.47
 1    4109.00    6888.42    6888.42    8021.71    8021.71    3878.03    3878.03     660.20     660.20    2677.29    2677.29    5450.68    5450.68    4324.32    4324.32    2305.38    2305.38     884.73     884.73     644.49     644.49     680.53     680.53     965.12     965.12    4457.38    4457.38
 2     783.00    1312.08    1312.08    1527.94    1527.94     738.67     738.67     125.75     125.75     509.96     509.96    1038.22    1038.22     823.68     823.68     439.12     439.12     168.52     168.52     122.76     122.76     129.62     129.62     183.83     183.83     849.02     849.02
 3    3537.00    2976.32    2640.59    1703.95    1703.95    1703.95    1703.95     364.01     703.51    1646.71    2395.94    3993.43    2928.96    2928.96    2928.96    2928.96    2928.96    2928.96    2928.96    2928.96    2928.96    2928.96     539.16     671.83    1140.95    4177.11    5038.08
 4    1379.00    1274.08     884.90     660.28     660.28     660.28     660.28     862.15    1231.13    1380.07    1138.66    1002.52     765.29     765.29     765.29     765.29     765.29     765.29     765.29     765.29     765.29     765.29     830.12    2126.06    2790.93    2460.34    1854.52
 1    4109.00    6048.97    6048.97    4602.91    4602.91    2987.29    2987.29    2224.99    2224.99    1422.96    1422.96    1075.54    1075.54     977.59     977.59    1501.50    1501.50    4732.73    4732.73    4358.05    4358.05    4880.57    4880.57     899.05     899.05     489.72     489.72
 2     783.00    1152.18    1152.18     876.74     876.74     569.01     569.01     423.81     423.81     271.04     271.04     204.86     204.86     186.21     186.21     286.00     286.00     901.47     901.47     830.10     830.10     929.63     929.63     171.25     171.25      93.28      93.28
 3    3537.00    2514.23    2596.28    2351.20    2351.20    2351.20    2351.20    2351.20    2351.20    2351.20    2351.20    2351.20    2351.20    2351.20     456.28     725.30    1046.12    2604.87    2604.87    2604.87    2604.87    2604.87    2604.87    2604.87    2604.87    2604.87    2604.87
 4    1379.00    1171.72    1029.83    1061.29    1061.29    1061.29    1061.29    1061.29    1061.29    1061.29    1061.29    1061.29    1061.29    1061.29     728.11    1060.09    1216.36     980.12     980.12     980.12     980.12     980.12     980.12     980.12     980.12     980.12     980.12
