FL 2019 2020 2021 2022 2023 2024 2025 2026 2027 2028 2029 2030 2031 2032 2033 2034 2035 2036 2037 2038 2039 2040 2041 2042 2043 2044 2045
 1    4109.00    3843.84    3843.84    4061.44    4061.44    4723.03    4723.03    7477.47    7477.47    6230.99    6230.99    2475.86    2475.86    2344.65    2344.65    1874.80    1874.80     824.67     824.67     172.79     172.79     488.33     488.33    2032.80    2032.80    5624.39    5624.39
 2     783.00     732.16     732.16     773.61     773.61     899.62     899.62    1424.28    1424.28    1186.86    1186.86     471.59     471.59     446.60     446.60     357.10     357.10     157.08     157.08      32.91      32.91      93.02      93.02     387.20     387.20    1071.31    1071.31
 3    3537.00    2553.62    2519.00    2671.57    1918.65    3036.41    3553.84    4432.01    3153.23    2875.84    2875.84    2875.84    2875.84    2875.84    2875.84    2875.84    2875.84    2875.84    2875.84    2875.84    2875.84     341.64     831.42    1523.03    1429.70    2684.68    2684.68
 4    1379.00    1253.13     911.96    1228.86    1669.60    1875.38    1223.22    1069.63     634.32     665.11     665.11     665.11     665.11     665.11     665.11     665.11     665.11     665.11     665.11     665.11     665.11     800.26     681.78    1056.43    1019.19     894.22     894.22
 1    4109.00    4466.15    4466.15    6319.24    6319.24    3997.22    3997.22    2820.05    2820.05    2481.40    2481.40    1438.67    1438.67    1569.41    1569.41    1480.71    1480.71    2266.57    2266.57   10672.20   10672.20    5987.52    5987.52    1763.45    1763.45     281.82     281.82
 2     783.00     850.70     850.70    1203.66    1203.66     761.38     761.38     537.15     537.15     472.65     472.65     274.03     274.03     298.94     298.94     282.04     282.04     431.73     431.73    2032.80    2032.80    1140.48    1140.48     335.90     335.90      53.68      53.68
 3    3537.00    2194.10    2470.19    2582.53    2281.37    1600.06    1791.80    1655.38    1509.73    1570.63    1612.83    1612.83    1308.92    1308.92    1308.92    1487.66    1475.64    1375.65    2142.69    4539.18    3381.13    3381.13    3381.13    3381.13    3381.13    2536.23    3381.13
 4    1379.00    1064.27     862.67     637.62     553.62     699.98     701.03     671.41     692.72     567.12     560.47     560.47     636.46     636.46     636.46     708.88    1212.42    1179.68    1111.37     718.35     580.77     580.77     580.77     580.77     580.77     580.77     580.77
 1    4109.00    6493.41    6493.41    4898.12    4898.12    7397.08    7397.08    2897.20    2897.20    1342.11    1342.11    1374.45    1374.45     658.35     658.35    1704.78    1704.78    1825.82    1825.82    1713.10    1713.10    2737.81    2737.81    1055.21    1055.21    1696.46    1696.46
 2     783.00    1236.84    1236.84     932.98     932.98    1408.97    1408.97     551.85     551.85     255.64     255.64     261.80     261.80     125.40     125.40     324.72     324.72     347.78     347.78     326.30     326.30     521.49     521.49     200.99     200.99     323.14     323.14
 3    3537.00    3961.67    3732.34    2434.02    2754.35    3095.70    3095.70    3095.70    3095.70    3095.70    3095.70    3095.70    3095.70    3095.70    3095.70    3095.70    3095.70    3095.70    3095.70    3095.70    3095.70    3095.70    3095.70    3095.70     490.63     473.42     473.42
 4    1379.00    1087.69     912.62     739.76     707.30     537.36     537.36     537.36     537.36     537.36     537.36     537.36     537.36     537.36     537.36     537.36     537.36     537.36     537.36     537.36     537.36     537.36     537.36     537.36     866.03     695.82     695.82
 1    4109.00    2510.05    2510.05    6146.45    6146.45    4047.12    4047.12    1676.60    1676.60    1288.98    1288.98    2135.83    2135.83    2618.62    2618.62    3343.49    3343.49    5151.76    5151.76    3699.70    3699.70    5134.21    5134.21    5002.54    5002.54    2897.20    2897.20
 2     783.00     478.10     478.10    1170.75    1170.75     770.88     770.88     319.35     319.35     245.52     245.52     406.82     406.82     498.78     498.78     636.86     636.86     981.29     981.29     704.70     704.70     977.94     977.94     952.86     952.86     551.85     551.85
 3    3537.00    2604.39    2784.91    3086.75    2371.09    1526.07    1526.07     740.20     859.57     880.81    1478.53    2397.75    2321.05    3248.41    2955.38    2838.96    2052.84    1890.74    1610.42    1944.10    1655.94    2203.39    2331.27    2331.27    2331.27    2331.27    2331.27
 4    1379.00    1243.97     983.77     887.10     600.20     474.36     474.36     669.79     973.15    1107.90    1135.42    1206.63    1046.43     942.82     844.48     786.77     763.12     716.61     710.49     789.05    1061.34    1079.41     682.89     682.89     682.89     682.89     682.89
 1    4109.00    3921.92    3921.92    4470.77    4470.77    6006.92    6006.92    9823.97    9823.97    8546.08    8546.08    1846.61    1846.61    1035.34    1035.34    4214.36    4214.36    4200.04    4200.04    1955.65    1955.65    4385.30    4385.30    4932.77    4932.77     903.67     903.67
 2     783.00     747.03     747.03     851.58     851.58    1144.18    1144.18    1871.23    1871.23    1627.82    1627.82     351.74     351.74     197.21     197.21     802.74     802.74     800.01     800.01     372.50     372.50     835.30     835.30     939.58     939.58     172.13     172.13
 3    3537.00    2367.75    2696.47    2539.79    1973.62    2566.53    2497.04    1834.44    1711.26    1711.26    1711.26    1711.26    1711.26     485.57    1293.38    1293.38    1293.38    1293.38    1293.38     809.78     809.78     809.78     809.78     809.78     809.78     809.78     809.78
 4    1379.00    1096.84     955.99     912.61    1035.41     932.47    1010.45     861.18     879.34     879.34     879.34     879.34     879.34     751.01     887.63     887.63     887.63     887.63     887.63     656.11     656.11     656.11     656.11     656.11     656.11     656.11     656.11
 1    4109.00    6447.21    6447.21    7256.17    7256.17    4920.30    4920.30    1742.20    1742.20    1890.50    1890.50    1466.85    1466.85    2759.06    2759.06    3470.08    3470.08    2196.81    2196.81    1029.34    1029.34    1809.19    1809.19    4430.58    4430.58    1562.95    1562.95
 2     783.00    1228.04    1228.04    1382.13    1382.13     937.20     937.20     331.85     331.85     360.10     360.10     279.40     279.40     525.54     525.54     660.97     660.97     418.44     418.44     196.06     196.06     344.61     344.61     843.92     843.92     297.70     297.70
 3    3537.00    2666.05    2349.36    2569.93    2569.93    2569.93    2569.93    2569.93     400.84     400.84     400.84     400.84     400.84     400.84     400.84     400.84     400.84     400.84     400.84     400.84     400.84     426.80     426.80    1501.28    1501.28     911.50     911.50
 4    1379.00    1122.11     924.14     816.94     816.94     816.94     816.94     816.94     819.66     819.66     819.66     819.66     819.66     819.66     819.66     819.66     819.66     819.66     819.66     819.66     819.66     637.97     637.97     604.32     604.32     722.86     722.86
 1    4109.00    6966.04    6966.04    3513.05    3513.05    2585.81    2585.81    1786.55    1786.55    1236.31    1236.31     695.31     695.31     661.12     661.12    3357.82    3357.82    1651.65    1651.65     999.77     999.77    2301.68    2301.68    5692.76    5692.76    3912.22    3912.22
 2     783.00    1326.86    1326.86     669.15     669.15     492.54     492.54     340.30     340.30     235.49     235.49     132.44     132.44     125.93     125.93     639.58     639.58     314.60     314.60     190.43     190.43     438.42     438.42    1084.34    1084.34     745.18     745.18
 3    3537.00    2420.43    2433.54    1961.87    1961.87    1961.87    1961.87    1961.87    1961.87    1961.87    1961.87    1961.87    1961.87    1961.87    1961.87    1961.87    1961.87    1961.87    1961.87     707.59    1453.45    2496.05    2743.79    4261.47    3867.98    3867.98    3867.98
 4    1379.00    1123.48    1016.59     806.29     806.29     806.29     806.29     806.29     806.29     806.29     806.29     806.29     806.29     806.29     806.29     806.29     806.29     806.29     806.29    1060.81    1105.85    1405.93    1298.45    1142.33     811.22     811.22     811.22
 1    4109.00    1392.47    1392.47    1659.97    1659.97    3248.78    3248.78    6407.48    6407.48    3725.57    3725.57    7787.01    7787.01    4187.11    4187.11    1753.75    1753.75    4267.49    4267.49   11871.09   11871.09    7236.77    7236.77    1192.42    1192.42     504.04     504.04
 2     783.00     265.23     265.23     316.18     316.18     618.82     618.82    1220.47    1220.47     709.63     709.63    1483.24    1483.24     797.54     797.54     334.05     334.05     812.86     812.86    2261.16    2261.16    1378.43    1378.43     227.13     227.13      96.01      96.01
 3    3537.00    1845.97    2057.38    2057.38    2057.38    2057.38    1014.38    1272.83    1553.75    1486.43    2219.88    2118.60    2118.60    2118.60    2118.60    2118.60     569.64     840.36    1647.15    5222.26    3980.23    3980.23    3980.23    3980.23    3980.23    3980.23     263.06
 4    1379.00    1122.14     950.09     950.09     950.09     950.09     872.70     968.60    1205.71    1124.50    1134.87     809.67     809.67     809.67     809.67     809.67    1289.36    1501.41    1299.32    1024.48     793.98     793.98     793.98     793.98     793.98     793.98     971.47
 1    4109.00    6888.42    6888.42    8021.71    8021.71    3878.03    3878.03     660.20     660.20    2677.29    2677.29    5450.68    5450.68    4324.32    4324.32    2305.38    2305.38     884.73     884.73     644.49     644.49     680.53     680.53     965.12     965.12    4457.38    4457.38
 2     783.00    1312.08    1312.08    1527.94    1527.94     738.67     738.67     125.75     125.75     509.96     509.96    1038.22    1038.22     823.68     823.68     439.12     439.12     168.52     168.52     122.76     122.76     129.62     129.62     183.83     183.83     849.02     849.02
 3    3537.00    2976.32    2640.59    1703.95    1703.95    1703.95    1703.95     364.01     703.51    1646.71    2395.94    3993.43    2928.96    2928.96    2928.96    2928.96    2928.96    2928.96    2928.96    2928.96    2928.96    2928.96     539.16     671.83    1140.95    4177.11    5038.08
 4    1379.00    1274.08     884.90     660.28     660.28     660.28     660.28     862.15    1231.13    1380.07    1138.66    1002.52     765.29     765.29     765.29     765.29     765.29     765.29     765.29     765.29     765.29     765.29     830.12    2126.06    2790.93    2460.34    1854.52
 1    4109.00    6048.97    6048.97    4602.91    4602.91    2987.29    2987.29    2224.99    2224.99    1422.96    1422.96    1075.54    1075.54     977.59     977.59    1501.50    1501.50    4732.73    4732.73    4358.05    4358.05    4880.57    4880.57     899.05     899.05     489.72     489.72
 2     783.00    1152.18    1152.18     876.74     876.74     569.01     569.01     423.81     423.81     271.04     271.04     204.86     204.86     186.21     186.21     286.00     286.00     901.47     901.47     830.10     830.10     929.63     929.63     171.25     171.25      93.28      93.28
 3    3537.00    2514.23    2596.28    2351.20    2351.20    2351.20    2351.20    2351.20    2351.20    2351.20    2351.20    2351.20    2351.20    2351.20     456.28     725.30    1046.12    2604.87    2604.87    2604.87    2604.87    2604.87    2604.87    2604.87    2604.87    2604.87    2604.87
 4    1379.00    1171.72    1029.83    1061.29    1061.29    1061.29    1061.29    1061.29    1061.29    1061.29    1061.29    1061.29    1061.29    1061.29     728.11    1060.09    1216.36     980.12     980.12     980.12     980.12     980.12     980.12     980.12     980.12     980.12     980.12
 1    4109.00    3446.06    3446.06    3783.32    3783.32    4157.54    4157.54    3480.25    3480.25    2643.56    2643.56    2029.57    2029.57    4771.54    4771.54    4742.89    4742.89    4862.09    4862.09    2616.31    2616.31    3745.90    3745.90    2395.01    2395.01    2584.89    2584.89
 2     783.00     656.39     656.39     720.63     720.63     791.91     791.91     662.90     662.90     503.54     503.54     386.58     386.58     908.86     908.86     903.41     903.41     926.11     926.11     498.34     498.34     713.50     713.50     456.19     456.19     492.36     492.36
 3    3537.00    2689.36    2643.33    2692.65    2373.15    2279.41    1894.73    1894.73    1894.73    1894.73    1894.73     938.94    1036.19    2359.50    2403.89    2655.94    2770.93    2287.39    2248.00    2089.72    2089.72    2089.72    2089.72    2089.72    2089.72    2089.72    2089.72
 4    1379.00    1249.75     921.37     804.69     746.78     675.20     817.70     817.70     817.70     817.70     817.70    1003.90    1081.65    1133.02    1053.76     964.08     892.16     834.12     777.34     583.47     583.47     583.47     583.47     583.47     583.47     583.47     583.47
 1    4109.00    4743.35    4743.35    5446.06    5446.06    4798.33    4798.33    3284.82    3284.82    1431.28    1431.28     978.52     978.52    3661.81    3661.81    6602.90    6602.90    5446.06    5446.06    2264.26    2264.26    3019.63    3019.63    5266.34    5266.34    7554.16    7554.16
 2     783.00     903.50     903.50    1037.34    1037.34     913.97     913.97     625.68     625.68     272.62     272.62     186.38     186.38     697.49     697.49    1257.70    1257.70    1037.34    1037.34     431.29     431.29     575.17     575.17    1003.11    1003.11    1438.89    1438.89
 3    3537.00    2370.44    2596.76    2067.31    1808.66    1808.66    1808.66    1808.66    1808.66    1808.66    1808.66     361.49    1011.05    2182.28    2776.58    3250.71    2652.85    2652.85    1202.21     983.17    1094.00    1668.53    1567.38    1389.47    1615.41    3145.73    2807.22
 4    1379.00    1189.81     953.51     779.93     662.27     662.27     662.27     662.27     662.27     662.27     662.27     999.22    1384.04    1241.79     912.97     686.30     537.53     537.53     641.19     718.39     816.39     850.94    1017.09    1377.08    1430.90    1644.83    1349.22
 1    4109.00    5658.58    5658.58    3107.87    3107.87    2082.70    2082.70    1251.10    1251.10    2552.55    2552.55    2601.98    2601.98    2091.94    2091.94     807.58     807.58    1105.57    1105.57    1216.91    1216.91    2231.92    2231.92    4863.47    4863.47    3888.65    3888.65
 2     783.00    1077.82    1077.82     591.98     591.98     396.70     396.70     238.30     238.30     486.20     486.20     495.62     495.62     398.46     398.46     153.82     153.82     210.58     210.58     231.79     231.79     425.13     425.13     926.38     926.38     740.70     740.70
 3    3537.00    3405.44    3334.07    1900.14    2004.60    1480.77    1480.77    1480.77    1480.77    1480.77    1480.77    1480.77    1480.77    1480.77    1480.77    1480.77    1480.77    1480.77     266.32     266.32     266.32     266.32     266.32     266.32     608.39     831.34    1328.84
 4    1379.00     837.48     683.26     637.76     963.21     886.42     886.42     886.42     886.42     886.42     886.42     886.42     886.42     886.42     886.42     886.42     886.42     886.42     648.31     648.31     648.31     648.31     648.31     648.31     741.08    1327.69    1247.30
 1    4109.00    5649.34    5649.34    9430.34    9430.34    5856.31    5856.31    5308.84    5308.84    2808.96    2808.96    3513.97    3513.97    4770.61    4770.61    2680.99    2680.99    1381.84    1381.84    3042.73    3042.73    7581.88    7581.88    4305.84    4305.84    1726.03    1726.03
 2     783.00    1076.06    1076.06    1796.26    1796.26    1115.49    1115.49    1011.21    1011.21     535.04     535.04     669.33     669.33     908.69     908.69     510.66     510.66     263.21     263.21     579.57     579.57    1444.17    1444.17     820.16     820.16     328.77     328.77
 3    3537.00    1088.38    1214.85    2185.97    1408.04    1408.04     957.96    1116.90    1116.90    1116.90    1169.18    1531.60    1891.55    1891.55    1891.55    1891.55    1209.76     835.27    1041.10    2029.82    2601.60    2601.60    2601.60    2601.60    2601.60    2601.60    2601.60
 4    1379.00    1142.91     905.80     652.00     600.37     600.37     714.80     620.44     620.44     620.44     793.01     944.73     827.75     827.75     827.75     827.75     756.76     850.88    1211.11    1455.55    1188.42    1188.42    1188.42    1188.42    1188.42    1188.42    1188.42
 1    4109.00    5167.01    5167.01    4688.84    4688.84    3015.47    3015.47    2130.28    2130.28    1910.37    1910.37     499.42     499.42    3195.19    3195.19    2608.91    2608.91    3402.63    3402.63    2969.27    2969.27    1576.34    1576.34     827.90     827.90    1412.33    1412.33
 2     783.00     984.19     984.19     893.11     893.11     574.38     574.38     405.77     405.77     363.88     363.88      95.13      95.13     608.61     608.61     496.94     496.94     648.12     648.12     565.58     565.58     300.26     300.26     157.70     157.70     269.02     269.02
 3    3537.00    2061.05    2314.91    1898.49    1817.00    1817.00    1817.00    1817.00    1817.00    1817.00    1817.00     342.55     475.93    1362.66    1362.66    1362.66    1362.66    1362.66    1362.66    1362.66    1362.66    1362.66    1362.66    1362.66    1362.66     684.11     905.40
 4    1379.00    1006.64     867.80     813.57     882.99     882.99     882.99     882.99     882.99     882.99     882.99    1013.67    1045.14     851.36     851.36     851.36     851.36     851.36     851.36     851.36     851.36     851.36     851.36     851.36     851.36     663.22     860.64
 1    4109.00    4684.22    4684.22    3465.00    3465.00    5432.20    5432.20    5208.13    5208.13    3939.01    3939.01    3703.85    3703.85    3917.76    3917.76    2593.67    2593.67    3199.35    3199.35    5963.50    5963.50    8343.72    8343.72    4950.33    4950.33    3572.18    3572.18
 2     783.00     892.23     892.23     660.00     660.00    1034.70    1034.70     992.02     992.02     750.29     750.29     705.50     705.50     746.24     746.24     494.03     494.03     609.40     609.40    1135.90    1135.90    1589.28    1589.28     942.92     942.92     680.42     680.42
 3    3537.00    2170.18    1959.76    2661.09    2258.01    1617.74    1621.50    1780.83    1928.44    1453.29    1428.32    1852.84    2015.20    1985.12    1986.26    1480.23    1900.51    2009.12    3464.16    6054.06    6054.06    3125.16    3125.16    1347.28    1257.12    1699.48    1997.15
 4    1379.00    1248.40     932.64     732.62     697.84     647.33     674.97     610.28     675.81     858.91     949.37     883.36     642.39     627.61     718.93     949.34    2190.52    2204.05    1682.87     971.42     971.42     576.47     576.47     714.22     912.20    1056.61    1385.00
 1    4109.00    6814.96    6814.96    3641.95    3641.95    3826.28    3826.28    2025.41    2025.41    1362.90    1362.90    1468.70    1468.70    1801.80    1801.80    5576.80    5576.80    6939.24    6939.24    6311.38    6311.38    6890.73    6890.73    2176.02    2176.02    1065.83    1065.83
 2     783.00    1298.09    1298.09     693.70     693.70     728.82     728.82     385.79     385.79     259.60     259.60     279.75     279.75     343.20     343.20    1062.25    1062.25    1321.76    1321.76    1202.17    1202.17    1312.52    1312.52     414.48     414.48     203.02     203.02
 3    3537.00    3740.74    3515.62    1998.81    1908.36    1805.64    1805.64    1805.64    1805.64    1805.64    1805.64    1805.64    1043.17    1755.26    1704.20    3236.90    3453.37    3129.40    2114.58     956.47    1605.10    1605.10    1605.10    1605.10    1605.10    1605.10    1605.10
 4    1379.00    1000.42     834.39     776.49     786.82     745.84     745.84     745.84     745.84     745.84     745.84     745.84     859.26    1660.61    1463.26    1003.30     809.56    1033.82    1044.87     868.85     660.34     660.34     660.34     660.34     660.34     660.34     660.34
 1    4109.00    4288.75    4288.75    5380.45    5380.45    4248.55    4248.55    5248.32    5248.32    3410.48    3410.48    1464.54    1464.54    2006.00    2006.00    1305.61    1305.61    2181.10    2181.10    3188.72    3188.72    2997.46    2997.46    4470.77    4470.77    3100.48    3100.48
 2     783.00     816.90     816.90    1024.85    1024.85     809.25     809.25     999.68     999.68     649.62     649.62     278.96     278.96     382.10     382.10     248.69     248.69     415.45     415.45     607.38     607.38     570.94     570.94     851.58     851.58     590.57     590.57
 3    3537.00    2709.78    2854.46    3588.98    3186.37    2829.85    2630.31    2630.31    2630.31    2630.31    2630.31    2630.31    2630.31    2630.31     838.07    1096.08    1373.71    1213.91    1332.31    1619.07    2008.62    2353.44    2627.73    2627.73    2267.28    1678.40    1653.61
 4    1379.00    1303.14    1052.51    1182.96     977.02    1023.56     944.65     944.65     944.65     944.65     944.65     944.65     944.65     944.65     583.51     784.57     853.51     626.51     736.68    1250.48    1326.87    1321.59     885.16     885.16     617.22     995.98     997.23
 1    4109.00    4831.13    4831.13   12235.15   12235.15    3138.83    3138.83     644.95     644.95     238.85     238.85     262.88     262.88     641.72     641.72     413.49     413.49     716.10     716.10     482.33     482.33     777.08     777.08     375.61     375.61     464.77     464.77
 2     783.00     920.22     920.22    2330.50    2330.50     597.87     597.87     122.85     122.85      45.50      45.50      50.07      50.07     122.23     122.23      78.76      78.76     136.40     136.40      91.87      91.87     148.02     148.02      71.54      71.54      88.53      88.53
 3    3537.00    2939.43    2846.79    2846.79    2846.79    2846.79    2846.79    2257.51    2675.19    2558.19    2747.56    2846.79    2846.79    2846.79    2846.79    2846.79    2846.79    2846.79    2846.79    2846.79    2846.79    2846.79    2846.79    2846.79    2846.79    2846.79    2846.79
 4    1379.00    1195.52     866.17     866.17     866.17     866.17     866.17     866.17     866.17     866.17     866.17     866.17     866.17     866.17     866.17     866.17     866.17     866.17     866.17     866.17     866.17     866.17     866.17     866.17     866.17     866.17     866.17
 1    4109.00    4753.98    4753.98    5943.17    5943.17    4600.60    4600.60    4367.75    4367.75     935.09     935.09    2270.73    2270.73    3688.15    3688.15    7471.46    7471.46    8582.57    8582.57    3794.41    3794.41    4220.83    4220.83    1829.06    1829.06     809.42     809.42
 2     783.00     905.52     905.52    1132.03    1132.03     876.30     876.30     831.95     831.95     178.11     178.11     432.52     432.52     702.50     702.50    1423.14    1423.14    1634.78    1634.78     722.74     722.74     803.97     803.97     348.39     348.39     154.18     154.18
 3    3537.00    2520.44    2234.60    1970.47    1940.04    1940.04    1940.04    1940.04    1940.04     369.22     811.05    1560.41    1572.26    2481.29    2636.26    2942.36    2355.14    1577.97    1577.97    1577.97    1577.97    1577.97    1577.97    1577.97    1577.97    1577.97    1577.97
 4    1379.00    1066.55     871.96     898.99     978.01     978.01     978.01     978.01     978.01     861.61    1072.06     839.51     742.82     843.97    1032.49     984.62     757.21     571.89     571.89     571.89     571.89     571.89     571.89     571.89     571.89     571.89     571.89
 1    4109.00    4037.42    4037.42    4004.62    4004.62    2051.74    2051.74    2305.84    2305.84    1629.94    1629.94    3552.78    3552.78    4963.27    4963.27    6753.52    6753.52    4856.08    4856.08    1725.11    1725.11     535.00     535.00    1738.04    1738.04    1763.45    1763.45
 2     783.00     769.03     769.03     762.78     762.78     390.81     390.81     439.21     439.21     310.46     310.46     676.72     676.72     945.38     945.38    1286.38    1286.38     924.97     924.97     328.59     328.59     101.90     101.90     331.06     331.06     335.90     335.90
 3    3537.00    2097.56    2269.83    1950.30    1950.30    1714.15    1714.15    1402.08    1299.09     978.88    1664.84    2660.12    2884.06    3107.80    2634.32    2634.32    2634.32    2634.32    2634.32    2634.32    2634.32    2634.32    2634.32    2634.32    2634.32     835.78    1114.46
 4    1379.00    1114.36    1018.01     705.19     705.19     627.51     627.51     799.62    1122.82    1151.99    1098.06    1039.03    1041.91     873.84     684.68     684.68     684.68     684.68     684.68     684.68     684.68     684.68     684.68     684.68     684.68     921.97    1124.27
 1    4109.00    4456.91    4456.91    4264.72    4264.72    2973.89    2973.89    5141.60    5141.60     781.24     781.24    1659.97    1659.97    3987.98    3987.98    3857.70    3857.70    2322.94    2322.94    2179.25    2179.25    1932.08    1932.08    1644.26    1644.26    1449.29    1449.29
 2     783.00     848.94     848.94     812.33     812.33     566.46     566.46     979.35     979.35     148.81     148.81     316.18     316.18     759.62     759.62     734.80     734.80     442.46     442.46     415.10     415.10     368.02     368.02     313.19     313.19     276.06     276.06
 3    3537.00    1885.79    2427.73    2893.13    2832.96    2219.43    2219.43    2219.43    2219.43    2219.43     650.27     639.47     844.38     844.38     844.38     844.38     844.38     844.38     844.38     844.38     844.38     554.43     836.10     836.10     836.10     836.10     836.10
 4    1379.00    1150.41    1041.23     859.03     917.25     756.80     756.80     756.80     756.80     756.80     733.40     845.48     752.57     752.57     752.57     752.57     752.57     752.57     752.57     752.57     752.57     680.76     791.12     791.12     791.12     791.12     791.12
 1    4109.00    4004.62    4004.62    8529.44    8529.44   13770.37   13770.37    4893.04    4893.04    4636.17    4636.17    8489.25    8489.25    4060.98    4060.98    5869.25    5869.25    3076.46    3076.46    2555.78    2555.78    1142.53    1142.53    3197.96    3197.96    2963.27    2963.27
 2     783.00     762.78     762.78    1624.66    1624.66    2622.93    2622.93     932.01     932.01     883.08     883.08    1617.00    1617.00     773.52     773.52    1117.95    1117.95     585.99     585.99     486.82     486.82     217.62     217.62     609.14     609.14     564.43     564.43
 3    3537.00    1793.77    1549.21    2941.31    2635.36    1717.65    1003.83     399.54     745.47     745.47    1027.54    1211.29    1211.29     496.42     649.46    1350.62    1937.89    2184.76    2087.70    2087.70    2087.70    2087.70    2087.70    1976.73    1976.73    1976.73    1976.73
 4    1379.00     978.06     962.06    1116.57     986.35     760.60     810.31     654.07     584.03     584.03     673.33     641.28     641.28     695.97    1139.09    1056.62     884.03     681.35     578.92     578.92     578.92     578.92     578.92     586.22     586.22     586.22     586.22
 1    4109.00    4684.22    4684.22    3974.59    3974.59    2846.84    2846.84    1537.54    1537.54    1275.58    1275.58    1482.56    1482.56     665.74     665.74     717.02     717.02    3629.93    3629.93   16133.04   16133.04   16016.62   16016.62    6112.26    6112.26    3074.61    3074.61
 2     783.00     892.23     892.23     757.06     757.06     542.26     542.26     292.86     292.86     242.97     242.97     282.39     282.39     126.81     126.81     136.58     136.58     691.42     691.42    3072.96    3072.96    3050.78    3050.78    1164.24    1164.24     585.64     585.64
 3    3537.00    2881.71    3127.12    3127.12    3127.12    3127.12    3127.12    3127.12    3127.12    3127.12    3127.12    3127.12    3127.12    3127.12    3127.12     271.41     651.21    1953.51    3136.95    5934.16    5790.86    6126.95    4238.81    2639.73    2025.01    1463.56    1399.09
 4    1379.00    1279.35    1064.12    1064.12    1064.12    1064.12    1064.12    1064.12    1064.12    1064.12    1064.12    1064.12    1064.12    1064.12    1064.12     987.44    1892.65    3380.79    3740.33    3260.38    1961.78     984.52     714.40     587.37     723.71     850.01     974.53
 1    4109.00    4122.89    4122.89    5583.73    5583.73    5377.68    5377.68    5896.04    5896.04    1063.06    1063.06     489.26     489.26    1466.39    1466.39    2947.56    2947.56    3847.07    3847.07    4155.69    4155.69    4198.19    4198.19    5065.37    5065.37    3141.60    3141.60
 2     783.00     785.31     785.31    1063.57    1063.57    1024.32    1024.32    1123.06    1123.06     202.49     202.49      93.19      93.19     279.31     279.31     561.44     561.44     732.78     732.78     791.56     791.56     799.66     799.66     964.83     964.83     598.40     598.40
 3    3537.00    2471.40    2801.30    3871.86    3000.90    2329.93    2329.93    2329.93    2329.93    2329.93    2329.93    2329.93     518.69     518.69     835.44    1463.53    1360.91    1138.83    1122.39    1122.39    1906.81    1786.98    2985.00    3708.75    3512.60    3512.60    3512.60
 4    1379.00    1270.70    1257.84     967.85     719.22     780.03     780.03     780.03     780.03     780.03     780.03     780.03     705.33     705.33     573.20     930.99     965.12     763.20     641.20     641.20     650.88    1407.76    1390.10    1048.85     648.74     648.74     648.74
 1    4109.00    3383.69    3383.69    3904.82    3904.82    5664.58    5664.58    1629.01    1629.01    1092.63    1092.63     969.74     969.74    2954.49    2954.49    2073.46    2073.46    2317.39    2317.39    2385.77    2385.77    2054.05    2054.05    1848.46    1848.46     709.17     709.17
 2     783.00     644.51     644.51     743.78     743.78    1078.97    1078.97     310.29     310.29     208.12     208.12     184.71     184.71     562.76     562.76     394.94     394.94     441.41     441.41     454.43     454.43     391.25     391.25     352.09     352.09     135.08     135.08
 3    3537.00    2853.76    2888.38    2342.63    2342.63    2342.63    2342.63    2342.63    2342.63    2342.63     767.47     778.49    1099.73    2134.25    2376.57    2281.10    2409.27    1955.58    1955.58    1955.58    1955.58    1955.58    1955.58    1955.58    1955.58    1955.58    1955.58
 4    1379.00    1171.62    1019.84     732.31     732.31     732.31     732.31     732.31     732.31     732.31     728.53    1121.21    1188.55    1090.89     919.15     838.10     723.81     586.22     586.22     586.22     586.22     586.22     586.22     586.22     586.22     586.22     586.22
 1    4109.00    3527.83    3527.83    4710.09    4710.09    4280.89    4280.89    1690.92    1690.92    1657.19    1657.19    1241.39    1241.39    1659.50    1659.50    2458.30    2458.30    2312.77    2312.77    2152.46    2152.46     699.47     699.47    1176.25    1176.25    2233.31    2233.31
 2     783.00     671.97     671.97     897.16     897.16     815.41     815.41     322.08     322.08     315.66     315.66     236.46     236.46     316.10     316.10     468.25     468.25     440.53     440.53     409.99     409.99     133.23     133.23     224.05     224.05     425.39     425.39
 3    3537.00    3001.74    3135.43    3472.24    2826.13    2240.87    2240.87    2240.87    2240.87    2240.87    2240.87     656.15     656.15     656.15     656.15     656.15     656.15     656.15     656.15     656.15     656.15     656.15     656.15     656.15     976.13    1028.53     995.63
 4    1379.00    1144.82     893.41     703.42     655.30     661.88     661.88     661.88     661.88     661.88     661.88     936.11     936.11     936.11     936.11     936.11     936.11     936.11     936.11     936.11     936.11     936.11     936.11     936.11     690.02     808.21     732.43
 1    4109.00    4289.67    4289.67    3971.81    3971.81    4659.27    4659.27    4109.95    4109.95    2662.51    2662.51    2778.47    2778.47    1355.51    1355.51    1759.76    1759.76     951.72     951.72     571.03     571.03    1401.25    1401.25    4632.01    4632.01    6080.84    6080.84
 2     783.00     817.08     817.08     756.54     756.54     887.48     887.48     782.85     782.85     507.14     507.14     529.23     529.23     258.19     258.19     335.19     335.19     181.28     181.28     108.77     108.77     266.90     266.90     882.29     882.29    1158.26    1158.26
 3    3537.00    2334.46    2156.94    2599.05    2736.21    2077.14    3213.86    3213.86    3213.86    3213.86    3213.86    3213.86    3213.86    3213.86    3213.86    3213.86    3213.86    3213.86    3213.86     261.71     746.58    1049.95    1171.65    3364.64    3364.64    3364.64    3364.64
 4    1379.00    1112.88     919.55     975.83    1101.02    1119.21    1069.73    1069.73    1069.73    1069.73    1069.73    1069.73    1069.73    1069.73    1069.73    1069.73    1069.73    1069.73    1069.73    1112.97    1154.91    1127.63    1172.69     990.98     990.98     990.98     990.98
 1    4109.00    3978.28    3978.28    7259.87    7259.87    4156.61    4156.61    1750.06    1750.06     870.87     870.87    3354.12    3354.12    3345.80    3345.80    2152.46    2152.46    3264.49    3264.49    3516.28    3516.28    4938.78    4938.78    3889.58    3889.58    1852.16    1852.16
 2     783.00     757.77     757.77    1382.83    1382.83     791.74     791.74     333.34     333.34     165.88     165.88     638.88     638.88     637.30     637.30     409.99     409.99     621.81     621.81     669.77     669.77     940.72     940.72     740.87     740.87     352.79     352.79
 3    3537.00    3009.32    2968.42    3460.46    2851.93    2851.93    2851.93    2851.93     697.98     580.43     922.79     922.79     922.79     922.79     922.79     922.79     922.79    1331.37    1381.72    2008.30    2718.52    2869.95    2589.09    2603.75    2182.59    1300.01    1682.44
 4    1379.00    1178.57     992.42     704.06     529.75     529.75     529.75     529.75     696.22     889.70     797.09     797.09     797.09     797.09     797.09     797.09     797.09     743.11    1082.64    1157.89    1116.56    1025.87     818.46     643.61     792.15     923.82    1028.82
 1    4109.00    5283.43    5283.43    4431.04    4431.04    5300.99    5300.99    1347.65    1347.65     300.30     300.30    1256.64    1256.64    3634.09    3634.09    3027.49    3027.49     972.51     972.51    3055.67    3055.67    7344.41    7344.41    2972.97    2972.97    4211.13    4211.13
 2     783.00    1006.37    1006.37     844.01     844.01    1009.71    1009.71     256.70     256.70      57.20      57.20     239.36     239.36     692.21     692.21     576.66     576.66     185.24     185.24     582.03     582.03    1398.94    1398.94     566.28     566.28     802.12     802.12
 3    3537.00    3385.09    3196.25    3196.25    3196.25    3196.25    3196.25    3196.25    3196.25    3196.25     214.43     214.43     214.43     214.43     214.43     214.43     214.43     388.06     471.41    1092.43    1092.43    1092.43    1092.43    1092.43     785.29    1064.55    1319.09
 4    1379.00    1276.25    1099.42    1099.42    1099.42    1099.42    1099.42    1099.42    1099.42    1099.42     720.43     720.43     720.43     720.43     720.43     720.43     720.43     718.66     756.72     649.48     649.48     649.48     649.48     649.48     965.28    1250.90    1358.80
 1    4109.00    4769.69    4769.69    5404.94    5404.94    2840.38    2840.38    3872.02    3872.02    4423.65    4423.65    1442.36    1442.36    1425.73    1425.73    1727.88    1727.88    3696.00    3696.00    6002.30    6002.30    5124.04    5124.04    2573.34    2573.34    1696.46    1696.46
 2     783.00     908.51     908.51    1029.51    1029.51     541.02     541.02     737.53     737.53     842.60     842.60     274.74     274.74     271.57     271.57     329.12     329.12     704.00     704.00    1143.30    1143.30     976.01     976.01     490.16     490.16     323.14     323.14
 3    3537.00    2810.12    2731.53    2436.28    2436.28    2436.28    1551.97    1346.40    1346.40    1346.40    1346.40    1346.40    1346.40    1346.40    1346.40     986.29    1355.41    2060.35    2392.82    2579.29    2183.63    1346.12    1361.35    1361.35    1361.35    1361.35    1361.35
 4    1379.00    1109.38     925.05     716.78     716.78     716.78    1018.44     795.63     795.63     795.63     795.63     795.63     795.63     795.63     795.63     981.89    1326.14    1109.01     923.43     770.21     746.92     649.74     621.06     621.06     621.06     621.06     621.06
 1    4109.00    5854.93    5854.93    3307.00    3307.00    3335.18    3335.18    2645.87    2645.87    1280.20    1280.20    2364.98    2364.98    2710.09    2710.09    3691.84    3691.84    2339.57    2339.57    1702.01    1702.01     580.27     580.27    1069.99    1069.99     854.24     854.24
 2     783.00    1115.22    1115.22     629.90     629.90     635.27     635.27     503.98     503.98     243.85     243.85     450.47     450.47     516.21     516.21     703.21     703.21     445.63     445.63     324.19     324.19     110.53     110.53     203.81     203.81     162.71     162.71
 3    3537.00    4326.29    4128.22    2236.61    2607.66    2470.75    2470.75    1568.52    1621.26     968.48    1443.95    1770.37    1670.32    2758.02    2449.01    3058.88    3058.88    3058.88    3058.88    3058.88    3058.88    3058.88    3058.88    3058.88    3058.88    3058.88    3058.88
 4    1379.00    1212.30     982.68     860.06     693.58     568.11     568.11     580.72     961.96     916.82     850.07    1030.60     898.33    1014.10     896.45     920.71     920.71     920.71     920.71     920.71     920.71     920.71     920.71     920.71     920.71     920.71     920.71
 1    4109.00   13289.43   13289.43    7232.61    7232.61    2626.47    2626.47     445.83     445.83     614.00     614.00    1499.19    1499.19    2488.33    2488.33    2271.19    2271.19    2941.55    2941.55    6579.80    6579.80    2963.27    2963.27    4765.07    4765.07    4370.98    4370.98
 2     783.00    2531.32    2531.32    1377.64    1377.64     500.28     500.28      84.92      84.92     116.95     116.95     285.56     285.56     473.97     473.97     432.61     432.61     560.30     560.30    1253.30    1253.30     564.43     564.43     907.63     907.63     832.57     832.57
 3    3537.00    3027.54    2477.86    2477.86    2477.86    2477.86    2477.86    2302.41    2477.86    2477.86    2477.86    2477.86     937.08    1178.26    1178.26    1178.26    1178.26    1405.05    1854.03    1854.03    1708.17     861.55    1386.55    1386.55    1386.55    1386.55    1386.55
 4    1379.00    1056.48     689.94     689.94     689.94     689.94     689.94     689.94     689.94     689.94     689.94     689.94     787.02     645.85     645.85     645.85     645.85     804.04     720.21     720.21     660.13    1288.32    1341.72    1341.72    1341.72    1341.72    1341.72
 1    4109.00    2537.77    2537.77    3346.27    3346.27    4577.03    4577.03    3965.81    3965.81    4717.94    4717.94    8009.23    8009.23    4703.62    4129.41     284.13     284.13     154.77     154.77    1030.72    1030.72    3270.50    3270.50    4720.72    4720.72    3493.64    3493.64
 2     783.00     483.38     483.38     637.38     637.38     871.82     871.82     755.39     755.39     898.66     898.66    1525.57    1525.57     895.93     895.93      54.12      54.12      29.48      29.48     196.33     196.33     622.95     622.95     899.18     899.18     665.46     665.46
 3    3537.00    2001.85    2450.41    2980.65    2901.75    3454.34    2594.89    1766.89    1432.67    2174.81    2174.81    2174.81    2174.81    2174.81    2174.81     735.94    1815.63    2174.81     154.93     427.25     709.25    1755.29    1755.29    2837.15    2221.51    1535.73    1848.51
 4    1379.00    1074.23    1146.11    1206.86    1043.93    1063.45     994.61     818.28     753.31     741.96     741.96     741.96     741.96     741.96     741.96     741.96     741.96     741.96     903.22    1047.34     994.99     916.52     916.52     633.06     954.98     909.55     807.64
 1    4109.00    1248.32    1248.32    3528.76    3528.76    2733.65    2733.65    2117.81    2117.81    2213.90    2213.90    2624.16    2624.16    3330.10    3330.10    2025.87    2025.87    4270.73    4270.73    3887.73    3887.73    2844.53    2844.53    4279.51    4279.51    6175.09    6175.09
 2     783.00     237.78     237.78     672.14     672.14     520.70     520.70     403.39     403.39     421.70     421.70     499.84     499.84     634.30     634.30     385.88     385.88     813.47     813.47     740.52     740.52     541.82     541.82     815.14     815.14    1176.21    1176.21
 3    3537.00    1855.92    1859.90    2326.07    2063.08    2174.40    2161.12    2033.04    2018.53    2265.03    2407.07    3894.34    3894.34    3894.34    3894.34    1229.41    1679.93    2498.00    2331.17    1272.34    1528.46    1509.23    1615.16    1449.80    1669.92    1669.92    1669.92
 4    1379.00    1031.36     899.97     762.45     691.37     853.48     810.20     985.53    1427.75    1352.99    1094.35     873.43     873.43     873.43     873.43     910.65     864.99     823.90     771.47     708.09     751.06     868.46     944.55     637.36     643.86     643.86     643.86
 1    4109.00    3486.71    3486.71    3634.55    3634.55    4069.30    4069.30    4559.94    4559.94    3506.12    3506.12    4170.01    4170.01    1635.02    1635.02    2056.82    2056.82    3995.38    3995.38    3130.97    3130.97    1311.62    1311.62    2561.79    2561.79    3725.11    3725.11
 2     783.00     664.14     664.14     692.30     692.30     775.10     775.10     868.56     868.56     667.83     667.83     794.29     794.29     311.43     311.43     391.78     391.78     761.02     761.02     596.38     596.38     249.83     249.83     487.96     487.96     709.54     709.54
 3    3537.00    2583.76    2759.16    2581.21    2410.18    3211.01    2365.52    2448.95    1585.95    1585.95    1585.95    1585.95    1585.95    1585.95    1585.95    1585.95    1585.95    1585.95    1585.95    1585.95    1585.95    1585.95     758.75     936.01    1219.88    1679.42    2285.16
 4    1379.00    1265.63    1057.99    1051.60     843.25     774.86     752.49     886.08     737.64     737.64     737.64     737.64     737.64     737.64     737.64     737.64     737.64     737.64     737.64     737.64     737.64     737.64     869.12     947.41    1133.47    1442.04    1084.02
 1    4109.00    7615.61    7615.61    4891.19    4891.19    3786.09    3786.09    4175.56    4175.56    5650.26    5650.26    4817.74    4817.74    6601.52    6601.52    3616.07    3616.07     937.86     937.86     328.94     328.94     176.48     176.48     116.42     116.42     269.81     269.81
 2     783.00    1450.59    1450.59     931.66     931.66     721.16     721.16     795.34     795.34    1076.24    1076.24     917.66     917.66    1257.43    1257.43     688.78     688.78     178.64     178.64      62.66      62.66      33.62      33.62      22.18      22.18      51.39      51.39
 3    3537.00    2516.72    2280.97    2495.08    2251.47    1679.25    1951.94    2294.52    2227.02    2044.51    2944.44    3411.78    3362.98    3362.98    3362.98    3362.98    3362.98    3362.98    3362.98    3362.98    2997.48    2049.91    2471.98    2683.40    3362.98    3362.98    3362.98
 4    1379.00    1025.61     784.60     656.51     707.10     689.71     708.27     817.74    1266.51    1711.11    1340.35    1055.84     871.99     871.99     871.99     871.99     871.99     871.99     871.99     871.99     871.99     871.99     871.99     871.99     871.99     871.99     871.99
 1    4109.00    6055.43    6055.43    4966.04    4966.04    2919.38    2919.38    1550.47    1550.47    3730.19    3730.19    6297.98    6297.98    3878.03    3878.03    3229.38    3229.38    1553.24    1553.24    2960.03    2960.03    4277.20    4277.20    5777.77    5777.77    6978.51    6978.51
 2     783.00    1153.42    1153.42     945.91     945.91     556.07     556.07     295.33     295.33     710.51     710.51    1199.62    1199.62     738.67     738.67     615.12     615.12     295.86     295.86     563.82     563.82     814.70     814.70    1100.53    1100.53    1329.24    1329.24
 3    3537.00    2845.27    3087.30    3671.28    2794.02    2794.02     950.54    1194.99    1464.46    1799.07    1770.98    1770.98    1770.98    1770.98    1770.98    1770.98    1263.99     987.02    1348.73    1583.27    1323.41    1947.16    2181.18    3073.55    3193.45    2773.02    2015.73
 4    1379.00    1043.21     825.31     622.78     480.23     480.23     713.50    1031.66     919.69     888.21     725.13     725.13     725.13     725.13     725.13     725.13     648.22     777.00     752.61     591.66     714.76    1040.07    1128.85    1123.00     987.58     689.03     646.83
 1    4109.00    3891.43    3891.43    4332.64    4332.64    5517.67    5517.67    5165.16    5165.16    2528.06    2528.06    1423.88    1423.88    3180.87    3180.87    3579.58    3579.58    1605.45    1605.45    1345.34    1345.34    2215.29    2215.29    1556.02    1556.02    2081.77    2081.77
 2     783.00     741.22     741.22     825.26     825.26    1050.98    1050.98     983.84     983.84     481.54     481.54     271.22     271.22     605.88     605.88     681.82     681.82     305.80     305.80     256.26     256.26     421.96     421.96     296.38     296.38     396.53     396.53
 3    3537.00    1964.97    2568.38    2349.86    2203.64    2109.77    2109.77    2109.77    2109.77    2109.77    2109.77     422.61     978.39    2417.08    2659.37    2186.17    2186.17    2186.17    2186.17    2186.17    2186.17    2186.17    2186.17    2186.17    2186.17    2186.17    2186.17
 4    1379.00    1175.28    1044.26     825.38     800.80     692.09     692.09     692.09     692.09     692.09     692.09     916.68     995.16     828.34     627.16     608.68     608.68     608.68     608.68     608.68     608.68     608.68     608.68     608.68     608.68     608.68     608.68
 1    4109.00    4779.39    4779.39    5604.06    5604.06    3140.21    3140.21    5087.08    5087.08    5789.78    5789.78    2431.51    2431.51    1371.68    1371.68    1358.28    1358.28     732.73     732.73     440.29     440.29     209.29     209.29     227.30     227.30    1926.08    1926.08
 2     783.00     910.36     910.36    1067.44    1067.44     598.14     598.14     968.97     968.97    1102.82    1102.82     463.14     463.14     261.27     261.27     258.72     258.72     139.57     139.57      83.86      83.86      39.86      39.86      43.30      43.30     366.87     366.87
 3    3537.00    2029.26    2116.82    2227.91    1931.00    1697.37    1739.43    1889.60    3055.04    3055.04    3055.04    3055.04    3055.04    3055.04    3055.04    3055.04    3055.04    3055.04    3055.04    3055.04    3055.04    3055.04    3055.04     249.27     459.64     459.64    1454.07
 4    1379.00     908.12     886.91     835.86     687.52     750.86    1280.66    1272.60     998.12     998.12     998.12     998.12     998.12     998.12     998.12     998.12     998.12     998.12     998.12     998.12     998.12     998.12     998.12     647.09     643.98     643.98     612.93
 1    4109.00    6467.08    6467.08    6047.58    6047.58    4024.02    4024.02    1516.75    1516.75     568.72     568.72    1355.97    1355.97    1952.41    1952.41    1876.18    1876.18    1186.42    1186.42    2552.09    2552.09    3671.05    3671.05    2881.96    2881.96    3755.14    3755.14
 2     783.00    1231.82    1231.82    1151.92    1151.92     766.48     766.48     288.90     288.90     108.33     108.33     258.28     258.28     371.89     371.89     357.37     357.37     225.98     225.98     486.11     486.11     699.25     699.25     548.94     548.94     715.26     715.26
 3    3537.00    2074.29    2100.55    2331.87    2331.87    2331.87    2331.87    2331.87    2331.87    2331.87     278.71     570.86     738.61     738.61     738.61     738.61     738.61     738.61     826.45    1355.31    1612.09    2437.21    2210.35    1229.77    1229.77    1229.77    1229.77
 4    1379.00     958.03     767.45     695.05     695.05     695.05     695.05     695.05     695.05     695.05     608.46     597.76     679.37     679.37     679.37     679.37     679.37     679.37     827.96     936.53     790.45     672.79     610.90     698.02     698.02     698.02     698.02
 1    4109.00    7341.18    7341.18    5896.51    5896.51    2881.49    2881.49    2741.97    2741.97    2885.65    2885.65    3570.34    3570.34    7146.22    7146.22    5272.81    5272.81    2958.65    2958.65    4109.03    4109.03    2168.17    2168.17    3498.73    3498.73    1804.11    1804.11
 2     783.00    1398.32    1398.32    1123.14    1123.14     548.86     548.86     522.28     522.28     549.65     549.65     680.06     680.06    1361.18    1361.18    1004.34    1004.34     563.55     563.55     782.67     782.67     412.98     412.98     666.42     666.42     343.64     343.64
 3    3537.00    2331.69    2032.99    2226.12    2226.12    2226.12    1420.03    1062.07     932.61    1379.70    1604.46    1170.45     952.62     952.62     952.62     952.62     914.69    1009.57    1009.57    1009.57    1009.57    1009.57    1009.57    1009.57    1009.57    1009.57    1009.57
 4    1379.00    1176.45     812.50     691.88     691.88     691.88     668.94     713.33     730.70     650.72     732.32     725.09     675.09     675.09     675.09     675.09     796.71     549.75     549.75     549.75     549.75     549.75     549.75     549.75     549.75     549.75     549.75
 1    4109.00    8482.78    8482.78    7474.24    7474.24    6203.27    6203.27    2372.37    2372.37     942.48     942.48    1309.77    1309.77     402.86     402.86    1328.71    1328.71    1477.48    1477.48     990.07     990.07     846.38     846.38     624.16     624.16     327.10     327.10
 2     783.00    1615.77    1615.77    1423.66    1423.66    1181.58    1181.58     451.88     451.88     179.52     179.52     249.48     249.48      76.74      76.74     253.09     253.09     281.42     281.42     188.58     188.58     161.22     161.22     118.89     118.89      62.30      62.30
 3    3537.00    3292.55    2923.18    2583.39    1799.89    2769.03    3044.69    3044.69    3044.69    3044.69    3044.69    3044.69    3044.69    3044.69    3044.69    3044.69    3044.69    3044.69    3044.69    3044.69    3044.69    3044.69    3044.69    3044.69    3044.69     187.81     445.92
 4    1379.00    1412.49    1053.29    1058.14     943.81     892.65     687.83     687.83     687.83     687.83     687.83     687.83     687.83     687.83     687.83     687.83     687.83     687.83     687.83     687.83     687.83     687.83     687.83     687.83     687.83     628.61     740.56
 1    4109.00    4911.98    4911.98    3082.46    3082.46    3820.28    3820.28    4322.47    4322.47    5786.55    5786.55    6230.99    6230.99    5161.46    5161.46    5335.64    5335.64    3874.79    3874.79    5757.44    5757.44    5854.46    5854.46    4804.80    4804.80    4534.99    4534.99
 2     783.00     935.62     935.62     587.14     587.14     727.67     727.67     823.33     823.33    1102.20    1102.20    1186.86    1186.86     983.14     983.14    1016.31    1016.31     738.06     738.06    1096.66    1096.66    1115.14    1115.14     915.20     915.20     863.81     863.81
 3    3537.00    1624.33    1926.97    1325.06    1248.42    1248.42    2283.96    1921.56    2220.27    3093.35    3872.16    4240.57    3372.58    2397.18    2456.88    2387.98    2562.06    1585.78    2265.81    4646.62    5166.35    4719.95    3607.02    3076.16    3076.16    3076.16    3076.16
 4    1379.00     934.43    1003.04    1140.65    1028.36    1028.36     911.24    1614.03    2282.08    1894.70    1563.20    1016.42     713.87     741.11     899.88    1072.55    1119.18    1589.39    1902.86    1832.19    1444.16    1147.23     879.08     790.48     790.48     790.48     790.48
 1    4109.00    6954.49    6954.49   11565.25   11565.25    1952.87    1952.87     424.58     424.58     857.01     857.01    1263.57    1263.57    1122.20    1122.20    2958.65    2958.65    6010.16    6010.16    7183.64    7183.64    8090.54    8090.54    9012.70    9012.70    4195.88    4195.88
 2     783.00    1324.66    1324.66    2202.90    2202.90     371.98     371.98      80.87      80.87     163.24     163.24     240.68     240.68     213.75     213.75     563.55     563.55    1144.79    1144.79    1368.31    1368.31    1541.06    1541.06    1716.70    1716.70     799.22     799.22
 3    3537.00    2739.34    2531.94    2531.94    2531.94    2531.94    2138.39    2531.94    2531.94    2531.94    2531.94    2531.94    2531.94    2531.94     452.05    1149.47    1149.47    1149.47    2069.74    1891.65    3006.14    4729.46    4497.39    4441.69    3247.67    3247.67    3247.67
 4    1379.00    1160.18     927.29     927.29     927.29     927.29     927.29     927.29     927.29     927.29     927.29     927.29     927.29     927.29    1056.56    1188.46    1188.46    1188.46     817.27    2128.45    2386.39    1829.95    1108.34     939.47     774.65     774.65     774.65
 1    4109.00    5580.04    5580.04    4799.72    4799.72    3884.50    3884.50    2777.08    2777.08     826.52     826.52    1570.80    1570.80    1857.70    1857.70    2667.59    2667.59    2561.33    2561.33    4447.67    4447.67    1964.89    1964.89    1542.16    1542.16    4387.61    4387.61
 2     783.00    1062.86    1062.86     914.23     914.23     739.90     739.90     528.97     528.97     157.43     157.43     299.20     299.20     353.85     353.85     508.11     508.11     487.87     487.87     847.18     847.18     374.26     374.26     293.74     293.74     835.74     835.74
 3    3537.00    2083.81    2011.42    2110.90    2110.90    2110.90    2110.90    2110.90    2110.90    2110.90    2110.90    2110.90    2110.90    2110.90    2110.90    2110.90    1170.44    1170.44    1170.44    1170.44    1170.44    1170.44    1170.44     600.76    1145.14    1357.53    1871.25
 4    1379.00     984.20     776.41     644.65     644.65     644.65     644.65     644.65     644.65     644.65     644.65     644.65     644.65     644.65     644.65     644.65     653.72     653.72     653.72     653.72     653.72     653.72     653.72     858.34     935.87     748.93     680.67
 1    4109.00    5362.43    5362.43    4334.48    4334.48    4222.68    4222.68    2476.78    2476.78    2997.92    2997.92    2447.68    2447.68    3918.68    3918.68    4764.14    4764.14    4591.82    4591.82    1064.45    1064.45    1270.50    1270.50    3830.44    3830.44    6151.99    6151.99
 2     783.00    1021.42    1021.42     825.62     825.62     804.32     804.32     471.77     471.77     571.03     571.03     466.22     466.22     746.42     746.42     907.46     907.46     874.63     874.63     202.75     202.75     242.00     242.00     729.61     729.61    1171.81    1171.81
 3    3537.00    2034.13    2551.19    2551.19    2551.19    2551.19    2551.19    1075.86    1764.43    2279.33    1999.70    2093.53    2408.85    2827.62    2827.62    2827.62    2827.62    2827.62    2827.62    2827.62    2827.62    2827.62     701.10    1299.41    2118.01    2174.35    2765.81
 4    1379.00    1008.94     801.40     801.40     801.40     801.40     801.40    1146.11    1237.75     815.79     651.62    1005.62    1299.47    1063.14    1063.14    1063.14    1063.14    1063.14    1063.14    1063.14    1063.14    1063.14     712.30    1240.06    1304.99     913.57     969.81
