FL 2019 2020 2021 2022 2023 2024 2025 2026 2027 2028 2029 2030 2031 2032 2033 2034 2035 2036 2037 2038 2039 2040 2041 2042 2043 2044 2045
 1  0.7288134  0.6829873  0.6668565  0.6656312  0.6862843  0.7175780  0.7037896  0.6953614  0.6852795  0.6804152  0.6805269  0.6788470  0.6824272  0.6763956  0.6723450  0.6812299  0.6817132  0.6616604  0.6573409  0.6801663  0.7030641  0.7083972  0.7059047  0.7066689  0.7127567  0.7028821  0.6830485
 2  0.5725724  0.5324563  0.5398545  0.5518322  0.5979498  0.6165701  0.6060463  0.5741510  0.5230769  0.4894110  0.4939297  0.5343268  0.5535752  0.5447868  0.5312597  0.5455595  0.5570094  0.5374638  0.5322749  0.5672356  0.5952311  0.6020313  0.5894373  0.5833528  0.5837383  0.5751606  0.5421903
 3  0.7521145  0.7094340  0.6927739  0.6888804  0.7027599  0.7411937  0.7275875  0.7149495  0.7019665  0.6954356  0.6949366  0.6955630  0.7016000  0.6956430  0.6893507  0.6975596  0.7012453  0.6825945  0.6746926  0.6964493  0.7232808  0.7295120  0.7262633  0.7243163  0.7321291  0.7231496  0.7019278
 4  0.4566311  0.4437178  0.4685098  0.4697922  0.5370543  0.5542839  0.5071010  0.4345601  0.3794073  0.3707886  0.4173875  0.4705876  0.4731160  0.4374895  0.4313087  0.4751907  0.4838390  0.4358764  0.4439570  0.5093866  0.5299786  0.5183557  0.4843841  0.4931975  0.5062260  0.4763837  0.4246253
 1  0.7290193  0.6838820  0.6652459  0.6632479  0.6651317  0.6759866  0.6934685  0.6940638  0.6904926  0.6958901  0.6923004  0.6883299  0.6957282  0.6970446  0.7024395  0.7027756  0.7050720  0.7190512  0.7094503  0.7035903  0.6745300  0.6388657  0.6359412  0.5974406  0.6082187  0.6402791  0.6717768
 2  0.5731135  0.5329778  0.5383796  0.5513670  0.5515032  0.5623312  0.5757797  0.5745691  0.5677343  0.5687958  0.5622052  0.5525696  0.5522080  0.5523072  0.5556758  0.5554225  0.5765994  0.5959570  0.5931922  0.5708070  0.5228357  0.5048559  0.5186614  0.4941348  0.5048637  0.5390368  0.5675446
 3  0.7523618  0.7102255  0.6910486  0.6863119  0.6856316  0.6934286  0.7123337  0.7141044  0.7087511  0.7145430  0.7117579  0.7060044  0.7132292  0.7142724  0.7193116  0.7206725  0.7211696  0.7393970  0.7309430  0.7221076  0.6919957  0.6559179  0.6543286  0.6187470  0.6253473  0.6564532  0.6903533
 4  0.4573780  0.4432885  0.4670289  0.4722917  0.4594362  0.4848146  0.5032212  0.4830524  0.4774300  0.4868853  0.4654535  0.4562620  0.4575143  0.4572379  0.4670065  0.4559739  0.5050431  0.5286648  0.4942132  0.4449716  0.4143501  0.4357769  0.4537109  0.4125883  0.4317248  0.4808877  0.4992023
 1  0.7283085  0.6841639  0.6642681  0.6666939  0.6828398  0.6860735  0.6712066  0.6707245  0.6777473  0.6741309  0.6723239  0.6748180  0.6865050  0.6891161  0.6877048  0.6972797  0.6909190  0.6926445  0.6881463  0.6874323  0.6829803  0.6768131  0.6676469  0.6713036  0.6956155  0.6996279  0.6920660
 2  0.5726575  0.5332084  0.5376305  0.5650600  0.5795514  0.5750408  0.5463053  0.5443003  0.5556834  0.5508445  0.5397509  0.5390802  0.5592024  0.5667545  0.5686362  0.5684324  0.5634786  0.5632703  0.5637286  0.5621169  0.5499713  0.5325568  0.5259350  0.5648347  0.5962754  0.5996851  0.5794858
 3  0.7516802  0.7103537  0.6900374  0.6885265  0.7041814  0.7067425  0.6895581  0.6880150  0.6967169  0.6936350  0.6907806  0.6914425  0.7037986  0.7091697  0.7064328  0.7157035  0.7095254  0.7111847  0.7071769  0.7064943  0.7020711  0.6944716  0.6840035  0.6880702  0.7163834  0.7221195  0.7130188
 4  0.4573648  0.4429854  0.4667286  0.4985742  0.5040500  0.4740999  0.4458095  0.4706991  0.4800164  0.4596772  0.4356102  0.4545414  0.4921050  0.4850893  0.4782936  0.4788385  0.4766499  0.4803943  0.4802441  0.4748741  0.4483418  0.4236606  0.4485269  0.5115816  0.5342873  0.5169148  0.4645969
 1  0.7292546  0.6839832  0.6676100  0.6678604  0.6725403  0.6799043  0.6848244  0.6958399  0.7054387  0.7174752  0.7157124  0.7139418  0.7185984  0.7154123  0.7142521  0.7144064  0.7133810  0.7157093  0.7043155  0.6985770  0.6972028  0.7034654  0.6894559  0.6766767  0.6681942  0.6661344  0.6720146
 2  0.5718989  0.5325022  0.5396758  0.5558332  0.5605110  0.5570052  0.5536777  0.5585014  0.5807469  0.5980101  0.5974047  0.5880724  0.5762776  0.5634990  0.5468407  0.5379396  0.5425256  0.5499792  0.5518791  0.5515281  0.5688562  0.5818374  0.5679653  0.5372319  0.5078386  0.5086117  0.5244635
 3  0.7524902  0.7105481  0.6934685  0.6906000  0.6928513  0.6989236  0.7021635  0.7131712  0.7227831  0.7373708  0.7366713  0.7322417  0.7364275  0.7331066  0.7302594  0.7300182  0.7288061  0.7323115  0.7218131  0.7160850  0.7147141  0.7235294  0.7104483  0.6952782  0.6846902  0.6820076  0.6889268
 4  0.4556608  0.4436466  0.4671819  0.4774558  0.4740703  0.4595847  0.4617292  0.4745173  0.5089306  0.5260613  0.5015793  0.4813028  0.4762070  0.4500527  0.4282679  0.4243815  0.4485467  0.4588633  0.4558856  0.4619345  0.4973000  0.5075231  0.4652293  0.4112384  0.3986212  0.4284834  0.4474163
 1  0.7307392  0.6864747  0.6685256  0.6687277  0.6824543  0.7002408  0.6940869  0.6961232  0.6757984  0.6669872  0.6274530  0.5452894  0.6064195  0.6788065  0.6845681  0.6913582  0.6758306  0.6634696  0.6647191  0.6909790  0.6848734  0.6787489  0.6649905  0.6524189  0.6346618  0.6232486  0.6714151
 2  0.5709265  0.5324007  0.5394834  0.5585973  0.5811456  0.5917315  0.5845387  0.5742887  0.5570408  0.5503172  0.5119255  0.4405597  0.5400714  0.5898171  0.5960154  0.5830946  0.5445144  0.5091415  0.5407593  0.5831266  0.5825784  0.5591005  0.5239360  0.5042239  0.4947272  0.5337584  0.5835071
 3  0.7534590  0.7126204  0.6943044  0.6913100  0.7019112  0.7209815  0.7143577  0.7155625  0.6950435  0.6868242  0.6496614  0.5632159  0.6151301  0.6997357  0.7069380  0.7114861  0.6949115  0.6807698  0.6786307  0.7116719  0.7075619  0.6980587  0.6824808  0.6699732  0.6517075  0.6382015  0.6902504
 4  0.4540021  0.4430379  0.4676554  0.4835056  0.5103593  0.5138567  0.4954839  0.4815158  0.4752773  0.4753274  0.4137500  0.3679887  0.5054934  0.5364133  0.5110083  0.4764811  0.4292864  0.3966633  0.4891831  0.5272886  0.4886428  0.4393755  0.4212238  0.4113788  0.4186654  0.4893319  0.5270227
 1  0.7296156  0.6865135  0.6659418  0.6643638  0.6705801  0.6771778  0.6739874  0.6828057  0.6986540  0.7009923  0.6902805  0.6823403  0.6879523  0.6986815  0.6984107  0.6937631  0.6826206  0.6740271  0.6822440  0.6905313  0.6967232  0.7100817  0.7117415  0.7022143  0.6868383  0.6890505  0.6983707
 2  0.5721350  0.5333712  0.5381076  0.5559183  0.5634131  0.5590620  0.5440337  0.5567557  0.5838846  0.5895120  0.5701392  0.5369568  0.5242000  0.5387418  0.5549937  0.5575005  0.5401572  0.5197913  0.5311247  0.5494324  0.5695757  0.5924288  0.5962606  0.5802721  0.5513610  0.5612129  0.5753146
 3  0.7525046  0.7124216  0.6916884  0.6871083  0.6912282  0.6968563  0.6918773  0.6991366  0.7176778  0.7223489  0.7108896  0.7001020  0.7031971  0.7145828  0.7160041  0.7125501  0.7013234  0.6907596  0.6979907  0.7081411  0.7142179  0.7286585  0.7331034  0.7225904  0.7042617  0.7064423  0.7180807
 4  0.4555682  0.4427927  0.4674426  0.4821859  0.4816515  0.4607295  0.4449480  0.4880006  0.5196356  0.5079521  0.4555999  0.4051544  0.4261042  0.4616053  0.4759236  0.4648739  0.4267364  0.4137767  0.4540504  0.4717043  0.4924811  0.5222740  0.5148193  0.4659252  0.4505663  0.4936266  0.4980433
 1  0.7282820  0.6802620  0.6597594  0.6615145  0.6763392  0.6802005  0.6840732  0.6930214  0.6986152  0.7011340  0.6989322  0.7036303  0.7152560  0.7111036  0.7073804  0.7072246  0.7007466  0.6903979  0.6946002  0.7159983  0.7098568  0.7077455  0.7063427  0.7049350  0.6955460  0.6890298  0.6858027
 2  0.5697585  0.5310939  0.5372487  0.5604414  0.5709946  0.5624711  0.5407032  0.5237326  0.5204153  0.5222432  0.5286006  0.5630032  0.5941751  0.5997730  0.5883861  0.5680539  0.5409245  0.5201455  0.5698903  0.6063783  0.6113128  0.6008623  0.5848249  0.5683478  0.5402312  0.5172494  0.5014829
 3  0.7517544  0.7072754  0.6860311  0.6838880  0.6975234  0.7001716  0.7012275  0.7083647  0.7138208  0.7167319  0.7146701  0.7191278  0.7350671  0.7328106  0.7275993  0.7248838  0.7174090  0.7072552  0.7088142  0.7380657  0.7331791  0.7283582  0.7257273  0.7237679  0.7129701  0.7052348  0.7014106
 4  0.4555172  0.4446611  0.4677942  0.4913146  0.4891679  0.4532024  0.4154794  0.4098502  0.4198911  0.4200966  0.4291371  0.4984493  0.5304450  0.5162971  0.4778220  0.4462696  0.4308959  0.4130859  0.5150449  0.5491408  0.5279426  0.5018517  0.4877481  0.4605774  0.4207729  0.3970390  0.3857283
 1  0.7315684  0.6872715  0.6715697  0.6698343  0.6733948  0.6831450  0.6977449  0.7157719  0.7034077  0.6978382  0.6917627  0.6866330  0.6721397  0.6568167  0.6586337  0.6591183  0.6876663  0.7171123  0.6990965  0.6865771  0.6628649  0.6258150  0.5986478  0.5839523  0.6352452  0.6670923  0.6950885
 2  0.5697771  0.5318252  0.5418924  0.5539696  0.5522230  0.5445333  0.5656282  0.5908924  0.5944561  0.5898617  0.5797065  0.5600371  0.5249977  0.4979965  0.4979408  0.5137931  0.5883890  0.6153552  0.6027319  0.5747512  0.5359298  0.5008349  0.4730341  0.4925862  0.5437919  0.5764316  0.5997011
 3  0.7537993  0.7131676  0.6973957  0.6931837  0.6936967  0.7004429  0.7129992  0.7351108  0.7246172  0.7191367  0.7128391  0.7060200  0.6902279  0.6736771  0.6746837  0.6755702  0.7017078  0.7406924  0.7234962  0.7065327  0.6812698  0.6462372  0.6167995  0.5984036  0.6521609  0.6851386  0.7147755
 4  0.4515532  0.4434329  0.4709840  0.4701915  0.4464838  0.4348322  0.4973857  0.5254865  0.5178199  0.5099485  0.4865902  0.4510019  0.4098863  0.3953053  0.4110569  0.4385127  0.5366518  0.5558631  0.5069170  0.4596210  0.4484783  0.4109038  0.3887252  0.4469712  0.4878025  0.5125385  0.5324739
 1  0.7286303  0.6828830  0.6623055  0.6596492  0.6573763  0.6691428  0.6777122  0.6864887  0.7075223  0.7147007  0.7093342  0.7039766  0.6968471  0.6943321  0.6903131  0.6806868  0.6810227  0.6853926  0.7009966  0.6988299  0.7030578  0.7093614  0.7081729  0.7186355  0.7322049  0.7191358  0.7086519
 2  0.5686480  0.5316152  0.5375590  0.5488935  0.5492792  0.5555453  0.5608930  0.5765784  0.5995010  0.6076327  0.5956676  0.5714105  0.5384404  0.5201104  0.5096374  0.4960429  0.4956036  0.5279783  0.5609389  0.5703894  0.5750877  0.5783171  0.5722110  0.6046142  0.6227922  0.6194371  0.5936369
 3  0.7517398  0.7093301  0.6883081  0.6830382  0.6775821  0.6875908  0.6965262  0.7044186  0.7272338  0.7362374  0.7304087  0.7227839  0.7134820  0.7102479  0.7064791  0.6964618  0.6960549  0.6999997  0.7188177  0.7178400  0.7207190  0.7281233  0.7270004  0.7344091  0.7561761  0.7432440  0.7291560
 4  0.4547156  0.4436557  0.4677305  0.4686890  0.4644255  0.4764397  0.4810272  0.5067883  0.5319448  0.5288656  0.4945841  0.4458143  0.4164233  0.4146220  0.3978508  0.3796087  0.3895042  0.4628471  0.4910666  0.4784681  0.4874384  0.4927856  0.4674087  0.5396697  0.5616329  0.5290296  0.4623042
 1  0.7290541  0.6817587  0.6623817  0.6691770  0.6904361  0.6879825  0.6842587  0.6884484  0.6967706  0.6976666  0.6995156  0.6976630  0.6932011  0.6944252  0.7089363  0.7098863  0.7093307  0.7035030  0.6897355  0.6797181  0.6734594  0.6748311  0.6722733  0.6495671  0.6645836  0.6880505  0.6869851
 2  0.5720311  0.5322537  0.5387195  0.5745629  0.5896127  0.5801500  0.5450593  0.5175636  0.5199603  0.5365077  0.5603785  0.5662979  0.5565048  0.5609981  0.5838689  0.5977843  0.5982736  0.5870301  0.5549197  0.5154511  0.4889750  0.5001905  0.5291286  0.5334783  0.5661388  0.5845274  0.5782508
 3  0.7524456  0.7084427  0.6885239  0.6903885  0.7128010  0.7094787  0.7020612  0.7033620  0.7119129  0.7138118  0.7169968  0.7168215  0.7119301  0.7106579  0.7276318  0.7303271  0.7304653  0.7243016  0.7089107  0.6968293  0.6887456  0.6894842  0.6895857  0.6692589  0.6821027  0.7087700  0.7082786
 4  0.4569095  0.4447763  0.4693155  0.5123237  0.5165526  0.4686773  0.4005552  0.4028951  0.4319834  0.4584154  0.4832407  0.4785604  0.4479313  0.4812553  0.5172863  0.5239583  0.5164772  0.4865422  0.4329278  0.3817637  0.3738224  0.4251462  0.4613762  0.4620011  0.5036332  0.5155523  0.4782780
 1  0.7304056  0.6862663  0.6695867  0.6691877  0.6769263  0.6887032  0.6944100  0.7047132  0.6978205  0.6920368  0.6950398  0.6973760  0.7110750  0.7051968  0.6923356  0.6883781  0.6829250  0.6782030  0.6819933  0.6729592  0.6737939  0.6753589  0.6799966  0.6837170  0.6780397  0.6753092  0.6759932
 2  0.5719358  0.5325228  0.5395019  0.5561293  0.5663098  0.5695428  0.5724767  0.5742956  0.5586287  0.5380869  0.5356388  0.5677789  0.5944179  0.5977187  0.5808038  0.5667860  0.5508524  0.5400080  0.5439469  0.5378029  0.5295399  0.5257608  0.5371983  0.5471887  0.5439408  0.5344552  0.5416159
 3  0.7532408  0.7124399  0.6952836  0.6918534  0.6969504  0.7078275  0.7122690  0.7234254  0.7168753  0.7084926  0.7112689  0.7137413  0.7313997  0.7271735  0.7126287  0.7078784  0.7021389  0.6953692  0.6997020  0.6917799  0.6912785  0.6920491  0.6963426  0.7019912  0.6968632  0.6926118  0.6928931
 4  0.4545313  0.4425846  0.4667235  0.4782020  0.4836516  0.4791984  0.4879842  0.4871781  0.4428514  0.4253943  0.4464836  0.5048086  0.5304575  0.5124519  0.4875541  0.4757319  0.4477786  0.4494527  0.4621832  0.4438844  0.4261268  0.4298716  0.4603346  0.4673802  0.4443830  0.4369971  0.4663573
 1  0.7281665  0.6811525  0.6625444  0.6647464  0.6770488  0.6819770  0.6787198  0.6790949  0.6790042  0.6851905  0.6868480  0.7052783  0.7071380  0.7111200  0.6979729  0.6915869  0.6786691  0.6653202  0.6761961  0.6692439  0.6864078  0.6887767  0.6867171  0.6955768  0.7060460  0.6936000  0.6859498
 2  0.5709774  0.5315600  0.5388696  0.5619405  0.5717492  0.5661414  0.5422697  0.5212636  0.5272087  0.5476120  0.5794086  0.6011031  0.6101205  0.6059169  0.5815556  0.5510733  0.5131635  0.5088884  0.5386935  0.5605761  0.5786973  0.5792042  0.5680749  0.5818792  0.5934103  0.5859445  0.5676483
 3  0.7515019  0.7078046  0.6886864  0.6872362  0.6981635  0.7019138  0.6966261  0.6956267  0.6945516  0.7031289  0.7045854  0.7263852  0.7291462  0.7331619  0.7187661  0.7096629  0.6956211  0.6807206  0.6933661  0.6881479  0.7061879  0.7095179  0.7058385  0.7127015  0.7275605  0.7151400  0.7056178
 4  0.4557197  0.4444463  0.4695041  0.4917934  0.4906760  0.4632754  0.4279086  0.4111932  0.4508373  0.4771458  0.5147561  0.5373437  0.5353995  0.5185630  0.4703775  0.4281596  0.3946036  0.4329883  0.4745305  0.4936112  0.5074172  0.4909137  0.4718608  0.5133691  0.5243871  0.4947598  0.4721691
 1  0.7281973  0.6813801  0.6639692  0.6612361  0.6690894  0.6974153  0.6994476  0.6996207  0.7022779  0.7072101  0.7090516  0.7127451  0.7032972  0.6914292  0.6745295  0.6681960  0.6782438  0.6890290  0.7108036  0.7034385  0.6949614  0.6958906  0.6956025  0.6955879  0.6907412  0.6951409  0.7062484
 2  0.5743464  0.5328744  0.5404477  0.5488699  0.5699226  0.5881647  0.5877607  0.5695966  0.5423080  0.5119072  0.4983957  0.5302950  0.5545559  0.5585399  0.5481971  0.5443050  0.5484735  0.5773040  0.5998979  0.5971277  0.5739432  0.5493451  0.5337925  0.5355339  0.5604092  0.5988130  0.6084215
 3  0.7516029  0.7076443  0.6899590  0.6851037  0.6875545  0.7171998  0.7202577  0.7183573  0.7188043  0.7217509  0.7220975  0.7276823  0.7210863  0.7109015  0.6940118  0.6863287  0.6969323  0.7051194  0.7316414  0.7260915  0.7146949  0.7129384  0.7119978  0.7116927  0.7081158  0.7141202  0.7307074
 4  0.4584144  0.4447439  0.4719007  0.4650234  0.4969729  0.5180352  0.4952121  0.4482711  0.4011045  0.3596655  0.3969805  0.4553005  0.4787221  0.4732086  0.4561874  0.4642831  0.4595167  0.5108819  0.5370443  0.5057001  0.4527154  0.4318746  0.4312464  0.4517836  0.4956891  0.5415442  0.5418346
 1  0.7281184  0.6807090  0.6613423  0.6594006  0.6584035  0.6698666  0.6853839  0.6841906  0.6610156  0.6344899  0.6543848  0.6782717  0.6801179  0.6740328  0.6613624  0.6543455  0.6759809  0.6911133  0.6939316  0.7098969  0.7053378  0.6985951  0.6839451  0.6700034  0.6744657  0.6768204  0.6785979
 2  0.5729084  0.5323670  0.5385466  0.5512765  0.5505494  0.5643138  0.5797832  0.5792133  0.5491709  0.5235528  0.5546062  0.5813750  0.5817715  0.5647824  0.5328101  0.5208365  0.5586474  0.5784586  0.5915392  0.5988221  0.5898098  0.5626806  0.5121930  0.4784007  0.4954048  0.5318399  0.5451147
 3  0.7517145  0.7074706  0.6875383  0.6828045  0.6790244  0.6875427  0.7050856  0.7055647  0.6821506  0.6533245  0.6707818  0.6984912  0.7021332  0.6948686  0.6804523  0.6709803  0.6921424  0.7117640  0.7131738  0.7302245  0.7266439  0.7173617  0.7003968  0.6850125  0.6887711  0.6938648  0.6973795
 4  0.4576816  0.4449541  0.4694578  0.4733822  0.4637793  0.4931370  0.5138116  0.4981654  0.4540634  0.4432772  0.4982764  0.5199142  0.5015467  0.4641349  0.4230158  0.4400981  0.5017236  0.5073098  0.5128479  0.5229529  0.4913262  0.4287647  0.3677712  0.3653859  0.4253558  0.4644683  0.4550218
 1  0.7289669  0.6802509  0.6622902  0.6648598  0.6823234  0.6950940  0.6910457  0.6908513  0.6893252  0.6902717  0.6985711  0.7139161  0.7222978  0.7130381  0.7002860  0.6975086  0.6976033  0.7022919  0.7002098  0.6978542  0.6946712  0.6851492  0.6813015  0.6827460  0.6938093  0.7034892  0.7088004
 2  0.5742236  0.5321444  0.5404228  0.5651224  0.5857495  0.5899165  0.5720067  0.5390379  0.4981155  0.4764867  0.5283870  0.6013088  0.6192261  0.6120550  0.5725160  0.5264328  0.4959576  0.5015084  0.5363135  0.5654297  0.5761559  0.5674869  0.5524870  0.5442147  0.5550936  0.5755771  0.5883363
 3  0.7523603  0.7067756  0.6885137  0.6874404  0.7028970  0.7163885  0.7110848  0.7079784  0.7044574  0.7037387  0.7119175  0.7322585  0.7463555  0.7357857  0.7191807  0.7135121  0.7118453  0.7161913  0.7160082  0.7158924  0.7148840  0.7057141  0.7002055  0.6999046  0.7107014  0.7212260  0.7283862
 4  0.4578898  0.4455059  0.4729375  0.4970886  0.5155584  0.5050918  0.4556832  0.3961672  0.3479895  0.3608986  0.4758912  0.5478853  0.5515455  0.5042824  0.4285485  0.3775225  0.3737688  0.4133376  0.4637797  0.4967064  0.4992041  0.4739360  0.4473400  0.4508159  0.4760309  0.5030439  0.5114496
