FL 2019 2020 2021 2022 2023 2024 2025 2026 2027 2028 2029 2030 2031 2032 2033 2034 2035 2036 2037 2038 2039 2040 2041 2042 2043 2044 2045
 1  0.1254765  0.1113135  0.1087426  0.1218951  0.1291197  0.1074498  0.0926241  0.1517404  0.1877224  0.2083606  0.2827407  0.1567996  0.1671031  0.1862701  0.2497419  0.2548649  0.2593037  0.1424311  0.2067376  0.0411973  0.0217263  0.0398480  0.0283723  0.0975482  0.0764149  0.1871285  0.2166884
 2  0.0238751  0.0211859  0.0219179  0.0263490  0.0217398  0.0180192  0.0174554  0.0322891  0.0447985  0.0525861  0.0673122  0.0304883  0.0313009  0.0363110  0.0463837  0.0389062  0.0391431  0.0234093  0.0289028  0.0043308  0.0026992  0.0057286  0.0048912  0.0164422  0.0137795  0.0372584  0.0467364
 3  0.1162273  0.0799446  0.0761681  0.0847754  0.0665088  0.0768267  0.0746172  0.0943916  0.0825033  0.1000770  0.1372139  0.1963306  0.2098216  0.2436337  0.3287969  0.4370432  0.4474225  0.5439609  0.8090805  0.8423649  0.4253623  0.0314018  0.0524245  0.0791360  0.0586571  0.0950217  0.1090639
 4  0.0444602  0.0397182  0.0319482  0.0522122  0.0420301  0.0380040  0.0283161  0.0325385  0.0277202  0.0390931  0.0442271  0.0450908  0.0493154  0.0647466  0.0748690  0.0671853  0.0728201  0.1092371  0.1088541  0.0670013  0.0473487  0.0478553  0.0410132  0.0449242  0.0394880  0.0370700  0.0504331
 1  0.1220670  0.1254239  0.1231772  0.1874112  0.2302788  0.1880863  0.1901913  0.1382752  0.1402114  0.1132132  0.1065760  0.0628809  0.0599064  0.0650217  0.0630913  0.0586366  0.0574712  0.0656355  0.0565315  0.2629478  0.3681237  0.3318848  0.4557460  0.2462791  0.4024196  0.0918599  0.0643404
 2  0.0232303  0.0240070  0.0249763  0.0403825  0.0515322  0.0378570  0.0357677  0.0262928  0.0256911  0.0209750  0.0212246  0.0127279  0.0127135  0.0140147  0.0135911  0.0131608  0.0105690  0.0119703  0.0112491  0.0574656  0.0828580  0.0672195  0.0850968  0.0422021  0.0587949  0.0103417  0.0080259
 3  0.1130934  0.0665434  0.0727520  0.0810100  0.0875174  0.0802388  0.0924295  0.0870868  0.0806981  0.0775728  0.0738434  0.0748037  0.0579133  0.0572310  0.0558304  0.0621369  0.0616284  0.0436421  0.0568916  0.1174138  0.1227115  0.1999137  0.2792006  0.5134761  0.8643077  0.9990000  0.9073086
 4  0.0433681  0.0330743  0.0297842  0.0264420  0.0297833  0.0372058  0.0353789  0.0375366  0.0354439  0.0276175  0.0300322  0.0300058  0.0359001  0.0351833  0.0339089  0.0415451  0.0433671  0.0344852  0.0348485  0.0264636  0.0300437  0.0377086  0.0478499  0.0796203  0.0948605  0.0900426  0.0755829
 1  0.1187765  0.1772624  0.1907233  0.1663206  0.1715329  0.2870613  0.3992709  0.2321456  0.2374244  0.1193783  0.1295853  0.1524339  0.1454505  0.0607808  0.0581460  0.1307210  0.1308750  0.1313409  0.1273778  0.1139355  0.1165692  0.2164916  0.2883249  0.1275915  0.0837634  0.0855951  0.0716102
 2  0.0226444  0.0340864  0.0379424  0.0322362  0.0335288  0.0587748  0.0788832  0.0387597  0.0384430  0.0200200  0.0229621  0.0249148  0.0215515  0.0098035  0.0092552  0.0221335  0.0217702  0.0222008  0.0214379  0.0198605  0.0219864  0.0425420  0.0513954  0.0169812  0.0111750  0.0136813  0.0135678
 3  0.1100329  0.1166854  0.1173861  0.0885671  0.1036459  0.1275091  0.1778849  0.2727706  0.2802972  0.3008792  0.3230620  0.3758179  0.3686869  0.3161992  0.2989720  0.2608201  0.2588827  0.2443939  0.2355051  0.2243190  0.2258207  0.2605451  0.3534484  0.4292669  0.0449199  0.0263661  0.0212941
 4  0.0423910  0.0331477  0.0324785  0.0281251  0.0289157  0.0272835  0.0343201  0.0375318  0.0382781  0.0454132  0.0542038  0.0504591  0.0413444  0.0446038  0.0395996  0.0393491  0.0366878  0.0361540  0.0342750  0.0355937  0.0424668  0.0517759  0.0545310  0.0383723  0.0429446  0.0313449  0.0363639
 1  0.1193897  0.0679200  0.0634262  0.1582192  0.1880560  0.1522873  0.1780300  0.0823664  0.0753105  0.0434851  0.0344680  0.0524060  0.0474786  0.0569678  0.0605718  0.0844531  0.0950516  0.1510332  0.1726698  0.1362186  0.1382305  0.1637292  0.1636716  0.1818838  0.2276133  0.1749082  0.2087669
 2  0.0226910  0.0129094  0.0129113  0.0343505  0.0420186  0.0346030  0.0388553  0.0169027  0.0132931  0.0074833  0.0066265  0.0103457  0.0100262  0.0130408  0.0146170  0.0209582  0.0222759  0.0349727  0.0379707  0.0289212  0.0255355  0.0303017  0.0327673  0.0395784  0.0519137  0.0380533  0.0432489
 3  0.1105887  0.0762371  0.0751089  0.0839372  0.0764384  0.0604295  0.0708403  0.0388457  0.0418775  0.0326449  0.0423836  0.0623969  0.0549094  0.0741140  0.0714247  0.0749186  0.0612913  0.0585877  0.0569161  0.0761297  0.0667433  0.0764444  0.0789999  0.0891020  0.1112815  0.1491762  0.1792136
 4  0.0420011  0.0367105  0.0313519  0.0322057  0.0266693  0.0267133  0.0278602  0.0402696  0.0392923  0.0343844  0.0363806  0.0351248  0.0313031  0.0316352  0.0321787  0.0338512  0.0314288  0.0312539  0.0323256  0.0378649  0.0383984  0.0365618  0.0278104  0.0371177  0.0469087  0.0546250  0.0608988
 1  0.1189860  0.1082440  0.1054900  0.1274654  0.1376990  0.1795108  0.1919129  0.3257553  0.3949146  0.3945639  0.5072866  0.2112671  0.2194338  0.0726647  0.0509243  0.1711722  0.1831495  0.2173869  0.2654842  0.1068061  0.0897347  0.1970567  0.2281043  0.3198505  0.4742305  0.1485386  0.1157005
 2  0.0231473  0.0209637  0.0215598  0.0271197  0.0275521  0.0357010  0.0367192  0.0629083  0.0709278  0.0695864  0.0957390  0.0381081  0.0278644  0.0103534  0.0082362  0.0318167  0.0383019  0.0499017  0.0484710  0.0179750  0.0167967  0.0405515  0.0504013  0.0743568  0.1066189  0.0244421  0.0169866
 3  0.1099257  0.0705029  0.0774013  0.0767048  0.0649123  0.0824128  0.0853568  0.0653950  0.0742277  0.0864361  0.1087340  0.2108356  0.2341017  0.0391177  0.0694626  0.0563541  0.0592987  0.0702017  0.0883049  0.0492207  0.0398107  0.0384031  0.0443527  0.0551465  0.0820641  0.1469712  0.1169714
 4  0.0434759  0.0339159  0.0324839  0.0349867  0.0362176  0.0330291  0.0355337  0.0333374  0.0347728  0.0409373  0.0617848  0.1044689  0.0551330  0.0375771  0.0391962  0.0423391  0.0537328  0.0725225  0.0496476  0.0320378  0.0346782  0.0404089  0.0500375  0.0664310  0.0875812  0.0862368  0.0586302
