              Isim, Ftarg, Btarg
   1 2019          0.3977734      21560.7846623       5544.3597106
   1 2021          0.4006982      21505.5782551       5565.0793168
   1 2023          0.3831494      21540.6201921       5473.4795574
   1 2025          0.4006982      21542.7851989       5562.2554648
   1 2027          0.4065479      21528.6920636       5614.3433770
   1 2029          0.4065479      21495.0669463       5608.7355432
   1 2031          0.4094727      21541.6111277       5589.7099142
   1 2033          0.4094727      21550.7045175       5588.0710039
   1 2035          0.4094727      21587.4929628       5581.4474122
   1 2037          0.4153223      21500.8684675       5575.9607321
   1 2039          0.4182471      21513.0242135       5563.3033876
   1 2041          0.3772998      21525.4339413       5376.9455798
   1 2043          0.3860742      21504.2495173       5474.0917739
   2 2019          0.3977734      21468.4703596       5520.6210708
   2 2021          0.4006982      21431.6704230       5549.2686074
   2 2023          0.4036230      21455.8441692       5581.8922708
   2 2025          0.3977734      21471.8998695       5544.0752436
   2 2027          0.3948486      21475.3220756       5521.1350774
   2 2029          0.4006982      21439.3659409       5543.5231878
   2 2031          0.3919238      21500.0695445       5484.4652725
   2 2033          0.3948486      21397.3983404       5497.0583489
   2 2035          0.3802246      21420.6464049       5396.3962860
   2 2037          0.3919238      21437.9726904       5477.7269487
   2 2039          0.4065479      21427.6493186       5599.0783868
   2 2041          0.4094727      21445.7511544       5594.8209362
   2 2043          0.4182471      21447.4056292       5587.3716815
   3 2019          0.3977734      21902.4674708       5632.2235072
   3 2021          0.4065479      21843.8516823       5689.8188044
   3 2023          0.4036230      21922.2849796       5680.8705919
   3 2025          0.4065479      21912.3266683       5706.5700931
   3 2027          0.4153223      21830.1226017       5707.0368804
   3 2029          0.4211719      21816.1160585       5703.1678878
   3 2031          0.4182471      21910.3798970       5696.1593117
   3 2033          0.4240967      21849.7473876       5697.0791113
   3 2035          0.4182471      21861.1525680       5701.2068483
   3 2037          0.4182471      21844.8417305       5702.8776640
   3 2039          0.4182471      21860.0045140       5701.3244767
   3 2041          0.4153223      21844.4521201       5705.5691995
   3 2043          0.3670630      21877.5565159       5430.5020512
   4 2019          0.3977734      22238.1558441       5718.5458336
   4 2021          0.4006982      22213.1070955       5719.8952603
   4 2023          0.4036230      22218.1605449       5779.2231504
   4 2025          0.4006982      22241.9795377       5765.6987445
   4 2027          0.3772998      22179.8228106       5594.6654996
   4 2029          0.3802246      22233.4888399       5588.2824637
   4 2031          0.3948486      22215.8838554       5686.8897083
   4 2033          0.4065479      22168.8318873       5747.9675529
   4 2035          0.3977734      22272.2238946       5732.8280388
   4 2037          0.3977734      22190.7211132       5751.3181693
   4 2039          0.3889990      22251.7193449       5690.1837640
   4 2041          0.4036230      22174.0909571       5770.1032716
   4 2043          0.4036230      22176.1905843       5769.2855371
   5 2019          0.3977734      21750.2088158       5593.0701663
   5 2021          0.4006982      21709.3306619       5613.1370479
   5 2023          0.3948486      21685.0443725       5594.9701592
   5 2025          0.3977734      21736.7080186       5618.2243867
   5 2027          0.3977734      21680.7474384       5638.6872113
   5 2029          0.3977734      21669.2501102       5634.5839427
   5 2031          0.3919238      21730.0740160       5551.3533550
   5 2033          0.3831494      21736.1457637       5481.9710098
   5 2035          0.3919238      21679.1345683       5589.0262685
   5 2037          0.3919238      21678.4436448       5588.8611600
   5 2039          0.3860742      21712.5338053       5544.6123405
   5 2041          0.3919238      21693.3169067       5603.8712035
   5 2043          0.3919238      21718.6813908       5608.6362267
