2019 2020 2021 2022 2023 2024 2025 2026 2027 2028 2029 2030 2031 2032 2033 2034 2035 2036 2037 2038 2039 2040 2041 2042 2043 2044 2045
 0.3700447  0.2897137  0.2713461  0.3274172  0.2955725  0.2724391  0.2385970  0.3674420  0.4104685  0.4957081  0.7446816  0.5585582  0.6097200  0.7512065  1.1936742  1.5233785  1.6353352  1.6651585        NaN  1.6025871  0.6103536  0.1283809  0.1330794  0.2697008  0.2078308  0.4385940  0.5411295
 0.3581629  0.2856166  0.2869814  0.4047372  0.5026011  0.4193467  0.4354294  0.3393669  0.3303828  0.2729174  0.2616693  0.1979366  0.1792993  0.1856531  0.1800141  0.1869259  0.1889258  0.1687224  0.1723129  0.6177221  0.9134353  1.0092332  2.0110331  2.0954919        NaN        NaN  4.1967546
 0.3469262  0.4469132  0.4733142  0.3778200  0.4106672  0.6904711  1.1671300  0.8603388  0.8905709  0.6602702  0.7493183  0.9088610  0.8317908  0.5564361  0.5141084  0.5977040  0.5892426  0.5642562  0.5383215  0.4982696  0.5202662  0.8415609  1.3576418  0.8687942  0.1879479  0.1694187  0.1527865
 0.3481117  0.2147608  0.2004306  0.3650977  0.4006764  0.3154462  0.3760370  0.1935168  0.1841852  0.1248067  0.1261644  0.1738927  0.1531893  0.1890021  0.1913005  0.2333463  0.2319226  0.3172676  0.3528266  0.3233266  0.3124554  0.3658170  0.3594024  0.4208299  0.5652212  0.5334494  0.6706241
 0.3492800  0.2652719  0.2685539  0.3060535  0.3088721  0.3993835  0.4291392  0.6653385  0.8535478  0.8923772  1.4754351  0.8098942  0.6775823  0.1661848  0.1820239  0.3573783  0.4013456  0.5085968  0.5983853  0.2288631  0.1987382  0.3761911  0.4584772  0.7054043  1.3518908  0.5030910  0.3514019
 0.3398981  0.3849831  0.3895920  0.5130602  0.6800355  0.7193982  1.2104006  0.7657275  0.2445606  0.1866296  0.1722728  0.1557760  0.1595754  0.2366417  0.2403425  0.3016810  0.3583519  0.3179219  0.3552396  0.2302600  0.2036667  0.2065265  0.1615473  0.3785616  0.4438138  0.1935411  0.1635938
 0.3830502  0.4375110  0.4601998  0.2885766  0.2989499  0.2827208  0.3468824  0.3714758  0.4763106  0.5423075  0.7511551  0.6118230  0.3850828  0.2739756  0.2413437  0.4952451  0.6193876  0.5498099  0.4869684  0.1392454  0.1318557  0.1968279  0.1773453  0.3143662  0.3381071  0.3405093  0.4514410
 0.3706689  0.1573898  0.1477662  0.1611556  0.1794853  0.2946024  0.2759450  0.4620310  0.4663549  0.2607655  0.2586857  0.4265950  0.5431796  0.4738200  0.6495876  0.5176082  0.2289250  0.2617114  0.2322971  0.7036644  0.8889684  0.9140205  2.4882306  2.1976850  2.8467936  1.2501067  0.1076008
 0.3644012  0.4539894  0.4609368  0.5768679  0.8608434  0.6466095  0.7359140  0.1363999  0.1138643  0.2017958  0.1876060  0.3310439  0.3399533  0.3510415  0.4486767  0.4567184  0.6798090  0.6607318  0.6299468  0.5920952  0.5549347  0.4643327  0.1716113  0.1342750  0.0966238  0.1975618  0.1926399
 0.3855958  0.4070336  0.4255455  0.3682161  0.3555000  0.3030843  0.3780197  0.4350643  0.5459430  0.5459561  0.5666993  0.5137311  0.5691864  0.5512063  0.1676488  0.1750382  0.1494372  0.3145522  0.3432389  0.4096740  0.5959268  1.1166616        NaN  3.0845537  2.1872571  0.8700472  0.7508325
 0.3454323  0.2595130  0.2407657  0.2679034  0.2835195  0.3302565  0.3601755  0.3291728  0.3708820  0.3868506  0.4391052  0.2860810  0.2064550  0.3642594  0.3416964  0.3324166  0.3491814  0.3695756  0.3865862  0.2701554  0.2946046  0.4306744  0.5144246  0.4261340  0.4896671  0.6416985  0.7860887
 0.3874715  0.3357733  0.3371647  0.3717584  0.3968551  0.4350400  0.5896324  0.6715029  1.0293403  0.6874343  0.5464298  0.1480045  0.1378879  0.2468372  0.2392336  0.3847059  0.4531616  0.5373096  0.5295024  0.2650172  0.2246902  0.2688296  0.2628558  0.3367276  0.2668123  0.3755750  0.3571740
 0.4074468  0.4535088  0.4803247  0.3038744  0.3543494  0.2242321  0.2061153  0.1690849  0.1876509  0.3181157  0.4225225  0.5357909  0.6454264  0.6515103  0.8185412  0.6052100  0.6277320  0.5579255  0.1694409  0.1389892  0.1309760  0.1969110  0.2081328  0.4431223  0.5474143  0.3881196  0.2768078
 0.3874858  0.3186763  0.3139320  0.6201707  0.9035056  0.8557922  0.7770355  0.6677285  0.7192325  0.4867956  0.4359952  0.4201678  0.3681359  0.4539295  0.5456796  0.4561350  0.3511373  0.1708287  0.1540410  0.2180770  0.2006352  0.3810395  0.5255011  0.5580647  0.8637293  0.7428135  0.9877277
 0.4330903  0.3874387  0.4071443  0.3922602  0.3999794  0.2868120  0.3055289  0.3068510  0.4086466  0.5704557  0.7114830  0.1133517  0.0800518  0.2052283  0.2142851  0.2165855  0.2605501  0.3780498  0.4761145  0.4689755  0.4523740  0.3129102  0.3247577  0.2614010  0.2418035  0.1862381  0.1689734
 0.3942923  0.3340068  0.3120047  0.3018421  0.3276764  0.4641257  0.5237060  0.5574232  0.5992661  0.4676787  0.3931517  0.3404114  0.3375877  0.3813862  0.4268234  0.3217747  0.2767390  0.1946814  0.1824022  0.2908769  0.3547684  0.4796784  0.7713266  0.5464569  0.5122797  0.3547655  0.3181938
 0.3817389  0.5008118  0.5393993  0.3340639  0.3426281  0.3472348  0.3665131  0.2865581  0.3129513  0.2603555  0.2432893  0.2443902  0.1955788  0.2192352  0.1458250  0.2745911  0.3161886  0.4696436  0.4856230  0.3775480  0.4343962  0.6194319  0.9954261  0.6545184  0.7852769  0.3985518  0.3171807
 0.3184712  0.2730330  0.2692816  0.3680970  0.3791086  0.3528020  0.3516154  0.4406331  0.5947741  0.7155991  1.0625087  0.5896728  0.5506721  0.6208981  0.2927811  0.2120768  0.1922703  0.2012255  0.2115147  0.2705036  0.2235530  0.1996983  0.1895457  0.2595478  0.2936111  0.2657704  0.2288629
 0.3667083  0.3407582  0.3263168  0.8820547  4.7570842        NaN        NaN        NaN        NaN        NaN  2.5760254  0.9426971  0.8188699  1.1563645  1.0969121  0.7387579  0.5732701  0.5914447  0.6071806  0.5349307  0.4931465  0.6189216  0.9148335  0.9924434  0.7810629  0.5930369  0.4163488
 0.3677299  0.3335436  0.3225620  0.4001866  0.4105437  0.3336748  0.3742832  0.4861459  0.7408941  0.1542828  0.1298175  0.1904010  0.1849674  0.3054165  0.3192231  0.5196616  0.5838522  0.8231719  1.4634800  0.9602943  0.7325030  0.7815484  0.9704660  0.7230764  0.8569656  0.5523407  0.4410744
 0.3255887  0.2490758  0.2521796  0.2481722  0.2849263  0.2068400  0.2274087  0.2386900  0.2255236  0.1393138  0.1389909  0.2207069  0.2229362  0.2847490  0.2981876  0.4629222  0.6875978  1.0094446        NaN  1.7376711  1.0932511  0.4274404  0.3396978  0.4537288  0.4600018  0.2475108  0.1942855
 0.3397852  0.2561929  0.2648446  0.2887841  0.3280065  0.2550905  0.2713501  0.4706116  0.6682286  0.3062430  0.1420214  0.1649252  0.1503108  0.2654940  0.3067370  0.3653842  0.4591078  0.3828742  0.3903959  0.3690000  0.3383212  0.2213005  0.1977523  0.1657841  0.1707050  0.1746663  0.1839257
 0.3834312  0.2687761  0.2532925  0.5783427  0.6575425  1.5554116        NaN  0.7975793  0.6480130  0.6305030  0.6100489  1.2059539  1.9060924  0.7634957  0.4917315  0.4505035  0.4179902  0.2889499  0.2964631  0.2875159  0.3176767  0.2411353  0.2370483  0.3680786  0.3945385  0.4443103  0.5509885
 0.3568089  0.3283236  0.3344433  0.3438206  0.4354052  0.5030474  0.5995093  0.5071074  0.5416289  0.5673606  0.6679256  0.9922682  1.5373575  1.1079701  0.7282421  0.1113398  0.1084641  0.1914650  0.1412283  0.3127552  0.3192640  0.3994093  0.5644750  0.3663205  0.4924966  0.3125275  0.2926180
 0.3219950  0.2589949  0.2681231  0.3804674  0.3841052  0.4041295  0.4800709  0.7029805  1.3345637  0.8354203  0.7836968  0.4296002  0.1171606  0.1597331  0.1607156  0.3060935  0.2653838  0.2640717  0.2635383  0.3052800  0.3944132  0.4099092  0.3171347  0.3246925  0.3490939  0.3421831  0.4386510
