              Isim, Ftarg, Btarg
   1 2019          0.3977734      43121.5693246      11088.7194212
   1 2021          0.3919238      43016.8908013      11026.8301438
   1 2023          0.3743750      43016.5549658      10766.9298211
   1 2025          0.4006982      43047.0297203      11094.8374185
   1 2027          0.4065479      43017.3520422      11226.0438154
   1 2029          0.4006982      43135.8620185      11194.3825227
   1 2031          0.4006982      43015.5293608      11150.2145273
   1 2033          0.3948486      43079.6867426      11131.9297590
   1 2035          0.3948486      43144.9071275      11131.8591237
   1 2037          0.3919238      43027.0622484      11080.5035151
   1 2039          0.3685254      42968.2304052      10647.0754774
   1 2041          0.3889990      43109.0441781      10950.1411459
   1 2043          0.3919238      43179.3542401      11050.2385061
   2 2019          0.3977734      42938.1396063      11041.5504357
   2 2021          0.3977734      42766.2046095      11023.9558041
   2 2023          0.4036230      42855.2543491      11120.9542545
   2 2025          0.3919238      42994.2255721      11004.4003827
   2 2027          0.3948486      42834.3091760      11020.2226021
   2 2029          0.4036230      42766.2327989      11104.1757805
   2 2031          0.4036230      42899.2875897      11063.4788330
   2 2033          0.4006982      42939.4263121      11033.9412361
   2 2035          0.3831494      42801.4158174      10818.8544704
   2 2037          0.3977734      42769.1528334      10993.0300396
   2 2039          0.4065479      42865.3372499      11195.7793513
   2 2041          0.4006982      42944.7147568      11162.7438564
   2 2043          0.3977734      42909.4237128      11096.7438928
   3 2019          0.3977734      43806.1338287      11264.7553084
   3 2021          0.3948486      43704.4709461      11249.2163035
   3 2023          0.3948486      43663.1183753      11248.2044438
   3 2025          0.4006982      43800.0793776      11374.1484450
   3 2027          0.3919238      43861.4072315      11272.6608788
   3 2029          0.3977734      43809.4164438      11302.6980731
   3 2031          0.3919238      43826.6241161      11259.0002894
   3 2033          0.3919238      43735.1336777      11179.5618582
   3 2035          0.3948486      43791.8768108      11290.6939308
   3 2037          0.3977734      43639.5753564      11305.9380491
   3 2039          0.4036230      43735.4418313      11349.1811998
   3 2041          0.3977734      43738.7176887      11335.6984579
   3 2043          0.3743750      43769.3044814      11004.5570426
   4 2019          0.3977734      44476.3116883      11437.0916673
   4 2021          0.3802246      44467.3433507      11185.0861134
   4 2023          0.3977734      44422.5201069      11477.6216467
   4 2025          0.4006982      44435.9967690      11492.6495445
   4 2027          0.3772998      44346.9084600      11132.3592194
   4 2029          0.3860742      44469.1479203      11230.6855299
   4 2031          0.4006982      44489.7484884      11413.1061769
   4 2033          0.4094727      44326.6933070      11504.9288320
   4 2035          0.4006982      44443.4020997      11471.5939701
   4 2037          0.4006982      44431.0069309      11504.2448946
   4 2039          0.3889990      44337.3379335      11367.1270788
   4 2041          0.4006982      44444.9489382      11513.6395662
   4 2043          0.4006982      44486.9468213      11542.6299533
   5 2019          0.3977734      43500.4176316      11186.1403325
   5 2021          0.3889990      43471.7468621      11087.5451827
   5 2023          0.3831494      43472.0021425      11032.5924930
   5 2025          0.3919238      43348.8590240      11168.6011719
   5 2027          0.3977734      43358.0252714      11267.3895544
   5 2029          0.4036230      43513.4843671      11333.6062633
   5 2031          0.3802246      43429.5512653      11012.0134040
   5 2033          0.3831494      43495.3242536      10983.7611744
   5 2035          0.4036230      43439.7261389      11294.2649929
   5 2037          0.3948486      43472.1424903      11217.8306283
   5 2039          0.3977734      43520.5556922      11180.9849447
   5 2041          0.4094727      43334.6406043      11345.4801484
   5 2043          0.4065479      43494.4489709      11341.0875974
   6 2019          0.3977734      44314.4619369      11395.4719742
   6 2021          0.3977734      44187.8375020      11418.2733980
   6 2023          0.3977734      44299.1127719      11451.7234999
   6 2025          0.3977734      44142.7062190      11456.7572779
   6 2027          0.3802246      44354.6900764      11224.6808868
   6 2029          0.3977734      44319.2391218      11426.1840064
   6 2031          0.4006982      44288.3499412      11412.5580170
   6 2033          0.3977734      44264.5136210      11426.6251421
   6 2035          0.4036230      44155.1064874      11505.9714160
   6 2037          0.3977734      44219.1327372      11435.4880335
   6 2039          0.3743750      44317.2482439      11113.3339695
   6 2041          0.3919238      44227.0481503      11330.1258731
   6 2043          0.3977734      44328.9270871      11450.7795799
   7 2019          0.3977734      43536.3842430      11195.3891532
   7 2021          0.3919238      43574.9360025      11177.8169555
   7 2023          0.3977734      43573.0125070      11168.1023025
   7 2025          0.4036230      43509.1562477      11265.9168970
   7 2027          0.4065479      43465.9219860      11293.8765905
   7 2029          0.4006982      43451.7688637      11241.9680698
   7 2031          0.3772998      43396.4931867      10943.4255207
   7 2033          0.3831494      43426.3041344      11012.6291539
   7 2035          0.4006982      43457.5923567      11299.6895734
   7 2037          0.3831494      43398.2606149      11045.7466301
   7 2039          0.3772998      43449.1940170      10901.9411286
   7 2041          0.3977734      43531.3242076      11139.1686751
   7 2043          0.4065479      43561.4525085      11304.0449166
   8 2019          0.3977734      43356.5511859      11149.1450498
   8 2021          0.3802246      43359.0861810      10845.7439446
   8 2023          0.3948486      43278.4233867      11056.8463436
   8 2025          0.3831494      43305.1753944      10998.8152100
   8 2027          0.3889990      43241.1643474      11118.9163747
   8 2029          0.3919238      43207.1278074      11092.6617852
   8 2031          0.4006982      43253.6910973      11262.3822074
   8 2033          0.4006982      43385.3643747      11245.5405105
   8 2035          0.3714502      43332.0758908      10810.9101721
   8 2037          0.3889990      43279.0170786      11094.0097474
   8 2039          0.4036230      43352.0679172      11283.4659523
   8 2041          0.4036230      43290.4662942      11286.8932835
   8 2043          0.3889990      43303.7508009      11050.0066778
   9 2019          0.3977734      43599.9252566      11211.7287364
   9 2021          0.3948486      43462.7274955      11216.1427272
   9 2023          0.3977734      43482.9008194      11282.7414093
   9 2025          0.3889990      43540.0166514      11180.4460295
   9 2027          0.3568262      43605.6116397      10552.8358096
   9 2029          0.3919238      43644.3698316      11141.8028704
   9 2031          0.4065479      43474.9789057      11327.7179371
   9 2033          0.4036230      43640.0182025      11327.8569511
   9 2035          0.4006982      43593.0336380      11286.3819322
   9 2037          0.3889990      43554.9135867      11109.7623208
   9 2039          0.3889990      43624.2212922      11092.5786686
   9 2041          0.3831494      43579.4572912      11006.2440727
   9 2043          0.3685254      43665.7302736      10756.8604423
  10 2019          0.3977734      43518.4009373      11190.7647429
  10 2021          0.3919238      43436.8870327      11160.0385601
  10 2023          0.3948486      43514.8610195      11150.1480184
  10 2025          0.4123975      43456.6100052      11316.6686505
  10 2027          0.4006982      43519.5494856      11256.4930651
  10 2029          0.3919238      43513.5445664      11161.2696160
  10 2031          0.3977734      43457.8339037      11196.5980300
  10 2033          0.3802246      43402.8286180      11008.1357244
  10 2035          0.3860742      43497.0854595      11058.0327974
  10 2037          0.4006982      43548.4075972      11272.4008166
  10 2039          0.4036230      43419.7540600      11310.4878740
  10 2041          0.4006982      43388.8598105      11316.4777550
  10 2043          0.3860742      43485.6923606      11090.9016364
  11 2019          0.3977734      42976.5039919      11051.4158444
  11 2021          0.3889990      42930.1056278      10912.1955411
  11 2023          0.3919238      42864.0027728      10990.5860509
  11 2025          0.3948486      42898.7560815      11029.6663813
  11 2027          0.3977734      42995.1412716      11098.9985117
  11 2029          0.3977734      42897.3289172      11092.0513123
  11 2031          0.3860742      42996.0037280      10924.3704568
  11 2033          0.3948486      42946.5575739      11057.0763098
  11 2035          0.4006982      42961.6403717      11104.8323561
  11 2037          0.4065479      42886.3968404      11157.1383894
  11 2039          0.4036230      43033.5346717      11121.5336446
  11 2041          0.3977734      42990.4433058      11104.7253331
  11 2043          0.4036230      42877.3868103      11133.5549396
  12 2019          0.3977734      43550.7708876      11199.0886815
  12 2021          0.3860742      43479.3578470      11093.0727758
  12 2023          0.4006982      43413.5789486      11249.6974726
  12 2025          0.4036230      43410.9156613      11311.1511495
  12 2027          0.3948486      43486.9683680      11252.2661700
  12 2029          0.3802246      43623.4949569      11045.2222268
  12 2031          0.3743750      43562.9124188      10881.4109588
  12 2033          0.4006982      43416.5509842      11228.3179529
  12 2035          0.4036230      43478.5669153      11317.1297363
  12 2037          0.3948486      43559.8438162      11253.7337306
  12 2039          0.3889990      43556.3527777      11121.3651838
  12 2041          0.3889990      43416.9566115      11112.1856747
  12 2043          0.3889990      43498.7135619      11135.4025035
  13 2019          0.3977734      42857.8141742      11020.8947362
  13 2021          0.3919238      42926.9311624      10987.6632674
  13 2023          0.3802246      42921.9933894      10820.6511346
  13 2025          0.3919238      42837.1772141      10933.2219237
  13 2027          0.4036230      42887.5811058      11039.8392242
  13 2029          0.4006982      42868.7903040      11108.2448452
  13 2031          0.3977734      42757.0630466      11087.7927607
  13 2033          0.3977734      42776.9451245      11083.8863195
  13 2035          0.3889990      42812.4387539      10947.4346960
  13 2037          0.3860742      42812.4453859      10921.0401408
  13 2039          0.4006982      42748.0537980      11042.7181335
  13 2041          0.4036230      42795.9775928      11097.0869889
  13 2043          0.3977734      42752.9729018      11059.7111280
  14 2019          0.3977734      43970.3813542      11306.9915896
  14 2021          0.3860742      44031.7085583      11257.9559315
  14 2023          0.3977734      43834.2604852      11386.2235915
  14 2025          0.3919238      43849.4638243      11315.4401363
  14 2027          0.3948486      44006.6764754      11378.2439118
  14 2029          0.3889990      43832.7286928      11266.6656573
  14 2031          0.3919238      44001.2656095      11297.6059809
  14 2033          0.4006982      43973.2541512      11399.4589330
  14 2035          0.3889990      43927.6114572      11247.7111249
  14 2037          0.3772998      43927.1154110      11017.8965328
  14 2039          0.3919238      44016.8645132      11246.6879709
  14 2041          0.4036230      43981.0858044      11440.6532365
  14 2043          0.4006982      44001.5025942      11414.5878589
  15 2019          0.3977734      42317.1161157      10881.8541318
  15 2021          0.3919238      42149.7063337      10845.7644618
  15 2023          0.3889990      42270.3259255      10799.3994269
  15 2025          0.4065479      42299.0922904      10954.2348561
  15 2027          0.4065479      42314.1510929      10950.5905806
  15 2029          0.3860742      42216.7764391      10796.6904235
  15 2031          0.3597510      42356.8028145      10253.6536759
  15 2033          0.4006982      42269.6860679      10942.4033595
  15 2035          0.4065479      42281.9132827      10985.4645392
  15 2037          0.3977734      42154.4376268      10938.3954805
  15 2039          0.3948486      42278.1129370      10891.4129171
  15 2041          0.3948486      42345.8404953      10876.4545178
  15 2043          0.3860742      42260.0862283      10711.2988234
  16 2019          0.3977734      43721.0128484      11242.8664328
  16 2021          0.3919238      43649.2489640      11209.0287486
  16 2023          0.3889990      43730.0192254      11142.9844854
  16 2025          0.3919238      43562.5293782      11244.3453887
  16 2027          0.3948486      43695.6186248      11280.1266452
  16 2029          0.3919238      43556.5830249      11219.1399166
  16 2031          0.4006982      43642.0556547      11307.9886893
  16 2033          0.4065479      43729.5422652      11348.1898056
  16 2035          0.3714502      43781.8990461      10890.8875608
  16 2037          0.3889990      43685.6786288      11110.7919410
  16 2039          0.4094727      43780.1996209      11377.6484875
  16 2041          0.4006982      43700.2037140      11356.1474152
  16 2043          0.3919238      43650.4065592      11236.6719115
  17 2019          0.3977734      42972.9073307      11050.4909624
  17 2021          0.3948486      42877.7527466      11046.1464211
  17 2023          0.3860742      42965.2390048      10935.1343296
  17 2025          0.3977734      42874.7970332      11098.6812518
  17 2027          0.4006982      42952.3147594      11075.8536027
  17 2029          0.4006982      42893.4893199      11043.6188256
  17 2031          0.3889990      42951.7897536      10916.7995807
  17 2033          0.3889990      42833.1708451      10882.9738330
  17 2035          0.4153223      42825.1145965      11211.1154603
  17 2037          0.3948486      42882.8924818      11080.6580290
  17 2039          0.3977734      43040.8432263      11126.3204693
  17 2041          0.4036230      42892.6890199      11189.8782149
  17 2043          0.3889990      42926.2297455      10998.2556201
  18 2019          0.3977734      44389.9918209      11414.8944976
  18 2021          0.3948486      44314.2450643      11345.8133455
  18 2023          0.3948486      44387.2748667      11382.3550335
  18 2025          0.3977734      44431.6546627      11403.0724004
  18 2027          0.4065479      44357.7337808      11559.5553751
  18 2029          0.3948486      44396.9617813      11451.5306762
  18 2031          0.3919238      44222.7319708      11380.2936179
  18 2033          0.3919238      44381.3536279      11404.7358486
  18 2035          0.3919238      44259.4367276      11355.1038884
  18 2037          0.3977734      44311.1416259      11403.6555760
  18 2039          0.3802246      44272.7947663      11238.7444603
  18 2041          0.4006982      44254.7368495      11423.6260289
  18 2043          0.4065479      44379.0083451      11530.7016051
  19 2019          0.3977734      43103.5860189      11084.0950109
  19 2021          0.3948486      43135.4864792      11076.8090017
  19 2023          0.4036230      43102.9484684      11233.1594704
  19 2025          0.3889990      43048.7969605      11063.6543537
  19 2027          0.3889990      43103.9043213      11048.3474060
  19 2029          0.3860742      42962.8521858      10948.7705080
  19 2031          0.3948486      43076.6556187      11059.0875694
  19 2033          0.3977734      42994.2770351      11111.3707264
  19 2035          0.3919238      42989.1519441      11020.3124961
  19 2037          0.3977734      43081.2235782      11093.5695649
  19 2039          0.3977734      43107.8196279      11056.0957323
  19 2041          0.4036230      43161.8015859      11159.1298307
  19 2043          0.3860742      43064.1170699      10942.1866404
  20 2019          0.3977734      42993.2884105      11055.7319608
  20 2021          0.3919238      43042.4293166      10998.2422132
  20 2023          0.3919238      42998.8834594      11012.1668342
  20 2025          0.4036230      42905.6350466      11150.4133820
  20 2027          0.3977734      43044.9561215      11122.9441106
  20 2029          0.3743750      42843.5584484      10716.8405177
  20 2031          0.3977734      42938.1808903      11050.9026940
  20 2033          0.3948486      42981.0281207      11047.5332907
  20 2035          0.4006982      42929.5613826      11148.8775546
  20 2037          0.4006982      42884.3107258      11182.2632800
  20 2039          0.3919238      42876.4829591      11072.4216168
  20 2041          0.3977734      42969.5837712      11145.5306043
  20 2043          0.3948486      42975.0447288      11094.9384202
  21 2019          0.3977734      44180.1865875      11360.9430436
  21 2021          0.3919238      44043.3183446      11300.1247881
  21 2023          0.3919238      44209.0167319      11339.7015814
  21 2025          0.3831494      44024.2131902      11171.5563599
  21 2027          0.3831494      44091.7079420      11172.7016940
  21 2029          0.3889990      44079.0392022      11206.2047899
  21 2031          0.3919238      44227.4919418      11317.1080143
  21 2033          0.4065479      44071.1477272      11465.8939404
  21 2035          0.4065479      44158.5942350      11520.9447839
  21 2037          0.3948486      44121.1017745      11437.1248576
  21 2039          0.3772998      44233.0338470      11180.5433019
  21 2041          0.3802246      44188.6074253      11145.6449553
  21 2043          0.3948486      44153.8641872      11366.6773439
  22 2019          0.3977734      44478.7094624      11437.7082553
  22 2021          0.3889990      44473.8232296      11361.5053649
  22 2023          0.3889990      44516.6246646      11351.5201251
  22 2025          0.3977734      44492.6642686      11428.8951689
  22 2027          0.3977734      44466.7701996      11516.0953650
  22 2029          0.3772998      44327.5739086      11112.3508041
  22 2031          0.3919238      44438.8523610      11374.3789837
  22 2033          0.4036230      44454.1460739      11553.1775703
  22 2035          0.4006982      44442.3857099      11534.4984461
  22 2037          0.3889990      44442.1571852      11400.2560069
  22 2039          0.3889990      44499.1500381      11385.7276851
  22 2041          0.3889990      44351.6920802      11334.2774407
  22 2043          0.4006982      44480.3126537      11463.3029312
  23 2019          0.3977734      42701.9588580      10980.8165132
  23 2021          0.3860742      42549.5389702      10853.6572786
  23 2023          0.3919238      42707.2293714      10991.4882830
  23 2025          0.3977734      42561.2340132      11079.8392566
  23 2027          0.3948486      42683.6707005      11031.6891071
  23 2029          0.3919238      42679.5891718      11002.6054212
  23 2031          0.3977734      42559.6992363      11083.2620788
  23 2033          0.3772998      42743.8785664      10821.3247311
  23 2035          0.3948486      42718.4445857      11013.6454937
  23 2037          0.4006982      42647.1785909      11035.7112652
  23 2039          0.4006982      42691.2098421      11034.7132060
  23 2041          0.3889990      42652.8668696      10846.3298465
  23 2043          0.4036230      42589.1665787      11068.7393671
  24 2019          0.3977734      43928.4203076      11296.2012988
  24 2021          0.3919238      43879.0988853      11258.1665529
  24 2023          0.3977734      43838.3446748      11309.9671897
  24 2025          0.3948486      43884.8611641      11272.5796736
  24 2027          0.3977734      43897.9906905      11291.6203190
  24 2029          0.3977734      43855.1618305      11330.9919367
  24 2031          0.3977734      43849.4316142      11350.4355812
  24 2033          0.3802246      43886.2817456      11106.9161132
  24 2035          0.3685254      43778.5764558      10834.5580559
  24 2037          0.3743750      43768.2279242      10944.1655854
  24 2039          0.4036230      43971.3380789      11400.2129239
  24 2041          0.4094727      43862.8285530      11476.8586813
  24 2043          0.3977734      43878.0585671      11363.5773641
  25 2019          0.3977734      45213.6272225      11626.6924915
  25 2021          0.3919238      45167.6175987      11570.6309418
  25 2023          0.3977734      45195.2064580      11633.2152873
  25 2025          0.4065479      45229.0401453      11738.3653495
  25 2027          0.4036230      45275.4088676      11771.1476467
  25 2029          0.3860742      45227.6830020      11500.2594527
  25 2031          0.3802246      45110.8187716      11347.2800363
  25 2033          0.4006982      45076.0379152      11653.1632327
  25 2035          0.3919238      45233.3578413      11593.0228075
  25 2037          0.4006982      45164.2629796      11687.1479757
  25 2039          0.4036230      45037.9433637      11704.6223124
  25 2041          0.3860742      45190.0493683      11497.1813013
  25 2043          0.4065479      45239.6828273      11740.5141743
  26 2019          0.3977734      43989.5635470      11311.9242939
  26 2021          0.3889990      43986.2511102      11189.5090148
  26 2023          0.4006982      43998.1675780      11341.1814646
  26 2025          0.3977734      44042.3546438      11393.7522850
  26 2027          0.3889990      43953.8750592      11218.9020754
  26 2029          0.3860742      43899.5977897      11167.4742862
  26 2031          0.3772998      43971.4999931      11013.1605696
  26 2033          0.3977734      44001.4800945      11313.6485164
  26 2035          0.4094727      43980.7943276      11389.7758325
  26 2037          0.4065479      43981.5193637      11387.0296213
  26 2039          0.3977734      44031.0081463      11338.2135536
  26 2041          0.3977734      43931.4870217      11309.6549050
  26 2043          0.4036230      43859.3967016      11366.4368804
  27 2019          0.3977734      43498.0198575      11185.5237445
  27 2021          0.3889990      43463.2453010      11065.2789749
  27 2023          0.3977734      43481.3438924      11183.2058297
  27 2025          0.4006982      43386.2073656      11235.0030675
  27 2027          0.3977734      43450.4749779      11195.1965712
  27 2029          0.3860742      43438.4605562      11067.5169287
  27 2031          0.3919238      43438.0113927      11087.2172457
  27 2033          0.4153223      43324.7176476      11319.9019781
  27 2035          0.3977734      43562.0223341      11213.3194808
  27 2037          0.3948486      43457.7364997      11180.5804017
  27 2039          0.4006982      43494.1774657      11221.2754894
  27 2041          0.3977734      43338.6004107      11106.6637303
  27 2043          0.3860742      43441.7539688      11033.2914795
  28 2019          0.3977734      43378.1311528      11154.6943422
  28 2021          0.3889990      43291.0632286      11059.7216544
  28 2023          0.3802246      43208.9164777      10933.7327987
  28 2025          0.3977734      43245.8735268      11146.8157064
  28 2027          0.4094727      43236.4346547      11280.6112717
  28 2029          0.4036230      43276.1895186      11224.3868801
  28 2031          0.3977734      43232.8367348      11184.9188569
  28 2033          0.4036230      43211.3171764      11220.3969425
  28 2035          0.4006982      43402.8108906      11232.7229390
  28 2037          0.3860742      43281.4637680      11053.0375332
  28 2039          0.3772998      43215.2654831      10838.0223192
  28 2041          0.3977734      43292.2062980      11084.0259414
  28 2043          0.4065479      43326.2109855      11256.8241650
  29 2019          0.3977734      44382.7984986      11413.0447335
  29 2021          0.3948486      44284.1106927      11363.2157453
  29 2023          0.4036230      44319.4422213      11515.8601462
  29 2025          0.4006982      44358.2811304      11482.4763872
  29 2027          0.3860742      44255.9436615      11290.2159763
  29 2029          0.3860742      44445.9771463      11239.7522074
  29 2031          0.4065479      44281.6851616      11524.2883372
  29 2033          0.3977734      44358.4633665      11461.3919659
  29 2035          0.3948486      44398.9108566      11385.0284015
  29 2037          0.3948486      44269.1512630      11374.0128351
  29 2039          0.4065479      44307.5404677      11475.7842354
  29 2041          0.4065479      44334.3661994      11518.2608629
  29 2043          0.3977734      44386.0284539      11439.0521076
  30 2019          0.3977734      45464.1946154      11691.1259423
  30 2021          0.3948486      45499.2118840      11674.1383248
  30 2023          0.4065479      45484.9700268      11781.0729474
  30 2025          0.4006982      45461.0171083      11806.9445932
  30 2027          0.3831494      45390.3859366      11542.9133134
  30 2029          0.3772998      45429.4864547      11361.8723314
  30 2031          0.4036230      45518.3571073      11758.2087683
  30 2033          0.4006982      45461.9392521      11812.8361466
  30 2035          0.3919238      45296.0376427      11685.5973475
  30 2037          0.3772998      45335.0277716      11358.0110195
  30 2039          0.4006982      45349.8044969      11748.7516527
  30 2041          0.3977734      45395.4188232      11790.2035116
  30 2043          0.3831494      45443.0035800      11557.4259952
  31 2019          0.3977734      42622.8323128      10960.4691076
  31 2021          0.3889990      42617.9135945      10905.5322342
  31 2023          0.4006982      42583.9752102      11005.1990532
  31 2025          0.3860742      42610.4573798      10831.6330178
  31 2027          0.4036230      42480.0008700      11047.3272182
  31 2029          0.4036230      42641.7166467      11077.9258287
  31 2031          0.3977734      42455.4026636      10963.3480564
  31 2033          0.3802246      42600.4755627      10762.1691832
  31 2035          0.3772998      42538.6288181      10689.2718405
  31 2037          0.3977734      42592.4773084      10972.2175161
  31 2039          0.4036230      42528.3214049      11062.9116882
  31 2041          0.3977734      42685.3515748      11017.9121074
  31 2043          0.3977734      42541.1742646      10987.3131031
  32 2019          0.3977734      44850.3644471      11533.2794025
  32 2021          0.3919238      44809.2991258      11490.8804647
  32 2023          0.3977734      44810.0397478      11493.9595778
  32 2025          0.4036230      44746.7480160      11579.5066946
  32 2027          0.3889990      44757.0731520      11427.4971776
  32 2029          0.3919238      44896.6127058      11395.9505140
  32 2031          0.3948486      44731.3007008      11478.3664846
  32 2033          0.4006982      44797.5737300      11550.8804048
  32 2035          0.4036230      44696.6770453      11598.1009790
  32 2037          0.4094727      44855.9042093      11647.5310616
  32 2039          0.4036230      44774.5747214      11612.0867612
  32 2041          0.3860742      44887.8140086      11348.5548222
  32 2043          0.3977734      44690.3486758      11544.1819292
  33 2019          0.3977734      43767.7694432      11254.8898997
  33 2021          0.3977734      43797.1871970      11347.7194133
  33 2023          0.3977734      43749.2364901      11335.2665376
  33 2025          0.3948486      43671.4149554      11300.7450357
  33 2027          0.3831494      43611.8935548      11107.8403425
  33 2029          0.3860742      43632.5483194      11129.3347865
  33 2031          0.3948486      43700.7986160      11245.5991266
  33 2033          0.4006982      43733.8136975      11318.7296292
  33 2035          0.4006982      43766.1958201      11288.4231011
  33 2037          0.3977734      43749.9768432      11250.9102022
  33 2039          0.3977734      43716.2252252      11326.9818772
  33 2041          0.3919238      43778.3510138      11166.6533077
  33 2043          0.4094727      43680.0801755      11388.3759665
  34 2019          0.3977734      42927.3496229      11038.7757895
  34 2021          0.3831494      42778.3264809      10823.4832959
  34 2023          0.3860742      42931.4205840      10867.5312819
  34 2025          0.3977734      42780.2994695      11041.6741627
  34 2027          0.3977734      42936.0280501      11066.6602572
  34 2029          0.3977734      42781.5199617      11081.3990349
  34 2031          0.4006982      42897.0865675      11174.7203094
  34 2033          0.4006982      42950.4574271      11157.2870350
  34 2035          0.3597510      42841.6903825      10544.2920532
  34 2037          0.3480518      42948.1752422      10110.2002313
  34 2039          0.3802246      42980.3840885      10809.5450841
  34 2041          0.4065479      42805.0004243      11135.4207603
  34 2043          0.3948486      42860.7320714      11054.6207598
  35 2019          0.3977734      42121.6975270      10831.6022060
  35 2021          0.3772998      42063.5336181      10496.8112313
  35 2023          0.3919238      42023.2706089      10744.9626700
  35 2025          0.3860742      42009.7296314      10687.5248462
  35 2027          0.3802246      42004.4612961      10587.8596088
  35 2029          0.4006982      42107.6740746      10798.4208895
  35 2031          0.4123975      42070.4087137      10942.2980756
  35 2033          0.4036230      42100.6394931      10890.1623812
  35 2035          0.3948486      42011.2095848      10776.2304793
  35 2037          0.4006982      42151.2286798      10886.6452827
  35 2039          0.3919238      42108.3749496      10823.3617085
  35 2041          0.3889990      42144.5649793      10756.5556212
  35 2043          0.4006982      42150.5563803      10902.5339714
  36 2019          0.3977734      43402.1088937      11160.8602226
  36 2021          0.3860742      43263.8618577      11015.0509566
  36 2023          0.3860742      43305.6265796      11023.9957996
  36 2025          0.3977734      43249.7235159      11172.2484719
  36 2027          0.3977734      43403.5844860      11198.9952409
  36 2029          0.4036230      43235.4906802      11261.1964811
  36 2031          0.3977734      43272.1189866      11238.3636510
  36 2033          0.3919238      43455.6716748      11126.4276580
  36 2035          0.3948486      43357.1709981      11170.0711591
  36 2037          0.3977734      43290.3657202      11233.8523835
  36 2039          0.3948486      43409.0314145      11212.9036750
  36 2041          0.3831494      43308.6658228      10980.6335443
  36 2043          0.3802246      43459.6825903      10968.4107296
  37 2019          0.3977734      44078.2811885      11334.7380516
  37 2021          0.3977734      43975.5013801      11368.2684480
  37 2023          0.3948486      44071.3037389      11318.5092637
  37 2025          0.3977734      43953.2452744      11332.9992915
  37 2027          0.3831494      44129.0255250      11200.1457142
  37 2029          0.4006982      44016.6882965      11387.2808885
  37 2031          0.4065479      44065.6268176      11439.4303808
  37 2033          0.4094727      44004.9337133      11501.2380364
  37 2035          0.3977734      44025.6113545      11414.1536304
  37 2037          0.3948486      43960.0052347      11315.7237163
  37 2039          0.3977734      43969.3589443      11320.4843453
  37 2041          0.3919238      44057.6244921      11283.8180492
  37 2043          0.3772998      44108.1261038      11104.7454544
  38 2019          0.3977734      43984.7679988      11310.6911178
  38 2021          0.3977734      43894.8562099      11331.6409953
  38 2023          0.4006982      43886.7448248      11359.3785612
  38 2025          0.3889990      43914.9734924      11210.1337109
  38 2027          0.3860742      44004.5957755      11162.1161748
  38 2029          0.4036230      43821.8064355      11379.3400958
  38 2031          0.4006982      44012.9676339      11421.7288259
  38 2033          0.4006982      43846.1660785      11379.6269332
  38 2035          0.3948486      43872.6296328      11318.6825769
  38 2037          0.3977734      43958.4168146      11274.8864906
  38 2039          0.3948486      43845.4170144      11316.8801094
  38 2041          0.3889990      43957.9980078      11256.0483757
  38 2043          0.3977734      43934.2665680      11346.0902268
  39 2019          0.3977734      43072.4149557      11076.0793663
  39 2021          0.3919238      43027.3897947      10998.7281444
  39 2023          0.3977734      43031.3031898      11062.0006666
  39 2025          0.3977734      43118.3133173      11138.0308350
  39 2027          0.3977734      42999.1099013      11159.6460008
  39 2029          0.3948486      42948.2982801      11092.2422073
  39 2031          0.3802246      43082.1282815      10895.3355155
  39 2033          0.4065479      42940.6578877      11177.3091979
  39 2035          0.3977734      43075.8648820      11124.4175403
  39 2037          0.3948486      43045.2539095      11049.3931839
  39 2039          0.3948486      43043.9090307      11041.1930783
  39 2041          0.3977734      42905.6594238      11095.7587918
  39 2043          0.3977734      42966.5220766      11080.6971656
  40 2019          0.3977734      42475.3692060      10922.5489428
  40 2021          0.3889990      42500.0690460      10846.1359721
  40 2023          0.3948486      42404.3875380      10938.9712214
  40 2025          0.3802246      42414.8839175      10707.6254542
  40 2027          0.4036230      42315.8915949      10992.0835088
  40 2029          0.4065479      42477.9645230      11054.4338883
  40 2031          0.3948486      42488.9498194      10920.0980905
  40 2033          0.4036230      42373.8817934      10976.5796256
  40 2035          0.4036230      42325.5813136      10997.3380473
  40 2037          0.3948486      42501.8566599      10925.4505961
  40 2039          0.3948486      42421.4849555      10901.8653342
  40 2041          0.3714502      42499.2259029      10588.1863443
  40 2043          0.3860742      42411.6377955      10721.3761058
  41 2019          0.3977734      43225.8724977      11115.5410012
  41 2021          0.3977734      43083.1857945      11146.4048069
  41 2023          0.4036230      43073.3758181      11203.2325317
  41 2025          0.4065479      43144.0486497      11240.4422482
  41 2027          0.3919238      43293.7425040      11088.4158630
  41 2029          0.3802246      43194.0451938      10901.1446923
  41 2031          0.3919238      43195.7565925      11055.3111075
  41 2033          0.4065479      43143.4240986      11202.6120042
  41 2035          0.3919238      43297.9124747      11092.4447916
  41 2037          0.3802246      43176.0776032      10870.1642248
  41 2039          0.3948486      43105.6947714      11076.1398847
  41 2041          0.4006982      43120.9494259      11174.2091887
  41 2043          0.3948486      43158.7880238      11116.7955416
