FL 2019 2020 2021 2022 2023 2024 2025 2026 2027 2028 2029 2030 2031 2032 2033 2034 2035 2036 2037 2038 2039 2040 2041 2042 2043 2044 2045
 1  0.1254765  0.1016565  0.0908916  0.0897759  0.0817213  0.0940704  0.0764563  0.1474656  0.1786042  0.2037236  0.2772634  0.1472733  0.1449626  0.1685367  0.1928512  0.2646025  0.2801699  0.1733385  0.1948394  0.0574029  0.0391372  0.0569222  0.0493033  0.1260572  0.1102130  0.1981783  0.2359145
 2  0.0238751  0.0186097  0.0170558  0.0178697  0.0118938  0.0147984  0.0139710  0.0309352  0.0424626  0.0516286  0.0664021  0.0293444  0.0285094  0.0351167  0.0405197  0.0513507  0.0529180  0.0344844  0.0372222  0.0092883  0.0063662  0.0099059  0.0095929  0.0234281  0.0208672  0.0401404  0.0509310
 3  0.1162273  0.0657339  0.0663356  0.0930196  0.0730171  0.0815265  0.0853697  0.0886234  0.0782918  0.1079740  0.0887267  0.0716809  0.0791554  0.0568987  0.0545971  0.0835863  0.0890787  0.0730687  0.0682472  0.0420157  0.0402225  0.0686200  0.0634108  0.0889369  0.0714406  0.1000756  0.0912393
 4  0.0444602  0.0477712  0.0366316  0.0608589  0.0452387  0.0450313  0.0322857  0.0346756  0.0278765  0.0419873  0.0370990  0.0389378  0.0312553  0.0337735  0.0362055  0.0412670  0.0444674  0.0365565  0.0451810  0.0549758  0.0408902  0.0472415  0.0406426  0.0487292  0.0368349  0.0388473  0.0332065
 1  0.1220670  0.0981552  0.0883645  0.1386534  0.1502358  0.1404000  0.1265269  0.1233123  0.1249888  0.1168776  0.1121335  0.0647036  0.0627027  0.0667830  0.0651343  0.0586281  0.0571764  0.0631547  0.0541929  0.2654321  0.3866419  0.3396481  0.4028931  0.1913483  0.2095371  0.0888819  0.0713122
 2  0.0232303  0.0180890  0.0166780  0.0274076  0.0308022  0.0262761  0.0230490  0.0235668  0.0232610  0.0220357  0.0226289  0.0131726  0.0132810  0.0142226  0.0137817  0.0128706  0.0102037  0.0112838  0.0106207  0.0572476  0.0851369  0.0662671  0.0760570  0.0359308  0.0390550  0.0155202  0.0126478
 3  0.1130934  0.0765710  0.0815016  0.1094503  0.0984898  0.0865180  0.0809356  0.0971164  0.0846211  0.0771635  0.0837720  0.0904146  0.0862751  0.0761799  0.0909781  0.0800546  0.0707888  0.0635100  0.0719411  0.1539923  0.1362663  0.0801491  0.0986660  0.0784880  0.0859989  0.0322718  0.0391643
 4  0.0433681  0.0402995  0.0355654  0.0305161  0.0351476  0.0383531  0.0388729  0.0435607  0.0407592  0.0343944  0.0323372  0.0357264  0.0340605  0.0351041  0.0380716  0.0407134  0.0422473  0.0356352  0.0354453  0.0336991  0.0328271  0.0329038  0.0285795  0.0339915  0.0352197  0.0351349  0.0328970
 1  0.1187765  0.1402300  0.1314950  0.1291659  0.1148210  0.2472456  0.3144034  0.1925284  0.1794308  0.1266282  0.1297389  0.1777083  0.1780351  0.0792466  0.0751331  0.1625761  0.1686270  0.1628094  0.1632635  0.1344873  0.1397154  0.2402839  0.3000684  0.1424749  0.0992100  0.1054949  0.0964951
 2  0.0226444  0.0259647  0.0246327  0.0231544  0.0211625  0.0493884  0.0623988  0.0349132  0.0327320  0.0243685  0.0266977  0.0358083  0.0331750  0.0152411  0.0142283  0.0321953  0.0327402  0.0316396  0.0311792  0.0261028  0.0289887  0.0520141  0.0610718  0.0228157  0.0153234  0.0181670  0.0190560
 3  0.1100329  0.0810048  0.0834626  0.0732167  0.0708878  0.1146256  0.0959288  0.0557545  0.0604870  0.0634615  0.0700294  0.0787475  0.0706895  0.0638493  0.0732015  0.0749260  0.0665664  0.0728877  0.0712450  0.0989012  0.0886723  0.0911059  0.0931911  0.0454508  0.0427640  0.0559317  0.0656205
 4  0.0423910  0.0364871  0.0406982  0.0379550  0.0353668  0.0316786  0.0329113  0.0329849  0.0337173  0.0308412  0.0343724  0.0419448  0.0380932  0.0379211  0.0389089  0.0340350  0.0342732  0.0366703  0.0334478  0.0388073  0.0323840  0.0305664  0.0445998  0.0452934  0.0409161  0.0338087  0.0311011
 1  0.1193897  0.0451615  0.0378244  0.1320253  0.1372941  0.1280758  0.1406867  0.0733214  0.0658959  0.0437420  0.0347170  0.0532138  0.0483380  0.0583751  0.0628092  0.0862117  0.0966956  0.1518534  0.1734351  0.1376698  0.1355013  0.1596287  0.1565737  0.1795917  0.2197962  0.1700525  0.1919843
 2  0.0226910  0.0082681  0.0072377  0.0265839  0.0284010  0.0275348  0.0294942  0.0148134  0.0115135  0.0074629  0.0066219  0.0103842  0.0100654  0.0131290  0.0148298  0.0208513  0.0219936  0.0341286  0.0370168  0.0282698  0.0243430  0.0290907  0.0311075  0.0389892  0.0503023  0.0377455  0.0413484
 3  0.1105887  0.0431296  0.0424419  0.0631503  0.0683703  0.0733476  0.0893482  0.0538994  0.0704754  0.0524356  0.0605225  0.0790332  0.0831809  0.0959449  0.0951557  0.0860446  0.0791253  0.0791953  0.0946198  0.0667104  0.0643696  0.0717241  0.0770633  0.0764749  0.0737228  0.0885396  0.0972867
 4  0.0420011  0.0372900  0.0342412  0.0345142  0.0339001  0.0334887  0.0362044  0.0454465  0.0534051  0.0367623  0.0395537  0.0383571  0.0355193  0.0365700  0.0377037  0.0381885  0.0356962  0.0342910  0.0393368  0.0426611  0.0396305  0.0359563  0.0303940  0.0290761  0.0323242  0.0304415  0.0325461
 1  0.1189860  0.0867447  0.0774028  0.0965355  0.0893204  0.1558188  0.1515849  0.2988813  0.3614397  0.3895374  0.5182104  0.2198722  0.2025878  0.0748859  0.0548742  0.1736861  0.1931708  0.2285608  0.2817997  0.1049979  0.0885430  0.2044453  0.2503227  0.3441234  0.5299064  0.1478974  0.1053197
 2  0.0231473  0.0161684  0.0147292  0.0187586  0.0161173  0.0291197  0.0281743  0.0580906  0.0659969  0.0701197  0.0983363  0.0391752  0.0267591  0.0110942  0.0090932  0.0328131  0.0405823  0.0519711  0.0501784  0.0173273  0.0163479  0.0414112  0.0533994  0.0751093  0.1078066  0.0207463  0.0138467
 3  0.1099257  0.0709540  0.0607460  0.0566705  0.0531673  0.0602997  0.0571361  0.0869214  0.0834566  0.1241615  0.1432417  0.0986660  0.0908464  0.0476691  0.0605637  0.0934776  0.0893338  0.0993821  0.1013406  0.0698945  0.0834124  0.1156965  0.1189172  0.1334158  0.2069030  0.4011929  0.0459514
 4  0.0434759  0.0398940  0.0368678  0.0408163  0.0388746  0.0365443  0.0375153  0.0376517  0.0386814  0.0297165  0.0302637  0.0526035  0.0485354  0.0372823  0.0364413  0.0344816  0.0319582  0.0385580  0.0406658  0.0378887  0.0338559  0.0289578  0.0275100  0.0293413  0.0383591  0.0373555  0.0413479
 1  0.1162521  0.1609616  0.1562809  0.1979620  0.2043990  0.2047575  0.2341842  0.1501839  0.1162718  0.1172105  0.1106332  0.0749478  0.0815273  0.1281586  0.1323964  0.1614471  0.1827001  0.1349952  0.1490112  0.0756392  0.0692273  0.1077843  0.0847921  0.1882675  0.2189191  0.0768234  0.0635456
 2  0.0225599  0.0301525  0.0292130  0.0370088  0.0384228  0.0403530  0.0462159  0.0257190  0.0186922  0.0205895  0.0220730  0.0166854  0.0185312  0.0282643  0.0275205  0.0336553  0.0402354  0.0302401  0.0314092  0.0154398  0.0129722  0.0182551  0.0154136  0.0382815  0.0443759  0.0140233  0.0120450
 3  0.1074261  0.0894944  0.0924003  0.0762332  0.0864877  0.0732249  0.0752735  0.0490607  0.0541705  0.0640916  0.0659969  0.0880014  0.0820270  0.0662536  0.0747741  0.0730446  0.0758744  0.0845503  0.0714428  0.0330402  0.0389656  0.0647382  0.0648168  0.0823855  0.0954631  0.0677925  0.0650633
 4  0.0426515  0.0421173  0.0391832  0.0379196  0.0352527  0.0318616  0.0401384  0.0410588  0.0393079  0.0337834  0.0321181  0.0315491  0.0386089  0.0370618  0.0349590  0.0307371  0.0317389  0.0348802  0.0352657  0.0359259  0.0440881  0.0398778  0.0345616  0.0335220  0.0426666  0.0379080  0.0328484
 1  0.1297236  0.1629250  0.1493772  0.0796655  0.0704617  0.0817973  0.0891095  0.0939925  0.1083216  0.1102213  0.1304915  0.1005492  0.0746350  0.0532046  0.0454824  0.1825125  0.2175297  0.1581390  0.1747169  0.0631512  0.0440374  0.0631750  0.0566903  0.1229673  0.1394932  0.1114456  0.1354847
 2  0.0243926  0.0292131  0.0271938  0.0143349  0.0135102  0.0172488  0.0203581  0.0224572  0.0259337  0.0263837  0.0298105  0.0180882  0.0124397  0.0094319  0.0090614  0.0399705  0.0501266  0.0377001  0.0281042  0.0095825  0.0073600  0.0113789  0.0109169  0.0262501  0.0322101  0.0269193  0.0339809
 3  0.1204050  0.0684620  0.0719351  0.0706624  0.0878359  0.0730896  0.0683646  0.0923718  0.0828942  0.0951586  0.0869275  0.0490723  0.0460781  0.0259146  0.0344608  0.0802224  0.0644084  0.0957044  0.0872152  0.0415103  0.0470671  0.0970398  0.0964141  0.0991637  0.1020545  0.0952108  0.0902200
 4  0.0445032  0.0371670  0.0370108  0.0365754  0.0360638  0.0280335  0.0298437  0.0334604  0.0310665  0.0360763  0.0424080  0.0453512  0.0394214  0.0319469  0.0335993  0.0361578  0.0317704  0.0527359  0.0523468  0.0387542  0.0367176  0.0437613  0.0408755  0.0364394  0.0344108  0.0357400  0.0315016
 1  0.1244105  0.0278125  0.0232702  0.0292627  0.0284897  0.0893697  0.0942485  0.2184094  0.2038110  0.1181880  0.1040487  0.2146957  0.2595199  0.1857613  0.2264116  0.1306804  0.1159169  0.1531441  0.1190114  0.2924304  0.3720516  0.3139877  0.4473505  0.1317191  0.1113056  0.0770333  0.0534875
 2  0.0246932  0.0052100  0.0044845  0.0060491  0.0064074  0.0212702  0.0190394  0.0406986  0.0348132  0.0203411  0.0193980  0.0441586  0.0578863  0.0424251  0.0516454  0.0276953  0.0156775  0.0227511  0.0208911  0.0558422  0.0727687  0.0627891  0.0898458  0.0225144  0.0186703  0.0121854  0.0081354
 3  0.1146225  0.0486878  0.0542909  0.0392163  0.0456337  0.0523547  0.0519419  0.0451355  0.0554654  0.0635125  0.0670549  0.0735174  0.0626335  0.0776709  0.0861986  0.0845531  0.0789271  0.0464220  0.0505372  0.1392471  0.1251718  0.1343768  0.1305314  0.0732435  0.0874402  0.0508598  0.0530136
 4  0.0469218  0.0404182  0.0392008  0.0318375  0.0298248  0.0397583  0.0441387  0.0371353  0.0394354  0.0413800  0.0407536  0.0312977  0.0311604  0.0295475  0.0360155  0.0598074  0.0502662  0.0419135  0.0355488  0.0354177  0.0308299  0.0284617  0.0355103  0.0410878  0.0433250  0.0435182  0.0434828
 1  0.1237088  0.1514107  0.1412007  0.2371545  0.2766783  0.2088336  0.2051359  0.0484904  0.0320792  0.0822705  0.0684773  0.1282861  0.1494424  0.1369212  0.1632845  0.1150747  0.1404603  0.0807082  0.0722654  0.0677217  0.0640558  0.0670856  0.0632452  0.0764497  0.0395074  0.0637006  0.0585137
 2  0.0237626  0.0277731  0.0261147  0.0461258  0.0533458  0.0382465  0.0371465  0.0077298  0.0049658  0.0137833  0.0129700  0.0274512  0.0344111  0.0327290  0.0405514  0.0289166  0.0350682  0.0171468  0.0147456  0.0137671  0.0124242  0.0133177  0.0134635  0.0106490  0.0058179  0.0110455  0.0118432
 3  0.1145732  0.0741225  0.0665117  0.0845738  0.0800922  0.0580367  0.0614825  0.0282019  0.0284326  0.0574491  0.0628563  0.1015619  0.0878048  0.0797338  0.0743120  0.0765619  0.0698857  0.0479755  0.0576860  0.0631210  0.0669818  0.0589870  0.0688161  0.0664657  0.0643411  0.0730741  0.0780904
 4  0.0440699  0.0394002  0.0340397  0.0341597  0.0390783  0.0388353  0.0460819  0.0439760  0.0428093  0.0375596  0.0343248  0.0366439  0.0321040  0.0315528  0.0292303  0.0286632  0.0370705  0.0358784  0.0389350  0.0390074  0.0386098  0.0341466  0.0635169  0.0512396  0.0443951  0.0333429  0.0346235
 1  0.1300004  0.1695394  0.1598752  0.1119648  0.0885380  0.0820331  0.0904387  0.1124143  0.1231722  0.1099752  0.1094812  0.0976534  0.0988675  0.1126742  0.0943849  0.1002276  0.0800074  0.1418114  0.1509807  0.1543249  0.1998106  0.3051608  0.4136991  0.1476580  0.1316670  0.0983926  0.0851484
 2  0.0246276  0.0307237  0.0290807  0.0184003  0.0156077  0.0163895  0.0203303  0.0262216  0.0286038  0.0238604  0.0217855  0.0197177  0.0212852  0.0218878  0.0170573  0.0171755  0.0141415  0.0275842  0.0326668  0.0373094  0.0504860  0.0721098  0.0855758  0.0270055  0.0210039  0.0166329  0.0162826
 3  0.1205402  0.0860179  0.0802667  0.0903196  0.0849726  0.1049828  0.1008530  0.0697808  0.0700766  0.0578436  0.0581658  0.0639835  0.0745225  0.0463470  0.0427599  0.0609069  0.0608930  0.0741622  0.0713592  0.0885404  0.0740573  0.0862860  0.0755159  0.0667898  0.0660177  0.0535173  0.0633883
 4  0.0455741  0.0410869  0.0443584  0.0412107  0.0349705  0.0249341  0.0302942  0.0307583  0.0320205  0.0353160  0.0342534  0.0317423  0.0409712  0.0434001  0.0410932  0.0434485  0.0378350  0.0310768  0.0312129  0.0321574  0.0336405  0.0376809  0.0304571  0.0402673  0.0360626  0.0339910  0.0366862
 1  0.1180277  0.0648099  0.0560799  0.0745967  0.0718852  0.1063654  0.1093126  0.1250488  0.1311296  0.1310971  0.1432252  0.1295538  0.1001742  0.1638283  0.1579864  0.1403927  0.1442853  0.1612923  0.1695822  0.1029625  0.1101826  0.1718077  0.1950822  0.1353665  0.1439357  0.2016257  0.2315811
 2  0.0228373  0.0120688  0.0108016  0.0148972  0.0145490  0.0222990  0.0216695  0.0252278  0.0286686  0.0291367  0.0316812  0.0230848  0.0167737  0.0288543  0.0285138  0.0267224  0.0296588  0.0328457  0.0344894  0.0212858  0.0238037  0.0374394  0.0396890  0.0272407  0.0297638  0.0421745  0.0449217
 3  0.1090697  0.0497077  0.0712007  0.0577436  0.0507152  0.0740788  0.0759591  0.0618747  0.0620794  0.0776202  0.0676630  0.0893060  0.0772444  0.0922505  0.0818344  0.0961618  0.0942684  0.1045246  0.1171502  0.0960333  0.0912701  0.0916532  0.0860285  0.0832076  0.0895638  0.1054019  0.1053018
 4  0.0428520  0.0380679  0.0416503  0.0350554  0.0324096  0.0381549  0.0385302  0.0333887  0.0338363  0.0346237  0.0374493  0.0479794  0.0403585  0.0434580  0.0379143  0.0350432  0.0392146  0.0330288  0.0334737  0.0366543  0.0331961  0.0379644  0.0369431  0.0365354  0.0329729  0.0354598  0.0561435
 1  0.1305073  0.1152266  0.1005186  0.1400278  0.1344151  0.1705590  0.1987895  0.2108838  0.2553547  0.1642684  0.1508527  0.0819473  0.0570110  0.1027345  0.0956730  0.1723911  0.2095673  0.2225967  0.2510257  0.1226863  0.1016351  0.1146990  0.1110696  0.1727549  0.1337110  0.1709841  0.1705957
 2  0.0247657  0.0208515  0.0186630  0.0260820  0.0259073  0.0350189  0.0429575  0.0469301  0.0512638  0.0314413  0.0234943  0.0125989  0.0087696  0.0180055  0.0189141  0.0378711  0.0504287  0.0498667  0.0520208  0.0218602  0.0178820  0.0214582  0.0216436  0.0289909  0.0232446  0.0310717  0.0325274
 3  0.1209417  0.0427610  0.0512306  0.0752566  0.0828246  0.0831404  0.0800787  0.0692826  0.0591840  0.0496994  0.0600350  0.0528814  0.0543636  0.0728634  0.0760258  0.0825150  0.0824532  0.0726548  0.0638242  0.0646379  0.0647825  0.0666019  0.0664291  0.0656556  0.0670218  0.0912497  0.0766274
 4  0.0457994  0.0367543  0.0387483  0.0369511  0.0327207  0.0331521  0.0312297  0.0337968  0.0360164  0.0389665  0.0413666  0.0452098  0.0383660  0.0376310  0.0336220  0.0324868  0.0351889  0.0374272  0.0378672  0.0361504  0.0352109  0.0409867  0.0492469  0.0439375  0.0395566  0.0407719  0.0359286
 1  0.1355563  0.1296076  0.1162053  0.0774970  0.0739211  0.0691999  0.0607944  0.0459155  0.0487560  0.1207140  0.1514101  0.1880365  0.2146481  0.1999311  0.2214261  0.1129852  0.1072573  0.1737779  0.1229709  0.0836027  0.0797347  0.1194930  0.1321286  0.2543724  0.3043732  0.1847939  0.1069451
 2  0.0258173  0.0236284  0.0214170  0.0153552  0.0134002  0.0125780  0.0118459  0.0098987  0.0117858  0.0326330  0.0402963  0.0440590  0.0441071  0.0397277  0.0438240  0.0217600  0.0219723  0.0284880  0.0197638  0.0151053  0.0160872  0.0261902  0.0302132  0.0560906  0.0549099  0.0238834  0.0163029
 3  0.1255444  0.0667659  0.0715039  0.0469478  0.0543311  0.0633055  0.0655147  0.0688838  0.0722921  0.0663010  0.0627008  0.0699297  0.0664686  0.0753100  0.0749306  0.0558771  0.0605250  0.0589806  0.0628154  0.0669733  0.0701339  0.0852133  0.0908458  0.1207950  0.1469299  0.0807387  0.0827427
 4  0.0485933  0.0326032  0.0350350  0.0352931  0.0402412  0.0390694  0.0369439  0.0291846  0.0371867  0.0273433  0.0325566  0.0383811  0.0327840  0.0336868  0.0365380  0.0364605  0.0470774  0.0391916  0.0357786  0.0307968  0.0321185  0.0330855  0.0377164  0.0388473  0.0547347  0.0482001  0.0426021
 1  0.1307984  0.1637958  0.1481375  0.2571544  0.2975647  0.2884428  0.2546283  0.3029503  0.3165977  0.2276163  0.2191967  0.2027493  0.1712673  0.2038104  0.2315475  0.1611948  0.1537311  0.0671644  0.0566273  0.0848510  0.0712722  0.1757746  0.2214617  0.1865320  0.2382305  0.1404018  0.1448639
 2  0.0245606  0.0294990  0.0271546  0.0495252  0.0578889  0.0487011  0.0407953  0.0508369  0.0577179  0.0413206  0.0357160  0.0324372  0.0294017  0.0384588  0.0475816  0.0320374  0.0263631  0.0120111  0.0093038  0.0145233  0.0138234  0.0389577  0.0550785  0.0479311  0.0569874  0.0295169  0.0304357
 3  0.1213701  0.0421605  0.0376011  0.0640849  0.0731060  0.0692097  0.0675912  0.0550998  0.0611008  0.0741685  0.0689512  0.0641783  0.0730372  0.0895749  0.0930438  0.0883090  0.0724913  0.0567381  0.0586230  0.0541363  0.0579677  0.0726932  0.0764104  0.0775208  0.0780417  0.0399939  0.0359933
 4  0.0453260  0.0362251  0.0331110  0.0339900  0.0384886  0.0383594  0.0370094  0.0340835  0.0339381  0.0391920  0.0425380  0.0400005  0.0367458  0.0337892  0.0369538  0.0422450  0.0386667  0.0404904  0.0406749  0.0352794  0.0331990  0.0280080  0.0301919  0.0293208  0.0316340  0.0349742  0.0301988
 1  0.1425452  0.1646896  0.1511684  0.1411091  0.1230614  0.0911880  0.0890673  0.0928833  0.1137960  0.1552477  0.2041401  0.0387833  0.0202049  0.0966487  0.0984966  0.0878987  0.1038314  0.1617447  0.1971366  0.1821539  0.1749795  0.0994506  0.0982933  0.0569856  0.0541761  0.0850235  0.0724840
 2  0.0270896  0.0297057  0.0272972  0.0248500  0.0206908  0.0165615  0.0180732  0.0212538  0.0291811  0.0406898  0.0394195  0.0050734  0.0031073  0.0178332  0.0210944  0.0219061  0.0280807  0.0427996  0.0445924  0.0350728  0.0322066  0.0190280  0.0201550  0.0119292  0.0110983  0.0161158  0.0133496
 3  0.1320490  0.0732118  0.0745839  0.0769968  0.0811221  0.0928629  0.0957513  0.1044374  0.1268951  0.1713039  0.0766853  0.0311703  0.0371854  0.0608196  0.0554245  0.0735047  0.0731451  0.0628700  0.0652403  0.0835044  0.0852935  0.0693330  0.0616245  0.0762287  0.0642718  0.0714118  0.0635844
 4  0.0507192  0.0380526  0.0432570  0.0409216  0.0408857  0.0350552  0.0313460  0.0427457  0.0609256  0.0759943  0.0591173  0.0441326  0.0409914  0.0311122  0.0275489  0.0298920  0.0322723  0.0361127  0.0388752  0.0398201  0.0399188  0.0348906  0.0342014  0.0392500  0.0458196  0.0437320  0.0382520
 1  0.1323154  0.1361319  0.1222786  0.0794884  0.0789162  0.1847215  0.1828750  0.2288479  0.2303705  0.2086598  0.1900131  0.1526282  0.1517867  0.1661176  0.1846254  0.1296453  0.1038777  0.0747937  0.0562216  0.1003758  0.1145831  0.2078459  0.2936401  0.2474236  0.2565423  0.1630079  0.1396086
 2  0.0251284  0.0246228  0.0224795  0.0155898  0.0156831  0.0359290  0.0345995  0.0419431  0.0427348  0.0367384  0.0317191  0.0273113  0.0297045  0.0337895  0.0376277  0.0243954  0.0142945  0.0113028  0.0100220  0.0209667  0.0281249  0.0574615  0.0758074  0.0504604  0.0430007  0.0271427  0.0223754
 3  0.1226001  0.0582552  0.0645020  0.0644645  0.0641126  0.0565827  0.0502351  0.0710705  0.0761471  0.0872401  0.0791245  0.0760925  0.0814673  0.1225974  0.1421819  0.0808701  0.0906750  0.0491781  0.0646074  0.0834486  0.0896239  0.0807888  0.0804571  0.0806636  0.0924984  0.0688149  0.0714242
 4  0.0466048  0.0437583  0.0356328  0.0384635  0.0412898  0.0368694  0.0372892  0.0385294  0.0393077  0.0443674  0.0411983  0.0346469  0.0331471  0.0322508  0.0380364  0.0544357  0.0541829  0.0423537  0.0369620  0.0297548  0.0292697  0.0320436  0.0375788  0.0480360  0.0451056  0.0400819  0.0419506
 1  0.1289129  0.1675016  0.1580667  0.1000954  0.0893710  0.1318803  0.1278629  0.0901379  0.0975265  0.0752669  0.0720888  0.0728562  0.0727634  0.0743356  0.0492786  0.1203807  0.1403337  0.2110815  0.2368517  0.2036078  0.2128886  0.2881437  0.3979413  0.1902847  0.2079790  0.0990411  0.0770830
 2  0.0243850  0.0304557  0.0289121  0.0183156  0.0162463  0.0247059  0.0256638  0.0193730  0.0211052  0.0155351  0.0147197  0.0150442  0.0146496  0.0117184  0.0082998  0.0235217  0.0313104  0.0471323  0.0456062  0.0378403  0.0419298  0.0601576  0.0833771  0.0387255  0.0345523  0.0156503  0.0136451
 3  0.1195341  0.0817484  0.0878202  0.0539244  0.0564404  0.0580056  0.0533372  0.0897697  0.0890330  0.0945007  0.0932588  0.0953621  0.0877545  0.0871059  0.0824883  0.1351544  0.1317360  0.0966332  0.0798943  0.0662610  0.0709266  0.1164456  0.1080756  0.0906472  0.0894930  0.0597734  0.0552416
 4  0.0452728  0.0396035  0.0416799  0.0345305  0.0372220  0.0336781  0.0276212  0.0373886  0.0389150  0.0415398  0.0385136  0.0370255  0.0547067  0.0505350  0.0390341  0.0286258  0.0328657  0.0455622  0.0411026  0.0354436  0.0308272  0.0287623  0.0312429  0.0434473  0.0462283  0.0359696  0.0318112
 1  0.1102676  0.0810587  0.0739104  0.1124633  0.1035104  0.1036337  0.0973413  0.1694199  0.2037974  0.1996265  0.2492502  0.1268132  0.1140366  0.1751394  0.1608188  0.0966120  0.0845209  0.0924916  0.0963870  0.1192843  0.0898746  0.0698157  0.0669891  0.1071062  0.1302795  0.1099064  0.0954497
 2  0.0212429  0.0151811  0.0141809  0.0207578  0.0196058  0.0194838  0.0184536  0.0348790  0.0457172  0.0470645  0.0474493  0.0224205  0.0214111  0.0317164  0.0295796  0.0176529  0.0157535  0.0186643  0.0202689  0.0209991  0.0157699  0.0132146  0.0139915  0.0252847  0.0344505  0.0240996  0.0185788
 3  0.1019949  0.0906736  0.0900773  0.1012017  0.0884554  0.0940598  0.1012115  0.1024325  0.0922613  0.0958818  0.0871385  0.0506482  0.0535111  0.0801348  0.0657329  0.0703877  0.0573627  0.0914791  0.0876423  0.0457380  0.0355980  0.0705849  0.0679999  0.0913957  0.0860302  0.0371841  0.0379185
 4  0.0398775  0.0411715  0.0426119  0.0454688  0.0409480  0.0451676  0.0395947  0.0305724  0.0267027  0.0439959  0.0385997  0.0375940  0.0357142  0.0367559  0.0372772  0.0398479  0.0324930  0.0359871  0.0450796  0.0445442  0.0356487  0.0374198  0.0332880  0.0302499  0.0377968  0.0430900  0.0336818
 1  0.1249681  0.1281330  0.1168634  0.3317961  0.4789099  0.2649127  0.2539027  0.1597368  0.1385560  0.1082799  0.0995165  0.0812993  0.0743170  0.1308399  0.1385155  0.0862912  0.0768194  0.0931318  0.0954515  0.0595839  0.0555405  0.0874689  0.1024214  0.0710722  0.0648000  0.0717942  0.0604515
 2  0.0235296  0.0232448  0.0216491  0.0659503  0.0991911  0.0445887  0.0388662  0.0257584  0.0240548  0.0203734  0.0173517  0.0149428  0.0152640  0.0280498  0.0284923  0.0166638  0.0152458  0.0192747  0.0202551  0.0123715  0.0120591  0.0207251  0.0252296  0.0157568  0.0133705  0.0135729  0.0112283
 3  0.1159195  0.0812087  0.0768149  0.1222467  0.1219370  0.2353604  0.0658674  0.0553189  0.0490921  0.0591023  0.0689731  0.0494406  0.0560880  0.0880340  0.0766299  0.0586001  0.0562930  0.0699850  0.0714582  0.0567822  0.0671103  0.0786973  0.0789577  0.0478915  0.0540159  0.0487258  0.0433867
 4  0.0433172  0.0396965  0.0335146  0.0269058  0.0290651  0.0342215  0.0386197  0.0313127  0.0325374  0.0390507  0.0427657  0.0337085  0.0329653  0.0350403  0.0369234  0.0393637  0.0349990  0.0359426  0.0357022  0.0362682  0.0342545  0.0261564  0.0350415  0.0390037  0.0399321  0.0412322  0.0351127
 1  0.1235830  0.1063336  0.0972105  0.1568836  0.1364252  0.1296262  0.1318136  0.1812178  0.2371872  0.0679999  0.0433723  0.0754212  0.0736065  0.1213357  0.1229510  0.2265893  0.2625021  0.3818417  0.5462781  0.3694922  0.2842993  0.3142359  0.3484573  0.2099088  0.2206227  0.1143691  0.1021794
 2  0.0244388  0.0200164  0.0183770  0.0280695  0.0230821  0.0236166  0.0270246  0.0419784  0.0549931  0.0110432  0.0071475  0.0139587  0.0154435  0.0265033  0.0249141  0.0459846  0.0531471  0.0768355  0.1057964  0.0534006  0.0432198  0.0521427  0.0626771  0.0392917  0.0397434  0.0209882  0.0166596
 3  0.1139036  0.0803150  0.0788265  0.0732495  0.0904793  0.0887485  0.0701957  0.0881969  0.0872840  0.0380781  0.0449704  0.0571080  0.0632358  0.0821410  0.0773729  0.0822186  0.0939984  0.1062888  0.0979391  0.0727297  0.0649633  0.0927311  0.0804797  0.0658342  0.0705532  0.0663589  0.0586573
 4  0.0466939  0.0401574  0.0392646  0.0392942  0.0386347  0.0313272  0.0263671  0.0279859  0.0458583  0.0417040  0.0371803  0.0355198  0.0352732  0.0399557  0.0377464  0.0376912  0.0372796  0.0308441  0.0361672  0.0406007  0.0357430  0.0367367  0.0342073  0.0327726  0.0331714  0.0403078  0.0377225
 1  0.1114495  0.0997521  0.0916105  0.0972406  0.0974541  0.0519592  0.0520135  0.0803827  0.0749106  0.0507481  0.0422066  0.0854313  0.0820454  0.1138949  0.1302925  0.2106624  0.2851343  0.3139715  0.4595005  0.2247330  0.1790168  0.0596014  0.0481147  0.1242015  0.1295755  0.1229806  0.1011516
 2  0.0220729  0.0191440  0.0177897  0.0197097  0.0200889  0.0112379  0.0110008  0.0166271  0.0137760  0.0091016  0.0081311  0.0171713  0.0174823  0.0256761  0.0305194  0.0502939  0.0688970  0.0749601  0.0864062  0.0360029  0.0257970  0.0096659  0.0089220  0.0255739  0.0272172  0.0230944  0.0176156
 3  0.1026403  0.0657563  0.0625808  0.0471544  0.0474625  0.0463947  0.0390062  0.0694237  0.0611979  0.0541981  0.0578651  0.0590095  0.0541909  0.1048953  0.0909907  0.1062652  0.1035412  0.0859926  0.0652779  0.0420310  0.0518146  0.0229252  0.0364327  0.0681182  0.0663870  0.0567409  0.0565907
 4  0.0426156  0.0377569  0.0373758  0.0312078  0.0306382  0.0367451  0.0381191  0.0455869  0.0427338  0.0385827  0.0361070  0.0329229  0.0356224  0.0392344  0.0344270  0.0275607  0.0267609  0.0400565  0.0395038  0.0394011  0.0446097  0.0333881  0.0331169  0.0365234  0.0380853  0.0417261  0.0400924
 1  0.1170474  0.1108915  0.0998294  0.0873678  0.0843180  0.0743968  0.0713612  0.1828491  0.2279976  0.0464351  0.0416630  0.0808534  0.0729578  0.1452164  0.1692988  0.1870118  0.2316793  0.1523219  0.1472280  0.1449062  0.1354987  0.1137636  0.0921349  0.0687930  0.0688794  0.0638599  0.0685591
 2  0.0222378  0.0203095  0.0187827  0.0171456  0.0163936  0.0146233  0.0149386  0.0414170  0.0495724  0.0095541  0.0076540  0.0150340  0.0143302  0.0314480  0.0394490  0.0442207  0.0533879  0.0308663  0.0279886  0.0271959  0.0242016  0.0193510  0.0165989  0.0136129  0.0153318  0.0151702  0.0164384
 3  0.1084871  0.0663755  0.0598258  0.0589188  0.0591163  0.0686941  0.0688215  0.0819519  0.0679140  0.0572342  0.0544972  0.0523809  0.0558525  0.0788605  0.0753199  0.0914004  0.0845362  0.0584767  0.0498295  0.0628243  0.0611128  0.0616830  0.0677289  0.0654061  0.0642304  0.0836062  0.0823977
 4  0.0409754  0.0409160  0.0372598  0.0369704  0.0363660  0.0371434  0.0337824  0.0323941  0.0344118  0.0402881  0.0437162  0.0377861  0.0334047  0.0289318  0.0293933  0.0341724  0.0378382  0.0382309  0.0367901  0.0397841  0.0359407  0.0379283  0.0413191  0.0323130  0.0323334  0.0358328  0.0405188
 1  0.1287303  0.1083194  0.0967998  0.2224375  0.2005088  0.4646553  0.7067136  0.4007359  0.3452768  0.3573620  0.3513066  0.5292627  0.6405865  0.3784941  0.2704339  0.2385656  0.2044420  0.1141074  0.1207753  0.1019373  0.1097461  0.0551876  0.0532829  0.1434782  0.1521779  0.1656104  0.1930846
 2  0.0248432  0.0199418  0.0181201  0.0390919  0.0350903  0.0878419  0.1081644  0.0541047  0.0549189  0.0572360  0.0550254  0.0847157  0.0998779  0.0527222  0.0324543  0.0347159  0.0351714  0.0219895  0.0250978  0.0223294  0.0243837  0.0118501  0.0110045  0.0296331  0.0321287  0.0367075  0.0404789
 3  0.1190409  0.0630274  0.0604542  0.0592193  0.0606530  0.1135698  0.1057661  0.0791809  0.0909510  0.0820022  0.0839247  0.0787237  0.0867684  0.0579234  0.0602287  0.0692829  0.0756489  0.0975677  0.0740264  0.0815774  0.0707442  0.0553765  0.0635820  0.0818968  0.0860466  0.0723440  0.0764622
 4  0.0466638  0.0416480  0.0456493  0.0361984  0.0336108  0.0404549  0.0387870  0.0419518  0.0399020  0.0388365  0.0427040  0.0370737  0.0366061  0.0503725  0.0445254  0.0386222  0.0350981  0.0361138  0.0317941  0.0356250  0.0312695  0.0392571  0.0411678  0.0349301  0.0323470  0.0311103  0.0398980
 1  0.1219628  0.1219804  0.1093723  0.1016003  0.1058626  0.1002132  0.0980038  0.0856546  0.0822477  0.1001752  0.1028770  0.1551377  0.1822405  0.1262468  0.1180011  0.0720110  0.0542735  0.0835091  0.0492036  0.1501399  0.1600184  0.1982292  0.2939199  0.1807159  0.2432324  0.1240791  0.1116862
 2  0.0230466  0.0222855  0.0204998  0.0202322  0.0231202  0.0212118  0.0195009  0.0168398  0.0165796  0.0209328  0.0228929  0.0367707  0.0388988  0.0257838  0.0191854  0.0117625  0.0086664  0.0116474  0.0075505  0.0273078  0.0342067  0.0496438  0.0816301  0.0494285  0.0547701  0.0232816  0.0195839
 3  0.1131144  0.0527603  0.0621262  0.0630252  0.0704725  0.0807947  0.0723458  0.0683402  0.0729081  0.0531688  0.0533136  0.0690029  0.0721505  0.0558237  0.0633297  0.0623816  0.0638126  0.0550814  0.0543807  0.0808289  0.0871670  0.1102086  0.1137413  0.0807211  0.0813219  0.0640077  0.0655703
 4  0.0426943  0.0370208  0.0346317  0.0325477  0.0412200  0.0388016  0.0355724  0.0344210  0.0339591  0.0316510  0.0313187  0.0335465  0.0354712  0.0433263  0.0435840  0.0473186  0.0609433  0.0506962  0.0401998  0.0354873  0.0319712  0.0228098  0.0277666  0.0369199  0.0409742  0.0432244  0.0456712
 1  0.1113715  0.0991147  0.0899924  0.1127837  0.1050988  0.1487608  0.1574594  0.2549961  0.3472799  0.1168754  0.1055304  0.0562050  0.0406610  0.0870811  0.0854298  0.1404908  0.1295591  0.1371799  0.1421340  0.1585800  0.1827969  0.1840726  0.1134036  0.1221719  0.1337756  0.1045175  0.1250105
 2  0.0213932  0.0185077  0.0172129  0.0212901  0.0202173  0.0292714  0.0320640  0.0546131  0.0755094  0.0226405  0.0184586  0.0090213  0.0069441  0.0165085  0.0183346  0.0289948  0.0247028  0.0267805  0.0291395  0.0334682  0.0401618  0.0272129  0.0175449  0.0224211  0.0286158  0.0249603  0.0311611
 3  0.1030635  0.0693202  0.0628812  0.0755903  0.0836779  0.0998934  0.1177767  0.1128493  0.1155956  0.0657709  0.0731598  0.0582661  0.0541395  0.0685201  0.0706031  0.0584286  0.0742202  0.0819355  0.0853903  0.1216562  0.1180993  0.0860766  0.0812508  0.0943948  0.0966959  0.1142974  0.1019827
 4  0.0401234  0.0400404  0.0348593  0.0354316  0.0348317  0.0306236  0.0321973  0.0269793  0.0303691  0.0409386  0.0417298  0.0428180  0.0371132  0.0303231  0.0365727  0.0394899  0.0381528  0.0326034  0.0362229  0.0307885  0.0513351  0.0531333  0.0396930  0.0325455  0.0322678  0.0286607  0.0287750
 1  0.1145158  0.0692925  0.0614881  0.0800054  0.0790842  0.1877495  0.2433748  0.1058250  0.0926544  0.0879601  0.0727243  0.0608627  0.0452550  0.0845315  0.0836959  0.0570793  0.0604582  0.0729820  0.0824382  0.0930905  0.1009535  0.0930775  0.0898117  0.0935521  0.1056113  0.0431479  0.0417615
 2  0.0226344  0.0130720  0.0118410  0.0159274  0.0168492  0.0436235  0.0571083  0.0207978  0.0174619  0.0155795  0.0134687  0.0103876  0.0080371  0.0165042  0.0176881  0.0128761  0.0144947  0.0180815  0.0202042  0.0222194  0.0236555  0.0199307  0.0189114  0.0210925  0.0229695  0.0091863  0.0091883
 3  0.1056338  0.0684090  0.0645570  0.0681255  0.0714927  0.0660024  0.0727841  0.0645947  0.0669783  0.0507718  0.0576611  0.0565733  0.0541662  0.0680723  0.0709472  0.0860960  0.0898911  0.0852900  0.0886098  0.0588265  0.0651744  0.0631373  0.0757297  0.0883591  0.0911527  0.0666780  0.0710097
 4  0.0427542  0.0408953  0.0376867  0.0314434  0.0314242  0.0331367  0.0402879  0.0424443  0.0400555  0.0358188  0.0405105  0.0433811  0.0425507  0.0369792  0.0362189  0.0357549  0.0335736  0.0336315  0.0356927  0.0303742  0.0357609  0.0375130  0.0372479  0.0330527  0.0364060  0.0377598  0.0332370
 1  0.1157815  0.0694723  0.0618803  0.0959730  0.0954191  0.1309915  0.1370163  0.0820484  0.0822583  0.1061157  0.1102830  0.0690237  0.0560505  0.0614410  0.0679389  0.1074568  0.1193790  0.0979459  0.1006148  0.1029767  0.1041190  0.0376113  0.0350762  0.0630484  0.0597832  0.0907826  0.0790206
 2  0.0229241  0.0132355  0.0119999  0.0190640  0.0190884  0.0265987  0.0284106  0.0173033  0.0175871  0.0235407  0.0206243  0.0119731  0.0105357  0.0130767  0.0166100  0.0270277  0.0281019  0.0215537  0.0215595  0.0214741  0.0216663  0.0077159  0.0075534  0.0136359  0.0121416  0.0170749  0.0153287
 3  0.1066490  0.0677348  0.0622719  0.0875164  0.0836576  0.0788669  0.0866072  0.0469889  0.0600887  0.0765078  0.0661925  0.0628187  0.0654183  0.0917917  0.0874577  0.0898352  0.0774710  0.0461938  0.0582215  0.0926599  0.0862494  0.0675464  0.0679856  0.0562570  0.0542757  0.0749134  0.0596775
 4  0.0440659  0.0387184  0.0374434  0.0375922  0.0369689  0.0338001  0.0381062  0.0336383  0.0305633  0.0399926  0.0434017  0.0431449  0.0351370  0.0293340  0.0298350  0.0407950  0.0387201  0.0332640  0.0350139  0.0373817  0.0347288  0.0362278  0.0375227  0.0378580  0.0390769  0.0419205  0.0351159
 1  0.1290325  0.0987184  0.0861942  0.0882717  0.0742409  0.1131579  0.0967226  0.1036174  0.1203658  0.1053187  0.1171515  0.1445513  0.1554437  0.0943779  0.0916873  0.1466629  0.1794111  0.1789890  0.1631009  0.0663764  0.0432397  0.0462596  0.0423973  0.1079892  0.1190741  0.1725249  0.2317791
 2  0.0246445  0.0180101  0.0161241  0.0160444  0.0129569  0.0195074  0.0180689  0.0218539  0.0285709  0.0255604  0.0272036  0.0316792  0.0307473  0.0183580  0.0194130  0.0339306  0.0420297  0.0358384  0.0277104  0.0097684  0.0070338  0.0085144  0.0083229  0.0232318  0.0280061  0.0435778  0.0595084
 3  0.1195162  0.0513545  0.0611491  0.0616077  0.0516966  0.0728479  0.0822118  0.0999245  0.0881560  0.0903001  0.0856195  0.0772540  0.0800747  0.0611169  0.0664422  0.0868949  0.0879339  0.0824837  0.0775765  0.0582355  0.0564878  0.0801657  0.0799321  0.0912735  0.0879224  0.0883947  0.0830157
 4  0.0458670  0.0390910  0.0380244  0.0410648  0.0421152  0.0395374  0.0366035  0.0318913  0.0319922  0.0361510  0.0355476  0.0362574  0.0373847  0.0335964  0.0283687  0.0307467  0.0403748  0.0482196  0.0487106  0.0467734  0.0410538  0.0390734  0.0366966  0.0345728  0.0336238  0.0312803  0.0296702
 1  0.1183230  0.0823829  0.0730944  0.1702413  0.1919459  0.1537180  0.1657369  0.1226405  0.1020586  0.0552603  0.0461486  0.1242565  0.1382678  0.1543256  0.1752123  0.0988375  0.0957680  0.1427833  0.1266555  0.1124870  0.1009027  0.1410693  0.1441930  0.1236822  0.1401633  0.0642361  0.0549215
 2  0.0224026  0.0152347  0.0139240  0.0343058  0.0387724  0.0308507  0.0333769  0.0221117  0.0176890  0.0097396  0.0087224  0.0259176  0.0318555  0.0365307  0.0371272  0.0195847  0.0188855  0.0267039  0.0208732  0.0191354  0.0187251  0.0270382  0.0292328  0.0270762  0.0294289  0.0122004  0.0103786
 3  0.1097152  0.0665079  0.0697451  0.1037369  0.0989080  0.0964170  0.0900888  0.0667124  0.0596009  0.0548806  0.0587486  0.0850794  0.0904262  0.0752773  0.0811273  0.0823880  0.0780547  0.1024049  0.1071765  0.1214594  0.1228316  0.1118014  0.1081822  0.0908537  0.0883485  0.0704130  0.0758537
 4  0.0420017  0.0386313  0.0335626  0.0308930  0.0313908  0.0319178  0.0343946  0.0400586  0.0389312  0.0361695  0.0370593  0.0315699  0.0345009  0.0353417  0.0368737  0.0390983  0.0383607  0.0410823  0.0385776  0.0371605  0.0352988  0.0351177  0.0311400  0.0344232  0.0403100  0.0384363  0.0333578
 1  0.1082802  0.1142389  0.1065949  0.0890390  0.0949837  0.1944824  0.2512712  0.1304044  0.1208203  0.0537041  0.0358764  0.0836514  0.0851345  0.2033341  0.2599600  0.2169901  0.2332995  0.0488258  0.0359071  0.1124046  0.1154612  0.3044422  0.3874495  0.1934525  0.1766685  0.1848536  0.1319009
 2  0.0206362  0.0212219  0.0202230  0.0180350  0.0205332  0.0446092  0.0586533  0.0265283  0.0220075  0.0083357  0.0059946  0.0161061  0.0186306  0.0488010  0.0632571  0.0479641  0.0408105  0.0078482  0.0062876  0.0219935  0.0247352  0.0670537  0.0784084  0.0351908  0.0269373  0.0269331  0.0204801
 3  0.1003378  0.0912197  0.0780078  0.0879801  0.0913768  0.0775144  0.0730573  0.0625000  0.0587976  0.0456300  0.0535638  0.0646350  0.0754683  0.0720325  0.0685132  0.0702471  0.0727196  0.0358977  0.0491478  0.0618011  0.0675525  0.0702003  0.0761278  0.0823659  0.0774138  0.0807246  0.0927072
 4  0.0383101  0.0405596  0.0351905  0.0342711  0.0300071  0.0295303  0.0326370  0.0392985  0.0475023  0.0399782  0.0371895  0.0306477  0.0307966  0.0291073  0.0311721  0.0395287  0.0414914  0.0381076  0.0400282  0.0361749  0.0327626  0.0332141  0.0378129  0.0463880  0.0462698  0.0421933  0.0380250
 1  0.1326288  0.1176636  0.1029549  0.1292633  0.1382534  0.1164826  0.1019325  0.1663451  0.1619077  0.1988395  0.2576958  0.0996679  0.1007056  0.1045976  0.0938325  0.0926553  0.0712166  0.1034107  0.0949196  0.1625604  0.1990420  0.1933987  0.2089023  0.1148433  0.1208322  0.0788595  0.0756651
 2  0.0249980  0.0212418  0.0190951  0.0256877  0.0285218  0.0223801  0.0173382  0.0292589  0.0312429  0.0429060  0.0569665  0.0211002  0.0207465  0.0204344  0.0159944  0.0155956  0.0113053  0.0181675  0.0192822  0.0368747  0.0456735  0.0411106  0.0423367  0.0231815  0.0251117  0.0163111  0.0157125
 3  0.1230205  0.0465007  0.0484589  0.0790008  0.0979029  0.0688669  0.0777487  0.0834232  0.0905897  0.1037095  0.1091838  0.0679104  0.0713133  0.0641123  0.0621899  0.0626826  0.0634900  0.0522562  0.0684626  0.0959723  0.0930130  0.0767331  0.0912227  0.0740431  0.0682532  0.0607975  0.0709299
 4  0.0462208  0.0349661  0.0311582  0.0324085  0.0407290  0.0457371  0.0414099  0.0381609  0.0317476  0.0277717  0.0346378  0.0327631  0.0359921  0.0463403  0.0442578  0.0473627  0.0440011  0.0348221  0.0351994  0.0359955  0.0363309  0.0375548  0.0377753  0.0357945  0.0353323  0.0386452  0.0352503
 1  0.1083181  0.1140063  0.1052260  0.0598548  0.0575755  0.0875109  0.0934169  0.1076381  0.1128922  0.0496127  0.0407632  0.0712322  0.0654123  0.0695362  0.0720772  0.1006180  0.1044951  0.0740851  0.0867996  0.0840537  0.0967781  0.0476334  0.0438213  0.0955897  0.1002018  0.1056688  0.0893358
 2  0.0208560  0.0213050  0.0200920  0.0117899  0.0117379  0.0186803  0.0199650  0.0235410  0.0206982  0.0086751  0.0078352  0.0138440  0.0133640  0.0152130  0.0162149  0.0219767  0.0230591  0.0175564  0.0217160  0.0214002  0.0251159  0.0106415  0.0090849  0.0201662  0.0222955  0.0207694  0.0169774
 3  0.1001866  0.0751556  0.0629440  0.0730983  0.0755414  0.0935303  0.0924889  0.0906423  0.0868600  0.0566298  0.0809061  0.0770292  0.0639988  0.0758038  0.0707048  0.0865216  0.0799481  0.0859885  0.0860746  0.0779650  0.0660484  0.0731250  0.0606733  0.0711375  0.0648577  0.0548162  0.0564221
 4  0.0388983  0.0379885  0.0356454  0.0369523  0.0352944  0.0356780  0.0365245  0.0420261  0.0467830  0.0385601  0.0420768  0.0396917  0.0359236  0.0341633  0.0340369  0.0386227  0.0339848  0.0303598  0.0313727  0.0329473  0.0338536  0.0394035  0.0412323  0.0316083  0.0405662  0.0400840  0.0378122
 1  0.1220607  0.3689111  0.4298357  0.2897139  0.3241388  0.2737158  0.2770574  0.1660224  0.1153518  0.0917864  0.0826846  0.1460276  0.1371831  0.1509904  0.1477060  0.1040436  0.1179338  0.1191082  0.1050169  0.2447534  0.2970863  0.1575815  0.0916912  0.1235702  0.1326338  0.1514308  0.1966200
 2  0.0234936  0.0679193  0.0742828  0.0495819  0.0569896  0.0470152  0.0486646  0.0247946  0.0182669  0.0161692  0.0157162  0.0278768  0.0253344  0.0282276  0.0289849  0.0225470  0.0242784  0.0221218  0.0199247  0.0488018  0.0617579  0.0221689  0.0139817  0.0222526  0.0280301  0.0368113  0.0493064
 3  0.1129126  0.0959440  0.1064318  0.0914498  0.0928933  0.0611211  0.0718919  0.0594094  0.0545202  0.0465067  0.0492093  0.0960799  0.0835084  0.0748380  0.0847304  0.1120965  0.1001550  0.0812217  0.0947626  0.0876259  0.0918544  0.0975327  0.1065637  0.0956181  0.0946730  0.1038936  0.0905236
 4  0.0437848  0.0366786  0.0353844  0.0366503  0.0355335  0.0325958  0.0386188  0.0436240  0.0393819  0.0347842  0.0408765  0.0402574  0.0381781  0.0343991  0.0323680  0.0318125  0.0377746  0.0409864  0.0385594  0.0291103  0.0494685  0.0460562  0.0361796  0.0356737  0.0279424  0.0266706  0.0289927
 1  0.1223909  0.0534962  0.0456042  0.0619426  0.0500123  0.1018064  0.1024561  0.1105136  0.1137824  0.1500964  0.1590561  0.2927863  0.4148757  0.4510397  0.7382125  0.2415808  0.1639298  0.0296642  0.0140728  0.0460794  0.0367806  0.0914538  0.0983664  0.1522793  0.1893207  0.1244541  0.1174732
 2  0.0234945  0.0099101  0.0087609  0.0110576  0.0093066  0.0201937  0.0204967  0.0228073  0.0241493  0.0316945  0.0334037  0.0649545  0.0953847  0.0956574  0.1396437  0.0305579  0.0167482  0.0033673  0.0020529  0.0076169  0.0069535  0.0196517  0.0234798  0.0390340  0.0403505  0.0237948  0.0232462
 3  0.1132614  0.0478079  0.0508699  0.0647099  0.0632328  0.0778879  0.0742006  0.0721356  0.0696617  0.0684538  0.0679648  0.0660384  0.0664768  0.1166102  0.1947107  0.5743094  0.0397805  0.0101219  0.0162346  0.0368325  0.0373985  0.0801818  0.0720961  0.0964117  0.0803318  0.0649153  0.0702317
 4  0.0441167  0.0370420  0.0394521  0.0448814  0.0385258  0.0363880  0.0364294  0.0372211  0.0341097  0.0354763  0.0376068  0.0274104  0.0279445  0.0395238  0.0554977  0.0795031  0.0541727  0.0429562  0.0361662  0.0374880  0.0318765  0.0346884  0.0302610  0.0394642  0.0441982  0.0361704  0.0346737
 1  0.1338174  0.0269737  0.0223207  0.0698560  0.0671269  0.0668634  0.0601690  0.0595271  0.0551647  0.0528717  0.0478048  0.0558844  0.0602413  0.0854049  0.1065386  0.0745538  0.0657345  0.1394005  0.1489417  0.1453422  0.1431699  0.1051832  0.0973892  0.1379871  0.1518504  0.2473085  0.3238790
 2  0.0253898  0.0049197  0.0042407  0.0139231  0.0137749  0.0134774  0.0115879  0.0121014  0.0098160  0.0097761  0.0096213  0.0123067  0.0148671  0.0234515  0.0288418  0.0157997  0.0132806  0.0283595  0.0307482  0.0292139  0.0296214  0.0208172  0.0188219  0.0285805  0.0330166  0.0551681  0.0692563
 3  0.1239903  0.0516134  0.0461667  0.0570770  0.0668949  0.0503152  0.0494124  0.0557344  0.0575878  0.0843809  0.0917412  0.0838871  0.0774336  0.0943482  0.0918397  0.0622586  0.0679664  0.0874436  0.0981365  0.0574385  0.0559434  0.0624035  0.0622949  0.0703822  0.0802420  0.1081488  0.1121372
 4  0.0476223  0.0414819  0.0376255  0.0382094  0.0418484  0.0358427  0.0348310  0.0427894  0.0407369  0.0406755  0.0387559  0.0326024  0.0274147  0.0323675  0.0461134  0.0382739  0.0354412  0.0343443  0.0385658  0.0350185  0.0396685  0.0432869  0.0390010  0.0304818  0.0342836  0.0315327  0.0307955
 1  0.1259169  0.0831957  0.0719578  0.0697180  0.0569355  0.0985622  0.1077576  0.1551213  0.1577951  0.1423999  0.1565728  0.2125834  0.2578438  0.1140628  0.1039737  0.1333504  0.1247336  0.2386922  0.2858208  0.2486893  0.2719449  0.1246701  0.0922912  0.1215592  0.1029400  0.1105568  0.0922545
 2  0.0239017  0.0150352  0.0134473  0.0124157  0.0107793  0.0207012  0.0232236  0.0320306  0.0316992  0.0291521  0.0335112  0.0473191  0.0537143  0.0216210  0.0195481  0.0248175  0.0244161  0.0494433  0.0548466  0.0466849  0.0515725  0.0206452  0.0144087  0.0205332  0.0173875  0.0187948  0.0175288
 3  0.1166749  0.0633899  0.0561594  0.0411168  0.0417653  0.0751194  0.0692083  0.0818903  0.0853804  0.0838638  0.0722595  0.0755412  0.0642534  0.0640015  0.0630530  0.0641949  0.0602914  0.0937092  0.0801819  0.0678728  0.0718874  0.0693746  0.0730042  0.0612355  0.0667782  0.0580749  0.0601035
 4  0.0437607  0.0419902  0.0398856  0.0363003  0.0308991  0.0388693  0.0393673  0.0405519  0.0370364  0.0333797  0.0294005  0.0343801  0.0350537  0.0371177  0.0328091  0.0335589  0.0330453  0.0412213  0.0369001  0.0339974  0.0390666  0.0425154  0.0402570  0.0397420  0.0485447  0.0385082  0.0350535
 1  0.1118120  0.1818013  0.1817325  0.1114552  0.1132521  0.1223982  0.1073334  0.1739187  0.1683045  0.1951156  0.1545527  0.1220923  0.1392476  0.2080394  0.2762001  0.2200832  0.2585938  0.1040394  0.0960159  0.0687633  0.0685683  0.0964307  0.0968114  0.0683480  0.0535775  0.0545499  0.0529517
 2  0.0220355  0.0345272  0.0341012  0.0216260  0.0219021  0.0219533  0.0199439  0.0328132  0.0279737  0.0300653  0.0262910  0.0239989  0.0293729  0.0465376  0.0631411  0.0470408  0.0519517  0.0195172  0.0188348  0.0140850  0.0148555  0.0208362  0.0208407  0.0127054  0.0100030  0.0111007  0.0111331
 3  0.1031050  0.0917624  0.0955780  0.0804319  0.0786612  0.0879508  0.0857649  0.0879583  0.0854779  0.1075675  0.1028235  0.1118296  0.1057207  0.1406613  0.1329234  0.0771314  0.0717785  0.0632132  0.0619489  0.0642921  0.0628961  0.0685091  0.0652751  0.0317899  0.0299185  0.0463845  0.0530211
 4  0.0419424  0.0389368  0.0403218  0.0339537  0.0378996  0.0401677  0.0365552  0.0450629  0.0543761  0.0418110  0.0315526  0.0288386  0.0326083  0.0310669  0.0291369  0.0332976  0.0342703  0.0368376  0.0343701  0.0330379  0.0349924  0.0345078  0.0437452  0.0381794  0.0308794  0.0342886  0.0360013
 1  0.1216805  0.1436062  0.1331508  0.1081641  0.1106328  0.1060188  0.1052170  0.0772619  0.0663633  0.1287843  0.1298977  0.2254046  0.2871372  0.2214831  0.2176449  0.1875432  0.1722809  0.0867807  0.0728117  0.1227930  0.1298475  0.1698954  0.1531405  0.1812432  0.1760313  0.2282572  0.2904849
 2  0.0233076  0.0264306  0.0247856  0.0211197  0.0223308  0.0217655  0.0193740  0.0138542  0.0120662  0.0246703  0.0264049  0.0486573  0.0650677  0.0431443  0.0388402  0.0324305  0.0299316  0.0150373  0.0133321  0.0250289  0.0264731  0.0322373  0.0271549  0.0321044  0.0328126  0.0461779  0.0620304
 3  0.1125661  0.0722733  0.0833668  0.0733507  0.0722296  0.0822405  0.0798424  0.0710457  0.0619809  0.0896218  0.0928165  0.0935590  0.0886349  0.1104595  0.1083452  0.0771828  0.0799589  0.0739896  0.0949861  0.0586975  0.0582635  0.0677883  0.0686887  0.0979716  0.0947341  0.1199750  0.1217841
 4  0.0435238  0.0401281  0.0341507  0.0357904  0.0299926  0.0396602  0.0444644  0.0447278  0.0377986  0.0359128  0.0356397  0.0337804  0.0372687  0.0384833  0.0351971  0.0350852  0.0370105  0.0348552  0.0369683  0.0329372  0.0357617  0.0391515  0.0405476  0.0440679  0.0402919  0.0306606  0.0431394
 1  0.1291358  0.0873879  0.0762041  0.0977080  0.0911165  0.1661180  0.1744083  0.2223991  0.2675807  0.2004869  0.2202859  0.1414362  0.0856518  0.1198183  0.1260171  0.1375808  0.1508812  0.0714292  0.0724620  0.0669855  0.0646501  0.1072311  0.1127069  0.0853580  0.0830022  0.1283873  0.1456934
 2  0.0246433  0.0158362  0.0141700  0.0180467  0.0173555  0.0324605  0.0350673  0.0470359  0.0551572  0.0403176  0.0410867  0.0198467  0.0135983  0.0220690  0.0260893  0.0306487  0.0331730  0.0154788  0.0157389  0.0141839  0.0139158  0.0235352  0.0245962  0.0179227  0.0178856  0.0289060  0.0311535
 3  0.1195893  0.0756317  0.0714549  0.1058279  0.0907752  0.0775539  0.0703871  0.0613862  0.0637260  0.0924312  0.0879251  0.0456968  0.0472322  0.1039396  0.0876979  0.0642156  0.0700204  0.0546448  0.0556692  0.0670543  0.0551141  0.0665947  0.0642921  0.0599671  0.0610814  0.0909063  0.0898638
 4  0.0454104  0.0385831  0.0363069  0.0440591  0.0379275  0.0350828  0.0309670  0.0298091  0.0333978  0.0342797  0.0456482  0.0418667  0.0340725  0.0292895  0.0301468  0.0336677  0.0345969  0.0352606  0.0335458  0.0353759  0.0320047  0.0349212  0.0370501  0.0370280  0.0331589  0.0334501  0.0373326
 1  0.1456978  0.1264619  0.1102706  0.1663992  0.1610722  0.1187776  0.1100086  0.1722533  0.1500672  0.1815515  0.2303609  0.1294161  0.1233557  0.0796822  0.0835590  0.1186469  0.1298092  0.0978741  0.1018657  0.0882488  0.0887507  0.0637304  0.0567121  0.0388759  0.0309922  0.1000502  0.1083510
 2  0.0272533  0.0224436  0.0199608  0.0303529  0.0302035  0.0229505  0.0171932  0.0278189  0.0272137  0.0373628  0.0519103  0.0265440  0.0243732  0.0163199  0.0180256  0.0262645  0.0283950  0.0214277  0.0218412  0.0188460  0.0192404  0.0135274  0.0100924  0.0067845  0.0060163  0.0214051  0.0255669
 3  0.1352938  0.0621121  0.0720184  0.0725626  0.0682364  0.0930744  0.0870052  0.0814195  0.1041330  0.1177738  0.1180568  0.0873727  0.0745703  0.0702414  0.0723879  0.0971902  0.0834805  0.0503843  0.0570369  0.0556360  0.0619523  0.0407420  0.0411383  0.0364659  0.0531267  0.0670798  0.0634860
 4  0.0503031  0.0363341  0.0403027  0.0391195  0.0356119  0.0467432  0.0505955  0.0418218  0.0339001  0.0267034  0.0345999  0.0419032  0.0358677  0.0315476  0.0306878  0.0354087  0.0333847  0.0320707  0.0324792  0.0327967  0.0376543  0.0438029  0.0411833  0.0370173  0.0366492  0.0311909  0.0411068
 1  0.1394635  0.1955862  0.1837738  0.1824556  0.1907763  0.1672824  0.1811648  0.1436156  0.1510717  0.0847974  0.0592412  0.0926125  0.0906818  0.0932076  0.0966202  0.0890396  0.0950214  0.0536220  0.0507611  0.0940368  0.0863544  0.1229110  0.1344955  0.1148690  0.1103544  0.1501101  0.1780209
 2  0.0258566  0.0346084  0.0326712  0.0335141  0.0352660  0.0317048  0.0367309  0.0294138  0.0288521  0.0135401  0.0100523  0.0175872  0.0177056  0.0194144  0.0220731  0.0209519  0.0209985  0.0117296  0.0096059  0.0177744  0.0168453  0.0258846  0.0295484  0.0240841  0.0229887  0.0326787  0.0419791
 3  0.1297000  0.0809284  0.0957090  0.1003300  0.1074292  0.1071286  0.0985465  0.0919239  0.0847378  0.0518221  0.0460436  0.0636789  0.0687717  0.0761441  0.0833879  0.0627993  0.0499974  0.0594658  0.0543008  0.0551513  0.0713122  0.0784676  0.0749590  0.0572279  0.0577167  0.0777351  0.0713639
 4  0.0471594  0.0398996  0.0384017  0.0362041  0.0327333  0.0282371  0.0273495  0.0364386  0.0434098  0.0408899  0.0338445  0.0395587  0.0399446  0.0325101  0.0324488  0.0352971  0.0325382  0.0401123  0.0402921  0.0380547  0.0377577  0.0328049  0.0361358  0.0326636  0.0332821  0.0309837  0.0263834
 1  0.1220500  0.1965221  0.1931544  0.1749062  0.1960064  0.1060489  0.0880872  0.1319302  0.1201519  0.1222949  0.1232608  0.1473732  0.1438494  0.2791634  0.3630353  0.3543041  0.2825099  0.1480627  0.1519964  0.2192873  0.2236570  0.1183106  0.1121201  0.1877021  0.2022790  0.0963805  0.0835440
 2  0.0232430  0.0360705  0.0353473  0.0340429  0.0377186  0.0184698  0.0159318  0.0240102  0.0217206  0.0237608  0.0250362  0.0294023  0.0284550  0.0575838  0.0772901  0.0565917  0.0441445  0.0259707  0.0287634  0.0411919  0.0420893  0.0223216  0.0214653  0.0379083  0.0370563  0.0170791  0.0163686
 3  0.1131263  0.0870884  0.0947655  0.0836114  0.0789359  0.0751455  0.0684984  0.0725264  0.0670355  0.0670173  0.0813526  0.0582320  0.0571867  0.0893554  0.0878454  0.0684616  0.0735156  0.0930713  0.0926212  0.0962507  0.0978630  0.0556418  0.0595568  0.0804483  0.0787931  0.0389048  0.0489155
 4  0.0431712  0.0394702  0.0357610  0.0369468  0.0407488  0.0386976  0.0341637  0.0382425  0.0366640  0.0308119  0.0379586  0.0353343  0.0342084  0.0324826  0.0413415  0.0404978  0.0378604  0.0351156  0.0388186  0.0361073  0.0347698  0.0324893  0.0299253  0.0375411  0.0387379  0.0351266  0.0310978
