2019 2020 2021 2022 2023 2024 2025 2026 2027 2028 2029 2030 2031 2032 2033 2034 2035 2036 2037 2038 2039 2040 2041 2042 2043 2044 2045
  25959.53   26051.37   27603.55   28265.50   40562.35   61259.51   67515.44   66342.16   54874.72   42830.77   32600.70   25238.47   24612.14   22352.05   20260.06   19987.74   18064.89   14166.67   13548.34   16349.12   23371.77   30564.52   33686.48   39975.08   43885.20   44157.72   35795.55
  26666.73   26817.68   28209.08   28802.96   26241.31   26423.90   29353.19   30265.05   31447.54   33873.19   33987.26   33802.55   34380.34   34570.79   35942.50   34730.40   41257.04   52801.58   56896.57   57446.86   38359.00   23412.35   19133.35   12900.90   12493.39   13264.76   16696.17
  27337.97   27563.26   27742.32   29874.21   32943.17   33081.47   26536.37   22471.91   23846.79   23590.42   22931.01   22861.79   23670.92   23607.54   25934.41   28335.37   27813.55   28188.57   28196.53   28103.54   26140.98   23239.30   19342.34   19378.55   27482.70   34341.17   35681.52
  27375.08   27902.26   31656.52   34894.15   33559.62   31013.49   29465.20   28498.99   35130.68   45722.83   53059.32   60105.13   64936.19   63965.72   60131.20   54298.15   50075.10   47575.52   41621.16   37214.12   40773.39   46344.64   44270.09   38636.52   32030.62   25988.38   22973.29
  27413.16   27422.00   29100.98   31212.58   36368.53   42477.05   44288.92   45569.44   38570.55   32284.28   21869.84   10418.03   16040.19   24464.82   31999.53   37214.34   32783.82   26723.33   25578.19   27751.03   30137.13   30156.71   24560.54   18282.96   11892.83    7337.62   10926.76
  27916.22   27932.99   27106.56   26717.18   25832.33   23348.55   21107.03   21989.41   29183.42   35151.81   35326.91   32743.40   31753.74   31677.63   30736.88   28811.15   24636.33   20413.46   19317.16   18690.16   21708.86   28674.19   33322.46   34127.48   30639.82   29877.23   34440.33
  25293.69   25675.19   26174.52   27789.45   30770.55   30307.19   28372.11   25919.85   22894.61   19919.14   17103.13   18356.51   24265.09   29675.17   33359.42   35200.96   29372.67   22957.75   26106.44   36626.93   48038.92   59586.91   65875.26   67094.82   58716.13   47449.87   39023.28
  26166.07   25622.66   29247.04   31431.45   32130.59   32041.45   34285.51   40137.51   43290.39   48128.44   52383.82   52621.50   42663.63   31611.09   26166.74   20960.88   31710.90   50172.34   56415.69   59655.89   45550.61   29700.93   20565.89   13290.19   16531.85   22129.77   33531.37
  26381.36   26438.13   26656.94   26313.77   22804.33   20546.90   21247.53   25316.57   39437.18   55355.49   62549.44   63410.53   54930.63   46355.98   38107.89   29277.92   24172.52   22254.89   23983.19   24622.77   27201.30   30137.98   30930.60   48930.30   80961.88  102215.79  106770.54
  25129.66   25193.12   25044.31   29041.40   34551.86   34778.72   31717.19   28580.64   26533.01   25105.51   25570.79   26000.68   25101.20   26635.61   31899.77   40239.14   48298.78   52529.90   47858.87   39962.88   31363.81   24902.56   18162.50   12756.59   15981.35   20241.43   22014.43
  27619.19   27734.69   30459.96   32164.04   34024.20   35674.13   36721.09   37728.05   34532.09   31265.04   28832.55   31753.73   39705.95   45918.07   47509.40   48586.82   45694.27   43176.00   40233.95   34810.92   32466.79   29804.93   27239.81   24971.29   22985.14   21051.66   19031.37
  24999.65   25065.38   27171.12   29974.74   30654.13   28996.27   24953.43   20296.21   18093.38   16850.03   21205.96   30277.21   43674.96   56417.46   58195.74   55901.16   45452.23   36210.00   31766.72   29778.17   35328.55   38963.41   40601.80   50663.10   59749.73   64841.43   63569.22
  23892.22   23434.10   24805.23   24704.23   29174.63   36235.15   39635.38   39837.98   37658.64   33334.53   28074.58   23988.59   21051.98   18801.64   16784.92   15417.97   15783.27   19823.13   26444.72   29654.03   30691.64   30430.57   27668.65   25428.19   22276.82   29052.06   41635.74
  24949.98   25151.37   26198.79   26766.33   22989.50   22053.48   25240.88   27280.85   24714.59   21211.07   24413.79   30280.39   33744.65   33726.06   29061.02   24879.60   28664.30   32546.99   42409.16   56976.41   62728.93   61843.83   48742.42   34568.06   28087.45   22556.66   21137.46
  22802.38   22249.88   22875.11   24805.72   29835.48   33629.63   33289.27   30089.59   24800.02   19198.83   16718.02   25770.69   40830.13   48963.13   47784.09   43503.51   37931.63   32722.79   27424.68   25683.93   25776.92   24719.72   24852.89   25188.61   27331.70   31929.95   36773.80
  24653.49   24614.47   25871.07   25947.63   27217.69   30268.83   30800.10   32318.61   31184.57   30972.94   34949.15   37291.37   36307.87   34396.49   31043.96   28743.80   44509.13   67436.02   80326.41   82944.75   72367.34   58255.59   43617.88   32897.37   32925.75   34907.77   42638.71
  25237.80   25258.33   25152.91   25465.66   29601.34   33936.67   34170.86   32438.01   31232.19   31553.54   32465.78   32480.36   33429.26   45378.29   60453.43   64819.27   54229.58   45504.99   42974.54   41649.70   37243.03   31015.83   22302.55   13750.26   14977.84   18942.28   22429.88
  29448.01   29880.41   31052.05   34388.62   36315.32   38516.18   41427.03   40513.47   32883.83   24998.77   22899.28   23727.89   24961.06   28120.83   29901.59   31930.00   36500.75   38502.36   37484.55   44373.60   55040.41   61937.84   63050.15   59169.13   48660.89   45119.52   50093.08
  26177.49   26590.86   27376.00   26920.57   17333.02   10142.21   11297.57   13052.68   15084.19   16365.52   19867.58   23748.49   24486.11   24791.19   24256.41   25198.76   27336.54   27831.49   27556.35   28299.66   29317.83   27452.88   23965.50   22785.40   24749.81   28191.03   32806.88
  26270.83   25684.57   26653.31   30099.34   35636.01   38931.79   36566.50   31717.98   25651.49   27776.75   39484.56   46052.58   46520.82   47138.91   48686.41   49700.62   41185.24   32486.62   21852.01   15630.73   19062.41   19873.67   17265.60   13368.52   13825.45   14242.77   17947.00
  29044.42   28804.22   29882.25   30173.52   30654.19   30411.48   32178.22   35745.20   40856.61   49844.32   56911.46   62807.01   64768.63   63216.99   54824.00   45616.86   32727.65   20754.69   15829.11   14091.25   19263.62   25069.43   29759.13   33251.32   33010.24   36141.48   44121.88
  27952.23   28601.36   29928.64   30912.64   33430.30   36745.43   37457.90   35568.28   30098.54   26438.63   31768.38   38690.48   41489.03   41931.77   35892.27   29589.97   23938.38   19761.00   20504.14   21610.10   24031.52   29363.63   34341.44   36023.39   35360.40   33580.21   31950.27
  25266.52   24941.75   26466.53   30984.98   33509.93   32779.20   24159.41   21115.43   21504.17   20343.25   21639.76   22362.65   18038.15   14539.18   25075.20   37887.16   39643.78   36671.14   35583.67   34002.04   32247.79   30551.18   32622.23   34940.80   32033.67   27523.94   24965.51
  26685.80   27043.85   28529.43   28733.50   26920.48   25896.35   27459.31   28873.48   29884.25   30020.83   28934.68   26687.30   24309.31   22788.04   27976.31   37642.74   50758.61   85589.70  130320.37  157551.59  140716.69  109288.71   74482.72   42903.00   34259.60   30587.93   34449.04
  29213.68   29706.20   31017.08   33891.89   35969.17   36879.83   34484.05   29362.76   21341.15   14785.45   17585.93   23491.33   30845.86   36053.51   35809.13   37217.37   40958.68   42213.17   39435.49   35932.38   30334.71   36782.46   51544.99   55042.55   49209.26   41132.94   35079.74
  28456.26   28346.14   30334.69   32169.09   31825.29   29162.73   23282.47   20174.63   22484.68   26086.74   30463.26   38466.28   49577.96   56204.25   56172.95   54235.78   50764.08   46363.08   41076.53   36388.56   33456.65   32325.92   32470.67   29856.02   27969.09   27316.03   27586.93
  27992.40   27615.38   29571.73   31601.95   31974.31   32324.38   30870.89   28399.22   28948.53   28447.54   30778.02   38107.13   43175.92   43667.99   39316.66   35595.70   32844.90   29838.98   28826.06   28602.64   27954.69   27894.04   29155.41   30164.56   33204.89   39331.80   42432.08
  25257.70   25172.50   27346.94   31280.83   38667.93   49570.82   54749.39   52558.57   45187.19   38879.44   35511.36   32447.04   31003.37   30533.98   30039.70   27699.69   23263.42   21577.00   24467.25   33652.66   46823.64   55722.87   62226.18   65972.80   58285.72   48247.43   35833.02
  27373.46   27647.46   29699.57   30742.81   27403.90   24519.73   22900.54   23857.75   28990.91   34629.19   40593.24   43384.33   38252.58   32402.74   30044.51   28715.03   29098.92   31793.85   38121.56   46166.90   48332.68   49162.90   46959.90   40892.50   38620.46   40110.59   45881.64
  30096.56   30971.34   31265.21   30474.89   28447.64   25516.18   19984.31   16334.67   18346.43   24678.10   34201.17   39163.53   38222.47   35398.02   27773.11   21404.16   21573.60   25170.94   32251.98   36851.27   35783.67   34345.22   27183.03   20705.45   25580.21   37635.35   49342.85
  24580.27   24581.66   26575.25   27416.06   25800.84   25817.37   31931.69   38438.56   37043.21   31783.22   25368.82   19720.09   19915.63   20850.03   25341.33   32959.11   44685.34   56337.97   57405.60   53613.81   45297.74   38823.59   35380.02   30005.66   28686.58   28410.08   29821.89
  30138.69   30885.72   31519.57   32188.73   33764.15   34338.44   33111.40   31282.24   33760.52   40676.72   45922.83   50825.32   54512.92   54773.04   53982.61   53613.16   50116.10   43991.26   37765.49   32482.65   27963.67   26208.20   27754.64   28390.07   26647.12   27998.43   31975.26
  26759.69   26880.70   20997.12   15414.45   13866.26   12598.68   12709.95   15167.71   20860.16   24446.83   27518.27   31616.24   33859.10   36291.02   35660.83   31581.87   30320.55   33667.12   35914.31   35370.72   28363.10   31923.37   47505.46   52591.29   47370.18   39019.59   31308.00
  26581.09   26545.55   29710.04   36642.78   43543.10   47405.66   48689.38   49389.75   47809.40   46966.14   43663.71   38085.78   26115.46   15077.46    8898.66    3298.21    7009.79   17979.68   31393.82   44678.43   54432.19   59858.57   55212.88   48030.76   42341.18   42052.71   41583.39
  24226.29   23885.80   27653.70   31241.21   32826.67   35191.45   40540.15   44389.69   53833.06   66722.18   70032.82   69262.70   63451.88   54505.05   46146.15   43240.41   45957.70   46754.25   43468.51   41008.43   40508.66   40427.49   43639.99   44144.97   39955.77   35078.10   26593.67
  26100.86   26523.31   28865.90   34388.32   40565.27   42458.93   40725.51   41436.54   40068.74   37122.77   32980.42   28654.83   24745.91   22696.57   24564.19   27302.57   28269.83   27726.75   24318.19   21617.24   19335.90   19754.43   27509.59   35321.92   43041.07   54070.88   60115.43
  29053.97   29015.13   27239.23   24722.45   25276.03   29085.97   31930.35   33707.44   38580.58   51161.91   57552.52   53982.98   48921.14   43505.57   32018.95   22015.59   18942.13   16900.17   18003.34   18060.82   18337.21   18759.91   18601.31   20708.66   25101.09   27453.76   29187.20
  26783.24   26992.21   27397.75   26776.43   26527.68   26538.55   29463.64   34644.80   39994.45   45292.33   43954.26   40175.11   30758.74   23956.42   24160.78   24425.73   26674.97   29698.36   34778.98   35947.08   35776.86   39500.79   43800.47   49051.74   47967.45   42963.34   33182.91
  25371.65   25493.70   27535.81   30931.33   32653.55   33948.47   32274.15   28796.08   24814.84   21101.17   19914.47   27145.45   38554.43   43682.03   41203.55   37447.11   35515.42   33174.07   32336.45   33106.41   33798.79   34060.92   32687.06   31934.55   31958.54   30507.21   27888.79
  22355.18   22021.23   23881.15   26168.23   26739.18   26552.03   34599.01   47406.51   49271.90   44204.93   34769.36   28138.77   29377.62   27914.78   26897.87   26081.95   24136.04   22219.29   21647.54   21333.68   21172.58   21251.07   26545.76   34931.78   40427.98   42555.09   39103.39
  23426.02   23556.33   23422.10   22723.19   22130.72   21116.39   19066.29   16703.50   17073.00   21498.05   28467.57   32361.54   34581.33   36116.13   33672.67   30355.35   29530.58   29302.86   33813.34   40131.97   42531.19   42926.88   39363.45   37769.05   38658.44   36334.00   29910.64
  26696.18   26881.07   25583.04   22891.59   21374.08   23185.51   27061.76   30999.84   34856.76   36835.16   36844.31   37339.88   37899.03   36902.61   27143.34   22970.12   26783.53   25714.38   25392.04   26103.89   25173.99   23336.36   24910.21   25647.14   25802.76   27942.02   30089.80
