              Isim, Ftarg, Btarg
   1 2019          0.3977734      21560.7846623       5544.3597106
   1 2021          0.4006982      21505.5782551       5565.0793168
   1 2023          0.3831494      21540.6201921       5473.4795574
   1 2025          0.4006982      21542.7851989       5562.2554648
   1 2027          0.4065479      21528.6920636       5614.3433770
   1 2029          0.4065479      21495.0669463       5608.7355432
   1 2031          0.4094727      21541.6111277       5589.7099142
   1 2033          0.4094727      21550.7045175       5588.0710039
   1 2035          0.4094727      21587.4929628       5581.4474122
   1 2037          0.4153223      21500.8684675       5575.9607321
   1 2039          0.4182471      21513.0242135       5563.3033876
   1 2041          0.3772998      21525.4339413       5376.9455798
   1 2043          0.3860742      21504.2495173       5474.0917739
   2 2019          0.3977734      21468.4703596       5520.6210708
   2 2021          0.4006982      21431.6704230       5549.2686074
   2 2023          0.4036230      21455.8441692       5581.8922708
   2 2025          0.3977734      21471.8998695       5544.0752436
   2 2027          0.3948486      21475.3220756       5521.1350774
   2 2029          0.4006982      21439.3659409       5543.5231878
   2 2031          0.3919238      21500.0695445       5484.4652725
   2 2033          0.3948486      21397.3983404       5497.0583489
   2 2035          0.3802246      21420.6464049       5396.3962860
   2 2037          0.3919238      21437.9726904       5477.7269487
   2 2039          0.4065479      21427.6493186       5599.0783868
   2 2041          0.4094727      21445.7511544       5594.8209362
   2 2043          0.4182471      21447.4056292       5587.3716815
   3 2019          0.3977734      21902.4674708       5632.2235072
   3 2021          0.4065479      21843.8516823       5689.8188044
   3 2023          0.4036230      21922.2849796       5680.8705919
   3 2025          0.4065479      21912.3266683       5706.5700931
   3 2027          0.4153223      21830.1226017       5707.0368804
   3 2029          0.4211719      21816.1160585       5703.1678878
   3 2031          0.4182471      21910.3798970       5696.1593117
   3 2033          0.4240967      21849.7473876       5697.0791113
   3 2035          0.4182471      21861.1525680       5701.2068483
   3 2037          0.4182471      21844.8417305       5702.8776640
   3 2039          0.4182471      21860.0045140       5701.3244767
   3 2041          0.4153223      21844.4521201       5705.5691995
   3 2043          0.3670630      21877.5565159       5430.5020512
   4 2019          0.3977734      22238.1558441       5718.5458336
   4 2021          0.4006982      22213.1070955       5719.8952603
   4 2023          0.4036230      22218.1605449       5779.2231504
   4 2025          0.4006982      22241.9795377       5765.6987445
   4 2027          0.3772998      22179.8228106       5594.6654996
   4 2029          0.3802246      22233.4888399       5588.2824637
   4 2031          0.3948486      22215.8838554       5686.8897083
   4 2033          0.4065479      22168.8318873       5747.9675529
   4 2035          0.3977734      22272.2238946       5732.8280388
   4 2037          0.3977734      22190.7211132       5751.3181693
   4 2039          0.3889990      22251.7193449       5690.1837640
   4 2041          0.4036230      22174.0909571       5770.1032716
   4 2043          0.4036230      22176.1905843       5769.2855371
   5 2019          0.3977734      21750.2088158       5593.0701663
   5 2021          0.4006982      21709.3306619       5613.1370479
   5 2023          0.3948486      21685.0443725       5594.9701592
   5 2025          0.3977734      21736.7080186       5618.2243867
   5 2027          0.3977734      21680.7474384       5638.6872113
   5 2029          0.3977734      21669.2501102       5634.5839427
   5 2031          0.3919238      21730.0740160       5551.3533550
   5 2033          0.3831494      21736.1457637       5481.9710098
   5 2035          0.3919238      21679.1345683       5589.0262685
   5 2037          0.3919238      21678.4436448       5588.8611600
   5 2039          0.3860742      21712.5338053       5544.6123405
   5 2041          0.3919238      21693.3169067       5603.8712035
   5 2043          0.3919238      21718.6813908       5608.6362267
   6 2019          0.3977734      22156.6315249       5697.5818401
   6 2021          0.3977734      22160.1635456       5729.1812416
   6 2023          0.4006982      22147.7548879       5745.7455084
   6 2025          0.4006982      22168.9255227       5733.1612718
   6 2027          0.3714502      22166.2844141       5561.3613807
   6 2029          0.3743750      22086.9710127       5578.6630807
   6 2031          0.3714502      22069.8221493       5544.4197195
   6 2033          0.3772998      22170.5970639       5619.9738765
   6 2035          0.3802246      22166.6327064       5645.5596566
   6 2037          0.3743750      22170.3814157       5592.0448175
   6 2039          0.3656006      22136.1031967       5486.7648735
   6 2041          0.3772998      22179.7831090       5609.4058302
   6 2043          0.3977734      22150.3674807       5730.8576000
   7 2019          0.3977734      21768.1921215       5597.6945766
   7 2021          0.3977734      21743.3863872       5627.9282546
   7 2023          0.3977734      21737.7315058       5610.5119030
   7 2025          0.3977734      21729.3938510       5597.4674932
   7 2027          0.3977734      21720.7821817       5581.2902207
   7 2029          0.3977734      21714.2636440       5565.7096421
   7 2031          0.3977734      21708.1274120       5544.5013144
   7 2033          0.3977734      21707.7872128       5542.8859774
   7 2035          0.3977734      21736.4537735       5608.6341717
   7 2037          0.3977734      21719.2114180       5577.8881869
   7 2039          0.3802246      21728.3655492       5456.7158921
   7 2041          0.3948486      21694.3269178       5558.6552166
   7 2043          0.4094727      21705.3347368       5662.8560516
   8 2019          0.3977734      21678.2755930       5574.5725249
   8 2021          0.3948486      21616.9580898       5527.9082236
   8 2023          0.3948486      21626.4545592       5535.8326518
   8 2025          0.3860742      21673.6847226       5538.7998925
   8 2027          0.3889990      21693.9534744       5566.7853236
   8 2029          0.3919238      21708.1533562       5555.3908262
   8 2031          0.3977734      21697.2038931       5615.7939580
   8 2033          0.3977734      21694.0732324       5594.7071129
   8 2035          0.3656006      21654.8127148       5374.1539460
   8 2037          0.3860742      21680.5556361       5532.4310125
   8 2039          0.4036230      21712.7520196       5642.2750259
   8 2041          0.4094727      21596.0343143       5646.4660436
   8 2043          0.4182471      21648.3550184       5622.9905269
   9 2019          0.3977734      21799.3631848       5605.7102212
   9 2021          0.4006982      21771.5465296       5648.9907807
   9 2023          0.3977734      21815.6087631       5653.6174905
   9 2025          0.3977734      21808.3065491       5630.6781536
   9 2027          0.3597510      21792.5807282       5296.2699483
   9 2029          0.3948486      21741.7309356       5580.0007354
   9 2031          0.4036230      21805.4512371       5654.9210299
   9 2033          0.4036230      21833.9923500       5647.7272267
   9 2035          0.4065479      21811.7254963       5635.1280885
   9 2037          0.4094727      21817.9476116       5615.6142213
   9 2039          0.4123975      21741.2020732       5616.7352803
   9 2041          0.3656006      21758.8220365       5366.3907203
   9 2043          0.3539014      21723.6314612       5202.2895753
  10 2019          0.3977734      21758.6010251       5595.2282244
  10 2021          0.3977734      21755.2136780       5620.0390815
  10 2023          0.3977734      21670.9838790       5606.9739826
  10 2025          0.3948486      21753.4934808       5579.1699770
  10 2027          0.3948486      21737.1515249       5565.4602290
  10 2029          0.3948486      21716.0642940       5545.4601437
  10 2031          0.3948486      21705.5141260       5534.1022510
  10 2033          0.3685254      21769.9526305       5412.8877634
  10 2035          0.3743750      21684.1383600       5436.2758750
  10 2037          0.3977734      21783.7329315       5612.9055357
  10 2039          0.3977734      21784.0437889       5609.6740183
  10 2041          0.3977734      21783.6354201       5614.0938864
  10 2043          0.4006982      21691.9741636       5557.2808709
  11 2019          0.3977734      21487.6525524       5525.5537752
  11 2021          0.4006982      21461.7986072       5542.0131138
  11 2023          0.4036230      21412.2019887       5562.1423888
  11 2025          0.3977734      21435.0924156       5544.0515496
  11 2027          0.3977734      21426.8989102       5536.7781496
  11 2029          0.3977734      21414.4687221       5524.9253129
  11 2031          0.3772998      21510.8150286       5414.5872310
  11 2033          0.3977734      21420.6686339       5539.2216679
  11 2035          0.4006982      21499.0567130       5555.7078423
  11 2037          0.4006982      21451.2317822       5560.9618671
  11 2039          0.4036230      21503.4907581       5558.9504106
  11 2041          0.4036230      21466.3526187       5570.6581417
  11 2043          0.4036230      21513.0195206       5555.9694441
  12 2019          0.3977734      21775.3854438       5599.5443407
  12 2021          0.4006982      21708.3146726       5626.7487720
  12 2023          0.4006982      21705.8961961       5644.3414173
  12 2025          0.4006982      21706.6884509       5640.2326288
  12 2027          0.4006982      21710.0547058       5626.6577208
  12 2029          0.4006982      21723.0611375       5593.4001749
  12 2031          0.3656006      21773.8285811       5354.2902210
  12 2033          0.4006982      21788.3796195       5619.6032923
  12 2035          0.4065479      21732.4393635       5671.1784101
  12 2037          0.3948486      21777.2802479       5628.5059824
  12 2039          0.3860742      21765.3169073       5547.9030161
  12 2041          0.3889990      21750.6547837       5562.8436158
  12 2043          0.3860742      21754.6947231       5562.6768848
  13 2019          0.3977734      21428.9070871       5510.4473681
  13 2021          0.4094727      21350.1382843       5579.0454896
  13 2023          0.3948486      21389.0092429       5499.9059573
  13 2025          0.3889990      21417.0428255       5462.9810699
  13 2027          0.3860742      21454.9053321       5426.4418483
  13 2029          0.3889990      21449.5418159       5473.9677267
  13 2031          0.3889990      21452.6274570       5474.9863534
  13 2033          0.3889990      21417.7428748       5463.2229039
  13 2035          0.3860742      21401.6571197       5404.1903634
  13 2037          0.3685254      21378.5959277       5344.7227164
  13 2039          0.3685254      21434.0585379       5354.6025231
  13 2041          0.3772998      21415.9518938       5436.0728028
  13 2043          0.3889990      21376.8200330       5511.0915796
  14 2019          0.3977734      21985.1906771       5653.4957948
  14 2021          0.3919238      21938.5724192       5661.6668693
  14 2023          0.3977734      21980.6631162       5708.0625626
  14 2025          0.3919238      21992.0495186       5672.6203626
  14 2027          0.3948486      21974.6380046       5682.9405300
  14 2029          0.3889990      21970.5918193       5625.6581599
  14 2031          0.3977734      21914.3005415       5664.7336730
  14 2033          0.3977734      21930.2283397       5677.3485183
  14 2035          0.3919238      21902.3788891       5635.2704742
  14 2037          0.3714502      22008.2241607       5476.5142399
  14 2039          0.3948486      21964.9855186       5632.5583808
  14 2041          0.3977734      21915.4108245       5681.0808791
  14 2043          0.3948486      21987.2549035       5648.8063819
  15 2019          0.3977734      21157.9586143       5440.7729189
  15 2021          0.3977734      21183.8589333       5465.6473189
  15 2023          0.3948486      21153.7051587       5451.9420821
  15 2025          0.3948486      21115.9405383       5432.8136404
  15 2027          0.3948486      21086.5724334       5416.5275370
  15 2029          0.3919238      21186.1755413       5403.0708652
  15 2031          0.3568262      21099.4036103       5101.3548651
  15 2033          0.3919238      21089.0642026       5426.1561247
  15 2035          0.3889990      21162.3447223       5407.3739752
  15 2037          0.3919238      21100.0282145       5429.2680211
  15 2039          0.3919238      21076.1681186       5422.4491574
  15 2041          0.3860742      21187.5376049       5371.1614614
  15 2043          0.3860742      21094.3260282       5336.5985016
  16 2019          0.3977734      21860.5064242       5621.4332164
  16 2021          0.3948486      21862.2131450       5630.7659169
  16 2023          0.4036230      21796.9397419       5658.0821741
  16 2025          0.3977734      21842.5022763       5657.3350634
  16 2027          0.4006982      21811.5711679       5664.4170703
  16 2029          0.3919238      21776.5449923       5610.8840605
  16 2031          0.4006982      21873.5383034       5655.0203218
  16 2033          0.4006982      21800.6394326       5652.2681639
  16 2035          0.3743750      21777.3956682       5458.6221250
  16 2037          0.3919238      21879.9018787       5576.1659155
  16 2039          0.4153223      21813.6037212       5699.8445812
  16 2041          0.4065479      21832.0940270       5696.8021206
  16 2043          0.3919238      21794.4212419       5623.4228353
  17 2019          0.3977734      21486.4536654       5525.2454812
  17 2021          0.4065479      21426.6717002       5585.7059095
  17 2023          0.3977734      21456.1993599       5540.3194643
  17 2025          0.3977734      21458.2418301       5544.3852149
  17 2027          0.3977734      21440.1184308       5517.7414855
  17 2029          0.3977734      21431.3038263       5500.7151655
  17 2031          0.3802246      21519.9786074       5423.3615761
  17 2033          0.3802246      21403.4772477       5399.5017644
  17 2035          0.4065479      21459.0694905       5580.9533169
  17 2037          0.3948486      21493.6681126       5545.2817471
  17 2039          0.3977734      21478.2504450       5565.8803088
  17 2041          0.3977734      21480.5829022       5568.4124011
  17 2043          0.3977734      21448.1260910       5526.1708395
  18 2019          0.3977734      22194.9959104       5707.4472488
  18 2021          0.4006982      22126.0075394       5727.2176643
  18 2023          0.4036230      22128.1120802       5748.3806601
  18 2025          0.4006982      22142.3682190       5731.4261543
  18 2027          0.4006982      22138.4950146       5739.5245134
  18 2029          0.4006982      22147.0061030       5722.6292254
  18 2031          0.4006982      22168.8859346       5688.8639728
  18 2033          0.3889990      22159.4553763       5677.3656396
  18 2035          0.3860742      22199.4536875       5623.5022192
  18 2037          0.3919238      22159.7984555       5681.2908215
  18 2039          0.3860742      22231.8886550       5648.4443481
  18 2041          0.4006982      22198.4773324       5720.9882899
  18 2043          0.4036230      22175.3615815       5757.9475800
  19 2019          0.3977734      21551.1935659       5541.8933584
  19 2021          0.4036230      21490.1095702       5582.1170631
  19 2023          0.4006982      21537.1932065       5600.6846192
  19 2025          0.4036230      21523.3513085       5567.0104368
  19 2027          0.4036230      21561.4813740       5515.2302520
  19 2029          0.4065479      21519.5940435       5509.0946936
  19 2031          0.4065479      21563.9123041       5512.6979289
  19 2033          0.4065479      21530.2225808       5526.6313153
  19 2035          0.4065479      21549.5100167       5518.6163910
  19 2037          0.4065479      21524.5081723       5529.0262006
  19 2039          0.4065479      21543.3931385       5521.1470399
  19 2041          0.4065479      21520.0104396       5530.9178681
  19 2043          0.4065479      21552.9963741       5517.1786037
  20 2019          0.3977734      21496.0447617       5527.7118334
  20 2021          0.3977734      21500.4049889       5549.5412815
  20 2023          0.3948486      21486.8057277       5544.2892426
  20 2025          0.3948486      21461.9921782       5533.7082337
  20 2027          0.3948486      21456.8104074       5531.4349738
  20 2029          0.3685254      21459.7099949       5315.8064681
  20 2031          0.3948486      21463.3900654       5514.8772782
  20 2033          0.3977734      21494.0050295       5532.7250010
  20 2035          0.4006982      21477.8507930       5577.4103960
  20 2037          0.3977734      21531.9410300       5579.8982423
  20 2039          0.4006982      21434.0246106       5564.9628625
  20 2041          0.4006982      21432.9062273       5568.5108937
  20 2043          0.4006982      21445.3045691       5537.4797082
  21 2019          0.3977734      22089.4938502       5680.3173748
  21 2021          0.3948486      22109.2073988       5679.9189601
  21 2023          0.4006982      22029.0086060       5713.0124056
  21 2025          0.4006982      22029.1011419       5691.1000969
  21 2027          0.3831494      22022.1010415       5596.2016178
  21 2029          0.3860742      22035.3877445       5592.7044082
  21 2031          0.4006982      22038.5188946       5693.0240983
  21 2033          0.4036230      22096.6219934       5730.7351502
  21 2035          0.4036230      22061.1320370       5739.5821387
  21 2037          0.4036230      22099.2938040       5730.0711593
  21 2039          0.4094727      22024.7775222       5712.4698860
  21 2041          0.4123975      22042.7149202       5690.3221421
  21 2043          0.4094727      22023.8126806       5712.7074549
  22 2019          0.3977734      22239.3547312       5718.8541277
  22 2021          0.3977734      22180.6496031       5730.7790515
  22 2023          0.4006982      22255.2256293       5745.0944300
  22 2025          0.4006982      22226.9610959       5738.1182950
  22 2027          0.4006982      22206.7298618       5758.4352198
  22 2029          0.3714502      22263.2616817       5535.5061791
  22 2031          0.3831494      22173.6350418       5638.4657550
  22 2033          0.3889990      22206.0995523       5710.1067142
  22 2035          0.3889990      22196.9291504       5708.4251185
  22 2037          0.3860742      22161.1431205       5670.2084205
  22 2039          0.3831494      22259.0091424       5657.0166951
  22 2041          0.3831494      22171.1760772       5644.4277716
  22 2043          0.3802246      22237.5901583       5623.5858988
  23 2019          0.3977734      21350.9794290       5490.4082566
  23 2021          0.3919238      21302.6162486       5480.8446248
  23 2023          0.3977734      21377.3953222       5527.8725327
  23 2025          0.3948486      21347.2714566       5537.5395503
  23 2027          0.3919238      21349.6347856       5509.7253415
  23 2029          0.3919238      21365.5852503       5502.7043331
  23 2031          0.3977734      21288.6572694       5539.6283810
  23 2033          0.3802246      21314.5634881       5429.5879401
  23 2035          0.3977734      21286.3026408       5518.6605564
  23 2037          0.4036230      21353.3479293       5529.2430249
  23 2039          0.4036230      21373.2825126       5523.1375380
  23 2041          0.4065479      21357.4285980       5504.6324727
  23 2043          0.4036230      21308.0112222       5529.6745973
  24 2019          0.3977734      21963.6107103       5647.9465024
  24 2021          0.4006982      21948.2469574       5671.3576619
  24 2023          0.4006982      21954.9811843       5665.0256033
  24 2025          0.4006982      21969.5448865       5651.9504253
  24 2027          0.4036230      21888.2680652       5637.3880375
  24 2029          0.4036230      21895.8308492       5631.2640086
  24 2031          0.4036230      21889.7713107       5636.1585464
  24 2033          0.4036230      21918.3409942       5613.8598740
  24 2035          0.3509766      21955.5144422       5224.4868634
  24 2037          0.3714502      21913.3507498       5456.2680300
  24 2039          0.4006982      21928.6520562       5693.2628324
  24 2041          0.4036230      21997.4178742       5723.6936355
  24 2043          0.4006982      21903.9472668       5694.0094561
  25 2019          0.3977734      22606.2141677       5813.1920987
  25 2021          0.3948486      22614.0527444       5803.8857450
  25 2023          0.4065479      22545.1079832       5875.3040321
  25 2025          0.4006982      22582.4307589       5853.9966986
  25 2027          0.4006982      22578.9334962       5857.1066741
  25 2029          0.4036230      22549.3831943       5800.9818939
  25 2031          0.3656006      22604.1516937       5557.3434586
  25 2033          0.3860742      22630.7188484       5756.1190650
  25 2035          0.3889990      22531.9590328       5775.3670064
  25 2037          0.3948486      22539.6846306       5829.5671223
  25 2039          0.4006982      22574.5380560       5851.2360622
  25 2041          0.3948486      22581.6565056       5799.3497852
  25 2043          0.4094727      22602.7305558       5884.1712513
  26 2019          0.3977734      21994.7817735       5655.9621470
  26 2021          0.4006982      21962.3341455       5667.8572176
  26 2023          0.4036230      21918.4843586       5695.2748288
  26 2025          0.4006982      22001.4512704       5699.5791080
  26 2027          0.4036230      21980.7032642       5663.2560449
  26 2029          0.3772998      22008.1177932       5528.1496751
  26 2031          0.3714502      21974.1684990       5455.7386688
  26 2033          0.3977734      22001.4128108       5656.7992626
  26 2035          0.4036230      21996.7143772       5673.2445612
  26 2037          0.4036230      21970.5383658       5684.9473029
  26 2039          0.4036230      21968.0389630       5685.9958623
  26 2041          0.4036230      21980.9974213       5680.5789608
  26 2043          0.4036230      21990.2176074       5676.7536200
  27 2019          0.3977734      21749.0099288       5592.7618722
  27 2021          0.4036230      21763.4320691       5621.9801289
  27 2023          0.4065479      21721.3877827       5650.4108732
  27 2025          0.4036230      21693.7382956       5638.4183335
  27 2027          0.4036230      21776.0051398       5606.1600384
  27 2029          0.4036230      21777.8320031       5605.4608318
  27 2031          0.3714502      21693.1145854       5422.8351640
  27 2033          0.3743750      21696.4978670       5458.7117995
  27 2035          0.3772998      21754.1513171       5500.8296768
  27 2037          0.3772998      21726.4619142       5496.0197317
  27 2039          0.3772998      21693.6535310       5490.2147712
  27 2041          0.3656006      21732.6227859       5349.9815891
  27 2043          0.3860742      21664.4421006       5512.3852043
  28 2019          0.3977734      21689.0655764       5577.3471711
  28 2021          0.3977734      21639.1062141       5592.6090301
  28 2023          0.3977734      21668.1483247       5582.4620870
  28 2025          0.4006982      21689.3203669       5600.2810187
  28 2027          0.4006982      21695.4004100       5595.5636356
  28 2029          0.4036230      21611.1601803       5587.1348816
  28 2031          0.4036230      21609.0123659       5588.7422132
  28 2033          0.4036230      21644.1350966       5563.5563004
  28 2035          0.4036230      21631.8229726       5572.1343233
  28 2037          0.4036230      21659.1984361       5553.3825475
  28 2039          0.3626758      21619.8341471       5282.7936046
  28 2041          0.3743750      21716.0393360       5422.7165769
  28 2043          0.4036230      21663.2761977       5611.9981383
  29 2019          0.3977734      22191.3992493       5706.5223667
  29 2021          0.4006982      22192.5264853       5726.7518583
  29 2023          0.4065479      22169.5595062       5781.8700880
  29 2025          0.4094727      22183.1196007       5776.3157514
  29 2027          0.3802246      22224.0327568       5624.1583898
  29 2029          0.3772998      22194.0487199       5558.4834801
  29 2031          0.3860742      22220.1564931       5676.9116440
  29 2033          0.3860742      22219.4535582       5676.7727015
  29 2035          0.3831494      22206.5699567       5640.7056929
  29 2037          0.3860742      22174.5330234       5658.2801282
  29 2039          0.3977734      22151.8512393       5705.4937411
  29 2041          0.4006982      22206.9045124       5742.2505129
  29 2043          0.4006982      22130.4749944       5733.8312453
  30 2019          0.3977734      22732.0973077       5845.5629711
  30 2021          0.4006982      22705.4250479       5873.1323489
  30 2023          0.4006982      22711.9546226       5866.1667058
  30 2025          0.4006982      22705.3064269       5873.2614267
  30 2027          0.4036230      22648.5844036       5828.5381784
  30 2029          0.3509766      22676.8501806       5407.4284369
  30 2031          0.3656006      22724.6797663       5656.7385245
  30 2033          0.3802246      22755.3844312       5802.3764124
  30 2035          0.3802246      22654.7366111       5790.0024494
  30 2037          0.3685254      22719.7659855       5650.3883088
  30 2039          0.3919238      22724.0930893       5841.8819097
  30 2041          0.3948486      22733.6386939       5885.0385102
  30 2043          0.3802246      22745.8219743       5773.1364364
  31 2019          0.3977734      21311.4161564       5480.2345538
  31 2021          0.4006982      21293.4838982       5508.7348427
  31 2023          0.4036230      21247.5287695       5529.7211255
  31 2025          0.3889990      21268.3147150       5440.6892034
  31 2027          0.3919238      21311.8201993       5478.3536540
  31 2029          0.3919238      21331.3474959       5484.1644990
  31 2031          0.3889990      21270.4300462       5419.2641930
  31 2033          0.3889990      21268.7631046       5418.6366857
  31 2035          0.3772998      21260.3512434       5344.9399990
  31 2037          0.3977734      21320.0758029       5489.9914272
  31 2039          0.4006982      21273.7969590       5523.4860825
  31 2041          0.3977734      21259.8286353       5515.8942321
  31 2043          0.3948486      21322.7778401       5481.5618217
  32 2019          0.3977734      22425.1822236       5766.6397012
  32 2021          0.4065479      22409.7249651       5820.2819004
  32 2023          0.4065479      22362.8732853       5812.2679047
  32 2025          0.4065479      22436.1959174       5820.0135481
  32 2027          0.3889990      22445.2088312       5726.0650374
  32 2029          0.3889990      22358.3040066       5692.1512408
  32 2031          0.3919238      22393.9068029       5734.4784376
  32 2033          0.4006982      22365.2598014       5774.3046162
  32 2035          0.4036230      22396.0832053       5796.6672102
  32 2037          0.4036230      22435.9699616       5779.8391990
  32 2039          0.4065479      22353.9578789       5776.9552833
  32 2041          0.4065479      22425.1775868       5748.0437336
  32 2043          0.4065479      22389.0221689       5762.5629115
  33 2019          0.3977734      21883.2852781       5627.2908028
  33 2021          0.4006982      21879.5380486       5693.2480458
  33 2023          0.4036230      21817.8157599       5687.6072053
  33 2025          0.4036230      21919.6231650       5655.6988932
  33 2027          0.4094727      21871.5658435       5622.1625402
  33 2029          0.4094727      21850.6682589       5628.4408434
  33 2031          0.3831494      21814.1529467       5539.5266981
  33 2033          0.3919238      21889.4617045       5614.8938446
  33 2035          0.3919238      21877.3585551       5610.3922320
  33 2037          0.3977734      21887.8929592       5638.0698799
  33 2039          0.3977734      21898.5246869       5669.9460215
  33 2041          0.3802246      21888.2064477       5537.4263782
  33 2043          0.3860742      21813.3478175       5587.2583160
  34 2019          0.3977734      21463.6748115       5519.3878948
  34 2021          0.3948486      21415.7248180       5491.6267926
  34 2023          0.4006982      21418.6066910       5529.3471690
  34 2025          0.3977734      21477.2293495       5534.8181191
  34 2027          0.3948486      21420.6793844       5529.9134711
  34 2029          0.4006982      21434.0214173       5555.3737306
  34 2031          0.4006982      21419.4845354       5571.4372058
  34 2033          0.3977734      21495.1065022       5541.4330606
  34 2035          0.3977734      21408.9716008       5446.7907135
  34 2037          0.3422021      21480.0956822       4920.7871109
  34 2039          0.3685254      21445.9745085       5320.1149982
  34 2041          0.3919238      21488.9936693       5504.1159886
  34 2043          0.3977734      21412.0433001       5536.7677647
  35 2019          0.3977734      21060.8487635       5415.8011030
  35 2021          0.3919238      21061.8036341       5357.9259988
  35 2023          0.4006982      21049.8482604       5443.6798183
  35 2025          0.3977734      21089.6296399       5419.0123313
  35 2027          0.3831494      21064.1075015       5320.9429986
  35 2029          0.3948486      21032.1384719       5385.1937184
  35 2031          0.4123975      21004.2102884       5461.9119813
  35 2033          0.4094727      21062.5984572       5461.1761833
  35 2035          0.3919238      21050.5390547       5380.7110294
  35 2037          0.4006982      21053.7964453       5446.5787347
  35 2039          0.3948486      21049.0800156       5425.8238984
  35 2041          0.3919238      20994.1323313       5390.9589137
  35 2043          0.3977734      21072.9630584       5444.2620342
  36 2019          0.3977734      21701.0544469       5580.4301113
  36 2021          0.3977734      21714.0553984       5582.4312789
  36 2023          0.4006982      21667.9228400       5602.4925975
  36 2025          0.4036230      21614.0132996       5619.5927838
  36 2027          0.3977734      21621.8433382       5606.3939575
  36 2029          0.3948486      21710.8614372       5587.5313979
  36 2031          0.3977734      21615.4852024       5602.9097682
  36 2033          0.3948486      21657.3440282       5552.5543033
  36 2035          0.3948486      21672.8097925       5563.4136676
  36 2037          0.3948486      21720.1150063       5592.9437762
  36 2039          0.3948486      21702.7456884       5582.6521841
  36 2041          0.3743750      21709.3460452       5439.0781087
  36 2043          0.3802246      21737.0115047       5493.7770522
  37 2019          0.3977734      22039.1405943       5667.3690258
  37 2021          0.4006982      21992.9924780       5717.8210220
  37 2023          0.4006982      22049.9885062       5707.4702576
  37 2025          0.4006982      21977.5817896       5697.7197755
  37 2027          0.3919238      22001.1670191       5646.5655281
  37 2029          0.3948486      22053.3533620       5669.5272069
  37 2031          0.4065479      21976.9693594       5717.2241731
  37 2033          0.4036230      22042.3540067       5718.9812654
  37 2035          0.4065479      22015.1582921       5707.8225998
  37 2037          0.4094727      22073.4735377       5676.0338888
  37 2039          0.4094727      21996.7804496       5651.4015986
  37 2041          0.4036230      21966.5177548       5613.3045229
  37 2043          0.4153223      21964.3558886       5667.5762460
