FL 2019 2020 2021 2022 2023 2024 2025 2026 2027 2028 2029 2030 2031 2032 2033 2034 2035 2036 2037 2038 2039 2040 2041 2042 2043 2044 2045
 1  0.1254765  0.1016565  0.0908916  0.0897759  0.0817213  0.0940704  0.0764563  0.1474656  0.1786042  0.2037236  0.2772634  0.1472733  0.1449626  0.1685367  0.1928512  0.2646025  0.2801699  0.1733385  0.1948394  0.0574029  0.0391372  0.0569222  0.0493033  0.1260572  0.1102130  0.1981783  0.2359145
 2  0.0238751  0.0186097  0.0170558  0.0178697  0.0118938  0.0147984  0.0139710  0.0309352  0.0424626  0.0516286  0.0664021  0.0293444  0.0285094  0.0351167  0.0405197  0.0513507  0.0529180  0.0344844  0.0372222  0.0092883  0.0063662  0.0099059  0.0095929  0.0234281  0.0208672  0.0401404  0.0509310
 3  0.1162273  0.0657339  0.0663356  0.0930196  0.0730171  0.0815265  0.0853697  0.0886234  0.0782918  0.1079740  0.0887267  0.0716809  0.0791554  0.0568987  0.0545971  0.0835863  0.0890787  0.0730687  0.0682472  0.0420157  0.0402225  0.0686200  0.0634108  0.0889369  0.0714406  0.1000756  0.0912393
 4  0.0444602  0.0477712  0.0366316  0.0608589  0.0452387  0.0450313  0.0322857  0.0346756  0.0278765  0.0419873  0.0370990  0.0389378  0.0312553  0.0337735  0.0362055  0.0412670  0.0444674  0.0365565  0.0451810  0.0549758  0.0408902  0.0472415  0.0406426  0.0487292  0.0368349  0.0388473  0.0332065
 1  0.1220670  0.0981552  0.0883645  0.1386534  0.1502358  0.1404000  0.1265269  0.1233123  0.1249888  0.1168776  0.1121335  0.0647036  0.0627027  0.0667830  0.0651343  0.0586281  0.0571764  0.0631547  0.0541929  0.2654321  0.3866419  0.3396481  0.4028931  0.1913483  0.2095371  0.0888819  0.0713122
 2  0.0232303  0.0180890  0.0166780  0.0274076  0.0308022  0.0262761  0.0230490  0.0235668  0.0232610  0.0220357  0.0226289  0.0131726  0.0132810  0.0142226  0.0137817  0.0128706  0.0102037  0.0112838  0.0106207  0.0572476  0.0851369  0.0662671  0.0760570  0.0359308  0.0390550  0.0155202  0.0126478
 3  0.1130934  0.0765710  0.0815016  0.1094503  0.0984898  0.0865180  0.0809356  0.0971164  0.0846211  0.0771635  0.0837720  0.0904146  0.0862751  0.0761799  0.0909781  0.0800546  0.0707888  0.0635100  0.0719411  0.1539923  0.1362663  0.0801491  0.0986660  0.0784880  0.0859989  0.0322718  0.0391643
 4  0.0433681  0.0402995  0.0355654  0.0305161  0.0351476  0.0383531  0.0388729  0.0435607  0.0407592  0.0343944  0.0323372  0.0357264  0.0340605  0.0351041  0.0380716  0.0407134  0.0422473  0.0356352  0.0354453  0.0336991  0.0328271  0.0329038  0.0285795  0.0339915  0.0352197  0.0351349  0.0328970
 1  0.1187765  0.1402300  0.1314950  0.1291659  0.1148210  0.2472456  0.3144034  0.1925284  0.1794308  0.1266282  0.1297389  0.1777083  0.1780351  0.0792466  0.0751331  0.1625761  0.1686270  0.1628094  0.1632635  0.1344873  0.1397154  0.2402839  0.3000684  0.1424749  0.0992100  0.1054949  0.0964951
 2  0.0226444  0.0259647  0.0246327  0.0231544  0.0211625  0.0493884  0.0623988  0.0349132  0.0327320  0.0243685  0.0266977  0.0358083  0.0331750  0.0152411  0.0142283  0.0321953  0.0327402  0.0316396  0.0311792  0.0261028  0.0289887  0.0520141  0.0610718  0.0228157  0.0153234  0.0181670  0.0190560
 3  0.1100329  0.0810048  0.0834626  0.0732167  0.0708878  0.1146256  0.0959288  0.0557545  0.0604870  0.0634615  0.0700294  0.0787475  0.0706895  0.0638493  0.0732015  0.0749260  0.0665664  0.0728877  0.0712450  0.0989012  0.0886723  0.0911059  0.0931911  0.0454508  0.0427640  0.0559317  0.0656205
 4  0.0423910  0.0364871  0.0406982  0.0379550  0.0353668  0.0316786  0.0329113  0.0329849  0.0337173  0.0308412  0.0343724  0.0419448  0.0380932  0.0379211  0.0389089  0.0340350  0.0342732  0.0366703  0.0334478  0.0388073  0.0323840  0.0305664  0.0445998  0.0452934  0.0409161  0.0338087  0.0311011
 1  0.1193897  0.0451615  0.0378244  0.1320253  0.1372941  0.1280758  0.1406867  0.0733214  0.0658959  0.0437420  0.0347170  0.0532138  0.0483380  0.0583751  0.0628092  0.0862117  0.0966956  0.1518534  0.1734351  0.1376698  0.1355013  0.1596287  0.1565737  0.1795917  0.2197962  0.1700525  0.1919843
 2  0.0226910  0.0082681  0.0072377  0.0265839  0.0284010  0.0275348  0.0294942  0.0148134  0.0115135  0.0074629  0.0066219  0.0103842  0.0100654  0.0131290  0.0148298  0.0208513  0.0219936  0.0341286  0.0370168  0.0282698  0.0243430  0.0290907  0.0311075  0.0389892  0.0503023  0.0377455  0.0413484
 3  0.1105887  0.0431296  0.0424419  0.0631503  0.0683703  0.0733476  0.0893482  0.0538994  0.0704754  0.0524356  0.0605225  0.0790332  0.0831809  0.0959449  0.0951557  0.0860446  0.0791253  0.0791953  0.0946198  0.0667104  0.0643696  0.0717241  0.0770633  0.0764749  0.0737228  0.0885396  0.0972867
 4  0.0420011  0.0372900  0.0342412  0.0345142  0.0339001  0.0334887  0.0362044  0.0454465  0.0534051  0.0367623  0.0395537  0.0383571  0.0355193  0.0365700  0.0377037  0.0381885  0.0356962  0.0342910  0.0393368  0.0426611  0.0396305  0.0359563  0.0303940  0.0290761  0.0323242  0.0304415  0.0325461
 1  0.1189860  0.0867447  0.0774028  0.0965355  0.0893204  0.1558188  0.1515849  0.2988813  0.3614397  0.3895374  0.5182104  0.2198722  0.2025878  0.0748859  0.0548742  0.1736861  0.1931708  0.2285608  0.2817997  0.1049979  0.0885430  0.2044453  0.2503227  0.3441234  0.5299064  0.1478974  0.1053197
 2  0.0231473  0.0161684  0.0147292  0.0187586  0.0161173  0.0291197  0.0281743  0.0580906  0.0659969  0.0701197  0.0983363  0.0391752  0.0267591  0.0110942  0.0090932  0.0328131  0.0405823  0.0519711  0.0501784  0.0173273  0.0163479  0.0414112  0.0533994  0.0751093  0.1078066  0.0207463  0.0138467
 3  0.1099257  0.0709540  0.0607460  0.0566705  0.0531673  0.0602997  0.0571361  0.0869214  0.0834566  0.1241615  0.1432417  0.0986660  0.0908464  0.0476691  0.0605637  0.0934776  0.0893338  0.0993821  0.1013406  0.0698945  0.0834124  0.1156965  0.1189172  0.1334158  0.2069030  0.4011929  0.0459514
 4  0.0434759  0.0398940  0.0368678  0.0408163  0.0388746  0.0365443  0.0375153  0.0376517  0.0386814  0.0297165  0.0302637  0.0526035  0.0485354  0.0372823  0.0364413  0.0344816  0.0319582  0.0385580  0.0406658  0.0378887  0.0338559  0.0289578  0.0275100  0.0293413  0.0383591  0.0373555  0.0413479
 1  0.1162521  0.1609616  0.1562809  0.1979620  0.2043990  0.2047575  0.2341842  0.1501839  0.1162718  0.1172105  0.1106332  0.0749478  0.0815273  0.1281586  0.1323964  0.1614471  0.1827001  0.1349952  0.1490112  0.0756392  0.0692273  0.1077843  0.0847921  0.1882675  0.2189191  0.0768234  0.0635456
 2  0.0225599  0.0301525  0.0292130  0.0370088  0.0384228  0.0403530  0.0462159  0.0257190  0.0186922  0.0205895  0.0220730  0.0166854  0.0185312  0.0282643  0.0275205  0.0336553  0.0402354  0.0302401  0.0314092  0.0154398  0.0129722  0.0182551  0.0154136  0.0382815  0.0443759  0.0140233  0.0120450
 3  0.1074261  0.0894944  0.0924003  0.0762332  0.0864877  0.0732249  0.0752735  0.0490607  0.0541705  0.0640916  0.0659969  0.0880014  0.0820270  0.0662536  0.0747741  0.0730446  0.0758744  0.0845503  0.0714428  0.0330402  0.0389656  0.0647382  0.0648168  0.0823855  0.0954631  0.0677925  0.0650633
 4  0.0426515  0.0421173  0.0391832  0.0379196  0.0352527  0.0318616  0.0401384  0.0410588  0.0393079  0.0337834  0.0321181  0.0315491  0.0386089  0.0370618  0.0349590  0.0307371  0.0317389  0.0348802  0.0352657  0.0359259  0.0440881  0.0398778  0.0345616  0.0335220  0.0426666  0.0379080  0.0328484
 1  0.1297236  0.1629250  0.1493772  0.0796655  0.0704617  0.0817973  0.0891095  0.0939925  0.1083216  0.1102213  0.1304915  0.1005492  0.0746350  0.0532046  0.0454824  0.1825125  0.2175297  0.1581390  0.1747169  0.0631512  0.0440374  0.0631750  0.0566903  0.1229673  0.1394932  0.1114456  0.1354847
 2  0.0243926  0.0292131  0.0271938  0.0143349  0.0135102  0.0172488  0.0203581  0.0224572  0.0259337  0.0263837  0.0298105  0.0180882  0.0124397  0.0094319  0.0090614  0.0399705  0.0501266  0.0377001  0.0281042  0.0095825  0.0073600  0.0113789  0.0109169  0.0262501  0.0322101  0.0269193  0.0339809
 3  0.1204050  0.0684620  0.0719351  0.0706624  0.0878359  0.0730896  0.0683646  0.0923718  0.0828942  0.0951586  0.0869275  0.0490723  0.0460781  0.0259146  0.0344608  0.0802224  0.0644084  0.0957044  0.0872152  0.0415103  0.0470671  0.0970398  0.0964141  0.0991637  0.1020545  0.0952108  0.0902200
 4  0.0445032  0.0371670  0.0370108  0.0365754  0.0360638  0.0280335  0.0298437  0.0334604  0.0310665  0.0360763  0.0424080  0.0453512  0.0394214  0.0319469  0.0335993  0.0361578  0.0317704  0.0527359  0.0523468  0.0387542  0.0367176  0.0437613  0.0408755  0.0364394  0.0344108  0.0357400  0.0315016
