FL 2019 2020 2021 2022 2023 2024 2025 2026 2027 2028 2029 2030 2031 2032 2033 2034 2035 2036 2037 2038 2039 2040 2041 2042 2043 2044 2045
 1  0.7288134  0.6828411  0.6546595  0.6446341  0.6609318  0.7016357  0.6934173  0.6848596  0.6780240  0.6747075  0.6755643  0.6746832  0.6801377  0.6738542  0.6707890  0.6799397  0.6813232  0.6611560  0.6549794  0.6775928  0.7019649  0.7078848  0.7063747  0.7074262  0.7129507  0.7034073  0.6845989
 2  0.5725724  0.5257627  0.5094962  0.5045587  0.5615817  0.5972461  0.5924275  0.5615843  0.5148929  0.4831206  0.4882549  0.5297735  0.5505957  0.5415662  0.5288653  0.5432408  0.5554650  0.5356226  0.5297789  0.5661685  0.5950952  0.6022080  0.5903180  0.5839106  0.5834601  0.5750458  0.5428343
 3  0.7521145  0.7090282  0.6789928  0.6656369  0.6751037  0.7228030  0.7163789  0.7042799  0.6946138  0.6896400  0.6898262  0.6911329  0.6990376  0.6929687  0.6876906  0.6961438  0.7006376  0.6819970  0.6722879  0.6937802  0.7222092  0.7290261  0.7267101  0.7250487  0.7322420  0.7235548  0.7033456
 4  0.4566311  0.4242774  0.4164016  0.4076908  0.5094193  0.5394188  0.4959614  0.4243533  0.3729650  0.3651825  0.4120379  0.4666851  0.4702472  0.4344586  0.4285813  0.4726844  0.4820467  0.4339256  0.4425828  0.5094422  0.5301681  0.5186873  0.4851189  0.4929915  0.5054648  0.4759106  0.4241864
 1  0.7290193  0.6837882  0.6545517  0.6437762  0.6383460  0.6458357  0.6715712  0.6772860  0.6780569  0.6885293  0.6883209  0.6857745  0.6931597  0.6942256  0.7008712  0.7015590  0.7044867  0.7190215  0.7097711  0.7040714  0.6748712  0.6418959  0.6451780  0.6185587  0.6232129  0.6462692  0.6746312
 2  0.5731135  0.5265721  0.5087143  0.5045135  0.4986683  0.5201178  0.5522710  0.5600536  0.5593754  0.5646935  0.5602131  0.5510370  0.5500749  0.5499388  0.5542734  0.5541096  0.5752340  0.5947318  0.5921646  0.5697966  0.5213856  0.5047692  0.5203669  0.5033890  0.5070522  0.5356031  0.5641461
 3  0.7523618  0.7098613  0.6787557  0.6645732  0.6567520  0.6614506  0.6889670  0.6969320  0.6960726  0.7069830  0.7076743  0.7033642  0.7105934  0.7114369  0.7176643  0.7193660  0.7204850  0.7390413  0.7310093  0.7224306  0.6922432  0.6588959  0.6633571  0.6391919  0.6403871  0.6624375  0.6929117
 4  0.4573780  0.4241020  0.4146744  0.4103909  0.4049436  0.4540843  0.4880816  0.4735664  0.4730682  0.4848105  0.4642584  0.4547507  0.4556522  0.4555496  0.4656489  0.4545553  0.5031343  0.5268025  0.4927739  0.4431344  0.4120735  0.4344567  0.4517245  0.4152833  0.4270927  0.4749613  0.4948627
 1  0.7283085  0.6840857  0.6504140  0.6407132  0.6557581  0.6610342  0.6473433  0.6488141  0.6654527  0.6683716  0.6704194  0.6753687  0.6867376  0.6892261  0.6884274  0.6976855  0.6913498  0.6931284  0.6890513  0.6882215  0.6828620  0.6764932  0.6698939  0.6754855  0.6975167  0.7011004  0.6935367
 2  0.5726575  0.5268711  0.5055609  0.5166643  0.5363513  0.5373845  0.5183512  0.5292889  0.5501930  0.5496602  0.5397109  0.5386041  0.5573891  0.5650734  0.5679109  0.5678219  0.5630852  0.5628414  0.5633769  0.5615988  0.5486818  0.5313747  0.5260433  0.5642137  0.5952770  0.5992006  0.5794056
 3  0.7516802  0.7099972  0.6746589  0.6605563  0.6745479  0.6802045  0.6648167  0.6653988  0.6841630  0.6877471  0.6887444  0.6918563  0.7038711  0.7091275  0.7070424  0.7160351  0.7098721  0.7115730  0.7079617  0.7071666  0.7018784  0.6940973  0.6861769  0.6922380  0.7180691  0.7233845  0.7143336
 4  0.4573648  0.4236758  0.4130826  0.4433874  0.4625767  0.4417168  0.4272187  0.4647953  0.4784098  0.4594021  0.4348404  0.4522429  0.4896334  0.4831977  0.4773198  0.4779350  0.4758895  0.4793418  0.4791985  0.4736453  0.4468014  0.4223459  0.4470047  0.5093941  0.5327391  0.5159464  0.4639987
 1  0.7292546  0.6838950  0.6613909  0.6564508  0.6557146  0.6600714  0.6652830  0.6766211  0.6911101  0.7082276  0.7085508  0.7064951  0.7122101  0.7089658  0.7067967  0.7061971  0.7050117  0.7078206  0.6971713  0.6918364  0.6935881  0.7023724  0.6899017  0.6776044  0.6710485  0.6706750  0.6745011
 2  0.5718989  0.5260567  0.5138338  0.5138115  0.5128231  0.5128096  0.5205848  0.5378195  0.5710448  0.5933497  0.5940414  0.5843814  0.5734407  0.5606743  0.5430695  0.5337316  0.5391832  0.5475764  0.5500534  0.5495496  0.5684094  0.5818403  0.5685428  0.5376367  0.5086321  0.5078553  0.5211429
 3  0.7524902  0.7101951  0.6855321  0.6768672  0.6737275  0.6772473  0.6813869  0.6932740  0.7079556  0.7279848  0.7296900  0.7249823  0.7301587  0.7268779  0.7230174  0.7220341  0.7206244  0.7246463  0.7148889  0.7094703  0.7110740  0.7223372  0.7107518  0.6961030  0.6874019  0.6863502  0.6911166
 4  0.4556608  0.4248787  0.4171258  0.4166245  0.4205443  0.4181179  0.4365781  0.4615835  0.5044693  0.5243737  0.5003075  0.4800539  0.4758013  0.4493707  0.4270015  0.4235836  0.4486884  0.4596026  0.4563378  0.4621477  0.4974608  0.5073178  0.4654166  0.4107310  0.3966307  0.4237263  0.4420484
 1  0.7307392  0.6865184  0.6580272  0.6500188  0.6606392  0.6813684  0.6807489  0.6864285  0.6689179  0.6619127  0.6262433  0.5441956  0.6066405  0.6792307  0.6849449  0.6919086  0.6808700  0.6725248  0.6721895  0.6933568  0.6867622  0.6807491  0.6694388  0.6580215  0.6340947  0.6050125  0.6562501
 2  0.5709265  0.5258337  0.5099441  0.5127397  0.5385623  0.5603592  0.5644413  0.5619956  0.5499977  0.5460962  0.5106427  0.4395432  0.5402399  0.5898985  0.5961310  0.5834241  0.5483894  0.5146445  0.5402849  0.5812635  0.5812261  0.5586279  0.5251611  0.5048107  0.4909124  0.5302968  0.5820043
 3  0.7534590  0.7123403  0.6821658  0.6704496  0.6778091  0.6999580  0.6997616  0.7051943  0.6877730  0.6814780  0.6483082  0.5620419  0.6153401  0.7001291  0.7072771  0.7120015  0.6997563  0.6895780  0.6863004  0.7137218  0.7091329  0.6998811  0.6867634  0.6753320  0.6510578  0.6185546  0.6753635
 4  0.4540021  0.4236161  0.4156876  0.4240859  0.4701048  0.4867996  0.4801759  0.4718875  0.4702193  0.4723771  0.4127018  0.3676456  0.5057004  0.5363612  0.5110363  0.4765657  0.4311254  0.3976430  0.4857047  0.5245340  0.4868154  0.4379940  0.4195545  0.4086410  0.4150186  0.4919544  0.5302243
 1  0.7296156  0.6865591  0.6498931  0.6347095  0.6371724  0.6412060  0.6418955  0.6580997  0.6865920  0.6952731  0.6880128  0.6828383  0.6879758  0.6986489  0.6998215  0.6966100  0.6856356  0.6766181  0.6821082  0.6888925  0.6957408  0.7096847  0.7108544  0.7010026  0.6872071  0.6888164  0.6982152
 2  0.5721350  0.5269808  0.5042167  0.5046033  0.5145427  0.5159479  0.5147518  0.5450425  0.5814247  0.5894779  0.5713436  0.5390752  0.5239779  0.5374583  0.5543014  0.5577823  0.5402296  0.5191021  0.5291080  0.5477388  0.5690367  0.5922493  0.5956152  0.5793818  0.5515968  0.5602411  0.5742472
 3  0.7525046  0.7121357  0.6741534  0.6553890  0.6556779  0.6596972  0.6591543  0.6736421  0.7053731  0.7166899  0.7086477  0.7005453  0.7031798  0.7144587  0.7172177  0.7151201  0.7040808  0.6932063  0.6977953  0.7065125  0.7132264  0.7282144  0.7322089  0.7213963  0.7045968  0.7061179  0.7177902
 4  0.4555682  0.4230816  0.4132670  0.4230574  0.4373887  0.4284638  0.4290940  0.4863094  0.5206487  0.5091640  0.4571121  0.4062634  0.4246838  0.4597119  0.4743443  0.4634949  0.4251048  0.4115300  0.4522080  0.4707911  0.4922730  0.5220209  0.5142928  0.4652537  0.4499285  0.4921080  0.4966950
 1  0.7282820  0.6799588  0.6441057  0.6332987  0.6488397  0.6550653  0.6602318  0.6700214  0.6783465  0.6832074  0.6828104  0.6912881  0.7097075  0.7092448  0.7076870  0.7086761  0.7015485  0.6919025  0.6947339  0.7154812  0.7095771  0.7081722  0.7070977  0.7056043  0.6962231  0.6889239  0.6857635
 2  0.5697585  0.5240958  0.5045988  0.5111235  0.5249948  0.5208186  0.5051649  0.4968133  0.5016409  0.5087746  0.5185785  0.5586933  0.5930649  0.6002022  0.5896589  0.5692571  0.5405879  0.5199439  0.5689572  0.6058774  0.6111119  0.6012545  0.5851403  0.5680811  0.5393949  0.5159778  0.5008018
 3  0.7517544  0.7067786  0.6690899  0.6537588  0.6676178  0.6734396  0.6765372  0.6849939  0.6933657  0.6988256  0.6986449  0.7065371  0.7293976  0.7308741  0.7278000  0.7262195  0.7181374  0.7086560  0.7089285  0.7374790  0.7328642  0.7287319  0.7263841  0.7243155  0.7135587  0.7050988  0.7013286
 4  0.4555172  0.4257960  0.4150037  0.4340551  0.4425547  0.4153678  0.3868365  0.3905449  0.4078646  0.4124333  0.4249662  0.4982060  0.5306633  0.5169701  0.4785330  0.4461528  0.4296682  0.4120962  0.5141728  0.5488089  0.5277858  0.5018154  0.4871570  0.4594224  0.4193297  0.3959233  0.3850364
