FL 2019 2020 2021 2022 2023 2024 2025 2026 2027 2028 2029 2030 2031 2032 2033 2034 2035 2036 2037 2038 2039 2040 2041 2042 2043 2044 2045
 1    4109.00    3559.25    3559.25    3731.11    3731.11    7300.99    7300.99   14008.30   14008.30   12263.79   12263.79    4943.86    4943.86    5401.24    5401.24    6918.91    6918.91    3605.91    3605.91    1143.45    1143.45    2265.65    2265.65    6264.72    6264.72   11917.29   11917.29
 2     783.00     677.95     677.95     710.69     710.69    1390.66    1390.66    2668.25    2668.25    2335.96    2335.96     941.69     941.69    1028.81    1028.81    1317.89    1317.89     686.84     686.84     217.80     217.80     431.55     431.55    1193.28    1193.28    2269.96    2269.96
 3    3537.00    2118.63    2401.64    3614.73    2987.83    5621.41    7589.02    8013.72    5890.92    6247.85    3733.75    2239.27    2514.64    1724.06    1447.01    2032.72    2032.72    1427.36    1183.77     756.36    1061.06    2511.86    2729.00    4127.53    3741.74    5662.30    4368.54
 4    1379.00    1668.91    1335.62    2071.78    3259.55    4282.22    2717.55    2234.34    1259.49    1427.41    1111.84    1176.77     900.49     792.99     776.44    1001.70    1001.70     598.16     767.03    1390.73    1425.88    1918.57    1507.46    2386.99    1914.34    1844.96    1151.86
 1    4109.00    3542.15    3542.15    5840.60    5840.60    5019.17    5019.17    5223.83    5223.83    5298.68    5298.68    2943.86    2943.86    3094.01    3094.01    2779.39    2779.39    4211.59    4211.59   20866.23   20866.23   11139.74   11139.74    3806.88    3806.88    1598.98    1598.98
 2     783.00     674.70     674.70    1112.50    1112.50     956.03     956.03     995.02     995.02    1009.27    1009.27     560.74     560.74     589.34     589.34     529.41     529.41     802.21     802.21    3974.52    3974.52    2121.86    2121.86     725.12     725.12     304.57     304.57
 3    3537.00    2546.70    3023.56    4307.44    3601.93    2878.63    2949.27    3839.01    3296.81    3239.11    3717.91    3877.42    3809.72    3339.62    4064.53    3589.83    3186.30    3853.96    5243.61   11517.68    6972.88    2453.19    2520.33    1456.70    1456.70     532.64     807.54
 4    1379.00    1432.60    1313.37    1073.58    1064.37    1349.51    1513.81    1597.12    1613.24    1424.08    1203.93    1321.86    1188.35    1245.21    1404.10    1349.52    2330.02    2421.43    2237.56    1806.36    1225.28     977.06     715.04     592.97     592.97     676.78     750.18
 1    4109.00    5205.35    5205.35    5337.95    5337.95   11908.05   11908.05    5923.76    5923.76    4237.00    4237.00    5453.91    5453.91    2573.34    2573.34    6198.19    6198.19    6124.27    6124.27    5134.21    5134.21    7833.67    7833.67    3349.04    3349.04    4859.78    4859.78
 2     783.00     991.50     991.50    1016.75    1016.75    2268.20    2268.20    1128.34    1128.34     807.05     807.05    1038.84    1038.84     490.16     490.16    1180.61    1180.61    1166.53    1166.53     977.94     977.94    1492.13    1492.13     637.91     637.91     925.67     925.67
 3    3537.00    2773.96    3054.01    2790.32    3039.65    5189.25    3416.61    1581.35    1842.98    1983.91    2158.79    2272.16    1999.15    1925.03    2346.59    2662.99    2290.87    2548.93    2491.67    3517.00    3072.37    2818.83    2282.34     964.78    1290.72    2361.38    3112.86
 4    1379.00    1322.74    1503.59    1617.78    1544.50    1202.58    1038.04    1020.81    1069.65     876.64     845.12    1091.01    1148.52    1065.15    1227.74    1071.20    1126.57    1204.39    1143.20    1271.85     892.12     706.01     986.13    1388.65    1798.11    1572.38    1200.51
 1    4109.00    1691.38    1691.38    6590.89    6590.89    5715.86    5715.86    2844.07    2844.07    2509.58    2509.58    4164.01    4164.01    5066.29    5066.29    6296.14    6296.14    9627.62    9627.62    6867.17    6867.17    9744.50    9744.50    9915.91    9915.91    6097.94    6097.94
 2     783.00     322.17     322.17    1255.41    1255.41    1088.74    1088.74     541.73     541.73     478.02     478.02     793.14     793.14     965.01     965.01    1199.26    1199.26    1833.83    1833.83    1308.03    1308.03    1856.10    1856.10    1888.74    1888.74    1161.51    1161.51
 3    3537.00    1486.20    1760.16    2954.03    3087.74    3093.91    3426.99    1953.31    2799.99    2733.52    4075.86    5822.79    6720.35    7926.68    7332.16    6000.87    4892.31    4735.88    4967.30    3116.51    3013.61    4016.17    4509.01    4016.66    3171.78    3002.82    2910.46
 4    1379.00    1393.79    1376.93    1405.79    1271.03    1080.72    1166.83    1472.80    2608.49    2327.25    2418.11    2582.95    2327.05    2116.35    1911.98    1706.41    1681.81    1527.10    1681.89    1717.99    2159.28    2109.64    1494.47    1075.24     958.07     795.09     784.18
 1    4109.00    3185.03    3185.03    4289.67    4289.67    9024.71    9024.71   18678.66   18678.66   17670.58   17670.58    3800.87    3800.87    2383.00    2383.00    8978.05    8978.05    8702.23    8702.23    3769.92    3769.92    8692.07    8692.07    9100.48    9100.48    1397.55    1397.55
 2     783.00     606.67     606.67     817.08     817.08    1718.99    1718.99    3557.84    3557.84    3365.82    3365.82     723.98     723.98     453.90     453.90    1710.10    1710.10    1657.57    1657.57     718.08     718.08    1655.63    1655.63    1733.42    1733.42     266.20     266.20
 3    3537.00    2403.52    2315.22    2347.84    2358.74    3223.76    3170.34    5060.91    4005.97    5164.84    4564.87    1580.72    1493.96    1334.63    2417.63    4513.79    3936.37    3604.27    2888.86    2248.00    3309.92    4652.61    3905.66    3338.17    3338.17    3338.17     528.39
 4    1379.00    1426.39    1384.02    1591.14    1941.91    1947.61    2102.60    1981.70    1979.50    1297.31     866.43     893.06    1618.67    1569.02    1699.78    1481.58    1062.05     946.44    1464.90    1559.72    1274.14     921.58     691.85     548.34     548.34     548.34     909.99
 1    4109.00    6033.26    6033.26    7651.18    7651.18    7106.02    7106.02    4249.94    4249.94    5568.02    5568.02    3468.70    3468.70    5351.81    5351.81    6348.80    6348.80    3820.28    3820.28    1909.45    1909.45    3745.43    3745.43    8924.92    8924.92    2925.38    2925.38
 2     783.00    1149.19    1149.19    1457.37    1457.37    1353.53    1353.53     809.51     809.51    1060.58    1060.58     660.70     660.70    1019.39    1019.39    1209.30    1209.30     727.67     727.67     363.70     363.70     713.42     713.42    1699.98    1699.98     557.22     557.22
 3    3537.00    3099.50    3294.72    2730.95    3004.99    2378.34    2146.60    1270.94    1785.52    2795.04    3131.48    3890.92    3319.77    2605.95    2836.98    2698.76    2506.59    2276.84    1721.56     779.23    1000.22    2049.36    2633.75    3690.66    3669.57    2375.99    2773.30
 4    1379.00    1518.84    1422.99    1369.84    1205.19     900.80    1028.86    1329.37    1769.67    1581.84    1222.39     940.47    1148.43    1165.89    1157.76     919.86     743.01     680.16     735.59     745.09    1197.38    1600.72    1438.47    1188.85    1428.63    1480.53    1369.01
 1    4109.00    5621.15    5621.15    3148.53    3148.53    3671.05    3671.05    3437.74    3437.74    3048.28    3048.28    2223.61    2223.61    2076.69    2076.69    8654.18    8654.18    5009.47    5009.47    2769.69    2769.69    4935.08    4935.08   11278.81   11278.81    7354.58    7354.58
 2     783.00    1070.70    1070.70     599.72     599.72     699.25     699.25     654.81     654.81     580.62     580.62     423.54     423.54     395.56     395.56    1648.42    1648.42     954.18     954.18     527.56     527.56     940.02     940.02    2148.34    2148.34    1400.87    1400.87
 3    3537.00    2165.51    2491.37    2577.33    3648.13    3107.23    2692.22    3230.12    2509.33    2509.33    1931.45    1000.03    1239.53     931.48    1480.57    3623.20    2436.63    2893.26    2272.81    1604.88    2709.18    7042.11    7836.34    8595.15    7883.68    6007.62    4701.49
 4    1379.00    1325.51    1356.64    1451.42    1392.10     897.57     778.08     756.02     626.87     626.87     684.09    1125.57    1377.77    1231.30    1182.96    1167.91     820.78    1042.37    2119.00    2280.99    2483.43    3228.79    3061.22    2370.71    1770.57    1399.25     980.61
