FL 2019 2020 2021 2022 2023 2024 2025 2026 2027 2028 2029 2030 2031 2032 2033 2034 2035 2036 2037 2038 2039 2040 2041 2042 2043 2044 2045
 1    4109.00    3559.25    3559.25    3731.11    3731.11    7300.99    7300.99   14008.30   14008.30   12263.79   12263.79    4943.86    4943.86    5401.24    5401.24    6918.91    6918.91    3605.91    3605.91    1143.45    1143.45    2265.65    2265.65    6264.72    6264.72   11917.29   11917.29
 2     783.00     677.95     677.95     710.69     710.69    1390.66    1390.66    2668.25    2668.25    2335.96    2335.96     941.69     941.69    1028.81    1028.81    1317.89    1317.89     686.84     686.84     217.80     217.80     431.55     431.55    1193.28    1193.28    2269.96    2269.96
 3    3537.00    2118.63    2401.64    3614.73    2987.83    5621.41    7589.02    8013.72    5890.92    6247.85    3733.75    2239.27    2514.64    1724.06    1447.01    2032.72    2032.72    1427.36    1183.77     756.36    1061.06    2511.86    2729.00    4127.53    3741.74    5662.30    4368.54
 4    1379.00    1668.91    1335.62    2071.78    3259.55    4282.22    2717.55    2234.34    1259.49    1427.41    1111.84    1176.77     900.49     792.99     776.44    1001.70    1001.70     598.16     767.03    1390.73    1425.88    1918.57    1507.46    2386.99    1914.34    1844.96    1151.86
 1    4109.00    3542.15    3542.15    5840.60    5840.60    5019.17    5019.17    5223.83    5223.83    5298.68    5298.68    2943.86    2943.86    3094.01    3094.01    2779.39    2779.39    4211.59    4211.59   20866.23   20866.23   11139.74   11139.74    3806.88    3806.88    1598.98    1598.98
 2     783.00     674.70     674.70    1112.50    1112.50     956.03     956.03     995.02     995.02    1009.27    1009.27     560.74     560.74     589.34     589.34     529.41     529.41     802.21     802.21    3974.52    3974.52    2121.86    2121.86     725.12     725.12     304.57     304.57
 3    3537.00    2546.70    3023.56    4307.44    3601.93    2878.63    2949.27    3839.01    3296.81    3239.11    3717.91    3877.42    3809.72    3339.62    4064.53    3589.83    3186.30    3853.96    5243.61   11517.68    6972.88    2453.19    2520.33    1456.70    1456.70     532.64     807.54
 4    1379.00    1432.60    1313.37    1073.58    1064.37    1349.51    1513.81    1597.12    1613.24    1424.08    1203.93    1321.86    1188.35    1245.21    1404.10    1349.52    2330.02    2421.43    2237.56    1806.36    1225.28     977.06     715.04     592.97     592.97     676.78     750.18
 1    4109.00    5205.35    5205.35    5337.95    5337.95   11908.05   11908.05    5923.76    5923.76    4237.00    4237.00    5453.91    5453.91    2573.34    2573.34    6198.19    6198.19    6124.27    6124.27    5134.21    5134.21    7833.67    7833.67    3349.04    3349.04    4859.78    4859.78
 2     783.00     991.50     991.50    1016.75    1016.75    2268.20    2268.20    1128.34    1128.34     807.05     807.05    1038.84    1038.84     490.16     490.16    1180.61    1180.61    1166.53    1166.53     977.94     977.94    1492.13    1492.13     637.91     637.91     925.67     925.67
 3    3537.00    2773.96    3054.01    2790.32    3039.65    5189.25    3416.61    1581.35    1842.98    1983.91    2158.79    2272.16    1999.15    1925.03    2346.59    2662.99    2290.87    2548.93    2491.67    3517.00    3072.37    2818.83    2282.34     964.78    1290.72    2361.38    3112.86
 4    1379.00    1322.74    1503.59    1617.78    1544.50    1202.58    1038.04    1020.81    1069.65     876.64     845.12    1091.01    1148.52    1065.15    1227.74    1071.20    1126.57    1204.39    1143.20    1271.85     892.12     706.01     986.13    1388.65    1798.11    1572.38    1200.51
 1    4109.00    1691.38    1691.38    6590.89    6590.89    5715.86    5715.86    2844.07    2844.07    2509.58    2509.58    4164.01    4164.01    5066.29    5066.29    6296.14    6296.14    9627.62    9627.62    6867.17    6867.17    9744.50    9744.50    9915.91    9915.91    6097.94    6097.94
 2     783.00     322.17     322.17    1255.41    1255.41    1088.74    1088.74     541.73     541.73     478.02     478.02     793.14     793.14     965.01     965.01    1199.26    1199.26    1833.83    1833.83    1308.03    1308.03    1856.10    1856.10    1888.74    1888.74    1161.51    1161.51
 3    3537.00    1486.20    1760.16    2954.03    3087.74    3093.91    3426.99    1953.31    2799.99    2733.52    4075.86    5822.79    6720.35    7926.68    7332.16    6000.87    4892.31    4735.88    4967.30    3116.51    3013.61    4016.17    4509.01    4016.66    3171.78    3002.82    2910.46
 4    1379.00    1393.79    1376.93    1405.79    1271.03    1080.72    1166.83    1472.80    2608.49    2327.25    2418.11    2582.95    2327.05    2116.35    1911.98    1706.41    1681.81    1527.10    1681.89    1717.99    2159.28    2109.64    1494.47    1075.24     958.07     795.09     784.18
 1    4109.00    3185.03    3185.03    4289.67    4289.67    9024.71    9024.71   18678.66   18678.66   17670.58   17670.58    3800.87    3800.87    2383.00    2383.00    8978.05    8978.05    8702.23    8702.23    3769.92    3769.92    8692.07    8692.07    9100.48    9100.48    1397.55    1397.55
 2     783.00     606.67     606.67     817.08     817.08    1718.99    1718.99    3557.84    3557.84    3365.82    3365.82     723.98     723.98     453.90     453.90    1710.10    1710.10    1657.57    1657.57     718.08     718.08    1655.63    1655.63    1733.42    1733.42     266.20     266.20
 3    3537.00    2403.52    2315.22    2347.84    2358.74    3223.76    3170.34    5060.91    4005.97    5164.84    4564.87    1580.72    1493.96    1334.63    2417.63    4513.79    3936.37    3604.27    2888.86    2248.00    3309.92    4652.61    3905.66    3338.17    3338.17    3338.17     528.39
 4    1379.00    1426.39    1384.02    1591.14    1941.91    1947.61    2102.60    1981.70    1979.50    1297.31     866.43     893.06    1618.67    1569.02    1699.78    1481.58    1062.05     946.44    1464.90    1559.72    1274.14     921.58     691.85     548.34     548.34     548.34     909.99
 1    4109.00    6033.26    6033.26    7651.18    7651.18    7106.02    7106.02    4249.94    4249.94    5568.02    5568.02    3468.70    3468.70    5351.81    5351.81    6348.80    6348.80    3820.28    3820.28    1909.45    1909.45    3745.43    3745.43    8924.92    8924.92    2925.38    2925.38
 2     783.00    1149.19    1149.19    1457.37    1457.37    1353.53    1353.53     809.51     809.51    1060.58    1060.58     660.70     660.70    1019.39    1019.39    1209.30    1209.30     727.67     727.67     363.70     363.70     713.42     713.42    1699.98    1699.98     557.22     557.22
 3    3537.00    3099.50    3294.72    2730.95    3004.99    2378.34    2146.60    1270.94    1785.52    2795.04    3131.48    3890.92    3319.77    2605.95    2836.98    2698.76    2506.59    2276.84    1721.56     779.23    1000.22    2049.36    2633.75    3690.66    3669.57    2375.99    2773.30
 4    1379.00    1518.84    1422.99    1369.84    1205.19     900.80    1028.86    1329.37    1769.67    1581.84    1222.39     940.47    1148.43    1165.89    1157.76     919.86     743.01     680.16     735.59     745.09    1197.38    1600.72    1438.47    1188.85    1428.63    1480.53    1369.01
 1    4109.00    5621.15    5621.15    3148.53    3148.53    3671.05    3671.05    3437.74    3437.74    3048.28    3048.28    2223.61    2223.61    2076.69    2076.69    8654.18    8654.18    5009.47    5009.47    2769.69    2769.69    4935.08    4935.08   11278.81   11278.81    7354.58    7354.58
 2     783.00    1070.70    1070.70     599.72     599.72     699.25     699.25     654.81     654.81     580.62     580.62     423.54     423.54     395.56     395.56    1648.42    1648.42     954.18     954.18     527.56     527.56     940.02     940.02    2148.34    2148.34    1400.87    1400.87
 3    3537.00    2165.51    2491.37    2577.33    3648.13    3107.23    2692.22    3230.12    2509.33    2509.33    1931.45    1000.03    1239.53     931.48    1480.57    3623.20    2436.63    2893.26    2272.81    1604.88    2709.18    7042.11    7836.34    8595.15    7883.68    6007.62    4701.49
 4    1379.00    1325.51    1356.64    1451.42    1392.10     897.57     778.08     756.02     626.87     626.87     684.09    1125.57    1377.77    1231.30    1182.96    1167.91     820.78    1042.37    2119.00    2280.99    2483.43    3228.79    3061.22    2370.71    1770.57    1399.25     980.61
 1    4109.00     949.87     949.87    1329.17    1329.17    4044.81    4044.81   11161.00   11161.00    7449.29    7449.29   15752.81   15752.81    8351.57    8351.57    3793.48    3793.48    9385.07    9385.07   23836.89   23836.89   14097.93   14097.93    2550.70    2550.70    2176.48    2176.48
 2     783.00     180.93     180.93     253.18     253.18     770.44     770.44    2125.90    2125.90    1418.91    1418.91    3000.54    3000.54    1590.78    1590.78     722.57     722.57    1787.63    1787.63    4540.36    4540.36    2685.32    2685.32     485.85     485.85     414.57     414.57
 3    3537.00    1535.11    2055.60    1673.18    2026.73    2267.52    2087.58    2115.98    2785.36    3659.08    4466.80    5090.55    3617.74    3326.28    3017.63    2312.03    2273.90    2497.54    3685.93   10685.25    7472.45    5663.49    3869.03    1297.92    1826.27    1302.60    1934.55
 4    1379.00    1342.87    1437.89    1112.28     914.91    1112.58    1775.23    1869.12    2406.92    2731.95    2604.25    1710.27    1246.89     881.15     907.45    1369.83    2959.34    3447.61    2628.24    2427.77    1649.60    1014.08     902.98     880.85    1109.56    1541.26    2359.12
 1    4109.00    5379.53    5379.53    9289.90    9289.90    6099.79    6099.79    1535.69    1535.69    5835.06    5835.06   11243.69   11243.69    8684.21    8684.21    4712.86    4712.86    2297.06    2297.06    2236.08    2236.08    2656.96    2656.96    3744.05    3744.05    8735.50    8735.50
 2     783.00    1024.67    1024.67    1769.50    1769.50    1161.86    1161.86     292.51     292.51    1111.44    1111.44    2141.66    2141.66    1654.14    1654.14     897.69     897.69     437.54     437.54     425.92     425.92     506.09     506.09     713.15     713.15    1663.90    1663.90
 3    3537.00    2424.12    2337.48    3088.03    2512.72    1566.63    1688.49     811.12    1220.72    3714.36    4997.54    8463.59    6305.86    4822.74    3784.04    3013.24    2245.60    1285.69    1704.56    1962.87    2183.14    2178.03    2732.99    2896.51    5338.39    9226.14   11042.35
 4    1379.00    1396.18    1235.86    1137.11    1158.51    1105.01    1340.12    1766.93    2670.39    2908.72    2471.10    2198.46    1544.26    1254.12     895.68     670.55     728.73     874.49    1024.40    1045.97    1213.61    1142.23    1930.49    4371.45    5855.23    4474.58    3706.67
 1    4109.00    5736.19    5736.19    4308.61    4308.61    4237.93    4237.93    4495.26    4495.26    3678.44    3678.44    3443.75    3443.75    3759.29    3759.29    4989.60    4989.60   10127.04   10127.04    8722.10    8722.10   10226.83   10226.83    2626.93    2626.93    2646.34    2646.34
 2     783.00    1092.61    1092.61     820.69     820.69     807.22     807.22     856.24     856.24     700.66     700.66     655.95     655.95     716.06     716.06     950.40     950.40    1928.96    1928.96    1661.35    1661.35    1947.97    1947.97     500.37     500.37     504.06     504.06
 3    3537.00    2674.51    2649.49    3164.55    3776.13    5117.28    4522.69    2667.11    2423.54    1827.19    1822.27    2113.04    2460.37    1447.64    1558.61    2777.18    3486.73    4957.56    4547.74    4803.28    3107.44    2747.88    1744.33    1098.34    1195.23    1306.30    1845.05
 4    1379.00    1412.47    1558.53    1922.01    1685.65     978.96     876.82     806.10     789.77     925.06    1002.49     904.72    1001.72    1376.75    1693.21    2418.67    2370.01    1823.51    1410.82    1035.97     835.68     868.64     621.83     699.76     915.11     979.09     944.43
 1    4109.00    2409.79    2409.79    3434.51    3434.51    5321.78    5321.78    6435.20    6435.20    5592.97    5592.97    4944.32    4944.32    9989.83    9989.83    9277.42    9277.42    9375.37    9375.37    5046.43    5046.43    7091.70    7091.70    4652.34    4652.34    5875.72    5875.72
 2     783.00     459.01     459.01     654.19     654.19    1013.67    1013.67    1225.75    1225.75    1065.33    1065.33     941.78     941.78    1902.82    1902.82    1767.13    1767.13    1785.78    1785.78     961.22     961.22    1350.80    1350.80     886.16     886.16    1119.18    1119.18
 3    3537.00    1705.04    2839.31    2487.54    2273.50    3488.89    3466.72    2970.05    2895.90    3154.68    2493.14    3143.73    3440.90    5183.80    4799.68    5911.96    5710.08    5723.88    6047.39    4439.16    3956.47    3586.34    2929.27    2668.38    2731.93    2898.71    2489.90
 4    1379.00    1376.73    1598.26    1342.50    1274.55    1456.01    1661.50    1390.41    1120.69    1034.20    1053.88    2084.95    2289.82    2636.57    2304.46    2029.97    1908.37    1590.92    1490.08    1392.44    1077.75    1139.35    1140.40    1034.42     813.42     791.40    1302.20
 1    4109.00    3878.03    3878.03    5905.75    5905.75    7230.30    7230.30    6204.20    6204.20    3797.18    3797.18    3038.57    3038.57    7689.99    7689.99   13343.02   13343.02   10707.31   10707.31    4698.08    4698.08    6089.62    6089.62   10391.77   10391.77   14812.64   14812.64
 2     783.00     738.67     738.67    1124.90    1124.90    1377.20    1377.20    1181.75    1181.75     723.27     723.27     578.78     578.78    1464.76    1464.76    2541.53    2541.53    2039.49    2039.49     894.87     894.87    1159.93    1159.93    1979.38    1979.38    2821.46    2821.46
 3    3537.00    1322.08    1824.45    2943.29    3384.39    3322.85    2763.41    1935.50    1348.20    1060.96    1371.75    1746.17    2614.55    5004.20    5758.01    6074.91    5025.68    3317.58    2537.19    2286.19    2739.89    3289.96    3413.76    3613.42    4729.40    7356.97    6194.45
 4    1379.00    1260.90    1415.03    1479.61    1246.76    1069.55     797.64     680.18     779.77     812.50    1417.51    2169.22    2647.04    2739.54    2125.42    1670.11    1322.37    1351.42    1323.79    1481.21    1674.99    1950.39    2287.59    3203.15    3178.33    3370.96    2685.82
 1    4109.00    4081.77    4081.77    2863.48    2863.48    3349.04    3349.04    2579.81    2579.81    5588.35    5588.35    5882.65    5882.65    5118.96    5118.96    2365.44    2365.44    4022.17    4022.17    3410.95    3410.95    4976.20    4976.20    8540.99    8540.99    5756.98    5756.98
 2     783.00     777.48     777.48     545.42     545.42     637.91     637.91     491.39     491.39    1064.45    1064.45    1120.50    1120.50     975.04     975.04     450.56     450.56     766.13     766.13     649.70     649.70     947.85     947.85    1626.86    1626.86    1096.57    1096.57
 3    3537.00    1936.26    2315.26    1620.10    1955.24    2808.88    3377.78    3675.89    3675.89    2969.25    2228.59    2066.01    1706.63    1797.28    1626.51    1089.47    1252.50    1249.74    1837.35    2529.94    2837.71    3371.61    3251.60    3835.86    3789.59    2181.53    3947.77
 4    1379.00    1032.49    1183.78    1061.61    1629.87    1862.85    1703.27    1109.84    1109.84     607.04     694.97     845.21     767.19     716.17     708.35     680.39     807.25    1168.25    1416.43    1156.16    1033.50     947.97     951.30     986.56    1638.95    2732.25    2844.56
 1    4109.00    5537.53    5537.53   10143.21   10143.21    8466.15    8466.15   11392.46   11392.46    6830.21    6830.21    7894.66    7894.66    9742.19    9742.19    5501.96    5501.96    2957.26    2957.26    6149.22    6149.22   15203.50   15203.50    8964.19    8964.19    4273.50    4273.50
 2     783.00    1054.77    1054.77    1932.04    1932.04    1612.60    1612.60    2169.99    2169.99    1300.99    1300.99    1503.74    1503.74    1855.66    1855.66    1047.99    1047.99     563.29     563.29    1171.28    1171.28    2895.90    2895.90    1707.46    1707.46     814.00     814.00
 3    3537.00    1308.82    1294.91    2353.37    2329.17    1859.97    2021.44    1894.26    2039.66    2070.57    1949.63    2251.41    3086.88    4000.16    3695.73    2829.59    2367.17    2287.07    2812.06    3570.86    4677.32    6005.43    5048.73    3584.95    2790.75    1139.82     999.91
 4    1379.00    1254.53    1195.51    1164.14    1125.57    1309.83    1484.93    1373.28    1098.85    1137.01    1619.46    1888.33    1734.27    1378.05    1156.12    1255.06    1605.14    1740.29    2543.69    2723.57    2339.70    1539.06    1115.25     788.75     814.80     862.36     670.42
 1    4109.00    4914.76    4914.76    4898.12    4898.12    4314.62    4314.62    4074.38    4074.38    4126.12    4126.12    1036.27    1036.27    6571.49    6571.49    5304.22    5304.22    6966.96    6966.96    5942.24    5942.24    3397.55    3397.55    1935.32    1935.32    3408.17    3408.17
 2     783.00     936.14     936.14     932.98     932.98     821.83     821.83     776.07     776.07     785.93     785.93     197.38     197.38    1251.71    1251.71    1010.33    1010.33    1327.04    1327.04    1131.86    1131.86     647.15     647.15     368.63     368.63     649.18     649.18
 3    3537.00    2007.72    2227.60    2457.09    2944.44    4050.88    4383.63    4383.63    4383.63    4383.63    1436.04     720.21    1695.62    3864.98    3530.41    4268.89    3610.10    2595.38    2179.40    2524.04    2672.54    2208.89    2009.72    2442.90    2151.93    2655.51    2757.40
 4    1379.00    1165.62    1399.66    1488.44    1846.77    1546.88    1132.21    1132.21    1132.21    1132.21    1260.90    2154.78    2604.61    1787.74    1203.39     956.87     855.28     892.29    1037.52    1235.77    1304.35    1024.21     903.50    1036.02    1369.10    1703.14    1750.36
 1    4109.00    4494.80    4494.80    3073.22    3073.22    7634.55    7634.55    9846.61    9846.61    8530.37    8530.37    7846.61    7846.61    7928.84    7928.84    4962.80    4962.80    6240.70    6240.70   11762.06   11762.06   16822.34   16822.34   10517.43   10517.43    7554.62    7554.62
 2     783.00     856.15     856.15     585.38     585.38    1454.20    1454.20    1875.54    1875.54    1624.83    1624.83    1494.59    1494.59    1510.26    1510.26     945.30     945.30    1188.70    1188.70    2240.39    2240.39    3204.26    3204.26    2003.32    2003.32    1438.98    1438.98
 3    3537.00    1767.14    2184.81    2325.43    2345.31    2178.18    1946.21    2831.97    3012.71    3294.46    3229.47    3599.74    3959.21    5514.37    5722.98    2876.73    3818.71    3628.81    6648.64    9300.46    8864.64    6339.62    4412.62    3185.71    3454.03    2890.41    3524.74
 4    1379.00    1474.91    1262.63    1237.48    1361.84    1365.08    1441.91    1612.91    1546.57    1899.64    2114.95    1705.81    1381.49    1219.81    1321.39    2007.35    4382.34    4588.68    3766.25    2365.56    1585.44    1231.20    1351.83    1821.04    2193.78    2045.93    2755.26
 1    4109.00    5696.92    5696.92    3679.83    3679.83    6202.35    6202.35    4140.91    4140.91    3128.66    3128.66    3198.89    3198.89    3792.10    3792.10   10953.10   10953.10   12948.47   12948.47   11399.85   11399.85   12917.52   12917.52    3970.89    3970.89    2407.48    2407.48
 2     783.00    1085.13    1085.13     700.92     700.92    1181.40    1181.40     788.74     788.74     595.94     595.94     609.31     609.31     722.30     722.30    2086.30    2086.30    2466.38    2466.38    2171.40    2171.40    2460.48    2460.48     756.36     756.36     458.57     458.57
 3    3537.00    2557.45    2914.82    1832.68    2148.23    2531.09    2429.58    3914.58    3579.80    3680.98    3788.23    3941.97    3621.04    4015.99    5724.62   11561.96    9849.99    5643.22    4035.01    3417.91    3563.69    4948.00    3303.52    1774.56    1565.65    1298.36    1592.55
 4    1379.00    1357.11    1456.94    1229.37    1511.85    1452.11    1055.24    1210.22    1227.98    1437.85    1366.90    1272.50    2022.64    3547.89    3277.44    2034.78    1563.37    2028.08    2194.63    1881.81    1309.98     944.82     770.21     718.84    1092.19    1082.60     949.65
 1    4109.00    3259.87    3259.87    5301.91    5301.91    5471.47    5471.47    9742.19    9742.19    7186.41    7186.41    3973.20    3973.20    6389.00    6389.00    4065.14    4065.14    4904.13    4904.13    6287.36    6287.36    5817.04    5817.04    8830.21    8830.21    6048.50    6048.50
 2     783.00     620.93     620.93    1009.89    1009.89    1042.18    1042.18    1855.66    1855.66    1368.84    1368.84     756.80     756.80    1216.95    1216.95     774.31     774.31     934.12     934.12    1197.59    1197.59    1108.01    1108.01    1681.94    1681.94    1152.10    1152.10
 3    3537.00    3368.89    3685.82    4419.14    4192.24    4634.65    5282.02    5542.74    4211.67    3301.24    2335.54    1440.98    1740.53    2717.69    2405.24    2748.60    2555.85    4552.19    4223.64    2217.70    2264.17    5488.58    5585.54    7221.89    5634.70    1934.27    2207.67
 4    1379.00    1586.50    1685.16    2118.83    1882.96    2216.11    2007.91    1316.41     815.10     981.51    1150.29    1221.09    1096.83    1329.74    1404.80    1638.82    1457.74    1488.47    1728.80    2691.25    2611.89    2733.64    2068.14    1454.70    1271.95    2057.01    1986.97
 1    4109.00    4582.58    4582.58   13445.59   13445.59    3956.11    3956.11    2931.39    2931.39    2485.10    2485.10    2555.32    2555.32    4361.28    4361.28    2800.18    2800.18    3517.21    3517.21    2194.96    2194.96    3328.71    3328.71    2052.67    2052.67    2538.23    2538.23
 2     783.00     872.87     872.87    2561.06    2561.06     753.54     753.54     558.36     558.36     473.35     473.35     486.73     486.73     830.72     830.72     533.37     533.37     669.94     669.94     418.09     418.09     634.04     634.04     390.98     390.98     483.47     483.47
 3    3537.00    2668.67    2779.95    4631.66    3230.11    3230.11     912.34     923.75     957.87    1265.06    1589.28    1427.09    1821.63    2790.34    2259.86    1766.05    1914.93    2494.42    2488.68    1965.24    2499.57    2868.78    2466.66    1306.35    1594.57    1600.62    1683.91
 4    1379.00    1435.75    1244.83     882.43     602.09     602.09     776.87     655.97     684.87     785.46    1176.70    1002.00     837.41     849.68     969.16    1185.46    1068.85    1032.76     987.41    1091.00     971.38     589.80     663.74     886.29    1070.32    1412.68    1395.38
 1    4109.00    3646.57    3646.57    6401.93    6401.93    7088.93    7088.93    8448.13    8448.13    2159.39    2159.39    4778.47    4778.47    7540.76    7540.76   14919.37   14919.37   17379.05   17379.05    7369.82    7369.82    8953.56    8953.56    4240.24    4240.24    2292.44    2292.44
 2     783.00     694.58     694.58    1219.42    1219.42    1350.27    1350.27    1609.17    1609.17     411.31     411.31     910.18     910.18    1436.34    1436.34    2841.78    2841.78    3310.30    3310.30    1403.78    1403.78    1705.44    1705.44     807.66     807.66     436.66     436.66
 3    3537.00    2545.94    2734.67    2755.01    3866.19    4479.22    3572.62    3943.21    2967.38    1092.89    2010.65    3371.16    3901.77    4852.71    4426.19    5047.09    5027.31    4538.53    2903.94    1293.88    1492.49    2426.48    1913.60    1241.48    1254.76    1225.78    1203.97
 4    1379.00    1324.88    1367.09    1674.47    2043.29    1586.42    1025.01     770.75    1112.69    1810.18    2145.92    1969.13    1577.79    1806.06    2050.82    2046.26    1685.45    1134.61     994.65    1217.48    1167.91    1116.97     806.50     588.74     644.00     763.15    1039.77
 1    4109.00    3838.30    3838.30    4250.86    4250.86    2262.88    2262.88    3803.65    3803.65    3209.51    3209.51    7079.69    7079.69    9684.44    9684.44   13158.22   13158.22    9397.54    9397.54    4165.39    4165.39    1989.37    1989.37    5631.78    5631.78    5509.81    5509.81
 2     783.00     731.10     731.10     809.69     809.69     431.02     431.02     724.50     724.50     611.34     611.34    1348.51    1348.51    1844.66    1844.66    2506.33    2506.33    1790.01    1790.01     793.41     793.41     378.93     378.93    1072.72    1072.72    1049.49    1049.49
 3    3537.00    2346.28    2434.48    1930.56    1949.46    1908.21    1605.30    3076.10    2877.59    3143.72    4105.33    4605.71    4409.50    8480.43    6446.75    6338.37    4565.67    2460.79    1238.73     696.38    1078.20     689.48    1408.83    2920.58    2721.72    2353.44    2814.22
 4    1379.00    1347.62    1392.05    1098.13    1062.62    1141.72    1312.60    1752.72    2239.52    2476.32    2346.90    2205.57    2260.12    2248.48    1628.06    1067.26     738.48     746.56     838.98     884.92    1525.29    1242.20    1196.39    1231.38    1301.45    1874.93    2405.08
 1    4109.00    4263.80    4263.80    3936.24    3936.24    3778.70    3778.70    9220.60    9220.60    1658.58    1658.58    4074.84    4074.84    8376.06    8376.06    7557.40    7557.40    3985.21    3985.21    4184.80    4184.80    4194.50    4194.50    3410.95    3410.95    2907.83    2907.83
 2     783.00     812.15     812.15     749.76     749.76     719.75     719.75    1756.30    1756.30     315.92     315.92     776.16     776.16    1595.44    1595.44    1439.50    1439.50     759.09     759.09     797.10     797.10     798.95     798.95     649.70     649.70     553.87     553.87
 3    3537.00    2348.01    2363.84    2478.62    2578.62    3252.72    3436.70    3944.08    2603.62    1907.52    2012.31    2432.03    2926.09    4313.13    3564.57    3521.10    2617.42    1431.94    1249.19    1684.76    1743.17    2076.24    2839.99    3046.39    3030.40    3648.44    3326.77
 4    1379.00    1567.79    1469.97    1412.80    1512.69    1623.04    1328.35    1043.41    1057.42    1177.31    1807.14    1782.46    1550.11    1133.92     911.18     881.41     848.79     870.36     930.44    1062.68    1143.40    1563.41    1814.53    1279.18    1025.34    1015.34    1107.38
 1    4109.00    3623.00    3623.00    9223.83    9223.83   22086.83   22086.83   11148.98   11148.98   10391.77   10391.77   16451.36   16451.36    7548.62    7548.62   11770.37   11770.37    6130.28    6130.28    4894.43    4894.43    2294.29    2294.29    6656.96    6656.96    6376.06    6376.06
 2     783.00     690.10     690.10    1756.92    1756.92    4207.02    4207.02    2123.62    2123.62    1979.38    1979.38    3133.59    3133.59    1437.83    1437.83    2241.98    2241.98    1167.67    1167.67     932.27     932.27     437.01     437.01    1267.99    1267.99    1214.49    1214.49
 3    3537.00    1942.40    2090.61    2258.54    2548.22    5033.50    2992.10    1895.86    2666.50    2180.74    2231.59    2216.27    2008.90    1017.64    1437.45    3006.86    4024.17    4930.05    3547.27    3706.79    2992.44    2171.88    2572.09    3563.18    3550.43    2645.71    2383.73
 4    1379.00    1382.67    1602.25    1623.87    1595.65    1656.07    1650.11    1790.84    1431.94    1319.09    1557.61    1347.22    1145.15    1500.67    2441.96    2540.44    1947.70    1566.14    1221.97    1215.98     996.18    1234.30    1458.47    1294.45    1056.35     805.69    1074.62
 1    4109.00    4445.36    4445.36    4318.31    4318.31    3622.54    3622.54    3366.59    3366.59    4107.64    4107.64    5692.76    5692.76    3846.15    3846.15    3379.53    3379.53    7824.89    7824.89   32274.40   32274.40   31384.12   31384.12   11119.42   11119.42    5021.94    5021.94
 2     783.00     846.74     846.74     822.54     822.54     690.01     690.01     641.26     641.26     782.41     782.41    1084.34    1084.34     732.60     732.60     643.72     643.72    1490.46    1490.46    6147.50    6147.50    5977.93    5977.93    2117.98    2117.98     956.56     956.56
 3    3537.00    1769.73    2334.82    2505.10    2727.58    2766.42    2486.03    2507.28    2802.79    2057.66    2020.21    2421.13    2126.17    1582.16    1886.02    2629.86    3617.56    4562.22    7710.31   16118.01   16760.91   16855.92   11775.67    4777.82    3519.62    2381.50    2714.72
 4    1379.00    1346.46    1309.00    1129.11    1138.34    1116.85    1158.42    1170.22    1114.54     982.78     843.37     762.31     909.05    1080.65    1845.10    2587.14    4657.04    7516.00    8133.39    6776.48    4193.32    1826.81    1408.86    1191.76    1481.51    1702.66    2174.78
 1    4109.00    3956.57    3956.57    5326.40    5326.40    7698.77    7698.77   10824.20   10824.20    2427.81    2427.81    1640.56    1640.56    4265.18    4265.18    6660.65    6660.65    7751.44    7751.44    7805.49    7805.49    7296.37    7296.37    9644.71    9644.71    6122.89    6122.89
 2     783.00     753.63     753.63    1014.55    1014.55    1466.43    1466.43    2061.75    2061.75     462.44     462.44     312.49     312.49     812.42     812.42    1268.70    1268.70    1476.46    1476.46    1486.76    1486.76    1389.78    1389.78    1837.09    1837.09    1166.26    1166.26
 3    3537.00    2555.28    2563.40    3316.19    3939.68    4844.37    5409.07    4536.62    3416.41    1274.08    1542.04    1538.58    1994.72    3136.28    3345.87    2616.87    3517.71    4310.48    4393.77    5661.59    4768.73    3066.97    4614.63    6947.03    6664.31    6427.90    4778.04
 4    1379.00    1540.99    1382.84    1572.19    1556.75    1340.26    1229.80     814.51     669.17     782.81    1050.78    1553.97    1576.90    1269.92    1234.55    1583.87    1882.57    1581.85    1501.04    1134.28    1517.54    3344.84    3211.33    2206.11    1490.52     989.58     837.25
 1    4109.00    2627.39    2627.39    3682.60    3682.60    8068.83    8068.83    2773.85    2773.85    2946.64    2946.64    2861.17    2861.17    6379.30    6379.30    4167.70    4167.70    4540.54    4540.54    4520.67    4520.67    3872.48    3872.48    3880.80    3880.80    1561.56    1561.56
 2     783.00     500.46     500.46     701.45     701.45    1536.92    1536.92     528.35     528.35     561.26     561.26     544.98     544.98    1215.10    1215.10     793.85     793.85     864.86     864.86     861.08     861.08     737.62     737.62     739.20     739.20     297.44     297.44
 3    3537.00    2397.02    2559.22    2932.35    3142.27    2712.77    2306.77    1575.96    1848.27    1572.32    2159.01    2449.67    3132.50    4810.70    5122.19    5981.13    5916.62    5086.89    4660.53    2724.35    2774.92    2478.11    3058.76    3489.42    3182.12    2260.82    2516.38
 4    1379.00    1484.30    1443.22    1211.29    1055.41     874.32     865.16    1061.08    1126.96    1257.67    1505.09    2324.69    2714.73    2316.49    1982.79    1750.24    1403.85    1253.43    1196.65     955.14    1052.30    1253.90    1239.25     890.47    1009.78    1054.00     881.74
 1    4109.00    2562.71    2562.71    4297.99    4297.99    5929.31    5929.31    3252.02    3252.02    4153.84    4153.84    3265.42    3265.42    3756.98    3756.98    5075.53    5075.53    3878.49    3878.49    3883.11    3883.11    1387.39    1387.39    2509.58    2509.58    4431.50    4431.50
 2     783.00     488.14     488.14     818.66     818.66    1129.39    1129.39     619.43     619.43     791.21     791.21     621.98     621.98     715.62     715.62     966.77     966.77     738.76     738.76     739.64     739.64     264.26     264.26     478.02     478.02     844.10     844.10
 3    3537.00    2314.11    2394.28    3662.60    3527.92    3350.19    3528.82    1757.97    2244.51    2836.28    2319.73    2699.09    3539.32    5333.58    4658.90    4079.76    3113.93    1724.73    2120.15    3289.50    3020.53    2341.77    2536.56    2124.05    2131.19    3382.89    3109.62
 4    1379.00    1342.96    1379.90    1426.21    1391.08    1237.66    1274.71    1005.16     906.64    1084.11    1700.69    2239.44    1808.68    1214.27     885.76    1156.37    1159.94     980.37    1009.50    1117.57    1017.27    1093.57    1065.95    1126.49    1417.52    2011.07    1691.83
 1    4109.00    3336.56    3336.56    3786.09    3786.09    7277.42    7277.42    7793.48    7793.48    5579.11    5579.11    6302.14    6302.14    3876.18    3876.18    5703.85    5703.85    4887.96    4887.96    2599.67    2599.67    3489.02    3489.02    9591.12    9591.12   11495.95   11495.95
 2     783.00     635.54     635.54     721.16     721.16    1386.18    1386.18    1484.47    1484.47    1062.69    1062.69    1200.41    1200.41     738.32     738.32    1086.45    1086.45     931.04     931.04     495.18     495.18     664.58     664.58    1826.88    1826.88    2189.70    2189.70
 3    3537.00    1596.91    2187.41    2442.30    2415.35    4291.92    5735.03    7132.26    5482.29    4582.01    3857.60    3180.75    3032.96    2333.76    2655.81    3235.86    2666.82    2101.91    2110.37    2032.37    3068.34    5635.14    6182.10    7652.17    6771.19    5666.31    3955.60
 4    1379.00    1329.20    1378.13    1773.76    2309.68    2749.88    2438.20    1662.18    1186.74    1208.80    1176.73    1187.59    1345.45    1199.15     853.46     737.70     836.25    1227.05    1708.50    2644.71    2789.81    2625.44    2511.23    2188.49    1647.40    1146.53     814.92
 1    4109.00    3073.22    3073.22    7632.24    7632.24    5437.28    5437.28    3831.37    3831.37    2514.67    2514.67    7385.07    7385.07    6780.77    6780.77    3757.45    3757.45    5852.15    5852.15    6728.57    6728.57    9388.76    9388.76    7236.77    7236.77    3328.25    3328.25
 2     783.00     585.38     585.38    1453.76    1453.76    1035.67    1035.67     729.78     729.78     478.98     478.98    1406.68    1406.68    1291.58    1291.58     715.70     715.70    1114.70    1114.70    1281.63    1281.63    1788.34    1788.34    1378.43    1378.43     633.95     633.95
 3    3537.00    2289.71    2718.20    4355.44    3694.07    3192.15    2774.17    1928.12    2042.22    2299.94    2981.03    4777.47    4612.97    3163.53    2946.46    2909.68    2867.58    3903.00    4497.15    6608.49    7624.17    6970.67    6597.04    5049.03    4310.71    3371.27    4262.17
 4    1379.00    1405.56    1279.75    1117.42    1021.45     930.57     921.00    1306.41    1573.49    1678.28    1776.50    1373.58    1135.24    1000.86    1186.63    1299.04    1276.39    1612.58    2162.61    2389.61    2090.01    2037.62    1595.72    1375.57    1683.29    1915.11    1870.65
 1    4109.00    4766.45    4766.45    4057.75    4057.75    7393.39    7393.39    2894.43    2894.43    1578.65    1578.65    4530.83    4530.83    9799.48    9799.48    6164.00    6164.00    1541.23    1541.23    5657.65    5657.65   13929.30   13929.30    5440.97    5440.97    8325.70    8325.70
 2     783.00     907.90     907.90     772.90     772.90    1408.26    1408.26     551.32     551.32     300.70     300.70     863.02     863.02    1866.57    1866.57    1174.10    1174.10     293.57     293.57    1077.65    1077.65    2653.20    2653.20    1036.38    1036.38    1585.85    1585.85
 3    3537.00    3510.97    3231.20    3757.64    3702.17    2808.20    2051.71    1300.99    1294.12    1209.52    2136.80    3280.61    3833.68    3326.77    2464.97    1885.12    1758.53    1019.45    1941.39    2921.01    3140.32    3045.77    2555.37    2133.73    2147.93    3214.38    5263.85
 4    1379.00    1641.44    1433.50    1231.02     905.10     720.65     617.04     768.94    1167.58    1579.19    1789.31    1345.13    1064.31     838.72     726.98     861.47    1255.03    1464.99    1712.56    1462.13    1129.95    1097.31    1167.26    1291.68    1969.74    2711.13    2960.95
 1    4109.00    3891.89    3891.89    5247.40    5247.40    4099.79    4099.79    8505.42    8505.42    9211.36    9211.36    2757.68    2757.68    2913.83    2913.83    3838.30    3838.30    7656.73    7656.73   12085.46   12085.46    9952.40    9952.40    4834.83    4834.83    3031.18    3031.18
 2     783.00     741.31     741.31     999.50     999.50     780.91     780.91    1620.08    1620.08    1754.54    1754.54     525.27     525.27     555.02     555.02     731.10     731.10    1458.42    1458.42    2301.99    2301.99    1895.70    1895.70     920.92     920.92     577.37     577.37
 3    3537.00    1412.87    1690.89    2998.46    3504.34    2259.31    2851.31    3904.18    4457.32    4571.64    3714.00    1761.79    1836.47    1665.77    1768.44    2357.39    3104.50    3541.83    5218.12    6831.39    5369.50    3705.80    4063.19    2922.88    2579.71    2197.78    2667.91
 4    1379.00    1180.09    1115.47    1072.63    1201.19    1506.01    1931.12    1974.05    1363.51     854.48     878.91     705.10     808.40    1143.78    1595.22    2200.40    2985.99    2537.99    2084.18    1677.85    1515.98    1548.86    1506.59    1198.96    1081.30    1190.71    1126.11
 1    4109.00    4727.18    4727.18    2793.71    2793.71    4296.60    4296.60    4705.47    4705.47    2564.56    2564.56    4734.11    4734.11    5164.70    5164.70    7046.42    7046.42    4535.45    4535.45    3699.70    3699.70    1581.43    1581.43    3647.95    3647.95    3649.80    3649.80
 2     783.00     900.42     900.42     532.14     532.14     818.40     818.40     896.28     896.28     488.49     488.49     901.74     901.74     983.75     983.75    1342.18    1342.18     863.90     863.90     704.70     704.70     301.22     301.22     694.85     694.85     695.20     695.20
 3    3537.00    2875.89    2621.18    3186.83    3442.76    4338.73    4023.71    3743.96    3362.02    2660.83    4752.29    4813.28    4334.32    5341.03    4816.07    5721.10    5092.13    5033.64    4330.22    3292.56    2421.17    2301.59    2038.76    2563.58    2243.80    1773.98    2121.08
 4    1379.00    1518.87    1446.59    1464.58    1369.94    1284.40    1267.40    1300.52    2086.12    2120.61    2229.95    2288.89    2056.49    1778.81    1691.96    2026.82    1621.11    1114.10     909.72     832.50     715.24    1038.87    1216.83     911.08     982.72    1312.83    1442.17
 1    4109.00   13289.43   13289.43    7199.35    7199.35    5216.44    5216.44    3144.37    3144.37    3096.79    3096.79    5981.98    5981.98    7242.77    7242.77    4708.24    4708.24    5081.08    5081.08   11951.02   11951.02    5444.67    5444.67    9252.01    9252.01    8572.41    8572.41
 2     783.00    2531.32    2531.32    1371.30    1371.30     993.61     993.61     598.93     598.93     589.86     589.86    1139.42    1139.42    1379.58    1379.58     896.81     896.81     967.82     967.82    2276.38    2276.38    1037.08    1037.08    1762.29    1762.29    1632.84    1632.84
 3    3537.00    3182.76    2999.84    2074.13    1905.33    1069.64    1245.28    1013.11    1331.70    1451.26    1725.14    3670.74    3361.65    3327.06    3886.91    4814.73    3778.16    3185.10    4249.10    4025.31    3484.14    3001.77    5577.21    6652.96    6298.45    5666.57    3783.06
 4    1379.00    1310.86    1165.76     946.66     783.49     654.21     726.41    1167.23    1285.98    1136.24    1319.94    1513.40    1625.20    1537.05    1307.09     967.38    1272.93    1760.30    1676.15    1136.71    1478.76    2669.50    2762.27    2386.93    1266.37     833.14     757.19
 1    4109.00    1907.60    1907.60    2978.05    2978.05    6711.47    6711.47    7404.01    7404.01    9404.47    9404.47   15654.87   15654.87    9823.51    9823.51    1161.01    1161.01     556.25     556.25    2662.04    2662.04    7355.96    7355.96    9873.40    9873.40    6702.23    6702.23
 2     783.00     363.35     363.35     567.25     567.25    1278.38    1278.38    1410.29    1410.29    1791.33    1791.33    2981.88    2981.88    1871.14    1871.14     221.14     221.14     105.95     105.95     507.06     507.06    1401.14    1401.14    1880.65    1880.65    1276.62    1276.62
 3    3537.00    1572.39    1974.26    2869.32    3468.03    4827.58    4565.39    4535.93    4282.48    4043.43    3777.69    3350.17    2395.00    2395.00    2395.00    2395.00     229.21     158.61     568.38    1957.04    2525.00    6121.69    5158.67    6014.67    3944.97    3212.07    3754.78
 4    1379.00    1293.07    1479.56    2304.48    2128.47    1958.77    1977.62    1954.79    1665.64    1727.80    1709.37     986.83     670.49     670.49     670.49     670.49     962.49    1691.77    1885.15    2328.30    1955.91    1946.33    1340.64    1402.96    2004.09    1835.09    1618.29
 1    4109.00     867.17     867.17    3096.32    3096.32    3179.95    3179.95    3595.75    3595.75    4553.01    4553.01    5290.36    5290.36    6428.73    6428.73    3952.87    3952.87    8723.95    8723.95    7876.64    7876.64    5569.87    5569.87    8380.68    8380.68   11894.65   11894.65
 2     783.00     165.18     165.18     589.78     589.78     605.70     605.70     684.90     684.90     867.24     867.24    1007.69    1007.69    1224.52    1224.52     752.93     752.93    1661.70    1661.70    1500.31    1500.31    1060.93    1060.93    1596.32    1596.32    2265.65    2265.65
 3    3537.00    1527.81    1661.64    2366.72    2900.09    2244.13    2428.88    3151.28    3481.40    6665.66    8231.24    7554.47    6530.57    6882.41    5342.55    3084.59    3796.69    5158.89    5409.81    2919.26    2883.81    3100.16    3307.40    4021.29    4209.62    4933.14    3883.42
 4    1379.00    1337.43    1334.37    1412.78    1537.89    1443.90    1701.13    2035.83    2910.43    3293.92    2902.99    2049.93    1325.23    1140.56    1566.60    1796.19    1793.12    1711.39    1740.88    1612.76    1702.51    2025.56    1992.70    1399.86    1324.83    1049.33     861.06
 1    4109.00    2957.72    2957.72    3233.08    3233.08    6031.41    6031.41    8455.99    8455.99    7276.96    7276.96    8541.92    8541.92    3437.28    3437.28    4813.58    4813.58    9109.25    9109.25    7383.68    7383.68    3126.35    3126.35    5655.80    5655.80    7564.79    7564.79
 2     783.00     563.38     563.38     615.82     615.82    1148.84    1148.84    1610.66    1610.66    1386.09    1386.09    1627.03    1627.03     654.72     654.72     916.87     916.87    1735.10    1735.10    1406.42    1406.42     595.50     595.50    1077.30    1077.30    1440.91    1440.91
 3    3537.00    2067.77    2133.12    1758.40    2193.25    4354.74    3679.98    4184.05    4270.01    4027.67    3179.16    2886.67    2001.43    1783.09    1935.35    2153.71    2170.62    3377.52    2381.80    1858.66    1823.84    1587.71    2218.79    2598.55    3374.44    3630.27    4579.90
 4    1379.00    1526.57    1531.22    1772.09    1562.41    1708.28    1609.87    1835.84    1674.42    1342.45     969.22     944.92     958.67    1060.05    1001.62    1139.23    1063.09    1200.16    1097.45     922.88     945.46    1273.84    1760.34    1973.23    2935.16    2875.56    2460.54
 1    4109.00    7058.90    7058.90    4139.52    4139.52    4751.67    4751.67    8003.69    8003.69   12060.51   12060.51    9666.43    9666.43   12825.58   12825.58    6938.78    6938.78    2435.20    2435.20    1742.20    1742.20    2411.64    2411.64    1736.20    1736.20    2032.80    2032.80
 2     783.00    1344.55    1344.55     788.48     788.48     905.08     905.08    1524.51    1524.51    2297.24    2297.24    1841.22    1841.22    2442.97    2442.97    1321.67    1321.67     463.85     463.85     331.85     331.85     459.36     459.36     330.70     330.70     387.20     387.20
 3    3537.00    3297.20    3429.94    2781.31    2689.60    3146.53    3505.76    3784.97    3709.08    5948.71    7311.95    8342.72    6979.31    8204.62    5879.31    2295.60    1799.85    1374.44    1466.01    1537.49    1513.20    1621.12    1530.43     749.88     891.88    1628.59    1927.76
 4    1379.00    1426.97    1467.17    1078.52    1229.89    1624.83    1486.38    1876.40    3083.21    3416.83    2535.68    1740.43    1645.15    1300.49     896.29     804.93     772.86     813.26     727.02     648.74     630.81     654.89     816.10    1004.68     937.37     984.78    1045.37
 1    4109.00    5197.04    5197.04    4305.84    4305.84    4031.87    4031.87    3509.35    3509.35    7810.11    7810.11   12549.31   12549.31    6963.26    6963.26    6170.47    6170.47    3410.48    3410.48    6193.11    6193.11    8512.81    8512.81   11596.66   11596.66   13987.51   13987.51
 2     783.00     989.91     989.91     820.16     820.16     767.98     767.98     668.45     668.45    1487.64    1487.64    2390.34    2390.34    1326.34    1326.34    1175.33    1175.33     649.62     649.62    1179.64    1179.64    1621.49    1621.49    2208.89    2208.89    2664.29    2664.29
 3    3537.00    2409.04    3003.96    2722.74    2642.95    2939.62    2837.39    2957.30    3037.41    5068.06    5249.49    4933.36    3684.13    3247.50    3162.42    2335.48    2630.93    2672.96    4116.09    2786.64    2624.54    3144.92    3502.48    5764.25    5795.63    6925.12    5556.05
 4    1379.00    1439.18    1259.01    1204.68     944.26    1197.73    1744.89    2054.84    1937.57    1884.88    1675.54    1331.78    1067.60    1152.54    1160.97    1219.61    1368.19    1442.92    1626.51    1254.48    1394.97    1890.22    2379.47    2860.85    2373.00    1435.97    1487.02
 1    4109.00    2985.91    2985.91    4226.84    4226.84    7921.45    7921.45    9167.93    9167.93    5902.51    5902.51    4267.49    4267.49    7336.56    7336.56    7149.45    7149.45    3202.58    3202.58    2925.85    2925.85    4883.80    4883.80    3568.49    3568.49    5325.47    5325.47
 2     783.00     568.74     568.74     805.11     805.11    1508.85    1508.85    1746.27    1746.27    1124.29    1124.29     812.86     812.86    1397.44    1397.44    1361.80    1361.80     610.02     610.02     557.30     557.30     930.25     930.25     679.71     679.71    1014.38    1014.38
 3    3537.00    2372.90    2584.95    4241.68    3907.85    3465.30    2996.67    2391.56    2058.25    2538.41    2192.16    1218.76    2101.87    5947.65    4841.17    3174.81    3136.65    2304.71    2330.32    2765.12    2348.55    2876.26    2633.36    2358.78    2474.65    3589.03    3102.68
 4    1379.00    1343.94    1342.23    1844.18    1562.44    1430.70    1130.77     897.08     924.23     834.27    1183.50    2044.71    1996.80    1555.87    1250.46    1188.16    1231.70    1186.36    1069.60    1204.92    1070.63    1144.95    1176.74    1235.12    1040.94     933.32    1063.52
 1    4109.00    3745.90    3745.90    6180.64    6180.64    4505.42    4505.42   10371.44   10371.44   11697.38   11697.38    4910.60    4910.60    3161.47    3161.47    4229.15    4229.15    2968.81    2968.81    2531.30    2531.30    1784.24    1784.24    1688.15    1688.15    5760.68    5760.68
 2     783.00     713.50     713.50    1177.26    1177.26     858.18     858.18    1975.51    1975.51    2228.07    2228.07     935.35     935.35     602.18     602.18     805.55     805.55     565.49     565.49     482.15     482.15     339.86     339.86     321.55     321.55    1097.27    1097.27
 3    3537.00    1686.17    2249.42    2491.42    2427.75    3301.28    3229.11    4395.09    6676.96    7190.72    5725.02    3113.94    2751.38    2623.14    2603.67    3286.72    2568.55    1443.65    1571.63    1503.90    1670.81    1075.83    1191.32    1441.62    2703.72    3674.65    3226.33
 4    1379.00    1131.02    1350.88    1418.33    1242.17    1530.16    2829.49    2972.18    2125.82    1219.90    1128.58    1381.67    1256.86     959.67     811.58     889.36     805.83     705.77     714.84     708.16     787.57     954.52    1456.78    1719.45    1647.29    1245.06    1307.11
 1    4109.00    6209.74    6209.74    6206.97    6206.97    5196.58    5196.58    3477.47    3477.47    2200.97    2200.97    4134.90    4134.90    4520.67    4520.67    3650.26    3650.26    2095.17    2095.17    4866.25    4866.25    7167.01    7167.01    5653.03    5653.03    7543.07    7543.07
 2     783.00    1182.81    1182.81    1182.28    1182.28     989.82     989.82     662.38     662.38     419.23     419.23     787.60     787.60     861.08     861.08     695.29     695.29     399.08     399.08     926.90     926.90    1365.14    1365.14    1076.77    1076.77    1436.78    1436.78
 3    3537.00    2352.73    2965.20    3156.30    3245.63    3094.08    2661.22    2102.20    1813.11    1215.79    1553.04    2661.07    2947.85    3464.79    3719.42    2463.04    1813.36    2188.10    2087.77    2629.18    3767.45    4316.01    3796.50    2648.38    2768.84    3698.67    2896.79
 4    1379.00    1334.33    1314.11    1155.64    1000.03     775.19     600.75     697.81     939.87    1381.76    1346.77    1487.56    1555.20    1202.84     966.94     929.37     944.38    1152.11    1679.20    1803.78    1820.72    1385.45    1359.62    1302.51    1363.56    1082.37     661.88
 1    4109.00    7112.49    7112.49    6181.10    6181.10    3306.53    3306.53    5502.88    5502.88    6191.72    6191.72    7261.72    7261.72   14137.20   14137.20    9835.06    9835.06    5545.39    5545.39    7758.83    7758.83    3835.52    3835.52    6687.45    6687.45    3520.44    3520.44
 2     783.00    1354.76    1354.76    1177.35    1177.35     629.82     629.82    1048.17    1048.17    1179.38    1179.38    1383.18    1383.18    2692.80    2692.80    1873.34    1873.34    1056.26    1056.26    1477.87    1477.87     730.58     730.58    1273.80    1273.80     670.56     670.56
 3    3537.00    2902.74    3213.65    2752.72    2332.12    2146.01    2365.97    2814.03    2834.23    3164.03    3854.42    2685.04    2692.48    4254.91    3235.45    1729.99    2270.54    3223.80    3169.60    3167.86    3141.14    1680.43    1899.50    2690.45    2418.55    1298.28    1929.47
 4    1379.00    1417.41    1275.91    1086.90    1151.75    1320.90    1236.75    1541.22    1652.65    1307.02    1518.27    1489.67    1482.82    1271.08    1152.47    1510.76    1628.46    1253.07    1207.75    1197.18    1105.12     959.07     900.76    1063.37    1309.10    1318.94    1058.93
 1    4109.00    8272.11    8272.11    7866.94    7866.94    8495.72    8495.72    4748.44    4748.44    2326.17    2326.17    3844.30    3844.30    1283.90    1283.90    4910.60    4910.60    6103.02    6103.02    4673.13    4673.13    3923.77    3923.77    2819.59    2819.59    1543.08    1543.08
 2     783.00    1575.64    1575.64    1498.46    1498.46    1618.23    1618.23     904.46     904.46     443.08     443.08     732.25     732.25     244.55     244.55     935.35     935.35    1162.48    1162.48     890.12     890.12     747.38     747.38     537.06     537.06     293.92     293.92
 3    3537.00    3228.22    3335.82    3096.87    3500.45    5521.57    6012.27    3780.41    3873.84    2825.75    2497.00    2320.79    2636.52    1051.87    1499.23    2495.35    2673.70    2926.27    2733.93    1493.66    1882.59    1021.84    1036.63    1878.31    1640.87    2246.03    2804.71
 4    1379.00    1574.15    1522.58    1758.94    1821.50    1866.69    1516.72    1193.48     984.12     948.69    1114.37    1055.67    1047.81     957.70    1055.90     904.44     822.28     642.20     713.16     743.94     961.15     852.43     763.30     966.36    1491.23    1827.90    1803.14
 1    4109.00    4474.47    4474.47    2877.80    2877.80    6116.42    6116.42    7657.19    7657.19   11310.22   11310.22   12370.97   12370.97   10171.39   10171.39   10198.65   10198.65    7452.52    7452.52   11225.68   11225.68   11184.56   11184.56    9089.85    9089.85    8162.62    8162.62
 2     783.00     852.28     852.28     548.15     548.15    1165.03    1165.03    1458.51    1458.51    2154.33    2154.33    2356.38    2356.38    1937.41    1937.41    1942.60    1942.60    1419.53    1419.53    2138.22    2138.22    2130.39    2130.39    1731.40    1731.40    1554.78    1554.78
 3    3537.00    1533.79    1566.22    2524.36    3037.23    3594.38    4596.11    3639.50    3917.01    5989.31    6802.77   10765.29    8523.48    5130.24    4591.39    5008.49    4937.30    4752.54    6632.52    9612.83    9790.95   12622.79   10958.68    6752.70    4780.30    5212.74    4178.58
 4    1379.00    1106.15    1470.58    2404.79    2211.26    1532.08    1796.95    3771.94    4669.56    3884.93    3212.47    2545.94    1653.84    1589.19    1889.42    2245.88    2758.67    3798.56    4396.87    4006.84    3132.09    2543.52    1999.79    1597.00    1177.55     885.14    1050.19
 1    4109.00    6600.59    6600.59   12557.16   12557.16    3031.64    3031.64    2168.17    2168.17    3656.73    3656.73    5033.95    5033.95    4483.25    4483.25    7255.25    7255.25   12633.85   12633.85   13298.21   13298.21   16057.73   16057.73   18252.23   18252.23    8623.23    8623.23
 2     783.00    1257.26    1257.26    2391.84    2391.84     577.46     577.46     412.98     412.98     696.52     696.52     958.85     958.85     853.95     853.95    1381.95    1381.95    2406.45    2406.45    2532.99    2532.99    3058.62    3058.62    3476.62    3476.62    1642.52    1642.52
 3    3537.00    2189.95    2874.24    4519.21    3987.46    3987.46     945.34     798.56    1682.40    2886.84    3334.68    3237.80    2729.68    1752.38    2063.70    3681.97    5189.51    5417.28    4035.59    2511.22    3848.51    8874.22    8803.17    6807.62    4759.78    4634.47    3745.69
 4    1379.00    1417.69    1369.34    1033.36     685.60     685.60     968.91    1115.59    1264.12    1385.03    1107.49     824.79     892.73    1607.99    2663.10    2748.82    2094.25    1303.13    1811.40    4359.57    4841.17    3851.12    2360.46    2260.48    1675.74    1331.29    1088.81
 1    4109.00    4918.45    4918.45    4297.06    4297.06    4785.40    4785.40    5825.82    5825.82    2456.45    2456.45    4288.28    4288.28    4684.68    4684.68    6437.97    6437.97    5800.41    5800.41    9056.59    9056.59    3410.02    3410.02    2927.23    2927.23    8961.41    8961.41
 2     783.00     936.85     936.85     818.49     818.49     911.50     911.50    1109.68    1109.68     467.90     467.90     816.82     816.82     892.32     892.32    1226.28    1226.28    1104.84    1104.84    1725.06    1725.06     649.53     649.53     557.57     557.57    1706.94    1706.94
 3    3537.00    2678.90    2708.84    2751.57    2722.47    2051.58    2033.51    2976.94    2258.62    1425.48    1878.07    3790.43    3535.58    3087.79    2790.50    2911.36    3035.20    2895.09    3747.44    4457.58    3164.18    1491.61    2019.87    1112.81    1926.60    3421.32    3639.31
 4    1379.00    1396.09    1226.38    1202.81    1037.28    1018.72     854.54     860.25    1054.12    1734.09    1552.15    1301.28    1058.27     972.52    1085.82    1206.42    1424.58    1395.24    1115.30     816.68     745.52     783.10    1136.04    1770.20    2019.75    1755.97    1564.84
