2019 2020 2021 2022 2023 2024 2025 2026 2027 2028 2029 2030 2031 2032 2033 2034 2035 2036 2037 2038 2039 2040 2041 2042 2043 2044 2045
  25959.53   26051.37   27603.55   28265.50   40562.35   61259.51   67515.44   66342.16   54874.72   42830.77   32600.70   25238.47   24612.14   22352.05   20260.06   19987.74   18064.89   14166.67   13548.34   16349.12   23371.77   30564.52   33686.48   39975.08   43885.20   44157.72   35795.55
  26666.73   26817.68   28209.08   28802.96   26241.31   26423.90   29353.19   30265.05   31447.54   33873.19   33987.26   33802.55   34380.34   34570.79   35942.50   34730.40   41257.04   52801.58   56896.57   57446.86   38359.00   23412.35   19133.35   12900.90   12493.39   13264.76   16696.17
  27337.97   27563.26   27742.32   29874.21   32943.17   33081.47   26536.37   22471.91   23846.79   23590.42   22931.01   22861.79   23670.92   23607.54   25934.41   28335.37   27813.55   28188.57   28196.53   28103.54   26140.98   23239.30   19342.34   19378.55   27482.70   34341.17   35681.52
  27375.08   27902.26   31656.52   34894.15   33559.62   31013.49   29465.20   28498.99   35130.68   45722.83   53059.32   60105.13   64936.19   63965.72   60131.20   54298.15   50075.10   47575.52   41621.16   37214.12   40773.39   46344.64   44270.09   38636.52   32030.62   25988.38   22973.29
  27413.16   27422.00   29100.98   31212.58   36368.53   42477.05   44288.92   45569.44   38570.55   32284.28   21869.84   10418.03   16040.19   24464.82   31999.53   37214.34   32783.82   26723.33   25578.19   27751.03   30137.13   30156.71   24560.54   18282.96   11892.83    7337.62   10926.76
  27916.22   27932.99   27106.56   26717.18   25832.33   23348.55   21107.03   21989.41   29183.42   35151.81   35326.91   32743.40   31753.74   31677.63   30736.88   28811.15   24636.33   20413.46   19317.16   18690.16   21708.86   28674.19   33322.46   34127.48   30639.82   29877.23   34440.33
  25293.69   25675.19   26174.52   27789.45   30770.55   30307.19   28372.11   25919.85   22894.61   19919.14   17103.13   18356.51   24265.09   29675.17   33359.42   35200.96   29372.67   22957.75   26106.44   36626.93   48038.92   59586.91   65875.26   67094.82   58716.13   47449.87   39023.28
  26166.07   25622.66   29247.04   31431.45   32130.59   32041.45   34285.51   40137.51   43290.39   48128.44   52383.82   52621.50   42663.63   31611.09   26166.74   20960.88   31710.90   50172.34   56415.69   59655.89   45550.61   29700.93   20565.89   13290.19   16531.85   22129.77   33531.37
  26381.36   26438.13   26656.94   26313.77   22804.33   20546.90   21247.53   25316.57   39437.18   55355.49   62549.44   63410.53   54930.63   46355.98   38107.89   29277.92   24172.52   22254.89   23983.19   24622.77   27201.30   30137.98   30930.60   48930.30   80961.88  102215.79  106770.54
  25129.66   25193.12   25044.31   29041.40   34551.86   34778.72   31717.19   28580.64   26533.01   25105.51   25570.79   26000.68   25101.20   26635.61   31899.77   40239.14   48298.78   52529.90   47858.87   39962.88   31363.81   24902.56   18162.50   12756.59   15981.35   20241.43   22014.43
  27619.19   27734.69   30459.96   32164.04   34024.20   35674.13   36721.09   37728.05   34532.09   31265.04   28832.55   31753.73   39705.95   45918.07   47509.40   48586.82   45694.27   43176.00   40233.95   34810.92   32466.79   29804.93   27239.81   24971.29   22985.14   21051.66   19031.37
  24999.65   25065.38   27171.12   29974.74   30654.13   28996.27   24953.43   20296.21   18093.38   16850.03   21205.96   30277.21   43674.96   56417.46   58195.74   55901.16   45452.23   36210.00   31766.72   29778.17   35328.55   38963.41   40601.80   50663.10   59749.73   64841.43   63569.22
  23892.22   23434.10   24805.23   24704.23   29174.63   36235.15   39635.38   39837.98   37658.64   33334.53   28074.58   23988.59   21051.98   18801.64   16784.92   15417.97   15783.27   19823.13   26444.72   29654.03   30691.64   30430.57   27668.65   25428.19   22276.82   29052.06   41635.74
  24949.98   25151.37   26198.79   26766.33   22989.50   22053.48   25240.88   27280.85   24714.59   21211.07   24413.79   30280.39   33744.65   33726.06   29061.02   24879.60   28664.30   32546.99   42409.16   56976.41   62728.93   61843.83   48742.42   34568.06   28087.45   22556.66   21137.46
  22802.38   22249.88   22875.11   24805.72   29835.48   33629.63   33289.27   30089.59   24800.02   19198.83   16718.02   25770.69   40830.13   48963.13   47784.09   43503.51   37931.63   32722.79   27424.68   25683.93   25776.92   24719.72   24852.89   25188.61   27331.70   31929.95   36773.80
  24653.49   24614.47   25871.07   25947.63   27217.69   30268.83   30800.10   32318.61   31184.57   30972.94   34949.15   37291.37   36307.87   34396.49   31043.96   28743.80   44509.13   67436.02   80326.41   82944.75   72367.34   58255.59   43617.88   32897.37   32925.75   34907.77   42638.71
  25237.80   25258.33   25152.91   25465.66   29601.34   33936.67   34170.86   32438.01   31232.19   31553.54   32465.78   32480.36   33429.26   45378.29   60453.43   64819.27   54229.58   45504.99   42974.54   41649.70   37243.03   31015.83   22302.55   13750.26   14977.84   18942.28   22429.88
  29448.01   29880.41   31052.05   34388.62   36315.32   38516.18   41427.03   40513.47   32883.83   24998.77   22899.28   23727.89   24961.06   28120.83   29901.59   31930.00   36500.75   38502.36   37484.55   44373.60   55040.41   61937.84   63050.15   59169.13   48660.89   45119.52   50093.08
  26177.49   26590.86   27376.00   26920.57   17333.02   10142.21   11297.57   13052.68   15084.19   16365.52   19867.58   23748.49   24486.11   24791.19   24256.41   25198.76   27336.54   27831.49   27556.35   28299.66   29317.83   27452.88   23965.50   22785.40   24749.81   28191.03   32806.88
  26270.83   25684.57   26653.31   30099.34   35636.01   38931.79   36566.50   31717.98   25651.49   27776.75   39484.56   46052.58   46520.82   47138.91   48686.41   49700.62   41185.24   32486.62   21852.01   15630.73   19062.41   19873.67   17265.60   13368.52   13825.45   14242.77   17947.00
  29044.42   28804.22   29882.25   30173.52   30654.19   30411.48   32178.22   35745.20   40856.61   49844.32   56911.46   62807.01   64768.63   63216.99   54824.00   45616.86   32727.65   20754.69   15829.11   14091.25   19263.62   25069.43   29759.13   33251.32   33010.24   36141.48   44121.88
  27952.23   28601.36   29928.64   30912.64   33430.30   36745.43   37457.90   35568.28   30098.54   26438.63   31768.38   38690.48   41489.03   41931.77   35892.27   29589.97   23938.38   19761.00   20504.14   21610.10   24031.52   29363.63   34341.44   36023.39   35360.40   33580.21   31950.27
  25266.52   24941.75   26466.53   30984.98   33509.93   32779.20   24159.41   21115.43   21504.17   20343.25   21639.76   22362.65   18038.15   14539.18   25075.20   37887.16   39643.78   36671.14   35583.67   34002.04   32247.79   30551.18   32622.23   34940.80   32033.67   27523.94   24965.51
  26685.80   27043.85   28529.43   28733.50   26920.48   25896.35   27459.31   28873.48   29884.25   30020.83   28934.68   26687.30   24309.31   22788.04   27976.31   37642.74   50758.61   85589.70  130320.37  157551.59  140716.69  109288.71   74482.72   42903.00   34259.60   30587.93   34449.04
  29213.68   29706.20   31017.08   33891.89   35969.17   36879.83   34484.05   29362.76   21341.15   14785.45   17585.93   23491.33   30845.86   36053.51   35809.13   37217.37   40958.68   42213.17   39435.49   35932.38   30334.71   36782.46   51544.99   55042.55   49209.26   41132.94   35079.74
