2019 2020 2021 2022 2023 2024 2025 2026 2027 2028 2029 2030 2031 2032 2033 2034 2035 2036 2037 2038 2039 2040 2041 2042 2043 2044 2045
  25959.53   25118.94   24047.79   21971.44   25593.55   33694.93   35627.80   34092.04   27603.48   21070.79   16119.57   11802.35   10541.89    8504.20    6581.92    5641.97    5147.98    3585.74    2849.53    3965.47    6673.83    9328.58   12269.98   16707.29   20391.69   22023.37   18437.41
  26666.73   25889.19   24670.73   22326.24   17977.56   15056.57   15146.76   14262.23   14929.30   16214.80   16606.37   16912.55   17546.88   18027.99   18866.19   18613.77   21821.88   27395.02   29495.73   29812.87   20808.30   12988.72    9037.66    4381.34    2870.35    2629.55    3479.70
  27337.97   26615.99   22829.77   19862.42   19196.19   16940.72   12483.96    8882.98    8594.39    7570.38    6854.62    6538.28    7279.10    7572.35    8369.46    9354.93    9591.26   10112.78   10492.08   10741.37   10048.19    8649.95    6850.38    6981.87   10384.60   14612.92   16623.85
  27375.08   26940.54   27053.43   26145.84   21993.17   17838.23   15965.60   14596.65   17802.10   23387.61   27357.95   31238.89   33938.68   34029.08   32399.06   29624.88   27145.53   25734.07   22486.37   20383.22   21512.75   23833.08   22334.76   19228.56   15578.20   11975.07    9998.23
  27413.16   26481.38   25438.08   23677.92   23317.90   23781.44   22720.73   21547.29   18339.27   15265.47   10791.60    5374.11    7462.98   11111.92   15055.24   17738.74   16311.76   13728.77   13276.52   14280.22   15563.69   15954.16   13867.62   11024.78    7540.34    4824.81    6447.62
  27916.22   26974.74   23887.75   20668.23   16749.06   12206.55    9095.04    7739.60   10673.48   14468.79   16121.08   16445.02   17130.14   17931.44   17513.50   16535.66   14179.46   11742.49   10836.25    9996.01   10904.81   14044.10   16733.45   17742.49   16172.66   15976.86   18270.54
  25293.69   24733.79   21820.26   19012.80   18594.79   16669.26   14521.91   12016.80   10055.33    7946.49    6269.52    6459.20    8927.43   11291.31   12584.87   13156.19   11196.72    8447.75   10567.03   16408.42   22777.78   29110.10   33390.54   35165.31   30975.85   25209.45   20020.23
  26166.07   24685.14   25544.79   25040.53   23121.50   20699.07   19449.47   20946.91   21542.15   23193.99   25673.00   25960.04   21437.02   15722.09   12528.03    9384.40   14264.46   24124.67   28064.38   30276.44   23473.07   15400.76    9810.67    4793.54    4822.01    6050.12   10417.47
  26381.36   25495.33   21946.86   17924.46   13675.61   10021.59    9319.43   10422.44   17654.13   25842.70   30014.08   30987.31   27283.12   23373.07   18874.15   13671.60   10155.55    8126.28    7968.56    7532.90    8266.76    9340.11    9496.67   20058.45   37846.35   50661.37   53492.86
  25129.66   24252.08   21707.12   20632.37   20983.06   18718.76   16090.01   13312.57   11326.21    9672.82    9308.09    8911.12    8059.04    8587.30   11100.68   16587.23   22352.98   26087.12   24156.26   20176.66   15459.28   11217.72    7031.54    3279.67    3951.71    5225.09    5317.65
  27619.19   26805.37   25875.89   24257.97   22370.33   20462.37   19259.03   18373.23   16245.40   14073.71   12763.19   13945.52   18813.21   22851.60   24179.47   24980.39   23660.14   22353.88   20982.34   18467.59   17231.77   15595.97   13849.44   12111.58   10584.99    9080.32    7962.04
  24999.65   24123.67   22604.36   20953.08   18987.98   16107.11   12933.68    9311.18    7491.65    6113.63    7928.31   12340.52   19944.86   27098.12   28638.86   27981.49   22847.40   18277.97   15454.60   14540.25   17530.79   19620.72   20531.88   25740.12   30588.42   33623.03   33165.49
  23892.22   22507.37   19569.11   15778.44   16112.63   17776.66   19127.26   19026.68   18077.90   16085.41   13397.91   11066.27    9325.95    7805.98    6521.79    5539.51    5200.59    6819.56   10272.60   13155.76   14876.59   16006.87   15703.29   15432.60   13845.62   17065.29   22425.82
  24949.98   24200.58   22946.28   20707.09   14865.28   11156.57   11482.17   11540.54   10578.88    9167.57   11233.82   14579.38   16466.79   16646.02   14421.08   12243.17   13769.19   15772.49   20992.77   28634.00   31336.08   30726.64   24194.94   16682.96   12616.56    8894.68    6997.42
  22802.38   21334.82   19499.74   17780.77   18123.32   18075.28   17142.18   14797.34   12087.68    9283.04    8212.27   11991.85   19576.33   24091.87   24063.36   22161.73   19693.88   17062.65   13967.33   12598.59   12327.21   11604.83   11374.77   11187.58   12128.72   14337.94   17622.96
  24653.49   23669.07   22255.85   19910.59   17935.52   17112.32   15739.62   14907.25   14143.58   13828.20   16394.43   18135.16   17879.23   17169.49   16035.11   15383.85   23060.20   34303.33   40520.55   41723.83   35527.54   27289.19   20279.44   14791.15   15591.01   17376.53   21308.21
  25237.80   24329.11   20500.15   16799.90   16888.60   17234.11   16470.30   14610.92   14167.70   14440.06   15213.16   15542.32   16266.77   22966.20   30798.22   33873.45   30123.73   26410.28   24142.89   22696.15   20182.10   16473.96   12054.22    7153.80    6954.67    8253.29    9489.69
  29448.01   28920.55   27473.60   26414.52   24077.32   22079.80   21789.35   20018.24   15812.69   11028.68    9432.71    9119.11    9014.49    9859.28   10966.53   13419.87   16728.81   18474.10   19135.49   23443.01   28384.23   31147.86   31817.20   29935.23   25143.31   23585.95   25420.01
  26177.49   25658.79   23854.51   20878.23   11550.46    3448.70    3405.44    1911.46    2318.22    2160.19    3346.03    4980.34    4876.27    4642.78    5058.91    6126.39    7120.75    7433.84    7469.85    7999.55    8291.57    7304.78    5779.78    5316.84    5961.34    7445.27    9714.11
  26270.83   24754.89   22709.42   21639.16   21780.07   21220.46   19083.96   15320.32   11851.67   12347.28   18506.00   22154.99   22778.97   23558.35   24437.29   24744.69   20245.74   16071.40   11281.90    8068.04    9180.69    9055.26    7727.95    5580.99    5382.64    5217.66    6752.27
  29044.42   27848.87   26639.08   24199.98   21809.46   19008.05   18133.83   18220.73   20422.49   24649.36   28574.73   31822.44   32602.99   31425.72   28047.31   23764.12   17346.79   10687.09    7000.36    4834.96    6439.11    8522.00    9849.20   10776.25   11090.66   13289.32   18789.13
  27952.23   27639.59   26896.38   24781.63   22890.85   21402.52   20189.98   17732.38   14280.92   11486.60   13456.01   17484.57   19810.56   20945.15   18946.35   16323.86   13639.58   11225.76   10792.37   10566.47   11431.50   13864.45   16805.57   18234.98   18332.52   17733.52   17290.41
  25266.52   24018.39   23231.18   23481.63   20391.58   16147.01   10588.84    8752.96    9700.11    9980.72   11244.90   12069.02    9616.06    7450.25   12526.72   18786.50   19872.66   18507.55   18189.35   17199.70   16098.08   14764.90   15245.72   16098.32   14841.17   12705.31   11227.71
  26685.80   26093.95   24338.42   21335.46   17501.40   14129.55   12752.83   11380.47   10765.67    9912.19    8725.13    6962.74    5946.47    5383.36    7782.54   12645.81   21112.22   40755.70   64303.20   79300.36   72667.44   58707.40   42163.27   26407.54   20617.56   17502.55   18458.65
  29213.68   28728.50   27634.87   26201.82   23242.21   20586.55   17982.79   14288.64    9715.11    5610.64    6112.25    8307.99   11470.36   14841.80   16175.37   18277.83   20457.25   21669.46   20907.40   19808.79   17661.63   20744.06   27342.60   28186.48   24811.18   20445.56   17074.17
  28456.26   27394.94   26304.73   24485.03   21782.92   17879.85   12643.53    8955.47    9022.09    9901.62   11591.49   16317.16   22793.90   27167.66   27867.95   27424.95   26229.97   24340.46   21884.63   19539.74   17327.38   16128.54   15628.22   14016.38   13010.39   12577.00   12337.54
  27992.40   26674.80   25213.75   23189.92   20184.92   17611.49   15402.04   12877.26   12272.77   11388.30   12593.09   16352.73   20065.56   21635.22   20978.58   20123.40   19288.54   17634.24   16118.07   15250.44   14813.12   14612.61   15087.84   15510.53   16922.60   19917.85   21853.62
  25257.70   24234.52   22998.00   22363.97   23443.19   26223.88   28007.09   25867.47   22105.94   18290.98   16000.15   13691.26   12266.86   11362.50   10323.47    8370.76    6133.74    5223.77    6839.22   11633.25   19553.99   25565.93   30818.03   34657.07   31423.34   26296.44   18902.61
  27373.46   26687.76   25319.31   22912.64   17652.49   13005.28   10394.94    9123.12   11042.73   14520.30   18396.46   20827.67   19674.26   17852.28   16777.18   16052.79   15949.30   17018.79   20088.34   24199.10   25824.67   26601.77   25477.32   22443.84   20804.84   21085.48   23897.19
  30096.56   29988.25   27681.70   24037.39   19886.78   15155.91    9574.99    5048.15    4647.09    6505.27   10134.99   13692.17   15314.87   16221.65   14599.70   12869.87   12894.88   14643.77   17812.53   20061.93   19382.30   18529.76   14625.68   10946.05   13042.52   18970.18   25098.04
  24580.27   23660.01   21851.80   19060.12   15533.71   13075.68   14835.52   17501.45   17710.85   16017.06   13400.88   10751.68   10129.74    9912.68   11637.08   15156.93   21383.74   27679.96   28344.88   26866.40   23380.39   20435.92   18866.41   16377.71   15502.30   15012.02   15270.66
  30138.69   29915.91   26517.70   22612.30   21369.32   19457.85   17594.43   15410.98   16657.18   20032.99   23007.97   26274.94   28615.83   29079.64   28332.78   27774.10   25634.44   21935.99   18166.16   14662.51   11471.84    9501.16    9489.33    9028.18    7796.67    8113.40    9956.06
  26759.69   25934.26   17840.19   10172.42    6515.72    3207.37    2634.93    3171.66    5835.28    7296.92    8404.87   10380.89   12747.67   16003.78   17403.32   17002.19   17208.47   19236.24   19904.73   19264.27   15040.85   16236.48   24163.05   27319.24   25704.05   22018.43   18220.89
  26581.09   25617.32   25824.71   26948.46   27625.46   26964.79   25531.76   24448.35   23766.81   23645.42   22001.13   19123.65   12594.92    6207.84    2695.36     810.85    2778.98    7111.93   12399.01   18879.10   24390.38   27865.08   27108.61   24503.13   21959.00   21738.12   21336.84
  24226.29   22974.99   24126.11   24502.62   22644.75   21474.21   22051.47   22138.66   26177.58   32210.15   34856.05   35983.78   33156.73   28112.13   23296.58   20861.49   22423.73   22998.99   21548.34   20713.38   20679.48   20656.27   22283.92   22512.98   20701.37   18413.69   14311.05
  26100.86   25584.81   24986.64   25192.13   25415.29   23653.92   21061.10   20129.57   19061.88   17879.37   16281.63   14150.59   12057.60   10606.35   11087.68   12047.76   12459.32   12120.35   10970.64    9812.17    8607.36    8726.91   12318.22   16678.42   21076.70   27384.84   30609.58
  29053.97   28062.01   24151.83   19544.56   16824.27   15908.33   16155.89   15831.60   18017.32   24256.82   28460.28   27482.82   25394.54   22699.53   17020.13   11184.05    7901.54    5191.24    4371.37    3166.78    2280.92    1949.51    2221.81    3279.53    5015.78    5160.71    5205.13
  26783.24   26041.11   23341.53   19595.19   15967.60   13079.36   13244.18   15697.85   18859.45   21911.26   22048.70   20997.94   16662.71   13015.56   12488.12   12007.14   12518.91   13965.77   16815.97   18032.52   17995.71   19952.37   21768.93   24120.93   23675.78   21181.80   16823.45
  25371.65   24562.30   23935.26   22971.31   21830.62   20324.52   17787.21   14233.86   11105.10    8208.41    7508.73   10985.62   17530.17   20872.89   20545.14   19013.54   17687.77   16139.97   15127.30   14923.31   15011.09   14760.50   14019.69   13580.04   13446.99   12572.50   11742.84
  22355.18   21102.74   19795.19   18295.99   16065.77   13655.45   16946.12   22702.97   24104.15   21982.53   17517.57   13884.69   13426.77   11590.56   10004.84    8575.92    7354.07    5975.10    5038.98    4289.73    3648.93    3251.30    5287.11    9059.54   13073.29   16038.33   16783.02
  23426.02   22621.61   20289.87   17295.24   14349.64   11219.58    8562.60    5684.44    5320.48    7051.49   10158.15   13093.22   15687.90   17853.99   17696.08   16943.59   16467.67   16027.79   18070.68   20987.68   21830.88   22037.76   19914.49   18827.56   19246.77   18124.23   15217.91
  26696.18   25940.66   22561.07   18223.83   14699.96   12806.85   13095.81   13947.88   16164.31   17629.38   18033.95   18761.87   19247.48   19077.70   14794.81   12825.86   14254.20   13482.39   13519.09   14038.00   13669.85   12807.88   13113.86   13077.15   13135.09   14193.74   15039.92
  31453.20   31121.11   26204.48   21596.38   18803.02   18030.58   17530.93   14829.64   13113.58   11405.73   11447.78   11037.03   10252.66    9425.83    9482.07    9691.18    8582.07    7184.74    5751.53    4992.37    5164.24    5292.65    5371.32    5329.32    6578.27    9746.93   14400.14
  25152.40   23480.07   21922.84   22429.29   25716.52   26036.71   23589.59   26126.93   35003.81   41160.36   41923.34   39370.91   33405.38   28252.49   25443.94   23782.34   22701.92   26089.63   35017.18   40496.96   39608.16   36937.65   33320.98   28914.34   23910.43   18633.35   14455.51
  24973.46   24014.83   20577.80   16703.68    9177.65    1989.40    3195.21    5123.36    6844.28    8917.27   10076.60    9828.66    8471.72    9419.13   15396.71   23117.20   25632.38   25364.97   21272.13   25344.46   35500.65   39313.74   35521.60   30946.17   25814.15   19410.63   15743.20
  25543.06   24073.85   21812.08   18759.88   15961.29   13616.08   11755.69    9260.17    7813.99    8834.22   12017.62   13328.87   13382.38   13104.55   12850.66   12992.85   13460.99   15040.48   15130.57   14262.23   11725.75    9155.38    8713.33   11478.00   16791.62   19691.63   18940.31
  23836.90   22260.20   20195.89   17343.79   14604.51   12267.85   10704.53   12433.75   18418.42   21484.97   21390.87   22179.18   26248.88   29164.89   27483.22   23892.98   18714.68   14047.90   10695.46    7926.01    8409.82    9547.51   10228.39   16982.74   23220.48   25531.72   25337.95
  27623.98   27072.44   25645.54   23115.06   20682.17   17503.88   13501.49   12911.82   17222.31   19460.40   20104.57   20400.27   20255.26   19512.66   17861.81   16144.80   14949.73   15536.70   17260.70   17758.06   17379.02   17348.35   17101.11   15540.70   13043.89   12427.42   13132.32
