              Isim, Ftarg, Btarg
   1 2019          0.3977734      43121.5693246      11088.7194212
   1 2021          0.3919238      43016.8908013      11026.8301438
   1 2023          0.3743750      43016.5549658      10766.9298211
   1 2025          0.4006982      43047.0297203      11094.8374185
   1 2027          0.4065479      43017.3520422      11226.0438154
   1 2029          0.4006982      43135.8620185      11194.3825227
   1 2031          0.4006982      43015.5293608      11150.2145273
   1 2033          0.3948486      43079.6867426      11131.9297590
   1 2035          0.3948486      43144.9071275      11131.8591237
   1 2037          0.3919238      43027.0622484      11080.5035151
   1 2039          0.3685254      42968.2304052      10647.0754774
   1 2041          0.3889990      43109.0441781      10950.1411459
   1 2043          0.3919238      43179.3542401      11050.2385061
   2 2019          0.3977734      42938.1396063      11041.5504357
   2 2021          0.3977734      42766.2046095      11023.9558041
   2 2023          0.4036230      42855.2543491      11120.9542545
   2 2025          0.3919238      42994.2255721      11004.4003827
   2 2027          0.3948486      42834.3091760      11020.2226021
   2 2029          0.4036230      42766.2327989      11104.1757805
   2 2031          0.4036230      42899.2875897      11063.4788330
   2 2033          0.4006982      42939.4263121      11033.9412361
   2 2035          0.3831494      42801.4158174      10818.8544704
   2 2037          0.3977734      42769.1528334      10993.0300396
   2 2039          0.4065479      42865.3372499      11195.7793513
   2 2041          0.4006982      42944.7147568      11162.7438564
   2 2043          0.3977734      42909.4237128      11096.7438928
   3 2019          0.3977734      43806.1338287      11264.7553084
   3 2021          0.3948486      43704.4709461      11249.2163035
   3 2023          0.3948486      43663.1183753      11248.2044438
   3 2025          0.4006982      43800.0793776      11374.1484450
   3 2027          0.3919238      43861.4072315      11272.6608788
   3 2029          0.3977734      43809.4164438      11302.6980731
   3 2031          0.3919238      43826.6241161      11259.0002894
   3 2033          0.3919238      43735.1336777      11179.5618582
   3 2035          0.3948486      43791.8768108      11290.6939308
   3 2037          0.3977734      43639.5753564      11305.9380491
   3 2039          0.4036230      43735.4418313      11349.1811998
   3 2041          0.3977734      43738.7176887      11335.6984579
   3 2043          0.3743750      43769.3044814      11004.5570426
