FL 2019 2020 2021 2022 2023 2024 2025 2026 2027 2028 2029 2030 2031 2032 2033 2034 2035 2036 2037 2038 2039 2040 2041 2042 2043 2044 2045
 1    4109.00    1983.83    1983.83    3969.04    3969.04   20431.03   20431.03   40120.08   40120.08   35803.62   35803.62   14193.56   14193.56   15527.82   15527.82   20092.38   20092.38   10392.23   10392.23    3454.84    3454.84    6923.07    6923.07   18475.84   18475.84   35176.22   35176.22
 2     783.00     377.87     377.87     756.01     756.01    3891.62    3891.62    7641.92    7641.92    6819.74    6819.74    2703.54    2703.54    2957.68    2957.68    3827.12    3827.12    1979.47    1979.47     658.06     658.06    1318.68    1318.68    3519.21    3519.21    6700.23    6700.23
 3    3537.00    1078.97    1494.84    3842.39    4455.01    9978.34   15130.02   30203.94   20242.71   18091.90   10675.55    7769.04    6330.31    6173.38    4578.67    6998.22    5467.77    3661.14    3189.23    2424.38    3541.11    8918.45    9159.94   12103.56   12146.97   18366.61   12845.34
 4    1379.00    2749.99    2717.03    6490.75   11687.70   14215.37    9140.33    8339.94    4788.39    4665.86    3978.77    4279.85    3072.31    2915.56    2524.91    3650.92    2367.52    2060.58    2548.80    3732.52    4438.30    6352.21    5424.79    7839.11    6995.61    6558.34    3838.87
 1    4109.00    2048.51    2048.51    6033.26    6033.26    9572.64    9572.64   15529.21   15529.21   16726.71   16726.71    8699.00    8699.00    9132.35    9132.35    8157.53    8157.53   12133.97   12133.97   59864.58   59864.58   32664.33   32664.33    9794.86    9794.86    3914.53    3914.53
 2     783.00     390.19     390.19    1149.19    1149.19    1823.36    1823.36    2957.94    2957.94    3186.04    3186.04    1656.95    1656.95    1739.50    1739.50    1553.82    1553.82    2311.23    2311.23   11402.78   11402.78    6221.78    6221.78    1865.69    1865.69     745.62     745.62
 3    3537.00    2156.17    3047.18    4803.64    5411.58    7746.85    9696.78   11172.05   11761.55   10465.66   10621.88    9922.48    9899.95   12068.71   12304.56   12676.40   11995.29   11099.35   15595.56   32866.91   24335.85   14913.79   11836.54    3669.78    3636.47    2427.21    3485.45
 4    1379.00    2384.24    3093.16    3161.17    3275.64    4689.08    5328.05    4926.11    5898.65    4615.74    4121.17    4227.31    3876.26    4652.74    4842.23    5407.76    9357.64    9189.05    7799.21    4590.82    3556.58    4011.66    2683.94    1870.42    2072.61    2153.35    2767.97
 1    4109.00    3005.31    3005.31    5539.84    5539.84   28224.97   28224.97   17541.68   17541.68   13170.70   13170.70   15685.82   15685.82    7420.64    7420.64   18124.72   18124.72   17817.03   17817.03   14793.70   14793.70   23043.17   23043.17    9555.55    9555.55   13891.42   13891.42
 2     783.00     572.44     572.44    1055.21    1055.21    5376.18    5376.18    3341.27    3341.27    2508.70    2508.70    2987.78    2987.78    1413.46    1413.46    3452.33    3452.33    3393.72    3393.72    2817.85    2817.85    4389.18    4389.18    1820.10    1820.10    2645.98    2645.98
 3    3537.00    2191.43    2816.00    3971.11    5776.25   12757.50    9993.08    8209.68    9225.74    7330.02    7343.20    6349.87    5806.66    6774.61    7028.52    8941.05    7522.05    8604.98    7853.12    9605.36    9694.64   11007.50    9402.47    3208.37    4507.75    7824.08    9661.27
 4    1379.00    2498.46    3651.66    4634.17    4780.59    4743.45    4243.43    4016.83    4007.75    2898.87    2726.52    3299.32    3322.96    3508.64    3663.41    4148.39    3882.91    4102.97    3837.79    3880.85    3152.45    2431.30    3125.83    4362.15    5715.19    5468.06    4188.42
 1    4109.00     973.90     973.90    6861.62    6861.62    9941.78    9941.78    7448.36    7448.36    7941.78    7941.78   12729.49   12729.49   15374.90   15374.90   19137.43   19137.43   29752.34   29752.34   21518.11   21518.11   29605.42   29605.42   29026.08   29026.08   16450.90   16450.90
 2     783.00     185.50     185.50    1306.98    1306.98    1893.67    1893.67    1418.74    1418.74    1512.72    1512.72    2424.66    2424.66    2928.55    2928.55    3645.22    3645.22    5667.11    5667.11    4098.69    4098.69    5639.13    5639.13    5528.78    5528.78    3133.50    3133.50
 3    3537.00    1563.90    2024.90    4241.15    5362.14    6611.53    7039.51    4938.16    5473.85    5494.38    7165.75   16264.07   17064.32   18065.30   16992.07   15179.57   11530.27   14175.78   12692.89   12030.13   10884.39   13218.23   12753.48   15916.07   11966.03    8685.92    7516.95
 4    1379.00    2303.12    2956.85    3822.63    3644.60    3556.48    3995.86    4658.47    6951.76    7960.23    7803.59    9983.86    8376.72    6707.60    6362.43    5772.32    5684.40    5381.22    5351.08    5930.79    7276.82    7485.32    4924.47    4700.85    3384.60    3105.88    3182.73
 1    4109.00    1834.60    1834.60    4403.32    4403.32   20669.42   20669.42   52024.90   52024.90   51939.43   51939.43   11294.98   11294.98    7164.23    7164.23   26881.93   26881.93   25030.24   25030.24   10108.56   10108.56   25002.98   25002.98   25504.71   25504.71    4061.90    4061.90
 2     783.00     349.45     349.45     838.73     838.73    3937.03    3937.03    9909.50    9909.50    9893.22    9893.22    2151.42    2151.42    1364.62    1364.62    5120.37    5120.37    4767.66    4767.66    1925.44    1925.44    4762.47    4762.47    4858.04    4858.04     773.70     773.70
 3    3537.00    1366.43    1586.35    3230.89    4091.76    9434.47   11233.18   15391.79   12954.59   17620.49   14129.72    5304.47    5719.41    4034.98    7774.09   19540.91   15478.72   11259.68    8343.57    7156.55   11245.49   17048.73   12861.12    6736.06    5607.14    1416.90    2463.39
 4    1379.00    2196.93    2800.09    4863.65    6093.89    7842.72    7625.10    7193.62    7033.70    3245.89    2125.23    2605.21    4725.94    5215.97    5618.77    4792.20    3152.58    3397.36    4919.80    5273.21    4621.62    3430.09    2467.88    1519.26    1638.31    2212.53    2951.11
 1    4109.00    3351.81    3351.81    8323.85    8323.85   17497.79   17497.79   14940.62   14940.62   17914.05   17914.05   10410.25   10410.25   15493.17   15493.17   17809.18   17809.18   10599.20   10599.20    5599.44    5599.44   11263.10   11263.10   26868.07   26868.07    8430.11    8430.11
 2     783.00     638.44     638.44    1585.50    1585.50    3332.91    3332.91    2845.83    2845.83    3412.20    3412.20    1982.90    1982.90    2951.08    2951.08    3392.22    3392.22    2018.90    2018.90    1066.56    1066.56    2145.35    2145.35    5117.73    5117.73    1605.74    1605.74
 3    3537.00    1910.02    2549.77    3839.47    4308.85    6268.46    6583.15    4671.16    5827.89   10047.58   10898.19   10531.39    9680.28   10819.92   11188.13    8554.52    7404.16    5292.79    4368.13    3080.28    3829.71    4854.76    7387.99   13027.30   10404.91    7289.36    8787.49
 4    1379.00    2328.70    3125.72    3677.91    3355.24    3181.51    3385.83    4427.78    5595.42    5300.82    3922.67    3208.81    3679.03    4151.03    4183.80    3051.87    2212.61    2207.03    2335.53    2393.63    4077.08    4914.14    5180.36    4275.06    4927.82    4801.75    4248.46
 1    4109.00    3241.39    3241.39    3456.68    3456.68    7527.37    7527.37    9106.48    9106.48    9499.18    9499.18    7438.20    7438.20    6484.63    6484.63   25574.94   25574.94   14796.47   14796.47    8206.04    8206.04   14687.44   14687.44   32910.11   32910.11   21780.99   21780.99
 2     783.00     617.41     617.41     658.42     658.42    1433.78    1433.78    1734.57    1734.57    1809.37    1809.37    1416.80    1416.80    1235.17    1235.17    4871.42    4871.42    2818.38    2818.38    1563.06    1563.06    2797.61    2797.61    6268.59    6268.59    4148.76    4148.76
 3    3537.00    1911.35    2697.63    4385.30    6648.99    5716.19    5668.42    8124.11    6034.83    5378.09    4827.50    3960.52    5001.17    4368.58    5311.62    9129.49    8031.60    8104.80    6004.66    4906.62    9980.41   23017.27   22915.36   23756.30   21587.10   20467.79   15674.60
 4    1379.00    2408.00    3250.01    4349.06    4670.76    3033.75    2694.67    2456.66    1912.27    1769.58    2162.03    3713.32    4820.06    4185.08    3703.06    3222.40    2496.73    3472.01    6832.12    7641.35    9050.59   12132.78    9866.83    5827.59    4888.76    5287.43    3419.57
 1    4109.00     541.00     541.00    1406.79    1406.79    6115.03    6115.03   28070.66   28070.66   21355.49   21355.49   45635.44   45635.44   23574.01   23574.01   10035.10   10035.10   28325.68   28325.68   71272.28   71272.28   39853.51   39853.51    6428.73    6428.73    5957.95    5957.95
 2     783.00     103.05     103.05     267.96     267.96    1164.77    1164.77    5346.79    5346.79    4067.71    4067.71    8692.46    8692.46    4490.29    4490.29    1911.45    1911.45    5395.37    5395.37   13575.67   13575.67    7591.14    7591.14    1224.52    1224.52    1134.85    1134.85
 3    3537.00    1358.16    1672.12    2113.36    2987.23    5385.96    5558.32    9356.98   12432.95   15051.95   18092.03   17842.85   14031.13   10692.09    7826.36    5645.77    5370.69    9633.22   14095.13   36623.98   26968.35   16003.15   11131.50    3769.52    4827.71    4392.92    6338.50
 4    1379.00    2375.19    2698.99    2650.12    2576.90    3269.21    5616.47    7111.79    9260.75    9096.14    8239.44    5110.32    3734.31    3277.75    2676.86    4290.56    9131.08   11484.49    8724.38    9190.95    6361.10    3486.31    2825.13    2819.63    3809.14    5461.23    7690.65
 1    4109.00    3120.35    3120.35   11284.81   11284.81   14291.05   14291.05    5129.59    5129.59   18029.55   18029.55   33431.25   33431.25   25802.70   25802.70   13663.19   13663.19    6405.63    6405.63    6210.67    6210.67    7631.78    7631.78   10778.92   10778.92   26855.60   26855.60
 2     783.00     594.35     594.35    2149.49    2149.49    2722.10    2722.10     977.06     977.06    3434.20    3434.20    6367.86    6367.86    4914.80    4914.80    2602.51    2602.51    1220.12    1220.12    1182.98    1182.98    1453.67    1453.67    2053.13    2053.13    5115.35    5115.35
 3    3537.00    2137.31    2615.14    3746.36    4604.20    4829.17    5796.16    4114.41    5546.87   10859.62   13725.39   24035.72   19651.48   16649.87   13332.39    8629.43    7501.24    5464.78    5069.89    5901.84    6475.28    5397.08    5725.38    7866.85   12096.46   17454.61   22776.60
 4    1379.00    2460.43    2648.02    3147.31    3441.20    3381.02    4734.26    6329.91    9465.34    9583.70    7851.85    7540.09    5951.84    4492.32    3087.99    2296.80    2458.51    3435.68    3262.01    3447.97    4082.88    3938.58    5982.45   15241.07   20028.34   14622.23   11922.37
 1    4109.00    3203.05    3203.05    4919.38    4919.38   10243.00   10243.00   13542.61   13542.61   11518.58   11518.58    9847.07    9847.07   10250.39   10250.39   13996.75   13996.75   29260.77   29260.77   24474.91   24474.91   28153.82   28153.82    7170.70    7170.70    7516.28    7516.28
 2     783.00     610.10     610.10     937.02     937.02    1951.05    1951.05    2579.54    2579.54    2194.02    2194.02    1875.63    1875.63    1952.46    1952.46    2666.05    2666.05    5573.48    5573.48    4661.89    4661.89    5362.63    5362.63    1365.85    1365.85    1431.67    1431.67
 3    3537.00    1514.14    1917.62    3834.33    6356.76   11574.30   11615.46   11180.31    9505.20    8134.18    7670.45    6640.65    7401.38    6387.75    6531.49   10098.60   12583.62   19689.21   16196.21   15357.41   10403.75    7685.52    6249.03    4263.73    4498.10    3967.16    5933.57
 4    1379.00    2274.93    3432.43    5745.89    5401.40    3778.23    2992.69    3125.10    3034.33    3405.01    3706.72    3135.73    3200.86    5084.09    6265.92    8318.00    8302.09    7355.89    4630.89    3394.52    2830.83    2650.74    2551.04    2469.85    3505.82    3604.16    3446.20
 1    4109.00    1403.09    1403.09    3471.01    3471.01    9428.50    9428.50   17205.80   17205.80   16559.47   16559.47   14368.20   14368.20   29722.77   29722.77   28155.67   28155.67   27586.95   27586.95   14760.90   14760.90   20639.39   20639.39   13700.61   13700.61   17439.58   17439.58
 2     783.00     267.26     267.26     661.14     661.14    1795.90    1795.90    3277.30    3277.30    3154.18    3154.18    2736.80    2736.80    5661.48    5661.48    5362.98    5362.98    5254.66    5254.66    2811.60    2811.60    3931.31    3931.31    2609.64    2609.64    3321.82    3321.82
 3    3537.00    1135.25    1642.72    4502.48    4960.73    6610.18    7424.89    9505.09   10839.57   11338.59    9077.99    7075.79    8153.86   15562.28   16964.12   17069.67   18056.27   17897.36   17737.89   14157.18   11885.48    9059.49    8268.73    9178.16    8481.29    7412.38    6260.62
 4    1379.00    2291.57    2898.89    3994.29    3947.63    4247.38    5250.12    5291.82    4107.92    3528.10    3924.53    7001.51    7501.52    6635.52    7015.61    7620.58    6915.59    5091.79    4324.89    4938.09    3776.54    3464.26    3609.76    3371.77    2734.41    2888.60    5195.93
 1    4109.00    2231.00    2231.00    5957.95    5957.95   14852.38   14852.38   18628.76   18628.76   13006.69   13006.69    9265.87    9265.87   23110.63   23110.63   38409.76   38409.76   29369.34   29369.34   11305.60   11305.60   16802.94   16802.94   29536.59   29536.59   42790.90   42790.90
 2     783.00     424.95     424.95    1134.85    1134.85    2829.02    2829.02    3548.34    3548.34    2477.46    2477.46    1764.93    1764.93    4402.02    4402.02    7316.14    7316.14    5594.16    5594.16    2153.45    2153.45    3200.56    3200.56    5626.02    5626.02    8150.65    8150.65
 3    3537.00    2126.45    2495.61    3207.20    4179.01    9137.23    8391.46    7061.32    6304.83    3407.23    4229.48    4915.83    7432.46   19494.98   21456.21   27134.64   23021.53   10432.99   10142.05    8331.84   10000.03   12319.66   13474.40   13026.25   15575.47   22322.23   19670.29
 4    1379.00    2493.89    3311.42    3931.39    3719.05    3271.75    2649.63    2324.93    2808.02    2898.09    5024.86    7098.45    9729.00   10161.35    7843.30    4849.57    4280.10    4272.33    4283.02    6043.24    6220.12    5935.11    7763.37   10921.69   10798.84    9530.38    7809.92
 1    4109.00    2383.00    2383.00    3236.31    3236.31    7064.44    7064.44    6954.95    6954.95   16357.11   16357.11   18254.54   18254.54   14996.52   14996.52    6504.50    6504.50   11158.22   11158.22   10428.26   10428.26   14841.75   14841.75   25107.85   25107.85   17419.71   17419.71
 2     783.00     453.90     453.90     616.44     616.44    1345.61    1345.61    1324.75    1324.75    3115.64    3115.64    3477.06    3477.06    2856.48    2856.48    1238.95    1238.95    2125.38    2125.38    1986.34    1986.34    2827.00    2827.00    4782.45    4782.45    3318.04    3318.04
 3    3537.00    1739.34    2431.03    3063.82    4120.06    6548.35    9740.49    7728.92    7340.85    9998.29    7340.87    8029.09    6644.34    6986.58    6052.75    2671.48    2614.82    2393.56    4223.05    7884.32    7936.32   11127.54    9899.57    8701.81    7521.75    7770.50   13415.84
 4    1379.00    1902.78    2542.02    2787.94    4846.15    6045.66    5710.31    3873.49    2899.72    2242.29    2479.38    2911.03    2927.41    2273.15    2187.85    2034.69    2479.92    3965.89    5014.40    4669.42    3535.91    3362.86    3220.38    3147.30    5323.75    9734.07    9888.03
 1    4109.00    3375.37    3375.37   10911.98   10911.98   18792.31   18792.31   36149.65   36149.65   20646.78   20646.78   21172.54   21172.54   27859.06   27859.06   15682.13   15682.13    8537.30    8537.30   18103.47   18103.47   44054.94   44054.94   25237.21   25237.21   10964.65   10964.65
 2     783.00     642.93     642.93    2078.47    2078.47    3579.49    3579.49    6885.65    6885.65    3932.72    3932.72    4032.86    4032.86    5306.49    5306.49    2987.07    2987.07    1626.15    1626.15    3448.28    3448.28    8391.42    8391.42    4807.09    4807.09    2088.50    2088.50
 3    3537.00    1598.50    2601.50    3760.25    5269.16    7580.97    8505.25   12998.03   11200.44    7297.97    6454.80    7549.47    9495.50   14488.00   11802.48    8749.67    7911.59    6583.97    9218.56   12579.38   16327.19   23904.76   18883.47   11328.53    8546.58    5306.48    5778.67
 4    1379.00    2410.39    2991.59    3100.95    3936.00    5101.67    6154.66    4913.14    3644.58    3942.03    5719.41    6368.58    5572.41    4300.69    3529.87    4393.44    5781.70    6350.33    9702.18   10680.74    8476.95    4127.21    2908.51    2995.17    3042.75    2895.77    2373.16
 1    4109.00    2770.15    2770.15    5519.51    5519.51   10655.11   10655.11   12826.97   12826.97   14685.13   14685.13    4080.85    4080.85   20314.14   20314.14   15951.94   15951.94   19265.86   19265.86   15877.55   15877.55    9665.50    9665.50    5502.88    5502.88    9467.30    9467.30
 2     783.00     527.65     527.65    1051.34    1051.34    2029.54    2029.54    2443.23    2443.23    2797.17    2797.17     777.30     777.30    3869.36    3869.36    3038.46    3038.46    3669.69    3669.69    3024.30    3024.30    1841.05    1841.05    1048.17    1048.17    1803.30    1803.30
 3    3537.00    1555.35    2306.03    2540.46    4114.30    8473.29    9225.14   13295.44   10712.94    7059.49    5197.98    2381.89    4200.11   15342.69   15421.99   17237.14   12227.41    8638.90    7715.44    7666.24    8912.89    9112.78    9836.34    7667.34    7779.02    7521.30    9458.90
 4    1379.00    1992.74    3354.65    4189.20    5536.72    4783.52    3543.47    2760.90    1876.78    2137.39    4142.10    6641.39    7435.28    6197.31    4323.69    3706.07    3023.54    2570.37    3117.62    4273.44    4401.00    3655.39    3297.87    3317.92    4191.26    4779.11    6267.27
 1    4109.00    2597.83    2597.83    3384.61    3384.61   16702.69   16702.69   27018.22   27018.22   24482.30   24482.30   22799.70   22799.70   22746.11   22746.11   14149.21   14149.21   18942.00   18942.00   34680.96   34680.96   49852.57   49852.57   30897.18   30897.18   21448.81   21448.81
 2     783.00     494.82     494.82     644.69     644.69    3181.46    3181.46    5146.33    5146.33    4663.30    4663.30    4342.80    4342.80    4332.59    4332.59    2695.09    2695.09    3608.00    3608.00    6605.90    6605.90    9495.73    9495.73    5885.18    5885.18    4085.49    4085.49
 3    3537.00    1504.92    2041.38    3688.29    4709.95    7985.12    8774.82   11225.26   11280.65   10109.57   10752.54   12430.85   13021.91   15364.42   14534.24    9182.07   11087.46   11880.15   19987.78   25233.46   22728.39   25370.11   18261.00   11807.18   12731.45   14004.97   17024.21
 4    1379.00    2290.90    2824.83    3043.25    3650.97    4489.43    5199.73    5910.07    5893.69    6665.00    7263.52    6274.40    5126.06    3868.90    3950.08    7611.37   15792.99   15960.79   12598.23    6063.71    4448.18    3649.16    4550.32    4974.15    6077.78    6753.12    8939.00
 1    4109.00    3262.64    3262.64    4017.55    4017.55   14091.46   14091.46   11257.09   11257.09    9214.13    9214.13   10095.62   10095.62   12188.48   12188.48   32299.35   32299.35   38498.92   38498.92   34908.72   34908.72   38384.35   38384.35   10495.72   10495.72    6762.29    6762.29
 2     783.00     621.46     621.46     765.25     765.25    2684.09    2684.09    2144.21    2144.21    1755.07    1755.07    1922.98    1922.98    2321.62    2321.62    6152.26    6152.26    7333.13    7333.13    6649.28    6649.28    7311.30    7311.30    1999.18    1999.18    1288.06    1288.06
 3    3537.00    2067.58    2555.34    3937.81    5493.70    8985.16    9500.51    9062.22    8588.62    6531.37    8031.02   11605.78   12883.04   14512.20   18528.12   29750.81   27655.63   14929.11   15265.98   16143.66   15267.20   15218.75   10591.55    3451.00    3334.66    3210.70    5170.85
 4    1379.00    2131.93    3045.40    4037.13    4946.64    4970.05    4038.99    3591.24    4043.87    4016.94    4481.60    3875.37    6471.36   13732.07   11776.60    5127.16    4541.29    5428.09    5769.12    5677.53    3936.99    3365.68    2465.95    2123.47    3253.20    3459.86    3124.78
 1    4109.00    1898.82    1898.82    5320.39    5320.39   11663.65   11663.65   28486.92   28486.92   21424.33   21424.33   11024.71   11024.71   18253.62   18253.62   11794.40   11794.40   13883.10   13883.10   17873.39   17873.39   17043.18   17043.18   25395.68   25395.68   17856.30   17856.30
 2     783.00     361.68     361.68    1013.41    1013.41    2221.65    2221.65    5426.08    5426.08    4080.82    4080.82    2099.94    2099.94    3476.88    3476.88    2246.55    2246.55    2644.40    2644.40    3404.46    3404.46    3246.32    3246.32    4837.27    4837.27    3401.20    3401.20
 3    3537.00    1525.70    2436.17    4485.07    5953.06   12975.68   15379.36   22991.53   19020.57    9100.57    6544.73    4232.95    6075.54    9123.10   10738.05   11050.16   11072.05    9752.10    9818.38   12018.26   14598.26   13523.59   13734.63   20991.13   17805.70   14640.41   13469.32
 4    1379.00    2416.15    3530.43    5277.20    5477.18    7069.04    6984.49    4107.37    2871.01    2880.11    4161.96    3976.33    3829.93    4417.01    4691.98    5899.68    5807.38    4821.24    5667.18    9542.77    9865.07    8232.03    6218.88    3849.63    4007.06    7585.00    8188.94
 1    4109.00    2561.79    2561.79   15716.32   15716.32    9323.16    9323.16   14149.21   14149.21    8926.76    8926.76    7170.24    7170.24   12237.46   12237.46    8053.12    8053.12   10101.17   10101.17    6510.97    6510.97   10227.29   10227.29    6116.88    6116.88    7185.95    7185.95
 2     783.00     487.96     487.96    2993.58    2993.58    1775.84    1775.84    2695.09    2695.09    1700.34    1700.34    1365.76    1365.76    2330.94    2330.94    1533.93    1533.93    1924.03    1924.03    1240.18    1240.18    1948.06    1948.06    1165.12    1165.12    1368.75    1368.75
 3    3537.00    1704.48    2024.65    6101.18    5433.38    5302.14    5370.12    5443.84    5949.93    3670.07    4089.28    4487.53    5508.12    8386.39    7681.66    5887.03    6521.23    4724.55    4597.99    6372.34    6805.70   10371.03    8469.66    5818.63    5636.86    5236.84    6257.01
 4    1379.00    2313.18    2705.76    2700.87    1985.94    2715.44    3027.18    2617.44    2349.67    2508.01    3580.98    3150.37    2681.89    3020.22    3540.68    4052.16    3667.96    3210.84    2997.94    3585.72    2868.90    2290.62    2378.25    3194.74    3992.57    4719.29    4941.94
 1    4109.00    2121.50    2121.50    6670.36    6670.36   17930.22   17930.22   25269.09   25269.09    6904.13    6904.13   14428.72   14428.72   22232.83   22232.83   42946.14   42946.14   47044.08   47044.08   17536.13   17536.13   24212.50   24212.50   12534.06   12534.06    6404.71    6404.71
 2     783.00     404.10     404.10    1270.54    1270.54    3415.28    3415.28    4813.16    4813.16    1315.07    1315.07    2748.33    2748.33    4234.82    4234.82    8180.22    8180.22    8960.78    8960.78    3340.22    3340.22    4611.90    4611.90    2387.44    2387.44    1219.94    1219.94
 3    3537.00    1784.82    2160.32    3709.25    5978.07    9716.70    9333.83   12726.91   10216.98    3795.71    5857.26   11748.77   13235.95   17846.72   16746.17   29830.01   24297.78   14461.66   11717.44    3336.35    4866.17   10670.00    9523.91    6604.84    5560.58    2775.01    3646.17
 4    1379.00    2296.21    3264.05    5127.86    6735.70    5976.51    3835.34    2978.73    4439.23    6380.12    7333.01    6658.13    5375.94    5643.36    6728.69    6939.27    5274.69    3489.03    3176.71    4231.80    4038.80    3129.48    2387.73    2018.81    2040.29    2520.85    3932.08
 1    4109.00    2159.85    2159.85    4608.91    4608.91    4232.84    4232.84    9821.20    9821.20    9113.41    9113.41   20605.20   20605.20   28066.50   28066.50   37187.31   37187.31   27506.56   27506.56   11299.13   11299.13    5545.39    5545.39   16283.65   16283.65   15245.54   15245.54
 2     783.00     411.40     411.40     877.89     877.89     806.26     806.26    1870.70    1870.70    1735.89    1735.89    3924.80    3924.80    5346.00    5346.00    7083.30    7083.30    5239.34    5239.34    2152.22    2152.22    1056.26    1056.26    3101.65    3101.65    2903.91    2903.91
 3    3537.00    1065.86    1314.33    2844.45    4500.73    4940.60    5767.42    8678.99    9327.40    9224.89   12267.93   21732.32   22434.87   18161.73   14496.55   21988.07   16654.47   10388.60    6036.18    2824.85    4337.64    4812.25    7285.72   12143.07   10720.95    8764.56   11069.70
 4    1379.00    2121.66    2881.07    3040.94    3722.60    3535.71    4404.27    5803.17    7571.47    8347.18    7881.39    9108.82    8371.12    6110.44    4940.46    3472.71    2458.88    2307.16    2777.90    3138.49    4940.04    4546.76    4088.41    4246.53    5053.59    6443.35    7884.91
 1    4109.00    2443.98    2443.98    4049.89    4049.89    7214.59    7214.59   24904.57   24904.57    5132.36    5132.36   12502.18   12502.18   24887.48   24887.48   21620.21   21620.21   10877.33   10877.33   11595.74   11595.74   12082.69   12082.69    9862.31    9862.31    8405.17    8405.17
 2     783.00     465.52     465.52     771.41     771.41    1374.21    1374.21    4743.73    4743.73     977.59     977.59    2381.37    2381.37    4740.47    4740.47    4118.14    4118.14    2071.87    2071.87    2208.71    2208.71    2301.46    2301.46    1878.54    1878.54    1600.98    1600.98
 3    3537.00    1186.67    1706.78    3437.65    5234.50    5947.65    7823.01    9750.59    8003.71    6938.12    7611.10    8405.81   10470.19   14743.91   12333.85    9811.75    8384.83    5740.44    5617.16    4881.54    5428.64    5744.83    8361.95    9882.07    9719.90    8737.71    7690.29
 4    1379.00    2223.93    2896.79    4173.51    5100.44    5008.54    4151.18    3273.41    3503.01    4175.91    5740.14    6387.72    5560.91    4348.56    3399.43    2797.06    2897.72    3021.79    3134.30    3480.54    4414.47    5875.62    6177.47    4656.78    3432.89    3319.58    3516.32
 1    4109.00    2033.72    2033.72   10569.64   10569.64   55698.72   55698.72   36625.98   36625.98   34219.88   34219.88   45258.45   45258.45   17704.76   17704.76   33607.27   33607.27   17645.17   17645.17   13831.82   13831.82    6421.80    6421.80   19207.19   19207.19   18425.02   18425.02
 2     783.00     387.38     387.38    2013.26    2013.26   10609.28   10609.28    6976.38    6976.38    6518.07    6518.07    8620.66    8620.66    3372.34    3372.34    6401.38    6401.38    3360.98    3360.98    2634.63    2634.63    1223.20    1223.20    3658.51    3658.51    3509.53    3509.53
 3    3537.00    1794.41    2191.33    3255.68    5012.00   12767.28    8872.90   11247.05   11679.55   14940.71   13539.33   12987.10    9815.14    2718.06    4994.04   13446.61   14693.11   13859.69   12126.55   10980.59    9990.24    8119.76    9533.14   10372.84    9474.94    8735.40    7408.16
 4    1379.00    2366.50    3187.92    5160.80    5444.44    6095.72    6783.42    5525.90    4132.10    5050.17    5075.83    4944.86    4114.03    4866.94    9136.74    7964.98    6022.11    5153.96    4184.19    3851.57    3797.27    3616.44    4543.47    4092.78    3280.90    2953.25    3462.14
 1    4109.00    2487.87    2487.87    4565.02    4565.02    6496.18    6496.18    8997.91    8997.91   12618.61   12618.61   17279.26   17279.26   11638.24   11638.24   10038.34   10038.34   23333.77   23333.77   95674.66   95674.66   91342.02   91342.02   33923.74   33923.74   16794.62   16794.62
 2     783.00     473.88     473.88     869.53     869.53    1237.37    1237.37    1713.89    1713.89    2403.54    2403.54    3291.29    3291.29    2216.81    2216.81    1912.06    1912.06    4444.53    4444.53   18223.74   18223.74   17398.48   17398.48    6461.66    6461.66    3198.98    3198.98
 3    3537.00    1899.12    2232.01    3084.48    4467.48    5547.93    6060.16    6829.56    7943.88    6779.28    6156.52    6831.96    5899.58    5879.58    6253.37    6320.17   10813.01   16567.15   24730.29   44168.22   43859.88   30265.37   23313.20   16124.50   11272.19    6115.44    8091.48
 4    1379.00    2367.81    2828.43    3133.21    3048.84    3184.20    3798.75    4071.68    3591.66    3150.12    2748.80    2590.99    3099.49    3583.02    6636.53    8011.24   14887.72   25756.73   25263.83   27578.67   15279.38    6703.12    5231.38    3948.95    4623.66    4946.66    6235.97
 1    4109.00    2287.82    2287.82    5448.83    5448.83   16116.41   16116.41   29943.61   29943.61    7576.80    7576.80    4809.42    4809.42   12775.22   12775.22   19124.95   19124.95   21503.33   21503.33   21391.52   21391.52   21563.39   21563.39   29288.95   29288.95   17801.78   17801.78
 2     783.00     435.78     435.78    1037.87    1037.87    3069.79    3069.79    5703.54    5703.54    1443.20    1443.20     916.08     916.08    2433.38    2433.38    3642.85    3642.85    4095.87    4095.87    4074.58    4074.58    4107.31    4107.31    5578.85    5578.85    3390.82    3390.82
 3    3537.00    1539.75    1856.73    4438.26    6081.12   13537.79   12352.75   17732.35   12984.99    5832.03    5307.64    3203.97    5714.78   13143.63   13802.77   12299.40   13641.37   10993.01   12766.64   13170.27   11732.70    9562.43   14046.46   27921.30   24357.28   18903.40   15395.10
 4    1379.00    2260.75    3489.60    4684.72    5025.80    5960.15    4700.33    2938.87    2383.35    2819.86    3903.45    4504.84    5587.37    5094.90    4620.16    5899.69    6447.99    5279.42    4843.43    3922.66    5074.40   10948.25   11564.63    5719.08    4057.18    3238.47    2668.87
 1    4109.00    1525.52    1525.52    3708.47    3708.47   16712.85   16712.85    7056.13    7056.13    9082.92    9082.92    8496.64    8496.64   18477.69   18477.69   11408.63   11408.63   12473.54   12473.54   12790.93   12790.93   11009.92   11009.92   11111.56   11111.56    4566.87    4566.87
 2     783.00     290.58     290.58     706.38     706.38    3183.40    3183.40    1344.02    1344.02    1730.08    1730.08    1618.41    1618.41    3519.56    3519.56    2173.07    2173.07    2375.91    2375.91    2436.37    2436.37    2097.13    2097.13    2116.49    2116.49     869.88     869.88
 3    3537.00    1775.60    2398.78    2698.30    3756.53    7081.09    6251.66    4645.05    4674.78    6903.55    7228.16    9597.61   11272.53   20212.58   19320.42   17636.60   16656.60   15029.69   13375.71    9552.55    9132.55    8021.27    8177.42   10448.62    9774.00    6750.42    7306.19
 4    1379.00    2145.96    2875.09    3125.44    2837.24    2615.22    2819.43    3316.49    3917.56    4943.29    5975.15    8921.73    9195.27    8314.80    7204.78    5689.28    4698.79    4327.33    3936.78    3253.61    3334.14    4289.90    3880.96    3114.86    3696.87    3263.81    3067.43
 1    4109.00    1496.42    1496.42    4451.37    4451.37   11273.26   11273.26    9477.93    9477.93   13793.93   13793.93   10511.42   10511.42   11154.99   11154.99   15065.82   15065.82   12163.54   12163.54   11300.98   11300.98    3843.84    3843.84    7251.09    7251.09   12997.45   12997.45
 2     783.00     285.03     285.03     847.88     847.88    2147.29    2147.29    1805.32    1805.32    2627.42    2627.42    2002.18    2002.18    2124.76    2124.76    2869.68    2869.68    2316.86    2316.86    2152.57    2152.57     732.16     732.16    1381.16    1381.16    2475.70    2475.70
 3    3537.00    1624.17    1736.46    3203.84    3775.94    5045.77    5736.23    6034.27    5264.23    9011.34    7801.29    7677.03    9941.69   13093.81   11099.38   11366.41    9765.56   10419.05   10215.69    8256.14    7452.21    6563.84    6896.33    7027.75    7005.01    8501.62   10994.44
 4    1379.00    2271.17    2773.07    3672.89    3852.15    3862.19    3695.05    3489.43    3023.87    4272.87    6380.28    7535.69    5625.27    4204.77    3097.52    3346.59    3413.52    3736.06    3782.19    3743.09    3367.92    3678.77    3368.85    3617.02    4956.82    6422.51    6056.23
 1    4109.00    1936.70    1936.70    3916.37    3916.37   15612.83   15612.83   21739.41   21739.41   16221.74   16221.74   18345.56   18345.56   10958.64   10958.64   16247.15   16247.15   13946.86   13946.86    7790.24    7790.24   10470.77   10470.77   28546.06   28546.06   35828.10   35828.10
 2     783.00     368.90     368.90     745.98     745.98    2973.87    2973.87    4140.84    4140.84    3089.86    3089.86    3494.39    3494.39    2087.36    2087.36    3094.70    3094.70    2656.54    2656.54    1483.86    1483.86    1994.43    1994.43    5437.34    5437.34    6824.40    6824.40
 3    3537.00    2063.73    2515.06    3180.64    4952.24   13616.36   18222.03   20553.95   19465.44   12981.97   12165.33   10673.76    9824.29    9286.19    9650.82    7471.73    6198.81    7221.00    6537.13    5975.59    9620.57   12099.41   13502.93   22978.29   21300.77   25625.69   17715.55
 4    1379.00    2665.63    3458.89    4951.30    6784.65   10020.77    8274.60    5628.41    4522.29    4127.20    4283.57    4246.80    4662.80    4255.48    2913.30    2436.11    2493.73    4132.47    6037.66    7951.60    9462.65    7812.24    8073.99    5193.70    3987.30    3316.13    2805.55
 1    4109.00    1785.63    1785.63    7391.54    7391.54   10738.27   10738.27   11682.59   11682.59    7992.60    7992.60   22061.89   22061.89   19558.31   19558.31   10404.70   10404.70   16695.29   16695.29   19258.01   19258.01   27506.56   27506.56   20844.05   20844.05    8906.44    8906.44
 2     783.00     340.12     340.12    1407.91    1407.91    2045.38    2045.38    2225.26    2225.26    1522.40    1522.40    4202.26    4202.26    3725.39    3725.39    1981.85    1981.85    3180.06    3180.06    3668.19    3668.19    5239.34    5239.34    3970.30    3970.30    1696.46    1696.46
 3    3537.00    2427.23    3015.00    4535.32    5431.69    9508.78    8732.89    7444.39    7325.06    8271.81   10965.42   16064.59   13841.81   10880.87    9226.94    8661.15    9258.18   13681.71   12775.95   19754.82   21357.31   28432.76   25559.81   15302.83   13941.43    6573.66    9583.12
 4    1379.00    2503.79    3162.03    3226.64    3690.68    3142.50    3283.71    4728.50    5141.71    6178.73    6288.52    4133.84    3083.36    3637.70    4404.79    4247.94    4171.02    6295.45    7309.07    7851.58    6960.33    7437.01    5568.67    5104.87    6629.81    5917.39    7020.42
 1    4109.00    2677.29    2677.29    4077.15    4077.15   13980.58   13980.58    7424.80    7424.80    4888.88    4888.88   13820.27   13820.27   29186.85   29186.85   17966.26   17966.26    4419.03    4419.03   16612.13   16612.13   40141.33   40141.33   14862.08   14862.08   23346.71   23346.71
 2     783.00     509.96     509.96     776.60     776.60    2662.97    2662.97    1414.25    1414.25     931.22     931.22    2632.43    2632.43    5559.40    5559.40    3422.14    3422.14     841.72     841.72    3164.22    3164.22    7645.97    7645.97    2830.87    2830.87    4446.99    4446.99
 3    3537.00    2488.18    2925.01    4860.05    6186.39    8023.61    6517.38    4206.93    4168.43    3148.37    5072.92   11186.28   11969.31   10149.07    7319.37    7255.44    5500.62    4164.14    6922.14   11735.39   10958.52   10899.40    9569.38    6940.05    6636.19    7212.55   12715.19
 4    1379.00    2734.52    3235.09    3314.28    2985.41    2213.68    2088.71    2497.19    4151.03    4870.48    5664.51    4955.04    4047.71    3012.49    2382.83    3169.20    4347.27    4868.90    5183.98    4503.64    4066.63    3723.66    3885.19    4838.30    6860.16    9311.17   10415.49
 1    4109.00    2239.78    2239.78    5445.13    5445.13    7670.59    7670.59   23644.24   23644.24   26913.35   26913.35    6993.29    6993.29    7315.77    7315.77   11127.27   11127.27   22946.62   22946.62   35614.66   35614.66   27873.85   27873.85   13187.33   13187.33    8594.59    8594.59
 2     783.00     426.62     426.62    1037.17    1037.17    1461.06    1461.06    4503.66    4503.66    5126.35    5126.35    1332.06    1332.06    1393.48    1393.48    2119.48    2119.48    4370.78    4370.78    6783.74    6783.74    5309.30    5309.30    2511.87    2511.87    1637.06    1637.06
 3    3537.00    1755.19    2499.79    3885.27    5463.35    7586.49    9397.04   17215.26   17041.67   21434.28   14579.22    4504.62    5129.36    4404.68    4786.86    6525.77    9887.42   15161.48   20669.44   25677.13   19761.65   10972.81   10944.60    6803.93    6247.55    6740.82    7370.05
 4    1379.00    2210.81    2673.09    3092.30    3750.69    5232.59    7193.09    5977.07    4011.75    3502.56    3108.74    2241.80    2601.05    3402.54    4988.10    7179.16   10460.57    8682.67    6765.47    5332.25    5288.65    5155.14    4910.28    3836.30    3470.38    4026.40    4007.14
 1    4109.00    2725.80    2725.80    2845.92    2845.92    7652.11    7652.11   11610.06   11610.06    7937.16    7937.16   14449.05   14449.05   15979.66   15979.66   21151.28   21151.28   13598.51   13598.51   10928.15   10928.15    4746.13    4746.13   11111.56   11111.56   10821.89   10821.89
 2     783.00     519.20     519.20     542.08     542.08    1457.54    1457.54    2211.44    2211.44    1511.84    1511.84    2752.20    2752.20    3043.74    3043.74    4028.82    4028.82    2590.19    2590.19    2081.55    2081.55     904.02     904.02    2116.49    2116.49    2061.31    2061.31
 3    3537.00    2467.85    3255.32    4569.12    7205.25    8176.16    9062.90    7025.76    6953.13    5723.82    8689.45   15287.35   14202.85   13786.55   13742.39   18222.41   17959.54   12787.08   10117.67   11323.36    8914.30    5235.55    5984.10    8200.92    7496.44    6942.08    6378.32
 4    1379.00    2592.91    3610.11    3926.37    4408.92    3699.65    3876.73    4365.71    6600.17    6465.55    6903.01    8568.98    7088.05    6171.91    6692.16    5795.87    4772.69    3417.62    2833.84    2845.03    2541.35    3144.62    3271.86    3433.90    3343.93    5272.70    4569.38
 1    4109.00    9136.97    9136.97    9110.18    9110.18   18514.65   18514.65   12910.13   12910.13    9416.48    9416.48   16536.37   16536.37   21385.52   21385.52   14069.29   14069.29   15094.00   15094.00   34547.90   34547.90   14733.64   14733.64   27157.29   27157.29   25211.80   25211.80
 2     783.00    1740.38    1740.38    1735.27    1735.27    3526.60    3526.60    2459.07    2459.07    1793.62    1793.62    3149.78    3149.78    4073.43    4073.43    2679.86    2679.86    2875.05    2875.05    6580.55    6580.55    2806.41    2806.41    5172.82    5172.82    4802.25    4802.25
 3    3537.00    1603.99    1705.95    3131.95    3559.76    6932.01    5777.21    4046.72    5062.37    6157.61    6482.67    7263.82    9078.45   10291.87   12112.60   13631.58   11455.06   11372.50   12951.29   17496.15   15578.13    6801.65   11604.64   18439.56   19629.82   15479.18   11038.38
 4    1379.00    2104.33    2560.47    2498.32    2494.24    2888.94    2839.65    3629.48    3772.00    4260.43    4282.21    4363.44    5213.67    5372.94    4996.45    3147.93    4271.97    7047.16    6184.29    3552.02    5095.34   10046.58   10757.03    6767.70    4671.90    3137.36    2805.82
 1    4109.00    1112.50    1112.50    3025.18    3025.18   14926.76   14926.76   20432.41   20432.41   27913.58   27913.58   46169.97   46169.97   25094.45   25094.45    2386.23    2386.23    2156.15    2156.15    8213.44    8213.44   21979.19   21979.19   28479.99   28479.99   19873.39   19873.39
 2     783.00     211.90     211.90     576.22     576.22    2843.19    2843.19    3891.89    3891.89    5316.87    5316.87    8794.28    8794.28    4779.90    4779.90     454.52     454.52     410.70     410.70    1564.46    1564.46    4186.51    4186.51    5424.76    5424.76    3785.41    3785.41
 3    3537.00    1936.05    2229.43    2255.65    3581.20   10918.00   12383.29   11738.13   12103.05   17427.53   15404.99   20769.13   12117.37    7022.37    4849.39     693.47    1229.53    1169.00    3561.99    9773.46   12723.13   17431.57   15347.86   13183.43   11294.88   13394.23   14420.29
 4    1379.00    2203.27    3743.11    5632.45    6087.01    6628.55    7793.86    5839.81    5792.43    6792.63    5244.83    3635.42    1997.47    1615.66    1352.23    1358.68    3283.57    5599.87    6820.50    7943.88    7439.91    6017.56    4431.75    4090.17    6103.26    7478.71    5550.09
 1    4109.00     477.71     477.71    3345.80    3345.80    5659.50    5659.50    8941.55    8941.55   12391.30   12391.30   15051.50   15051.50   18816.34   18816.34   11753.74   11753.74   25911.73   25911.73   23365.65   23365.65   16790.93   16790.93   24531.28   24531.28   34094.22   34094.22
 2     783.00      90.99      90.99     637.30     637.30    1078.00    1078.00    1703.15    1703.15    2360.25    2360.25    2866.95    2866.95    3584.06    3584.06    2238.81    2238.81    4935.57    4935.57    4450.60    4450.60    3198.27    3198.27    4672.62    4672.62    6494.14    6494.14
 3    3537.00    1167.40    1534.76    2904.91    4495.34    7528.98    9493.53   13084.11   15059.96   19381.91   22920.60   19317.05   19002.65   16835.65   12746.61   10722.94   11527.69   13657.68   12301.89   11819.99   11891.63   11356.63   12916.13   12645.06   11881.02   17544.07   13240.49
 4    1379.00    2046.35    2769.52    3792.85    4362.44    5317.24    6688.69    7000.06   10746.52   11014.81    8600.04    6302.93    4341.10    3891.60    4868.31    6950.72    6890.26    5763.16    5181.47    5319.61    5105.50    6086.52    6826.17    4711.56    4246.77    3535.49    2925.40
 1    4109.00    1688.15    1688.15    3408.17    3408.17   13264.48   13264.48   22141.35   22141.35   21362.88   21362.88   26041.09   26041.09    9672.43    9672.43   13405.39   13405.39   26298.89   26298.89   21051.49   21051.49    8906.44    8906.44   16767.83   16767.83   22001.36   22001.36
 2     783.00     321.55     321.55     649.18     649.18    2526.57    2526.57    4217.40    4217.40    4069.12    4069.12    4960.21    4960.21    1842.37    1842.37    2553.41    2553.41    5009.31    5009.31    4009.81    4009.81    1696.46    1696.46    3193.87    3193.87    4190.74    4190.74
 3    3537.00    1355.21    1816.81    3935.05    6229.96    9964.42   10655.16   10136.24   11302.55   14041.27   12603.59   11474.86    8116.63    4567.30    6061.24    7764.34    7921.03    9734.40    8103.35    6382.12    5746.30    5672.21    7827.24    9412.23   11832.33   15594.43   19795.89
 4    1379.00    2293.88    3301.57    5175.38    4987.14    5314.15    5291.95    5119.65    5046.03    3997.68    3075.82    3478.99    3570.87    3537.93    4106.59    3983.23    3560.78    3810.39    4303.23    3011.12    2873.30    4441.27    6824.76    6628.07    8728.70   10285.63    8412.49
 1    4109.00    3933.47    3933.47    4570.57    4570.57   10305.37   10305.37   23677.04   23677.04   36879.61   36879.61   28780.29   28780.29   35978.25   35978.25   19128.65   19128.65    7210.90    7210.90    5249.71    5249.71    6992.83    6992.83    4837.60    4837.60    5750.51    5750.51
 2     783.00     749.23     749.23     870.58     870.58    1962.93    1962.93    4509.91    4509.91    7024.69    7024.69    5481.96    5481.96    6853.00    6853.00    3643.55    3643.55    1373.50    1373.50     999.94     999.94    1331.97    1331.97     921.45     921.45    1095.34    1095.34
 3    3537.00    2264.88    2860.34    3638.43    4821.53    6893.77    8917.06   13553.03   11780.01   16181.79   19703.94   35840.11   27429.51   18944.78   14761.73    7735.96    6737.93    4295.83    5358.13    6520.06    6908.21    5240.78    4998.39    3017.97    3284.64    5632.75    6052.53
 4    1379.00    2505.47    3079.69    2952.95    3768.85    5039.44    5002.23    6871.16    9706.93   13703.30    9908.13    6557.02    5555.08    2892.10    2039.10    2800.21    2887.43    2393.95    2451.63    2101.57    2210.46    2081.21    2402.37    3464.44    3339.81    3498.33    3817.12
 1    4109.00    2958.19    2958.19    4701.31    4701.31    7980.59    7980.59    9906.20    9906.20   23837.35   23837.35   37617.89   37617.89   19592.96   19592.96   17179.47   17179.47    9808.72    9808.72   17762.05   17762.05   24543.29   24543.29   33411.38   33411.38   40253.14   40253.14
 2     783.00     563.46     563.46     895.49     895.49    1520.11    1520.11    1886.90    1886.90    4540.45    4540.45    7165.31    7165.31    3731.99    3731.99    3272.28    3272.28    1868.33    1868.33    3383.25    3383.25    4674.91    4674.91    6364.07    6364.07    7667.26    7667.26
 3    3537.00    1542.35    2804.24    4281.53    5769.45    6003.73    7208.39    8274.42   10281.83   14235.70   15149.69   22402.45   17802.14    5214.73    7133.99   10019.13    9415.52    9680.62   10671.35   10568.51   10027.64   11367.70   11823.72   16903.43   17231.21   17565.37   14882.38
 4    1379.00    2089.96    2926.54    3228.96    3334.82    3504.56    5036.95    6166.15    6354.71    6341.90    5721.07    3921.01    3411.74    3655.93    4084.80    4559.05    4764.31    5731.01    5306.32    4259.04    5433.28    7325.95    8249.25   10141.59    7985.87    4018.37    4506.21
 1    4109.00    1737.12    1737.12    4332.17    4332.17   17833.66   17833.66   25892.79   25892.79   17275.10   17275.10   12334.48   12334.48   21434.03   21434.03   21143.89   21143.89    9281.12    9281.12    8252.71    8252.71   14045.26   14045.26   10285.04   10285.04   15111.56   15111.56
 2     783.00     330.88     330.88     825.18     825.18    3396.89    3396.89    4931.96    4931.96    3290.50    3290.50    2349.42    2349.42    4082.67    4082.67    4027.41    4027.41    1767.83    1767.83    1571.94    1571.94    2675.29    2675.29    1959.06    1959.06    2878.39    2878.39
 3    3537.00    1985.22    2793.42    3557.75    4965.24   11963.42   10754.99   10840.83    8840.23    6278.67    5280.43    4739.48    7366.96   13626.74   14028.70   13722.78   11369.77    7241.99    8129.58    8472.97    8139.37    9497.27    8461.42    7839.98    8045.57   10574.74    9326.62
 4    1379.00    2315.54    3351.48    4187.11    4399.02    5188.43    4060.67    3573.81    3264.81    3001.82    4059.48    7799.09    7717.02    5539.94    4693.09    3777.01    3715.34    3877.82    3738.33    4061.46    3879.43    3743.95    3685.61    4218.72    3635.85    3444.30    3644.35
 1    4109.00    2170.94    2170.94    6968.81    6968.81    9977.35    9977.35   32053.10   32053.10   35711.68   35711.68   14814.03   14814.03    8944.78    8944.78   11746.81   11746.81    9112.49    9112.49    7959.34    7959.34    5449.29    5449.29    4878.72    4878.72   16508.18   16508.18
 2     783.00     413.51     413.51    1327.39    1327.39    1900.45    1900.45    6105.35    6105.35    6802.22    6802.22    2821.72    2821.72    1703.77    1703.77    2237.49    2237.49    1735.71    1735.71    1516.06    1516.06    1037.96    1037.96     929.28     929.28    3144.42    3144.42
 3    3537.00    1264.73    2174.19    3396.62    4508.14    6923.05    8055.22   12371.52   15813.77   26755.82   21068.23   10556.15   11962.04    5470.35    4739.00    6671.20    5495.42    4922.32    4613.74    5150.29    5331.78    5549.93    5424.32    7025.83   10393.32   10036.09   10952.72
 4    1379.00    1798.30    2837.27    3803.73    3901.32    5756.34    9173.91    9665.29    7117.39    4045.39    3819.77    4183.06    3888.01    3268.67    2498.68    2931.79    2768.36    2355.88    2398.20    2374.48    2359.89    3461.67    5581.31    5905.98    5380.97    3865.71    4613.80
 1    4109.00    3595.28    3595.28    7057.05    7057.05   12912.90   12912.90   12224.52   12224.52    7663.19    7663.19   12335.86   12335.86   12788.62   12788.62   10455.52   10455.52    6240.23    6240.23   14246.23   14246.23   20759.51   20759.51   16685.13   16685.13   22223.12   22223.12
 2     783.00     684.82     684.82    1344.20    1344.20    2459.60    2459.60    2328.48    2328.48    1459.66    1459.66    2349.69    2349.69    2435.93    2435.93    1991.53    1991.53    1188.62    1188.62    2713.57    2713.57    3954.19    3954.19    3178.12    3178.12    4232.98    4232.98
 3    3537.00    1268.58    2003.99    3278.84    4400.31    7701.02    6738.93    7734.26    6186.21    4884.23    5915.51    9171.48    9496.30    7697.67    7774.91    9430.50    8863.17    5619.67    7131.10    8679.52    9991.51   12738.26   10950.46   10008.88    9863.59   10592.43    9465.24
 4    1379.00    2044.17    2628.43    3234.93    3301.30    3202.16    2243.61    2697.15    3179.17    5095.37    4574.17    5158.56    5308.96    4022.33    3244.25    3134.19    3661.81    4050.72    5494.64    6312.35    5893.03    4514.83    4410.13    4858.38    4572.15    3622.66    2554.98
 1    4109.00    4216.21    4216.21    6539.61    6539.61    7711.24    7711.24   17253.85   17253.85   19309.75   19309.75   21761.59   21761.59   41038.54   41038.54   28065.12   28065.12   15962.10   15962.10   22139.50   22139.50   11046.88   11046.88   19553.23   19553.23   10111.33   10111.33
 2     783.00     803.09     803.09    1245.64    1245.64    1468.81    1468.81    3286.45    3286.45    3678.05    3678.05    4145.06    4145.06    7816.86    7816.86    5345.74    5345.74    3040.40    3040.40    4217.05    4217.05    2104.17    2104.17    3724.42    3724.42    1925.97    1925.97
 3    3537.00    2048.24    2399.89    3210.11    3949.05    4702.88    6333.09    7689.73    7877.07   11359.13   13309.81   10027.95    9684.50   13877.35   10405.81    7326.00    7551.02   10186.52    9435.43    8240.08    7857.17    7126.12    7512.24    7887.79    7627.29    6543.49    7184.98
 4    1379.00    2577.36    2715.48    2782.81    3585.93    4213.79    4520.82    5523.68    5681.08    4888.72    5368.47    5029.20    4471.30    4000.88    3593.73    5896.08    5986.62    4515.63    4113.27    4222.12    4049.43    3461.92    3464.33    3644.55    4822.54    4895.50    3905.56
 1    4109.00    4982.67    4982.67    8274.42    8274.42   20821.42   20821.42   16472.61   16472.61    8402.86    8402.86   12691.60   12691.60    3776.39    3776.39   13351.80   13351.80   16309.06   16309.06   13715.39   13715.39   12324.31   12324.31    8332.17    8332.17    4259.18    4259.18
 2     783.00     949.08     949.08    1576.08    1576.08    3965.98    3965.98    3137.64    3137.64    1600.54    1600.54    2417.45    2417.45     719.31     719.31    2543.20    2543.20    3106.49    3106.49    2612.46    2612.46    2347.49    2347.49    1587.08    1587.08     811.27     811.27
 3    3537.00    2243.80    2720.91    4080.12    5164.13   10580.06   11698.45   13089.03   12423.34   10225.69    8664.87    9141.43    8879.41    8527.20    7827.02    6367.99    6194.55    6953.74    6007.09    5397.27    5844.08    5043.15    5751.87    7355.22    7192.16    7017.30   10025.18
 4    1379.00    2484.72    3222.24    4520.36    5622.40    6484.39    5204.88    4278.48    3315.74    3647.89    3627.09    3468.11    3468.45    3716.01    3638.48    3004.87    2703.48    2220.25    2541.70    2712.72    3259.31    2906.64    2979.16    3498.32    4852.97    5572.33    5325.46
 1    4109.00    2506.35    2506.35    3137.44    3137.44   15492.71   15492.71   21379.97   21379.97   33440.49   33440.49   35046.40   35046.40   28023.54   28023.54   28198.63   28198.63   21398.92   21398.92   33150.81   33150.81   32215.26   32215.26   26400.53   26400.53   24684.20   24684.20
 2     783.00     477.40     477.40     597.61     597.61    2950.99    2950.99    4072.38    4072.38    6369.62    6369.62    6675.50    6675.50    5337.82    5337.82    5371.17    5371.17    4075.98    4075.98    6314.44    6314.44    6136.24    6136.24    5028.67    5028.67    4701.75    4701.75
 3    3537.00    1505.11    2687.34    2804.54    4911.07   10126.62   10772.45   14593.33   17391.24   29716.37   33037.73   31889.99   25732.33   16888.30   15819.02   13088.46   12970.27   16819.87   22397.84   28002.88   32164.57   30744.74   26732.20   20664.60   16370.74   17683.62   12878.05
 4    1379.00    2107.96    3936.94    6635.84    7700.04    4916.66    5488.11   13367.42   16700.78   14876.22   11569.05    5155.33    3934.36    5711.90    6446.20    7331.06    8243.14   15360.72   16779.77   12974.57   11518.89    7764.02    5930.66    5137.78    3786.64    3302.16    3583.06
 1    4109.00    3696.00    3696.00   13970.42   13970.42    8795.56    8795.56   12779.38   12779.38   12622.76   12622.76   13774.07   13774.07   11463.14   11463.14   21012.68   21012.68   37343.46   37343.46   39421.08   39421.08   46910.56   46910.56   52546.50   52546.50   25132.80   25132.80
 2     783.00     704.00     704.00    2661.03    2661.03    1675.34    1675.34    2434.17    2434.17    2404.34    2404.34    2623.63    2623.63    2183.46    2183.46    4002.42    4002.42    7113.04    7113.04    7508.78    7508.78    8935.34    8935.34   10008.86   10008.86    4787.20    4787.20
 3    3537.00    2185.67    2760.34    5542.77    5783.87    6108.90    5691.45    6605.57    8495.69   10311.84   10900.76   11880.77    9841.16    4617.12    6052.94    8753.69   10739.74   20721.17   15754.69   11077.32   16363.84   30966.21   30460.88   22493.82   21085.18   15150.48   12682.26
 4    1379.00    2592.56    3303.77    3015.27    2484.84    2655.08    4308.06    4649.96    4737.12    4684.54    3821.73    3017.84    3189.26    5857.92    8970.99    8706.89    6296.63    4690.94    7040.61   16078.47   17615.09    9399.61    6502.28    4643.90    3473.71    4525.94    4222.18
 1    4109.00    2780.78    2780.78    4879.64    4879.64   10291.51   10291.51   17043.18   17043.18    7716.32    7716.32   13216.43   13216.43   14220.82   14220.82   19347.64   19347.64   16783.54   16783.54   25438.18   25438.18    9721.40    9721.40    8422.72    8422.72   26753.96   26753.96
 2     783.00     529.67     529.67     929.46     929.46    1960.29    1960.29    3246.32    3246.32    1469.78    1469.78    2517.42    2517.42    2708.73    2708.73    3685.26    3685.26    3196.86    3196.86    4845.37    4845.37    1851.70    1851.70    1604.33    1604.33    5095.99    5095.99
 3    3537.00    1392.36    1726.88    4158.76    4353.41    6296.11    7045.43    8577.89    7332.31    3999.02    6684.64    9168.51    8165.75   11807.64   11258.09    8608.21    8783.89   10227.14   11526.55   14142.42   10406.62    5170.10    5366.03    4097.51    5881.46   15414.21   14746.13
 4    1379.00    2161.12    2609.56    3241.38    3200.38    3315.00    3044.65    2958.84    3937.97    4701.37    4846.90    3831.36    3250.34    3659.83    4250.65    4429.12    4810.12    4756.84    3828.73    2717.78    2501.75    2523.49    3719.01    6241.76    6799.60    6043.84    5502.28
 1    4109.00    2845.92    2845.92    5412.79    5412.79   13731.56   13731.56   17563.85   17563.85   21844.75   21844.75   14641.70   14641.70   21752.35   21752.35   27428.94   27428.94   26568.24   26568.24    7493.64    7493.64   11802.71   11802.71   33185.00   33185.00   38090.98   38090.98
 2     783.00     542.08     542.08    1031.01    1031.01    2615.54    2615.54    3345.50    3345.50    4160.90    4160.90    2788.90    2788.90    4143.30    4143.30    5224.56    5224.56    5060.62    5060.62    1427.36    1427.36    2248.14    2248.14    6320.95    6320.95    7255.42    7255.42
 3    3537.00    1538.92    2147.35    2620.08    3357.21    6373.11    6893.11    9111.90   13143.68   17795.86   18635.55   13321.07   13344.86   19526.46   21153.28   17915.87   12504.07   11266.96   10912.29    6423.11    7412.60    7120.03    8556.58   11687.22   16080.74   25378.75   23944.44
 4    1379.00    2091.14    2726.79    3051.34    3113.11    3590.75    4935.77    8757.47    9735.87    7376.40    5867.32    7068.26    9035.62    8263.52    6080.52    4023.75    2981.86    2911.37    3732.63    3680.12    4178.33    4022.47    6004.85   10426.65   10859.08    6270.23    6152.59
 1    4109.00    2404.71    2404.71    2540.08    2540.08   12761.83   12761.83    8303.06    8303.06   19990.74   19990.74   17990.28   17990.28   21425.71   21425.71   30145.96   30145.96   10459.68   10459.68   15436.81   15436.81   12577.49   12577.49   23401.22   23401.22   17932.99   17932.99
 2     783.00     458.04     458.04     483.82     483.82    2430.82    2430.82    1581.54    1581.54    3807.76    3807.76    3426.72    3426.72    4081.09    4081.09    5742.09    5742.09    1992.32    1992.32    2940.34    2940.34    2395.71    2395.71    4457.38    4457.38    3415.81    3415.81
 3    3537.00    1566.00    2046.89    3541.60    4880.91    7652.62    6611.32    5393.31    7997.27   15254.39   15464.28   15198.26   16017.17   11053.04   11522.97   13982.44   10815.76    8393.84   12562.45   15878.99   13510.63    7444.39    8324.28   10661.71    8492.21    7057.05    7973.15
 4    1379.00    2265.29    2835.11    2979.07    2478.56    2770.77    4050.53    6352.62    6980.47    6101.67    5960.99    6007.29    5644.75    3561.06    3732.50    4001.17    5235.58    5861.37    5038.38    3865.71    4036.53    4212.25    3469.96    3269.44    3603.69    4667.25    4214.61
 1    4109.00    1754.21    1754.21    3009.93    3009.93   21133.73   21133.73   16478.62   16478.62   23246.45   23246.45   21384.13   21384.13   14091.00   14091.00   20260.55   20260.55   12194.03   12194.03    7065.37    7065.37    3940.86    3940.86   11056.12   11056.12   22920.28   22920.28
 2     783.00     334.14     334.14     573.32     573.32    4025.47    4025.47    3138.78    3138.78    4427.90    4427.90    4073.17    4073.17    2684.00    2684.00    3859.15    3859.15    2322.67    2322.67    1345.78    1345.78     750.64     750.64    2105.93    2105.93    4365.77    4365.77
 3    3537.00    1132.03    1851.33    2192.96    3826.57   13200.57   14251.36   15305.97   12995.91   12527.94   11133.15   11022.53    8972.92    9030.89    9768.89   10838.90    9098.32    8538.26    9043.93    8209.23    9240.55    8920.39   10696.34   11841.16   11997.40   13706.19   11980.03
 4    1379.00    2194.70    4146.59    7771.24    8538.79    7355.23    5892.80    4846.80    5479.93    4136.50    3564.27    5173.17    5527.00    5209.54    4511.78    3898.01    3801.44    3972.17    3873.27    3635.58    5111.96    5125.89    5564.02    5943.96    6373.47    5455.08    4546.62
