2019 2020 2021 2022 2023 2024 2025 2026 2027 2028 2029 2030 2031 2032 2033 2034 2035 2036 2037 2038 2039 2040 2041 2042 2043 2044 2045
  25959.53   29781.11   41971.17   54343.79  102020.95  172712.63  197476.52  200783.50  162769.52  125594.61   95702.38   74292.17   71855.61   66097.15   59408.88   58898.62   52778.37   42391.56   41179.76   50008.61   71239.36   92521.93  100486.93  117995.03  129785.65  129544.16  103489.09
  26666.73   30531.55   42133.68   54261.78   61243.54   74796.19   88752.31   95064.54   98522.00  103494.53  101957.81  100431.49  103009.42  104344.07  106615.94  102626.37  120367.22  152410.01  164321.70  165913.11  112786.14   68231.48   51317.61   31322.52   32112.13   36416.15   47226.81
  27337.97   31352.20   42459.73   62032.65   82660.69   94179.83   81795.78   74227.08   75183.66   71110.28   67246.67   65846.25   69141.94   69855.63   76493.55   84146.86   81951.02   82831.81   82518.00   82351.82   77623.92   68936.69   55895.71   55006.54   79755.89  100492.56  104397.09
  27375.08   31749.17   45194.76   60813.43   71552.94   78572.44   83145.47   88955.86  110457.18  145011.63  167168.92  189963.81  202573.89  199193.03  189693.94  173200.35  159909.86  152194.66  131283.89  117227.95  124056.62  137874.09  129603.85  112569.39   90122.03   71232.03   64005.84
  27413.16   31184.50   43582.12   59763.09   85525.08  114002.35  125122.86  133338.54  114481.59   97025.58   65259.77   31591.14   48374.31   73320.81   95723.16  110779.49   93499.83   73327.94   70874.57   79078.09   86965.50   87027.57   69044.59   50546.17   35232.11   25392.50   40105.35
  27916.22   31765.90   42907.59   57185.27   68591.66   75303.35   71746.97   76284.00   94485.13  109240.77  106465.60   96018.29   93337.07   93189.56   88751.95   81738.33   70136.11   58894.62   57459.73   56794.52   65445.81   85664.15  100335.71  102490.36   90142.37   87872.27  101570.90
  25293.69   29440.80   40765.40   57979.64   74224.44   80972.89   81336.17   79161.71   71865.79   64218.19   55978.46   59170.27   74913.39   88895.80   98061.75  102527.04   86772.14   67510.64   77587.73  109750.12  143560.17  176042.62  192147.35  195812.13  173711.04  142628.54  115615.51
  26166.07   29372.72   42313.89   54931.70   63779.06   71068.56   86875.13  112454.72  124687.07  140096.06  150839.89  149327.55  119628.02   86700.40   71722.68   58990.97   93604.52  151116.71  167958.56  175010.94  128959.13   78682.41   54240.79   35461.66   46426.97   64564.19   98818.29
  26381.36   30209.24   41219.22   52452.46   57977.35   65162.94   70137.66   84135.08  124047.64  168482.44  188260.71  190212.34  164853.58  137827.47  111359.25   83771.84   69334.34   63717.31   68265.81   70882.21   79197.27   88491.96   91790.62  147767.36  243559.40  308191.00  326820.27
  25129.66   28957.18   40424.26   66120.74   92480.84  102930.40   98527.42   92406.08   83086.05   76175.25   74650.19   73648.43   70966.57   76086.36   91284.96  115626.22  139229.25  150997.65  133989.62  109846.40   85646.24   67841.06   50954.34   36233.52   45950.66   58519.27   63847.07
  27619.19   31451.88   44158.70   59121.93   73770.45   87677.52  100906.94  112798.24  104489.82   94431.63   85607.60   92969.24  118247.54  138144.98  143803.32  145556.71  136174.44  127011.50  118005.51  102644.50   95145.20   87349.36   81348.35   75286.01   68625.67   62671.28   57270.29
  24999.65   28832.24   40501.54   57856.36   73414.60   82422.76   77066.27   68350.04   60022.14   53645.50   64498.20   89678.32  129368.90  166550.12  167580.37  157072.58  121820.22   91905.94   82523.19   79139.03   97404.00  109595.66  114844.81  144332.66  171640.36  187142.02  185493.82
  23892.22   27141.02   38775.42   48737.89   68781.50   96832.93  112063.22  116553.95  113238.34  103688.11   86896.81   73674.64   62566.74   53920.78   47151.29   42812.67   44997.28   58616.35   80020.65   90698.86   92661.72   91629.49   82239.69   75185.04   67757.50   90363.72  126100.93
  24949.98   28954.52   40399.12   52286.57   57880.09   70197.49   82365.54   90265.83   75117.08   59266.63   67910.37   84930.64   96624.31   98450.17   84202.24   72542.75   84324.08   95760.95  125204.30  167545.12  182270.25  177360.46  136022.74   93711.38   76152.82   61833.25   58559.05
  22802.38   25910.03   37185.38   54244.26   79684.64  101532.33  105374.63  100362.18   83440.55   67241.68   60925.90   83944.00  127210.09  150798.96  143111.86  125712.66  105645.54   89630.39   75957.72   72398.41   74568.21   72488.11   71661.72   70585.63   77308.92   90999.44  107271.88
  24653.49   28396.05   40313.17   51378.52   63100.74   79961.69   86402.44   94333.23   90740.62   89900.56  102029.68  108760.30  104734.25   98411.72   90062.26   85854.42  132661.51  200695.98  236895.75  243334.14  214401.68  175426.41  127886.62   93577.11   93997.66  100145.70  121301.11
  25237.80   28975.21   39929.59   54678.76   73861.69   93625.18   97597.65   94855.50   94162.77   97100.42  102626.74  104026.53  105744.32  138949.20  179671.84  189335.30  161410.59  136930.63  131140.11  125807.82  108597.71   86869.31   61219.71   36186.39   42508.99   56639.64   67984.34
  29448.01   33719.86   46289.16   68262.52   89284.96  109858.97  124159.50  125701.83   98774.66   70975.60   65496.70   68315.08   72778.51   82330.79   87712.00   92189.20  104096.86  107865.43  108175.24  131536.33  160475.53  176067.92  181962.58  173206.91  143850.68  133877.03  143315.25
  26177.49   30319.03   42122.11   52735.51   46577.25   43578.19   49039.07   52641.57   51500.27   48098.74   56808.67   67586.53   70161.41   71687.39   70882.10   73720.74   79945.08   81138.93   82556.34   87050.42   89570.84   84295.79   71918.47   67167.87   71653.61   81238.41   95178.95
  26270.83   29403.21   40845.35   61992.54   91693.14  115203.57  113431.70  102377.73   82428.19   86315.44  119619.06  137914.34  137205.18  137352.68  140121.27  141466.93  108734.58   79919.50   53701.52   38907.57   53175.19   58704.02   51181.53   39351.68   39260.63   39815.32   51991.38
  29044.42   32625.52   44983.06   57699.09   69211.78   77481.47   87563.94  101558.47  119141.00  146861.62  168295.52  186025.86  185753.67  175021.32  156733.26  134012.19   95627.74   59885.07   44242.56   38720.81   54825.43   72580.61   85033.54   93721.67   91354.87   99739.50  123969.11
  27952.23   32448.48   45181.35   59528.22   76823.61   95827.60  105491.41  106394.08   93540.94   83740.45   98045.89  116962.24  123356.04  122508.13  102757.98   82929.25   67691.77   56037.52   58408.96   61611.94   69900.37   86238.23  101329.29  106459.32  103821.66   98225.08   95032.47
  25266.52   28635.19   40217.62   63560.01   86624.78   99332.52   81564.74   76379.79   70981.47   62587.25   58810.53   55401.34   42127.98   33691.25   68919.09  109538.62  113428.73  104196.51  102165.01   97212.51   93053.78   88149.67   94243.86  100827.58   93314.34   81466.20   73758.88
  26685.80   30843.38   42727.69   54488.25   59508.44   67011.25   78453.42   87943.67   92168.12   93251.55   88796.99   81236.59   73649.47   68744.18   83177.55  111102.23  151317.76  255476.76  386115.43  466092.38  414467.53  323541.54  233568.08  145847.42  114873.80  100178.76  109673.71
  29213.68   33616.88   46274.82   65982.11   85028.78  100927.73  100030.45   92467.55   66614.39   46039.38   52529.35   69089.93   92134.35  107542.93  103590.25  104898.56  113770.07  116648.26  111611.52  103386.12   90886.37  113262.96  156828.51  165845.79  143638.01  116544.44   99439.99
  28456.26   32150.95   44580.41   59292.27   69872.24   73708.40   64327.49   61880.77   69890.77   81609.20   92046.23  114091.24  144593.34  162463.80  158381.45  150225.84  141686.74  130911.90  117118.66  105138.91   96557.10   93743.32   94484.10   88007.53   82773.32   80870.73   81829.00
  27992.40   31377.67   43554.68   58934.54   73566.37   87660.45   93129.15   94802.89   95662.08   94122.06   97766.09  116292.52  129826.71  130439.87  118691.89  109006.59  101144.64   91563.65   84087.66   80224.83   79711.12   80998.50   85465.60   89412.38   98430.87  116426.08  126903.39
  25257.70   28924.43   40601.12   61078.36   92967.75  134886.88  155770.61  154418.45  134414.06  114386.52  104958.81   95369.03   90439.23   88773.56   86137.32   78571.38   67651.38   64666.11   73152.46  100637.15  140226.78  165997.48  188641.12  202832.05  180338.79  149822.58  105571.89
  27373.46   31486.29   43508.11   55754.64   63915.14   71076.09   71011.93   77684.99   90980.73  106048.09  121457.46  127096.68  110401.76   93304.19   86106.10   82546.72   84597.59   93075.85  110935.48  135884.74  142861.40  146746.83  135154.81  113682.81  107544.63  112180.28  133131.17
  30096.56   34903.69   46720.51   57298.91   62781.57   64748.12   55656.17   50925.22   57538.57   76568.81  104967.73  120059.23  115225.10  105424.45   82114.30   63052.56   62772.40   73696.68   94270.26  107632.04  102944.74   97884.11   76900.64   58027.89   73378.18  110353.84  147676.84
  24580.27   28268.26   40014.27   51083.78   58203.66   70288.97   92421.27  114995.41  108676.74   91917.53   67948.77   50026.41   52864.08   57812.67   73563.75   98290.22  134154.43  168287.15  167823.90  152794.01  125280.40  104944.81   97323.00   84611.74   83495.64   84953.71   89469.18
  30138.69   34764.99   46352.19   59891.53   73870.44   83990.54   89795.44   92171.86  104565.13  128733.02  145042.17  162180.12  170388.36  168398.77  165613.70  162658.21  150827.85  130393.58  113170.59   99072.23   84343.50   77856.50   83546.37   85713.59   79592.36   82792.30   93122.35
  26759.69   30666.32   38013.05   45290.71   49934.60   54499.14   48543.12   50882.76   63924.91   70925.84   77974.39   89130.45   99832.34  108989.97  106937.13   94050.62   90633.28  100362.92  105057.83  102652.45   79174.60   87921.78  136697.46  155043.73  141394.44  116004.15   93942.45
  26581.09   30258.48   42661.68   69938.80  101816.99  125350.81  138067.83  146151.86  144678.37  143518.56  128902.43  109456.60   67218.21   33282.96   20177.18    9536.10   24556.29   58237.96   97919.78  135507.54  160934.75  172182.61  158830.82  137751.76  125675.67  126318.73  121729.04
  24226.29   27529.05   40608.31   56070.04   70224.79   87373.79  108260.65  123112.37  151556.09  188644.33  200136.14  200910.83  187125.96  161765.68  139650.11  132980.35  138911.72  139820.87  130481.25  125500.16  121633.40  119375.11  127784.57  127137.35  114781.97  101445.63   75795.05
  26100.86   30277.31   43044.42   68104.01   93859.70  106812.81  109752.36  117940.51  119071.20  113955.35  100472.63   85626.12   71409.81   63533.64   70241.80   78501.54   81333.87   79661.65   70707.43   62507.18   56002.13   58073.60   81007.28  103301.92  125184.58  157567.65  172561.06
  29053.97   32827.61   43069.55   52836.46   64131.40   84231.34   97794.30  107159.20  119222.83  155769.27  172739.63  160677.27  137409.17  117151.17   89740.18   64661.72   56448.17   50625.56   54014.89   53551.52   53130.30   52869.70   52624.59   59335.77   72538.02   79546.50   84537.19
  26783.24   30796.61   42638.73   53840.28   62783.61   71324.84   86161.96  106611.00  123632.64  138657.00  134002.07  121782.00   88232.26   63955.59   69028.29   72338.65   77957.33   86854.34  100703.71  105399.46  104010.25  114006.44  125866.64  141232.70  138735.15  124634.07   99033.80
  25371.65   29219.18   41298.91   59923.39   78749.33   94947.19   94177.68   87481.18   73758.36   61601.79   58832.56   81335.53  114301.54  128093.21  123086.93  111910.10  103423.21   95590.95   93470.06   95461.81   98038.61   98554.43   94574.07   92787.20   92803.46   88433.46   81364.45
  22355.18   25695.07   37872.03   54289.59   67874.99   78411.60  107235.34  149171.05  153354.00  138750.90  105363.99   81812.90   84778.13   78495.19   77587.42   77849.26   74760.64   70743.18   67850.04   66192.08   64484.78   63958.26   77843.03  101151.68  115708.88  120724.56  112066.40
  23426.02   27295.08   38785.35   51239.67   61655.25   70029.79   65978.88   60590.18   57804.58   67866.12   85913.83   95063.82  100208.63  104021.19   98969.75   91830.78   88272.03   85390.83   99373.83  117754.08  124361.03  126586.51  116583.12  112629.76  113739.42  105864.60   87206.71
  26696.18   30642.64   40894.30   49267.32   56965.32   73021.66   87393.38  100813.36  110765.06  114929.97  111664.51  110296.96  110158.23  106213.57   77574.74   66103.75   77026.86   73927.64   72777.17   75365.38   74050.83   69992.52   73475.58   74498.06   75288.40   81501.60   86231.74
  31453.20   36055.63   46318.70   62010.71   80917.67  107190.71  119467.64  117928.11  107560.78   96764.90   96620.52   94183.81   87366.46   81205.41   83598.34   87638.52   81075.80   73220.99   63355.72   57627.75   58066.88   57959.88   59562.84   59941.94   68847.59   88335.53  108016.25
  25152.40   28099.88   39434.97   68917.76  106409.35  124950.74  119720.38  146663.05  201311.61  238031.87  234487.71  212831.58  176438.98  146192.60  133188.45  127652.04  126665.09  152018.69  199995.46  225578.74  220106.59  203493.29  183331.59  157169.50  129780.03  103876.47   83464.32
  24973.46   28611.82   38790.03   49800.10   49623.38   46098.22   54846.66   69792.05   78846.90   87766.20   90767.13   85133.64   73349.05   76132.42  112568.24  149700.58  157547.71  149515.00  115548.84  136980.49  201375.22  227189.94  205706.90  178080.10  152486.84  115473.82   96695.68
  25543.06   28762.98   40220.16   51535.80   60078.73   71109.37   74954.25   73544.63   65911.74   72436.76   92258.83   98963.85   96365.72   92967.33   87846.21   85408.22   86470.22   90896.68   87288.48   78003.66   60432.91   46168.05   48310.79   68890.13  101296.87  119522.91  109037.06
  23836.90   26898.00   38144.36   50787.04   59555.67   70211.55   75540.21   98326.88  127968.79  139334.00  129534.74  124334.27  147332.54  165215.64  154828.87  133154.55  104918.89   83707.40   70580.70   59726.52   69240.98   81606.20   88966.25  121460.27  145045.02  145240.65  133362.75
  27623.98   31841.05   44094.77   56593.90   64035.98   67838.62   66567.95   83669.72  111704.42  125928.41  124492.73  120953.17  115698.64  107477.39   97030.44   86094.22   78301.18   83350.33   93794.62   95212.64   93248.03   93442.43   94568.92   87827.83   73456.53   71393.99   76755.18
