FL 2019 2020 2021 2022 2023 2024 2025 2026 2027 2028 2029 2030 2031 2032 2033 2034 2035 2036 2037 2038 2039 2040 2041 2042 2043 2044 2045
 1  0.1254765  0.0537101  0.0362330  0.0523600  0.0380800  0.0958727  0.0741326  0.1415338  0.1742756  0.2046658  0.2781137  0.1447446  0.1431639  0.1644984  0.1897778  0.2617395  0.2789503  0.1670362  0.1851582  0.0567391  0.0388089  0.0574810  0.0504870  0.1261050  0.1099674  0.1993620  0.2404792
 2  0.0238751  0.0086047  0.0057600  0.0091163  0.0047831  0.0143911  0.0133066  0.0296133  0.0414702  0.0518908  0.0664164  0.0286810  0.0279692  0.0341699  0.0396685  0.0504330  0.0522491  0.0330738  0.0354156  0.0092545  0.0063472  0.0100363  0.0098261  0.0233381  0.0207302  0.0401881  0.0515716
 3  0.1162273  0.0323214  0.0304787  0.0553449  0.0490000  0.0531850  0.0590802  0.1119247  0.0916548  0.1076103  0.0872140  0.0852211  0.0686219  0.0691981  0.0591737  0.0981270  0.0822613  0.0626966  0.0606098  0.0439941  0.0440172  0.0804820  0.0713328  0.0885219  0.0785241  0.1106966  0.0927296
 4  0.0444602  0.0567298  0.0396258  0.0839285  0.0577511  0.0512109  0.0368253  0.0433989  0.0361750  0.0471144  0.0452135  0.0479471  0.0362606  0.0419360  0.0398947  0.0506058  0.0355600  0.0418439  0.0496932  0.0488655  0.0420947  0.0519198  0.0489818  0.0538009  0.0452055  0.0466874  0.0377673
 1  0.1220670  0.0539047  0.0371447  0.0803809  0.0696393  0.0991733  0.0821532  0.1193402  0.1203483  0.1219487  0.1187442  0.0646635  0.0620815  0.0655603  0.0650007  0.0583562  0.0578817  0.0631898  0.0540631  0.2636927  0.3772506  0.3408952  0.4363358  0.1973332  0.2075837  0.0793236  0.0617097
 2  0.0232303  0.0087191  0.0059181  0.0137565  0.0128926  0.0175310  0.0147654  0.0230482  0.0227640  0.0232511  0.0240936  0.0131780  0.0131659  0.0139983  0.0137390  0.0127895  0.0102153  0.0111450  0.0105005  0.0564000  0.0824612  0.0656582  0.0794086  0.0350690  0.0366448  0.0132672  0.0106181
 3  0.1130934  0.0626673  0.0616502  0.0700561  0.0671990  0.0867497  0.0907120  0.0918821  0.0976025  0.0823104  0.0802639  0.0782666  0.0751217  0.0915437  0.0931460  0.0959011  0.0920712  0.0636753  0.0741706  0.1522948  0.1618645  0.1670427  0.1721282  0.0798864  0.0832839  0.0539597  0.0600033
 4  0.0433681  0.0486273  0.0449780  0.0397862  0.0418132  0.0459234  0.0460040  0.0445075  0.0494154  0.0373620  0.0373223  0.0385557  0.0372421  0.0437679  0.0442383  0.0551096  0.0573398  0.0460129  0.0421821  0.0292472  0.0320372  0.0453654  0.0374762  0.0393700  0.0434732  0.0382692  0.0411311
 1  0.1187765  0.0769133  0.0540782  0.0705710  0.0498487  0.2128772  0.2494554  0.1766465  0.1712374  0.1318551  0.1381437  0.1779950  0.1757084  0.0772287  0.0734718  0.1600522  0.1674791  0.1612719  0.1623750  0.1322350  0.1356021  0.2384457  0.3053737  0.1439149  0.0977356  0.1029243  0.0940698
 2  0.0226444  0.0125015  0.0085949  0.0108247  0.0083805  0.0406345  0.0490305  0.0330340  0.0320152  0.0256856  0.0284737  0.0354925  0.0323320  0.0147315  0.0138075  0.0315332  0.0323369  0.0311407  0.0307557  0.0254664  0.0280060  0.0514411  0.0613962  0.0223717  0.0148093  0.0175254  0.0184338
 3  0.1100329  0.0618788  0.0565679  0.0563200  0.0571511  0.1027900  0.0939336  0.0892624  0.0972939  0.0784851  0.0816307  0.0767640  0.0705901  0.0760145  0.0744149  0.0847483  0.0742874  0.0838622  0.0768487  0.0922742  0.0942899  0.1200578  0.1330320  0.0537876  0.0517486  0.0633593  0.0695169
 4  0.0423910  0.0499622  0.0524602  0.0444404  0.0401284  0.0429566  0.0448929  0.0423090  0.0420833  0.0345684  0.0378452  0.0432342  0.0370829  0.0417424  0.0389250  0.0440462  0.0397479  0.0420834  0.0378695  0.0399093  0.0382940  0.0353268  0.0479003  0.0481970  0.0437157  0.0394978  0.0365933
 1  0.1193897  0.0246958  0.0164516  0.0829935  0.0696466  0.0904750  0.0892096  0.0630029  0.0556367  0.0440059  0.0352104  0.0518599  0.0477435  0.0574128  0.0610138  0.0830311  0.0928542  0.1481561  0.1714121  0.1380359  0.1401282  0.1634051  0.1624943  0.1803061  0.2282406  0.1670136  0.1857033
 2  0.0226910  0.0039735  0.0026435  0.0141359  0.0125822  0.0178358  0.0178353  0.0127437  0.0099006  0.0076819  0.0068455  0.0103281  0.0101279  0.0131469  0.0146966  0.0205421  0.0216816  0.0342242  0.0374698  0.0289720  0.0254566  0.0298099  0.0321937  0.0389679  0.0515814  0.0360976  0.0389714
 3  0.1105887  0.0438715  0.0381020  0.0561591  0.0588334  0.0641981  0.0671750  0.0446737  0.0443083  0.0333889  0.0340254  0.0702297  0.0681031  0.0707642  0.0704806  0.0688395  0.0587827  0.0746424  0.0771672  0.0822108  0.0766424  0.0795576  0.0744965  0.1039972  0.0988045  0.0935292  0.0903561
 4  0.0420011  0.0448582  0.0406305  0.0429021  0.0386415  0.0398705  0.0426394  0.0476098  0.0471470  0.0412943  0.0420211  0.0487237  0.0424321  0.0385213  0.0413346  0.0423431  0.0396234  0.0396679  0.0413622  0.0485816  0.0446339  0.0429330  0.0339964  0.0432125  0.0395514  0.0413833  0.0455171
 1  0.1189860  0.0474579  0.0322563  0.0551494  0.0415038  0.1369546  0.1255078  0.2884635  0.3429017  0.3837932  0.5114684  0.2156926  0.1994670  0.0751194  0.0551339  0.1746060  0.2015595  0.2368337  0.2940934  0.0988413  0.0820465  0.2033409  0.2550231  0.3464981  0.5018746  0.1238111  0.0819451
 2  0.0231473  0.0077530  0.0051871  0.0091847  0.0065605  0.0238944  0.0224648  0.0552936  0.0622760  0.0691535  0.0968836  0.0384477  0.0263586  0.0110996  0.0091206  0.0329258  0.0419123  0.0527001  0.0502436  0.0158959  0.0149182  0.0407092  0.0534801  0.0739114  0.1011126  0.0185931  0.0119074
 3  0.1099257  0.0389999  0.0310762  0.0444604  0.0425728  0.0683603  0.0734842  0.0917559  0.0919944  0.1419838  0.1489288  0.1092863  0.1152173  0.0481163  0.0651012  0.1359100  0.1225747  0.1121138  0.1067981  0.0784948  0.0981070  0.1467602  0.1389702  0.0969760  0.1175480  0.0483668  0.0560618
 4  0.0434759  0.0444604  0.0399538  0.0538633  0.0453759  0.0515342  0.0467961  0.0465081  0.0464047  0.0249467  0.0248472  0.0507425  0.0469951  0.0411964  0.0401531  0.0373266  0.0324435  0.0480425  0.0465394  0.0433955  0.0415599  0.0366166  0.0337650  0.0281561  0.0382543  0.0480540  0.0415916
 1  0.1162521  0.0849438  0.0598776  0.1083237  0.0884647  0.1639969  0.1763945  0.1547156  0.1273444  0.1223121  0.1186328  0.0767478  0.0833616  0.1262508  0.1327530  0.1592117  0.1793084  0.1294872  0.1390621  0.0731167  0.0674194  0.1086490  0.0847861  0.1890699  0.2242972  0.0754729  0.0621532
 2  0.0225599  0.0139384  0.0095408  0.0178656  0.0154635  0.0318827  0.0355972  0.0281215  0.0213487  0.0219595  0.0239148  0.0171125  0.0188801  0.0276587  0.0272422  0.0326639  0.0389183  0.0286025  0.0291221  0.0149544  0.0126554  0.0183800  0.0154283  0.0385070  0.0453058  0.0136816  0.0117096
 3  0.1074261  0.0533263  0.0508423  0.0550109  0.0498072  0.0627745  0.0703771  0.0523811  0.0547354  0.0745438  0.0765066  0.0812916  0.0815354  0.0936853  0.1022952  0.0815662  0.0785289  0.0680378  0.0610080  0.0430354  0.0495376  0.0514228  0.0604510  0.0969952  0.0921744  0.0709879  0.0700372
 4  0.0426515  0.0465960  0.0446410  0.0417601  0.0352733  0.0364899  0.0423510  0.0439153  0.0409449  0.0377095  0.0347174  0.0366221  0.0417598  0.0444038  0.0428662  0.0349461  0.0323207  0.0382964  0.0373559  0.0382096  0.0499692  0.0409188  0.0414381  0.0402980  0.0496731  0.0414050  0.0342715
 1  0.1297236  0.0889434  0.0605743  0.0456519  0.0336408  0.0649585  0.0658580  0.0841503  0.0939894  0.1092054  0.1268058  0.1050949  0.0812890  0.0556496  0.0483419  0.1850278  0.2174381  0.1585196  0.1741145  0.0624983  0.0436913  0.0636773  0.0578739  0.1228850  0.1374490  0.1097827  0.1354552
 2  0.0243926  0.0139661  0.0094073  0.0071341  0.0058750  0.0129576  0.0146396  0.0201541  0.0229097  0.0268673  0.0299094  0.0196162  0.0137955  0.0099234  0.0096284  0.0403134  0.0498242  0.0375096  0.0278042  0.0094740  0.0072977  0.0114384  0.0110817  0.0260733  0.0315465  0.0264404  0.0338919
 3  0.1204050  0.0582833  0.0565240  0.0642789  0.0705695  0.0523345  0.0519698  0.0784954  0.0652166  0.0647123  0.0675768  0.0604529  0.0603814  0.0406968  0.0420997  0.0693929  0.0718524  0.0910410  0.0778224  0.0423998  0.0580702  0.1074753  0.0968009  0.0939423  0.0944133  0.1079099  0.1015604
 4  0.0445032  0.0488106  0.0469640  0.0453691  0.0458787  0.0341463  0.0361359  0.0370396  0.0318603  0.0336579  0.0437925  0.0492025  0.0459100  0.0365494  0.0356558  0.0338383  0.0323884  0.0589571  0.0563549  0.0433055  0.0447518  0.0553741  0.0446996  0.0303590  0.0318011  0.0447930  0.0369502
 1  0.1244105  0.0149918  0.0098821  0.0183508  0.0154776  0.0622128  0.0584406  0.1996929  0.1799031  0.1170085  0.1036740  0.2185042  0.2663472  0.1893530  0.2313925  0.1223566  0.1044132  0.1535395  0.1205891  0.2976778  0.3913571  0.3300981  0.4731400  0.1244005  0.1001612  0.0725941  0.0498684
 2  0.0246932  0.0024389  0.0015816  0.0032377  0.0030428  0.0132295  0.0106736  0.0355697  0.0299888  0.0198729  0.0190948  0.0443062  0.0583464  0.0421270  0.0512511  0.0252532  0.0138955  0.0227900  0.0211450  0.0566243  0.0754539  0.0640389  0.0916207  0.0202585  0.0162537  0.0112684  0.0075028
 3  0.1146225  0.0415490  0.0340790  0.0300463  0.0349960  0.0577968  0.0573738  0.0730336  0.0871856  0.0904159  0.0945638  0.0906912  0.0862216  0.0903923  0.0811822  0.0732810  0.0636558  0.0594774  0.0648916  0.1625870  0.1593000  0.1417701  0.1411364  0.0803513  0.0829667  0.0592127  0.0592687
 4  0.0469218  0.0507109  0.0395509  0.0347387  0.0352876  0.0457651  0.0495735  0.0483216  0.0514770  0.0466687  0.0439499  0.0320812  0.0321026  0.0380436  0.0367563  0.0637765  0.0517558  0.0463710  0.0395489  0.0452690  0.0407730  0.0346715  0.0392045  0.0457467  0.0506408  0.0517607  0.0475536
 1  0.1237088  0.0832669  0.0578484  0.1532679  0.1401314  0.1615438  0.1501600  0.0493082  0.0342867  0.0839771  0.0705792  0.1275382  0.1485496  0.1373099  0.1663431  0.1166033  0.1420490  0.0789181  0.0708736  0.0653677  0.0612201  0.0656895  0.0613006  0.0729502  0.0378470  0.0651056  0.0590717
 2  0.0237626  0.0133677  0.0090791  0.0262626  0.0248052  0.0291467  0.0277116  0.0082121  0.0054578  0.0142552  0.0134582  0.0273883  0.0342955  0.0328636  0.0412196  0.0290764  0.0351132  0.0164534  0.0141881  0.0130846  0.0117195  0.0129248  0.0129970  0.0101856  0.0055900  0.0113294  0.0120211
 3  0.1145732  0.0631048  0.0542589  0.0557002  0.0618206  0.0590890  0.0657170  0.0432529  0.0411569  0.0554048  0.0575595  0.0964237  0.0914663  0.0929102  0.0898046  0.0766939  0.0815176  0.0716557  0.0605038  0.0660630  0.0684719  0.0498839  0.0486645  0.0598026  0.0484825  0.0459381  0.0528587
 4  0.0440699  0.0500844  0.0384644  0.0409006  0.0427941  0.0390316  0.0527745  0.0512025  0.0503565  0.0414931  0.0366267  0.0421599  0.0414828  0.0381594  0.0343681  0.0337987  0.0428477  0.0479054  0.0423676  0.0436595  0.0438122  0.0396152  0.0660522  0.0594334  0.0507252  0.0363964  0.0369001
 1  0.1300004  0.0895330  0.0607031  0.0622306  0.0395347  0.0693297  0.0727971  0.1080539  0.1213803  0.1155161  0.1187702  0.0990132  0.1000492  0.1080541  0.0902096  0.0981150  0.0778799  0.1422472  0.1549642  0.1562232  0.2037599  0.3070913  0.4047368  0.1417104  0.1255780  0.0967531  0.0833127
 2  0.0246276  0.0141504  0.0094493  0.0088520  0.0065217  0.0134587  0.0162862  0.0257282  0.0288368  0.0254387  0.0235770  0.0197329  0.0212294  0.0205484  0.0159572  0.0164914  0.0135572  0.0273208  0.0330381  0.0370659  0.0502419  0.0701205  0.0812428  0.0253326  0.0195925  0.0161153  0.0157752
 3  0.1205402  0.0469423  0.0407384  0.0546977  0.0565696  0.0832055  0.0862296  0.0931527  0.0897488  0.0863098  0.0849190  0.0714575  0.0794765  0.0721121  0.0630232  0.0775101  0.0764428  0.1024187  0.0904246  0.1022965  0.0902869  0.0885157  0.0964831  0.0914356  0.0871236  0.0564192  0.0703087
 4  0.0455741  0.0473532  0.0503427  0.0477034  0.0399425  0.0326056  0.0346088  0.0394763  0.0414905  0.0442089  0.0433871  0.0380626  0.0452034  0.0544535  0.0516222  0.0506656  0.0449381  0.0426709  0.0355156  0.0368411  0.0397515  0.0398084  0.0425358  0.0483532  0.0466982  0.0423765  0.0454416
