FL 2019 2020 2021 2022 2023 2024 2025 2026 2027 2028 2029 2030 2031 2032 2033 2034 2035 2036 2037 2038 2039 2040 2041 2042 2043 2044 2045
 1    4109.00    3559.25    3559.25    3731.11    3731.11    7300.99    7300.99   14008.30   14008.30   12263.79   12263.79    4943.86    4943.86    5401.24    5401.24    6918.91    6918.91    3605.91    3605.91    1143.45    1143.45    2265.65    2265.65    6264.72    6264.72   11917.29   11917.29
 2     783.00     677.95     677.95     710.69     710.69    1390.66    1390.66    2668.25    2668.25    2335.96    2335.96     941.69     941.69    1028.81    1028.81    1317.89    1317.89     686.84     686.84     217.80     217.80     431.55     431.55    1193.28    1193.28    2269.96    2269.96
 3    3537.00    2118.63    2401.64    3614.73    2987.83    5621.41    7589.02    8013.72    5890.92    6247.85    3733.75    2239.27    2514.64    1724.06    1447.01    2032.72    2032.72    1427.36    1183.77     756.36    1061.06    2511.86    2729.00    4127.53    3741.74    5662.30    4368.54
 4    1379.00    1668.91    1335.62    2071.78    3259.55    4282.22    2717.55    2234.34    1259.49    1427.41    1111.84    1176.77     900.49     792.99     776.44    1001.70    1001.70     598.16     767.03    1390.73    1425.88    1918.57    1507.46    2386.99    1914.34    1844.96    1151.86
 1    4109.00    3542.15    3542.15    5840.60    5840.60    5019.17    5019.17    5223.83    5223.83    5298.68    5298.68    2943.86    2943.86    3094.01    3094.01    2779.39    2779.39    4211.59    4211.59   20866.23   20866.23   11139.74   11139.74    3806.88    3806.88    1598.98    1598.98
 2     783.00     674.70     674.70    1112.50    1112.50     956.03     956.03     995.02     995.02    1009.27    1009.27     560.74     560.74     589.34     589.34     529.41     529.41     802.21     802.21    3974.52    3974.52    2121.86    2121.86     725.12     725.12     304.57     304.57
 3    3537.00    2546.70    3023.56    4307.44    3601.93    2878.63    2949.27    3839.01    3296.81    3239.11    3717.91    3877.42    3809.72    3339.62    4064.53    3589.83    3186.30    3853.96    5243.61   11517.68    6972.88    2453.19    2520.33    1456.70    1456.70     532.64     807.54
 4    1379.00    1432.60    1313.37    1073.58    1064.37    1349.51    1513.81    1597.12    1613.24    1424.08    1203.93    1321.86    1188.35    1245.21    1404.10    1349.52    2330.02    2421.43    2237.56    1806.36    1225.28     977.06     715.04     592.97     592.97     676.78     750.18
 1    4109.00    5205.35    5205.35    5337.95    5337.95   11908.05   11908.05    5923.76    5923.76    4237.00    4237.00    5453.91    5453.91    2573.34    2573.34    6198.19    6198.19    6124.27    6124.27    5134.21    5134.21    7833.67    7833.67    3349.04    3349.04    4859.78    4859.78
 2     783.00     991.50     991.50    1016.75    1016.75    2268.20    2268.20    1128.34    1128.34     807.05     807.05    1038.84    1038.84     490.16     490.16    1180.61    1180.61    1166.53    1166.53     977.94     977.94    1492.13    1492.13     637.91     637.91     925.67     925.67
 3    3537.00    2773.96    3054.01    2790.32    3039.65    5189.25    3416.61    1581.35    1842.98    1983.91    2158.79    2272.16    1999.15    1925.03    2346.59    2662.99    2290.87    2548.93    2491.67    3517.00    3072.37    2818.83    2282.34     964.78    1290.72    2361.38    3112.86
 4    1379.00    1322.74    1503.59    1617.78    1544.50    1202.58    1038.04    1020.81    1069.65     876.64     845.12    1091.01    1148.52    1065.15    1227.74    1071.20    1126.57    1204.39    1143.20    1271.85     892.12     706.01     986.13    1388.65    1798.11    1572.38    1200.51
 1    4109.00    1691.38    1691.38    6590.89    6590.89    5715.86    5715.86    2844.07    2844.07    2509.58    2509.58    4164.01    4164.01    5066.29    5066.29    6296.14    6296.14    9627.62    9627.62    6867.17    6867.17    9744.50    9744.50    9915.91    9915.91    6097.94    6097.94
 2     783.00     322.17     322.17    1255.41    1255.41    1088.74    1088.74     541.73     541.73     478.02     478.02     793.14     793.14     965.01     965.01    1199.26    1199.26    1833.83    1833.83    1308.03    1308.03    1856.10    1856.10    1888.74    1888.74    1161.51    1161.51
 3    3537.00    1486.20    1760.16    2954.03    3087.74    3093.91    3426.99    1953.31    2799.99    2733.52    4075.86    5822.79    6720.35    7926.68    7332.16    6000.87    4892.31    4735.88    4967.30    3116.51    3013.61    4016.17    4509.01    4016.66    3171.78    3002.82    2910.46
 4    1379.00    1393.79    1376.93    1405.79    1271.03    1080.72    1166.83    1472.80    2608.49    2327.25    2418.11    2582.95    2327.05    2116.35    1911.98    1706.41    1681.81    1527.10    1681.89    1717.99    2159.28    2109.64    1494.47    1075.24     958.07     795.09     784.18
 1    4109.00    3185.03    3185.03    4289.67    4289.67    9024.71    9024.71   18678.66   18678.66   17670.58   17670.58    3800.87    3800.87    2383.00    2383.00    8978.05    8978.05    8702.23    8702.23    3769.92    3769.92    8692.07    8692.07    9100.48    9100.48    1397.55    1397.55
 2     783.00     606.67     606.67     817.08     817.08    1718.99    1718.99    3557.84    3557.84    3365.82    3365.82     723.98     723.98     453.90     453.90    1710.10    1710.10    1657.57    1657.57     718.08     718.08    1655.63    1655.63    1733.42    1733.42     266.20     266.20
 3    3537.00    2403.52    2315.22    2347.84    2358.74    3223.76    3170.34    5060.91    4005.97    5164.84    4564.87    1580.72    1493.96    1334.63    2417.63    4513.79    3936.37    3604.27    2888.86    2248.00    3309.92    4652.61    3905.66    3338.17    3338.17    3338.17     528.39
 4    1379.00    1426.39    1384.02    1591.14    1941.91    1947.61    2102.60    1981.70    1979.50    1297.31     866.43     893.06    1618.67    1569.02    1699.78    1481.58    1062.05     946.44    1464.90    1559.72    1274.14     921.58     691.85     548.34     548.34     548.34     909.99
 1    4109.00    6033.26    6033.26    7651.18    7651.18    7106.02    7106.02    4249.94    4249.94    5568.02    5568.02    3468.70    3468.70    5351.81    5351.81    6348.80    6348.80    3820.28    3820.28    1909.45    1909.45    3745.43    3745.43    8924.92    8924.92    2925.38    2925.38
 2     783.00    1149.19    1149.19    1457.37    1457.37    1353.53    1353.53     809.51     809.51    1060.58    1060.58     660.70     660.70    1019.39    1019.39    1209.30    1209.30     727.67     727.67     363.70     363.70     713.42     713.42    1699.98    1699.98     557.22     557.22
 3    3537.00    3099.50    3294.72    2730.95    3004.99    2378.34    2146.60    1270.94    1785.52    2795.04    3131.48    3890.92    3319.77    2605.95    2836.98    2698.76    2506.59    2276.84    1721.56     779.23    1000.22    2049.36    2633.75    3690.66    3669.57    2375.99    2773.30
 4    1379.00    1518.84    1422.99    1369.84    1205.19     900.80    1028.86    1329.37    1769.67    1581.84    1222.39     940.47    1148.43    1165.89    1157.76     919.86     743.01     680.16     735.59     745.09    1197.38    1600.72    1438.47    1188.85    1428.63    1480.53    1369.01
 1    4109.00    5621.15    5621.15    3148.53    3148.53    3671.05    3671.05    3437.74    3437.74    3048.28    3048.28    2223.61    2223.61    2076.69    2076.69    8654.18    8654.18    5009.47    5009.47    2769.69    2769.69    4935.08    4935.08   11278.81   11278.81    7354.58    7354.58
 2     783.00    1070.70    1070.70     599.72     599.72     699.25     699.25     654.81     654.81     580.62     580.62     423.54     423.54     395.56     395.56    1648.42    1648.42     954.18     954.18     527.56     527.56     940.02     940.02    2148.34    2148.34    1400.87    1400.87
 3    3537.00    2165.51    2491.37    2577.33    3648.13    3107.23    2692.22    3230.12    2509.33    2509.33    1931.45    1000.03    1239.53     931.48    1480.57    3623.20    2436.63    2893.26    2272.81    1604.88    2709.18    7042.11    7836.34    8595.15    7883.68    6007.62    4701.49
 4    1379.00    1325.51    1356.64    1451.42    1392.10     897.57     778.08     756.02     626.87     626.87     684.09    1125.57    1377.77    1231.30    1182.96    1167.91     820.78    1042.37    2119.00    2280.99    2483.43    3228.79    3061.22    2370.71    1770.57    1399.25     980.61
 1    4109.00     949.87     949.87    1329.17    1329.17    4044.81    4044.81   11161.00   11161.00    7449.29    7449.29   15752.81   15752.81    8351.57    8351.57    3793.48    3793.48    9385.07    9385.07   23836.89   23836.89   14097.93   14097.93    2550.70    2550.70    2176.48    2176.48
 2     783.00     180.93     180.93     253.18     253.18     770.44     770.44    2125.90    2125.90    1418.91    1418.91    3000.54    3000.54    1590.78    1590.78     722.57     722.57    1787.63    1787.63    4540.36    4540.36    2685.32    2685.32     485.85     485.85     414.57     414.57
 3    3537.00    1535.11    2055.60    1673.18    2026.73    2267.52    2087.58    2115.98    2785.36    3659.08    4466.80    5090.55    3617.74    3326.28    3017.63    2312.03    2273.90    2497.54    3685.93   10685.25    7472.45    5663.49    3869.03    1297.92    1826.27    1302.60    1934.55
 4    1379.00    1342.87    1437.89    1112.28     914.91    1112.58    1775.23    1869.12    2406.92    2731.95    2604.25    1710.27    1246.89     881.15     907.45    1369.83    2959.34    3447.61    2628.24    2427.77    1649.60    1014.08     902.98     880.85    1109.56    1541.26    2359.12
 1    4109.00    5379.53    5379.53    9289.90    9289.90    6099.79    6099.79    1535.69    1535.69    5835.06    5835.06   11243.69   11243.69    8684.21    8684.21    4712.86    4712.86    2297.06    2297.06    2236.08    2236.08    2656.96    2656.96    3744.05    3744.05    8735.50    8735.50
 2     783.00    1024.67    1024.67    1769.50    1769.50    1161.86    1161.86     292.51     292.51    1111.44    1111.44    2141.66    2141.66    1654.14    1654.14     897.69     897.69     437.54     437.54     425.92     425.92     506.09     506.09     713.15     713.15    1663.90    1663.90
 3    3537.00    2424.12    2337.48    3088.03    2512.72    1566.63    1688.49     811.12    1220.72    3714.36    4997.54    8463.59    6305.86    4822.74    3784.04    3013.24    2245.60    1285.69    1704.56    1962.87    2183.14    2178.03    2732.99    2896.51    5338.39    9226.14   11042.35
 4    1379.00    1396.18    1235.86    1137.11    1158.51    1105.01    1340.12    1766.93    2670.39    2908.72    2471.10    2198.46    1544.26    1254.12     895.68     670.55     728.73     874.49    1024.40    1045.97    1213.61    1142.23    1930.49    4371.45    5855.23    4474.58    3706.67
 1    4109.00    5736.19    5736.19    4308.61    4308.61    4237.93    4237.93    4495.26    4495.26    3678.44    3678.44    3443.75    3443.75    3759.29    3759.29    4989.60    4989.60   10127.04   10127.04    8722.10    8722.10   10226.83   10226.83    2626.93    2626.93    2646.34    2646.34
 2     783.00    1092.61    1092.61     820.69     820.69     807.22     807.22     856.24     856.24     700.66     700.66     655.95     655.95     716.06     716.06     950.40     950.40    1928.96    1928.96    1661.35    1661.35    1947.97    1947.97     500.37     500.37     504.06     504.06
 3    3537.00    2674.51    2649.49    3164.55    3776.13    5117.28    4522.69    2667.11    2423.54    1827.19    1822.27    2113.04    2460.37    1447.64    1558.61    2777.18    3486.73    4957.56    4547.74    4803.28    3107.44    2747.88    1744.33    1098.34    1195.23    1306.30    1845.05
 4    1379.00    1412.47    1558.53    1922.01    1685.65     978.96     876.82     806.10     789.77     925.06    1002.49     904.72    1001.72    1376.75    1693.21    2418.67    2370.01    1823.51    1410.82    1035.97     835.68     868.64     621.83     699.76     915.11     979.09     944.43
 1    4109.00    2409.79    2409.79    3434.51    3434.51    5321.78    5321.78    6435.20    6435.20    5592.97    5592.97    4944.32    4944.32    9989.83    9989.83    9277.42    9277.42    9375.37    9375.37    5046.43    5046.43    7091.70    7091.70    4652.34    4652.34    5875.72    5875.72
 2     783.00     459.01     459.01     654.19     654.19    1013.67    1013.67    1225.75    1225.75    1065.33    1065.33     941.78     941.78    1902.82    1902.82    1767.13    1767.13    1785.78    1785.78     961.22     961.22    1350.80    1350.80     886.16     886.16    1119.18    1119.18
 3    3537.00    1705.04    2839.31    2487.54    2273.50    3488.89    3466.72    2970.05    2895.90    3154.68    2493.14    3143.73    3440.90    5183.80    4799.68    5911.96    5710.08    5723.88    6047.39    4439.16    3956.47    3586.34    2929.27    2668.38    2731.93    2898.71    2489.90
 4    1379.00    1376.73    1598.26    1342.50    1274.55    1456.01    1661.50    1390.41    1120.69    1034.20    1053.88    2084.95    2289.82    2636.57    2304.46    2029.97    1908.37    1590.92    1490.08    1392.44    1077.75    1139.35    1140.40    1034.42     813.42     791.40    1302.20
 1    4109.00    3878.03    3878.03    5905.75    5905.75    7230.30    7230.30    6204.20    6204.20    3797.18    3797.18    3038.57    3038.57    7689.99    7689.99   13343.02   13343.02   10707.31   10707.31    4698.08    4698.08    6089.62    6089.62   10391.77   10391.77   14812.64   14812.64
 2     783.00     738.67     738.67    1124.90    1124.90    1377.20    1377.20    1181.75    1181.75     723.27     723.27     578.78     578.78    1464.76    1464.76    2541.53    2541.53    2039.49    2039.49     894.87     894.87    1159.93    1159.93    1979.38    1979.38    2821.46    2821.46
 3    3537.00    1322.08    1824.45    2943.29    3384.39    3322.85    2763.41    1935.50    1348.20    1060.96    1371.75    1746.17    2614.55    5004.20    5758.01    6074.91    5025.68    3317.58    2537.19    2286.19    2739.89    3289.96    3413.76    3613.42    4729.40    7356.97    6194.45
 4    1379.00    1260.90    1415.03    1479.61    1246.76    1069.55     797.64     680.18     779.77     812.50    1417.51    2169.22    2647.04    2739.54    2125.42    1670.11    1322.37    1351.42    1323.79    1481.21    1674.99    1950.39    2287.59    3203.15    3178.33    3370.96    2685.82
 1    4109.00    4081.77    4081.77    2863.48    2863.48    3349.04    3349.04    2579.81    2579.81    5588.35    5588.35    5882.65    5882.65    5118.96    5118.96    2365.44    2365.44    4022.17    4022.17    3410.95    3410.95    4976.20    4976.20    8540.99    8540.99    5756.98    5756.98
 2     783.00     777.48     777.48     545.42     545.42     637.91     637.91     491.39     491.39    1064.45    1064.45    1120.50    1120.50     975.04     975.04     450.56     450.56     766.13     766.13     649.70     649.70     947.85     947.85    1626.86    1626.86    1096.57    1096.57
 3    3537.00    1936.26    2315.26    1620.10    1955.24    2808.88    3377.78    3675.89    3675.89    2969.25    2228.59    2066.01    1706.63    1797.28    1626.51    1089.47    1252.50    1249.74    1837.35    2529.94    2837.71    3371.61    3251.60    3835.86    3789.59    2181.53    3947.77
 4    1379.00    1032.49    1183.78    1061.61    1629.87    1862.85    1703.27    1109.84    1109.84     607.04     694.97     845.21     767.19     716.17     708.35     680.39     807.25    1168.25    1416.43    1156.16    1033.50     947.97     951.30     986.56    1638.95    2732.25    2844.56
 1    4109.00    5537.53    5537.53   10143.21   10143.21    8466.15    8466.15   11392.46   11392.46    6830.21    6830.21    7894.66    7894.66    9742.19    9742.19    5501.96    5501.96    2957.26    2957.26    6149.22    6149.22   15203.50   15203.50    8964.19    8964.19    4273.50    4273.50
 2     783.00    1054.77    1054.77    1932.04    1932.04    1612.60    1612.60    2169.99    2169.99    1300.99    1300.99    1503.74    1503.74    1855.66    1855.66    1047.99    1047.99     563.29     563.29    1171.28    1171.28    2895.90    2895.90    1707.46    1707.46     814.00     814.00
 3    3537.00    1308.82    1294.91    2353.37    2329.17    1859.97    2021.44    1894.26    2039.66    2070.57    1949.63    2251.41    3086.88    4000.16    3695.73    2829.59    2367.17    2287.07    2812.06    3570.86    4677.32    6005.43    5048.73    3584.95    2790.75    1139.82     999.91
 4    1379.00    1254.53    1195.51    1164.14    1125.57    1309.83    1484.93    1373.28    1098.85    1137.01    1619.46    1888.33    1734.27    1378.05    1156.12    1255.06    1605.14    1740.29    2543.69    2723.57    2339.70    1539.06    1115.25     788.75     814.80     862.36     670.42
 1    4109.00    4914.76    4914.76    4898.12    4898.12    4314.62    4314.62    4074.38    4074.38    4126.12    4126.12    1036.27    1036.27    6571.49    6571.49    5304.22    5304.22    6966.96    6966.96    5942.24    5942.24    3397.55    3397.55    1935.32    1935.32    3408.17    3408.17
 2     783.00     936.14     936.14     932.98     932.98     821.83     821.83     776.07     776.07     785.93     785.93     197.38     197.38    1251.71    1251.71    1010.33    1010.33    1327.04    1327.04    1131.86    1131.86     647.15     647.15     368.63     368.63     649.18     649.18
 3    3537.00    2007.72    2227.60    2457.09    2944.44    4050.88    4383.63    4383.63    4383.63    4383.63    1436.04     720.21    1695.62    3864.98    3530.41    4268.89    3610.10    2595.38    2179.40    2524.04    2672.54    2208.89    2009.72    2442.90    2151.93    2655.51    2757.40
 4    1379.00    1165.62    1399.66    1488.44    1846.77    1546.88    1132.21    1132.21    1132.21    1132.21    1260.90    2154.78    2604.61    1787.74    1203.39     956.87     855.28     892.29    1037.52    1235.77    1304.35    1024.21     903.50    1036.02    1369.10    1703.14    1750.36
 1    4109.00    4494.80    4494.80    3073.22    3073.22    7634.55    7634.55    9846.61    9846.61    8530.37    8530.37    7846.61    7846.61    7928.84    7928.84    4962.80    4962.80    6240.70    6240.70   11762.06   11762.06   16822.34   16822.34   10517.43   10517.43    7554.62    7554.62
 2     783.00     856.15     856.15     585.38     585.38    1454.20    1454.20    1875.54    1875.54    1624.83    1624.83    1494.59    1494.59    1510.26    1510.26     945.30     945.30    1188.70    1188.70    2240.39    2240.39    3204.26    3204.26    2003.32    2003.32    1438.98    1438.98
 3    3537.00    1767.14    2184.81    2325.43    2345.31    2178.18    1946.21    2831.97    3012.71    3294.46    3229.47    3599.74    3959.21    5514.37    5722.98    2876.73    3818.71    3628.81    6648.64    9300.46    8864.64    6339.62    4412.62    3185.71    3454.03    2890.41    3524.74
 4    1379.00    1474.91    1262.63    1237.48    1361.84    1365.08    1441.91    1612.91    1546.57    1899.64    2114.95    1705.81    1381.49    1219.81    1321.39    2007.35    4382.34    4588.68    3766.25    2365.56    1585.44    1231.20    1351.83    1821.04    2193.78    2045.93    2755.26
 1    4109.00    5696.92    5696.92    3679.83    3679.83    6202.35    6202.35    4140.91    4140.91    3128.66    3128.66    3198.89    3198.89    3792.10    3792.10   10953.10   10953.10   12948.47   12948.47   11399.85   11399.85   12917.52   12917.52    3970.89    3970.89    2407.48    2407.48
 2     783.00    1085.13    1085.13     700.92     700.92    1181.40    1181.40     788.74     788.74     595.94     595.94     609.31     609.31     722.30     722.30    2086.30    2086.30    2466.38    2466.38    2171.40    2171.40    2460.48    2460.48     756.36     756.36     458.57     458.57
 3    3537.00    2557.45    2914.82    1832.68    2148.23    2531.09    2429.58    3914.58    3579.80    3680.98    3788.23    3941.97    3621.04    4015.99    5724.62   11561.96    9849.99    5643.22    4035.01    3417.91    3563.69    4948.00    3303.52    1774.56    1565.65    1298.36    1592.55
 4    1379.00    1357.11    1456.94    1229.37    1511.85    1452.11    1055.24    1210.22    1227.98    1437.85    1366.90    1272.50    2022.64    3547.89    3277.44    2034.78    1563.37    2028.08    2194.63    1881.81    1309.98     944.82     770.21     718.84    1092.19    1082.60     949.65
 1    4109.00    3259.87    3259.87    5301.91    5301.91    5471.47    5471.47    9742.19    9742.19    7186.41    7186.41    3973.20    3973.20    6389.00    6389.00    4065.14    4065.14    4904.13    4904.13    6287.36    6287.36    5817.04    5817.04    8830.21    8830.21    6048.50    6048.50
 2     783.00     620.93     620.93    1009.89    1009.89    1042.18    1042.18    1855.66    1855.66    1368.84    1368.84     756.80     756.80    1216.95    1216.95     774.31     774.31     934.12     934.12    1197.59    1197.59    1108.01    1108.01    1681.94    1681.94    1152.10    1152.10
 3    3537.00    3368.89    3685.82    4419.14    4192.24    4634.65    5282.02    5542.74    4211.67    3301.24    2335.54    1440.98    1740.53    2717.69    2405.24    2748.60    2555.85    4552.19    4223.64    2217.70    2264.17    5488.58    5585.54    7221.89    5634.70    1934.27    2207.67
 4    1379.00    1586.50    1685.16    2118.83    1882.96    2216.11    2007.91    1316.41     815.10     981.51    1150.29    1221.09    1096.83    1329.74    1404.80    1638.82    1457.74    1488.47    1728.80    2691.25    2611.89    2733.64    2068.14    1454.70    1271.95    2057.01    1986.97
 1    4109.00    4582.58    4582.58   13445.59   13445.59    3956.11    3956.11    2931.39    2931.39    2485.10    2485.10    2555.32    2555.32    4361.28    4361.28    2800.18    2800.18    3517.21    3517.21    2194.96    2194.96    3328.71    3328.71    2052.67    2052.67    2538.23    2538.23
 2     783.00     872.87     872.87    2561.06    2561.06     753.54     753.54     558.36     558.36     473.35     473.35     486.73     486.73     830.72     830.72     533.37     533.37     669.94     669.94     418.09     418.09     634.04     634.04     390.98     390.98     483.47     483.47
 3    3537.00    2668.67    2779.95    4631.66    3230.11    3230.11     912.34     923.75     957.87    1265.06    1589.28    1427.09    1821.63    2790.34    2259.86    1766.05    1914.93    2494.42    2488.68    1965.24    2499.57    2868.78    2466.66    1306.35    1594.57    1600.62    1683.91
 4    1379.00    1435.75    1244.83     882.43     602.09     602.09     776.87     655.97     684.87     785.46    1176.70    1002.00     837.41     849.68     969.16    1185.46    1068.85    1032.76     987.41    1091.00     971.38     589.80     663.74     886.29    1070.32    1412.68    1395.38
