2019 2020 2021 2022 2023 2024 2025 2026 2027 2028 2029 2030 2031 2032 2033 2034 2035 2036 2037 2038 2039 2040 2041 2042 2043 2044 2045
 0.3673849  0.1579916  0.1159074  0.2098279  0.1407569  0.2350652  0.2017929  0.3892149  0.4099923  0.5118230  0.6358122  0.3651886  0.3217441  0.3663780  0.3944385  0.6165795  0.5948340  0.3598795  0.3983783  0.1679681  0.1378758  0.2221574  0.1959400  0.3442200  0.2925369  0.5026853  0.5426334
 0.3556829  0.1845496  0.1576067  0.2265638  0.2104935  0.2851869  0.2649472  0.3244335  0.3415460  0.3068093  0.2990080  0.2152059  0.2049290  0.2391353  0.2413871  0.2437478  0.2423589  0.2022282  0.1981986  0.6901246  1.0485516  0.9627228  1.2868727  0.4311787  0.4607880  0.2017290  0.1888334
 0.3445536  0.2179638  0.1810638  0.1948835  0.1677530  0.5067526  0.5718693  0.4161547  0.4182973  0.3141207  0.3334075  0.4034583  0.3786030  0.2334784  0.2234284  0.3834394  0.3755603  0.3813248  0.3670050  0.3411188  0.3480507  0.5829660  0.7872143  0.3013614  0.2264265  0.2516250  0.2446439
 0.3456866  0.1198538  0.0997959  0.2165433  0.1974368  0.2365637  0.2429493  0.1807213  0.1688164  0.1344205  0.1238715  0.1987261  0.1817610  0.1932404  0.2007830  0.2328213  0.2350871  0.3454049  0.3923374  0.3488495  0.3368866  0.3782693  0.3591950  0.4493570  0.5332034  0.4087052  0.4425487
 0.3468916  0.1444698  0.1114548  0.1729464  0.1426340  0.3269657  0.3114574  0.6540239  0.7827981  0.9640550  1.5178069  0.5260904  0.4493134  0.1861403  0.1845140  0.4771622  0.5042836  0.5846418  0.6804670  0.2657896  0.2689581  0.5539125  0.6516660  0.7824958  1.4125405  0.2604719  0.2034697
 0.3375950  0.2157270  0.1751205  0.2493070  0.2087774  0.3475512  0.3890034  0.3248748  0.2774643  0.2956318  0.2899726  0.2324572  0.2511825  0.3414393  0.3624378  0.3663001  0.3940759  0.3022424  0.3081589  0.1831619  0.1956526  0.2454747  0.2250344  0.4493721  0.5262550  0.2240392  0.1957280
 0.3801714  0.2267896  0.1832271  0.1727652  0.1688964  0.1776930  0.1800269  0.2413566  0.2346860  0.2596716  0.3036737  0.2647393  0.2220473  0.1536444  0.1440549  0.3932828  0.4571557  0.4086652  0.3938204  0.1652161  0.1650701  0.2705004  0.2355268  0.3158993  0.3438379  0.3308646  0.3572611
 0.3679856  0.1111530  0.0863530  0.0898729  0.0918891  0.1922011  0.1919378  0.4372520  0.4238147  0.3178615  0.3018793  0.4840441  0.5782617  0.4400673  0.5056769  0.3241789  0.2377664  0.3222760  0.2810364  0.8228685  1.0952451  0.8419180  1.3600941  0.3103251  0.2811369  0.2083559  0.1718445
 0.3617941  0.2276402  0.1693578  0.3208889  0.3125123  0.3395003  0.3480259  0.1602853  0.1365050  0.2157820  0.1951771  0.3418412  0.3714141  0.3504487  0.3922888  0.2871815  0.3473147  0.2412401  0.2066465  0.2064296  0.2041057  0.1831366  0.1976406  0.2035746  0.1469683  0.1723682  0.1724699
 0.3826794  0.2127352  0.1669208  0.1796018  0.1524758  0.2197959  0.2295283  0.3025126  0.3231237  0.3132804  0.3144689  0.2577240  0.2768695  0.2929267  0.2460869  0.2745930  0.2381279  0.3761791  0.3720585  0.3940179  0.4714248  0.6955760  0.9766270  0.3622470  0.3190145  0.2360086  0.2386992
 0.3431245  0.1235277  0.1038475  0.1704978  0.1442090  0.2139646  0.2094406  0.2817199  0.2994912  0.3411467  0.3596309  0.3196629  0.2461181  0.3839187  0.3810700  0.3638684  0.3887249  0.4162535  0.4360275  0.3131549  0.3056589  0.3896384  0.4287863  0.3461296  0.3562807  0.4693051  0.5577659
 0.3845243  0.2028581  0.1560453  0.1944985  0.1632234  0.3143836  0.3265746  0.4272227  0.5291057  0.3682918  0.3581276  0.2121591  0.1784333  0.3082635  0.2989891  0.4686827  0.5927601  0.5428842  0.6030906  0.3103733  0.2649636  0.3050360  0.3214002  0.4026128  0.3217161  0.4090221  0.3822073
 0.4042364  0.1937529  0.1551606  0.1511295  0.1481848  0.1824620  0.1805892  0.1443241  0.1404874  0.2770687  0.3301656  0.4551846  0.5124172  0.4825286  0.5315714  0.2471078  0.2392738  0.3114092  0.2459130  0.2331045  0.2198796  0.3207053  0.3495007  0.5811064  0.6891797  0.3941556  0.3016633
 0.3845102  0.2251393  0.1839035  0.3143573  0.3219316  0.4814492  0.4168234  0.6945751  0.7809782  0.5591454  0.5185599  0.4195477  0.3631735  0.4817230  0.5307653  0.3996481  0.3586928  0.1985940  0.1970018  0.2359669  0.2178270  0.4146194  0.5210464  0.4458518  0.5575527  0.3079565  0.3151715
 0.4295039  0.2147415  0.1806209  0.1883689  0.1612077  0.2142073  0.2006332  0.2705281  0.2953961  0.3803088  0.4616813  0.1254156  0.1009527  0.2593991  0.2663941  0.2838516  0.3009386  0.3701340  0.4466956  0.4162928  0.4055789  0.2916536  0.3026222  0.2185367  0.2152130  0.2356115  0.2247421
 0.3912276  0.1929099  0.1490506  0.1621117  0.1590107  0.3739649  0.3575982  0.5156096  0.5227757  0.4896538  0.4377450  0.3736288  0.3792581  0.4356072  0.4793179  0.3511257  0.2821313  0.2067639  0.1928822  0.2517596  0.2750006  0.4901583  0.7318613  0.6053616  0.6248342  0.4205706  0.3909615
 0.3789167  0.2322803  0.1825344  0.1816310  0.1662416  0.2875520  0.2670640  0.2367892  0.2494738  0.1991513  0.2044453  0.2368681  0.2749644  0.2888011  0.2210394  0.3393178  0.3879713  0.4738517  0.5270301  0.4827395  0.5099329  0.7431560  1.1134058  0.4054463  0.4063227  0.2131521  0.1952280
 0.3164474  0.1446011  0.1333897  0.1891631  0.1605020  0.2729158  0.2624267  0.4555841  0.5339607  0.4948434  0.5861473  0.2693713  0.2659024  0.4072456  0.3946013  0.3012573  0.2645582  0.2482203  0.2624238  0.3133899  0.2559128  0.2038222  0.1883028  0.2777957  0.3281170  0.3285943  0.2807121
 0.3640976  0.1861726  0.1398488  0.4621728  0.4800409  0.3915742  0.3553117  0.4307477  0.4482835  0.2978465  0.2912394  0.2043704  0.1982245  0.3340291  0.3467994  0.2392923  0.2176280  0.2130642  0.2096030  0.1838148  0.1710170  0.2609518  0.2956807  0.2307517  0.2172640  0.2049599  0.1828495
 0.3651112  0.1823985  0.1452829  0.2161429  0.1823631  0.2748734  0.2535992  0.4039370  0.5552002  0.1860404  0.1488573  0.2195205  0.2248810  0.3464667  0.3491545  0.6670969  0.7934684  1.0728790  2.2168288  0.7042508  0.4923936  0.7039428  0.7794436  0.5162022  0.5339712  0.2621346  0.2473255
 0.3234829  0.1404492  0.1130673  0.1551425  0.1629136  0.1457582  0.1523964  0.2355502  0.2186947  0.1692800  0.1592280  0.2744056  0.2745276  0.3012229  0.3077115  0.5125468  0.6808641  0.8017469  1.2964346  0.4422427  0.3646592  0.1755114  0.1732124  0.3473051  0.3640481  0.3147019  0.2729326
 0.3374752  0.1520117  0.1240442  0.1625113  0.1609091  0.1717837  0.1649106  0.3648687  0.4309040  0.1824583  0.1780020  0.2266190  0.2199129  0.3656706  0.4147916  0.4436250  0.5488859  0.3608623  0.3389207  0.3192664  0.3041081  0.2676928  0.2492531  0.2120299  0.2053896  0.2001508  0.2042308
 0.3806015  0.1835000  0.1430634  0.2759249  0.2176643  0.9611411  1.4264122  0.8545144  0.8183527  1.1110770  1.2552178  2.2669067        NaN  0.7424429  0.4335261  0.5265810  0.4617590  0.3176816  0.3127139  0.2772322  0.2876447  0.1908240  0.2059569  0.3439741  0.3460917  0.3734118  0.4315097
 0.3542913  0.1882316  0.1426616  0.1668275  0.1737557  0.2131898  0.1975090  0.2155246  0.2114401  0.2365043  0.2374908  0.3416005  0.3985849  0.3102469  0.2984929  0.1987842  0.2022475  0.2300213  0.1675669  0.3569132  0.3681589  0.4019898  0.5870758  0.3846417  0.4972354  0.2773929  0.2780366
 0.3198878  0.1544229  0.1295155  0.1903125  0.1685370  0.3460866  0.3230759  0.6034257  0.8194192  0.3390044  0.3074007  0.1573591  0.1529877  0.2753341  0.2874519  0.3847088  0.3670149  0.3220652  0.3453287  0.3776730  0.4311685  0.4041372  0.2902496  0.3563017  0.3784602  0.3234780  0.3562842
