FL 2019 2020 2021 2022 2023 2024 2025 2026 2027 2028 2029 2030 2031 2032 2033 2034 2035 2036 2037 2038 2039 2040 2041 2042 2043 2044 2045
 1  0.7288134  0.6829873  0.6668565  0.6656312  0.6862843  0.7175780  0.7037896  0.6953614  0.6852795  0.6804152  0.6805269  0.6788470  0.6824272  0.6763956  0.6723450  0.6812299  0.6817132  0.6616604  0.6573409  0.6801663  0.7030641  0.7083972  0.7059047  0.7066689  0.7127567  0.7028821  0.6830485
 2  0.5725724  0.5324563  0.5398545  0.5518322  0.5979498  0.6165701  0.6060463  0.5741510  0.5230769  0.4894110  0.4939297  0.5343268  0.5535752  0.5447868  0.5312597  0.5455595  0.5570094  0.5374638  0.5322749  0.5672356  0.5952311  0.6020313  0.5894373  0.5833528  0.5837383  0.5751606  0.5421903
 3  0.7521145  0.7094340  0.6927739  0.6888804  0.7027599  0.7411937  0.7275875  0.7149495  0.7019665  0.6954356  0.6949366  0.6955630  0.7016000  0.6956430  0.6893507  0.6975596  0.7012453  0.6825945  0.6746926  0.6964493  0.7232808  0.7295120  0.7262633  0.7243163  0.7321291  0.7231496  0.7019278
 4  0.4566311  0.4437178  0.4685098  0.4697922  0.5370543  0.5542839  0.5071010  0.4345601  0.3794073  0.3707886  0.4173875  0.4705876  0.4731160  0.4374895  0.4313087  0.4751907  0.4838390  0.4358764  0.4439570  0.5093866  0.5299786  0.5183557  0.4843841  0.4931975  0.5062260  0.4763837  0.4246253
 1  0.7290193  0.6838820  0.6652459  0.6632479  0.6651317  0.6759866  0.6934685  0.6940638  0.6904926  0.6958901  0.6923004  0.6883299  0.6957282  0.6970446  0.7024395  0.7027756  0.7050720  0.7190512  0.7094503  0.7035903  0.6745300  0.6388657  0.6359412  0.5974406  0.6082187  0.6402791  0.6717768
 2  0.5731135  0.5329778  0.5383796  0.5513670  0.5515032  0.5623312  0.5757797  0.5745691  0.5677343  0.5687958  0.5622052  0.5525696  0.5522080  0.5523072  0.5556758  0.5554225  0.5765994  0.5959570  0.5931922  0.5708070  0.5228357  0.5048559  0.5186614  0.4941348  0.5048637  0.5390368  0.5675446
 3  0.7523618  0.7102255  0.6910486  0.6863119  0.6856316  0.6934286  0.7123337  0.7141044  0.7087511  0.7145430  0.7117579  0.7060044  0.7132292  0.7142724  0.7193116  0.7206725  0.7211696  0.7393970  0.7309430  0.7221076  0.6919957  0.6559179  0.6543286  0.6187470  0.6253473  0.6564532  0.6903533
 4  0.4573780  0.4432885  0.4670289  0.4722917  0.4594362  0.4848146  0.5032212  0.4830524  0.4774300  0.4868853  0.4654535  0.4562620  0.4575143  0.4572379  0.4670065  0.4559739  0.5050431  0.5286648  0.4942132  0.4449716  0.4143501  0.4357769  0.4537109  0.4125883  0.4317248  0.4808877  0.4992023
 1  0.7283085  0.6841639  0.6642681  0.6666939  0.6828398  0.6860735  0.6712066  0.6707245  0.6777473  0.6741309  0.6723239  0.6748180  0.6865050  0.6891161  0.6877048  0.6972797  0.6909190  0.6926445  0.6881463  0.6874323  0.6829803  0.6768131  0.6676469  0.6713036  0.6956155  0.6996279  0.6920660
 2  0.5726575  0.5332084  0.5376305  0.5650600  0.5795514  0.5750408  0.5463053  0.5443003  0.5556834  0.5508445  0.5397509  0.5390802  0.5592024  0.5667545  0.5686362  0.5684324  0.5634786  0.5632703  0.5637286  0.5621169  0.5499713  0.5325568  0.5259350  0.5648347  0.5962754  0.5996851  0.5794858
 3  0.7516802  0.7103537  0.6900374  0.6885265  0.7041814  0.7067425  0.6895581  0.6880150  0.6967169  0.6936350  0.6907806  0.6914425  0.7037986  0.7091697  0.7064328  0.7157035  0.7095254  0.7111847  0.7071769  0.7064943  0.7020711  0.6944716  0.6840035  0.6880702  0.7163834  0.7221195  0.7130188
 4  0.4573648  0.4429854  0.4667286  0.4985742  0.5040500  0.4740999  0.4458095  0.4706991  0.4800164  0.4596772  0.4356102  0.4545414  0.4921050  0.4850893  0.4782936  0.4788385  0.4766499  0.4803943  0.4802441  0.4748741  0.4483418  0.4236606  0.4485269  0.5115816  0.5342873  0.5169148  0.4645969
 1  0.7292546  0.6839832  0.6676100  0.6678604  0.6725403  0.6799043  0.6848244  0.6958399  0.7054387  0.7174752  0.7157124  0.7139418  0.7185984  0.7154123  0.7142521  0.7144064  0.7133810  0.7157093  0.7043155  0.6985770  0.6972028  0.7034654  0.6894559  0.6766767  0.6681942  0.6661344  0.6720146
 2  0.5718989  0.5325022  0.5396758  0.5558332  0.5605110  0.5570052  0.5536777  0.5585014  0.5807469  0.5980101  0.5974047  0.5880724  0.5762776  0.5634990  0.5468407  0.5379396  0.5425256  0.5499792  0.5518791  0.5515281  0.5688562  0.5818374  0.5679653  0.5372319  0.5078386  0.5086117  0.5244635
 3  0.7524902  0.7105481  0.6934685  0.6906000  0.6928513  0.6989236  0.7021635  0.7131712  0.7227831  0.7373708  0.7366713  0.7322417  0.7364275  0.7331066  0.7302594  0.7300182  0.7288061  0.7323115  0.7218131  0.7160850  0.7147141  0.7235294  0.7104483  0.6952782  0.6846902  0.6820076  0.6889268
 4  0.4556608  0.4436466  0.4671819  0.4774558  0.4740703  0.4595847  0.4617292  0.4745173  0.5089306  0.5260613  0.5015793  0.4813028  0.4762070  0.4500527  0.4282679  0.4243815  0.4485467  0.4588633  0.4558856  0.4619345  0.4973000  0.5075231  0.4652293  0.4112384  0.3986212  0.4284834  0.4474163
 1  0.7307392  0.6864747  0.6685256  0.6687277  0.6824543  0.7002408  0.6940869  0.6961232  0.6757984  0.6669872  0.6274530  0.5452894  0.6064195  0.6788065  0.6845681  0.6913582  0.6758306  0.6634696  0.6647191  0.6909790  0.6848734  0.6787489  0.6649905  0.6524189  0.6346618  0.6232486  0.6714151
 2  0.5709265  0.5324007  0.5394834  0.5585973  0.5811456  0.5917315  0.5845387  0.5742887  0.5570408  0.5503172  0.5119255  0.4405597  0.5400714  0.5898171  0.5960154  0.5830946  0.5445144  0.5091415  0.5407593  0.5831266  0.5825784  0.5591005  0.5239360  0.5042239  0.4947272  0.5337584  0.5835071
 3  0.7534590  0.7126204  0.6943044  0.6913100  0.7019112  0.7209815  0.7143577  0.7155625  0.6950435  0.6868242  0.6496614  0.5632159  0.6151301  0.6997357  0.7069380  0.7114861  0.6949115  0.6807698  0.6786307  0.7116719  0.7075619  0.6980587  0.6824808  0.6699732  0.6517075  0.6382015  0.6902504
 4  0.4540021  0.4430379  0.4676554  0.4835056  0.5103593  0.5138567  0.4954839  0.4815158  0.4752773  0.4753274  0.4137500  0.3679887  0.5054934  0.5364133  0.5110083  0.4764811  0.4292864  0.3966633  0.4891831  0.5272886  0.4886428  0.4393755  0.4212238  0.4113788  0.4186654  0.4893319  0.5270227
