FL 2019 2020 2021 2022 2023 2024 2025 2026 2027 2028 2029 2030 2031 2032 2033 2034 2035 2036 2037 2038 2039 2040 2041 2042 2043 2044 2045
 1    4109.00    1983.83    1983.83    3969.04    3969.04   20431.03   20431.03   40120.08   40120.08   35803.62   35803.62   14193.56   14193.56   15527.82   15527.82   20092.38   20092.38   10392.23   10392.23    3454.84    3454.84    6923.07    6923.07   18475.84   18475.84   35176.22   35176.22
 2     783.00     377.87     377.87     756.01     756.01    3891.62    3891.62    7641.92    7641.92    6819.74    6819.74    2703.54    2703.54    2957.68    2957.68    3827.12    3827.12    1979.47    1979.47     658.06     658.06    1318.68    1318.68    3519.21    3519.21    6700.23    6700.23
 3    3537.00    1078.97    1494.84    3842.39    4455.01    9978.34   15130.02   30203.94   20242.71   18091.90   10675.55    7769.04    6330.31    6173.38    4578.67    6998.22    5467.77    3661.14    3189.23    2424.38    3541.11    8918.45    9159.94   12103.56   12146.97   18366.61   12845.34
 4    1379.00    2749.99    2717.03    6490.75   11687.70   14215.37    9140.33    8339.94    4788.39    4665.86    3978.77    4279.85    3072.31    2915.56    2524.91    3650.92    2367.52    2060.58    2548.80    3732.52    4438.30    6352.21    5424.79    7839.11    6995.61    6558.34    3838.87
 1    4109.00    2048.51    2048.51    6033.26    6033.26    9572.64    9572.64   15529.21   15529.21   16726.71   16726.71    8699.00    8699.00    9132.35    9132.35    8157.53    8157.53   12133.97   12133.97   59864.58   59864.58   32664.33   32664.33    9794.86    9794.86    3914.53    3914.53
 2     783.00     390.19     390.19    1149.19    1149.19    1823.36    1823.36    2957.94    2957.94    3186.04    3186.04    1656.95    1656.95    1739.50    1739.50    1553.82    1553.82    2311.23    2311.23   11402.78   11402.78    6221.78    6221.78    1865.69    1865.69     745.62     745.62
 3    3537.00    2156.17    3047.18    4803.64    5411.58    7746.85    9696.78   11172.05   11761.55   10465.66   10621.88    9922.48    9899.95   12068.71   12304.56   12676.40   11995.29   11099.35   15595.56   32866.91   24335.85   14913.79   11836.54    3669.78    3636.47    2427.21    3485.45
 4    1379.00    2384.24    3093.16    3161.17    3275.64    4689.08    5328.05    4926.11    5898.65    4615.74    4121.17    4227.31    3876.26    4652.74    4842.23    5407.76    9357.64    9189.05    7799.21    4590.82    3556.58    4011.66    2683.94    1870.42    2072.61    2153.35    2767.97
 1    4109.00    3005.31    3005.31    5539.84    5539.84   28224.97   28224.97   17541.68   17541.68   13170.70   13170.70   15685.82   15685.82    7420.64    7420.64   18124.72   18124.72   17817.03   17817.03   14793.70   14793.70   23043.17   23043.17    9555.55    9555.55   13891.42   13891.42
 2     783.00     572.44     572.44    1055.21    1055.21    5376.18    5376.18    3341.27    3341.27    2508.70    2508.70    2987.78    2987.78    1413.46    1413.46    3452.33    3452.33    3393.72    3393.72    2817.85    2817.85    4389.18    4389.18    1820.10    1820.10    2645.98    2645.98
 3    3537.00    2191.43    2816.00    3971.11    5776.25   12757.50    9993.08    8209.68    9225.74    7330.02    7343.20    6349.87    5806.66    6774.61    7028.52    8941.05    7522.05    8604.98    7853.12    9605.36    9694.64   11007.50    9402.47    3208.37    4507.75    7824.08    9661.27
 4    1379.00    2498.46    3651.66    4634.17    4780.59    4743.45    4243.43    4016.83    4007.75    2898.87    2726.52    3299.32    3322.96    3508.64    3663.41    4148.39    3882.91    4102.97    3837.79    3880.85    3152.45    2431.30    3125.83    4362.15    5715.19    5468.06    4188.42
 1    4109.00     973.90     973.90    6861.62    6861.62    9941.78    9941.78    7448.36    7448.36    7941.78    7941.78   12729.49   12729.49   15374.90   15374.90   19137.43   19137.43   29752.34   29752.34   21518.11   21518.11   29605.42   29605.42   29026.08   29026.08   16450.90   16450.90
 2     783.00     185.50     185.50    1306.98    1306.98    1893.67    1893.67    1418.74    1418.74    1512.72    1512.72    2424.66    2424.66    2928.55    2928.55    3645.22    3645.22    5667.11    5667.11    4098.69    4098.69    5639.13    5639.13    5528.78    5528.78    3133.50    3133.50
 3    3537.00    1563.90    2024.90    4241.15    5362.14    6611.53    7039.51    4938.16    5473.85    5494.38    7165.75   16264.07   17064.32   18065.30   16992.07   15179.57   11530.27   14175.78   12692.89   12030.13   10884.39   13218.23   12753.48   15916.07   11966.03    8685.92    7516.95
 4    1379.00    2303.12    2956.85    3822.63    3644.60    3556.48    3995.86    4658.47    6951.76    7960.23    7803.59    9983.86    8376.72    6707.60    6362.43    5772.32    5684.40    5381.22    5351.08    5930.79    7276.82    7485.32    4924.47    4700.85    3384.60    3105.88    3182.73
 1    4109.00    1834.60    1834.60    4403.32    4403.32   20669.42   20669.42   52024.90   52024.90   51939.43   51939.43   11294.98   11294.98    7164.23    7164.23   26881.93   26881.93   25030.24   25030.24   10108.56   10108.56   25002.98   25002.98   25504.71   25504.71    4061.90    4061.90
 2     783.00     349.45     349.45     838.73     838.73    3937.03    3937.03    9909.50    9909.50    9893.22    9893.22    2151.42    2151.42    1364.62    1364.62    5120.37    5120.37    4767.66    4767.66    1925.44    1925.44    4762.47    4762.47    4858.04    4858.04     773.70     773.70
 3    3537.00    1366.43    1586.35    3230.89    4091.76    9434.47   11233.18   15391.79   12954.59   17620.49   14129.72    5304.47    5719.41    4034.98    7774.09   19540.91   15478.72   11259.68    8343.57    7156.55   11245.49   17048.73   12861.12    6736.06    5607.14    1416.90    2463.39
 4    1379.00    2196.93    2800.09    4863.65    6093.89    7842.72    7625.10    7193.62    7033.70    3245.89    2125.23    2605.21    4725.94    5215.97    5618.77    4792.20    3152.58    3397.36    4919.80    5273.21    4621.62    3430.09    2467.88    1519.26    1638.31    2212.53    2951.11
