              Isim, Ftarg, Btarg
   1 2019          0.3977734     129364.7079738      33266.1582637
   1 2021          0.3626758     128982.6822601      31658.9500762
   1 2023          0.3509766     129493.7543473      30755.2833179
   1 2025          0.3889990     129204.8341086      32961.8156627
   1 2027          0.4065479     128994.0264062      33634.4040169
   1 2029          0.3977734     129534.8667810      33500.4327975
   1 2031          0.3948486     129271.0424929      33299.2760545
   1 2033          0.3948486     129089.2662848      33366.6751086
   1 2035          0.3977734     129177.6690480      33488.5477224
   1 2037          0.3889990     129003.7554874      33138.3862708
   1 2039          0.3685254     129179.2837660      31951.8705867
   1 2041          0.3860742     129503.2995779      32729.6572083
   1 2043          0.3919238     128896.1437687      33073.6175693
   2 2019          0.3977734     128814.4188190      33124.6513071
   2 2021          0.3714502     128730.7271607      31888.4875308
   2 2023          0.3889990     128462.4405400      32756.9310866
   2 2025          0.3889990     128927.4468418      32766.9100376
   2 2027          0.3919238     128940.0496487      32948.1773237
   2 2029          0.3977734     128846.0062442      33186.6571821
   2 2031          0.3977734     128787.7122086      33038.1463680
   2 2033          0.3977734     128757.4126551      32994.3855266
   2 2035          0.3802246     128391.3263230      32268.5199753
   2 2037          0.3919238     128678.4316714      32794.7958014
   2 2039          0.4094727     128493.6702117      33629.3102458
   2 2041          0.4036230     128870.0060169      33501.0986162
   2 2043          0.3919238     128893.5097572      33106.7488542
   3 2019          0.3977734     131418.4014862      33794.2659252
   3 2021          0.3685254     131170.1726898      32474.9284227
   3 2023          0.3802246     131012.4794244      33010.5425392
   3 2025          0.3977734     131216.5572613      33970.0278548
   3 2027          0.3977734     131030.7873335      33869.6994937
   3 2029          0.3977734     131619.2243903      33901.7392710
   3 2031          0.3919238     131486.1651078      33775.5128676
   3 2033          0.3919238     131202.6593995      33528.7707224
   3 2035          0.3948486     131130.0404849      33827.7896831
   3 2037          0.3948486     131303.1485381      33828.8743177
   3 2039          0.4006982     131491.7464628      33951.1494615
   3 2041          0.4006982     131286.3525328      34044.8151177
   3 2043          0.3743750     131335.1476136      32971.7656840
   4 2019          0.3977734     133428.9350648      34311.2750019
   4 2021          0.3597510     133599.0984331      32278.9973079
   4 2023          0.3860742     133224.8946308      33862.9362467
   4 2025          0.3919238     132955.5059600      34094.9006174
   4 2027          0.3714502     133042.7237241      33179.6053344
   4 2029          0.3729126     133268.4496646      33229.1488329
   4 2031          0.3919238     133386.3271122      33967.0514116
   4 2033          0.3977734     133639.3268106      34247.1900427
   4 2035          0.3948486     133097.7759718      34255.7131913
   4 2037          0.3977734     133202.9094339      34448.7013277
   4 2039          0.3889990     133160.9399818      34082.1615910
   4 2041          0.3977734     133496.3290738      34469.4583939
   4 2043          0.4036230     133088.2900545      34645.0449947
   5 2019          0.3977734     130501.2528948      33558.4209976
   5 2021          0.3626758     129999.4419378      31882.0777823
   5 2023          0.3656006     130141.0257958      32066.8230456
   5 2025          0.3889990     130073.5724507      33302.9130165
   5 2027          0.3948486     130388.7499510      33702.6842602
   5 2029          0.4065479     130241.3676397      34061.8336897
   5 2031          0.3831494     130533.6970074      33128.4245093
   5 2033          0.3831494     130228.0555418      32909.3617635
   5 2035          0.4094727     130010.2636085      33980.8137568
   5 2037          0.3919238     130549.9763013      33559.0761990
   5 2039          0.3977734     130215.5372208      33456.7015985
   5 2041          0.4094727     130012.7204938      34007.0198156
   5 2043          0.4006982     130465.2084494      33926.9198121
   6 2019          0.3977734     132943.3858106      34186.4159225
   6 2021          0.3714502     132717.0952896      33069.4256696
   6 2023          0.3860742     132552.5589154      33824.4190631
   6 2025          0.3948486     132729.8798766      34247.5728996
   6 2027          0.3831494     132668.8513651      33777.2958394
   6 2029          0.4006982     132617.6401390      34333.5200217
   6 2031          0.3977734     133067.9711818      34160.6564494
   6 2033          0.3977734     133131.3970850      34230.1753533
   6 2035          0.4036230     132466.5786664      34507.0075056
   6 2037          0.3948486     132519.3409580      34210.9424804
   6 2039          0.3743750     133095.7905795      33289.5313091
   6 2041          0.3860742     132783.3865199      33788.1709317
   6 2043          0.3948486     133007.8599783      34264.1078717
   7 2019          0.3977734     130609.1527291      33586.1674596
   7 2021          0.3714502     130316.4214850      32456.8755181
   7 2023          0.3802246     130678.7366719      32704.6491133
   7 2025          0.3948486     130341.7540839      33481.7973255
   7 2027          0.4036230     130146.5865920      33795.0150401
   7 2029          0.3977734     130115.9506357      33660.4416702
   7 2031          0.3772998     130675.5429079      32836.8260843
   7 2033          0.3860742     130201.3508803      33116.1364673
   7 2035          0.4006982     130572.0350900      33894.3902794
   7 2037          0.3772998     130774.6119312      32966.1051689
   7 2039          0.3772998     130094.1210282      32622.3506121
   7 2041          0.3948486     130664.5452826      33325.5184996
   7 2043          0.4065479     130595.5326809      33921.5328549
   8 2019          0.3977734     130069.6535577      33447.4351493
   8 2021          0.3568262     130084.8669465      31146.1210189
   8 2023          0.3743750     130006.8162550      32264.5444321
   8 2025          0.3743750     130022.2333227      32475.0430075
   8 2027          0.3860742     130145.3384524      33170.8334821
   8 2029          0.3948486     129968.8972184      33327.3815630
   8 2031          0.4036230     129715.4914707      33828.9231607
   8 2033          0.4006982     129825.5904774      33728.1820490
   8 2035          0.3656006     130152.6677324      32164.8408915
   8 2037          0.3889990     130191.9233199      33261.5506091
   8 2039          0.4036230     130084.2724028      33815.8401044
   8 2041          0.4036230     129747.3655271      33848.4537787
   8 2043          0.3831494     129737.4007893      32888.1022074
   9 2019          0.3977734     130799.7757697      33635.1862093
   9 2021          0.3743750     130882.6390495      32693.1198314
   9 2023          0.3860742     130979.5128114      33384.3528309
   9 2025          0.3860742     130568.3420598      33347.7552204
   9 2027          0.3597510     130890.1364152      31796.3719733
   9 2029          0.3889990     130909.8778496      33344.1831979
   9 2031          0.4036230     130443.0197517      33880.9164417
   9 2033          0.4065479     130498.0019836      34007.2698510
   9 2035          0.4006982     130789.8181878      33827.5063068
   9 2037          0.3860742     130903.8109662      33220.1957651
   9 2039          0.3860742     130742.4125433      33135.2357458
   9 2041          0.3743750     130886.2751964      32722.0856531
   9 2043          0.3597510     131014.7129279      31806.8631667
  10 2019          0.3977734     130555.2028120      33572.2942286
  10 2021          0.3641382     130421.2407213      32139.5941127
  10 2023          0.3772998     130411.9241082      32633.8122246
  10 2025          0.4065479     130598.9278183      33774.7533640
  10 2027          0.4036230     130086.6723621      33766.6025822
  10 2029          0.3948486     130269.3222115      33496.8186848
  10 2031          0.3977734     130088.0936088      33554.9460801
  10 2033          0.3802246     130028.6046483      32905.7486827
  10 2035          0.3860742     130371.4577802      33099.5137912
  10 2037          0.4036230     130349.9596741      33842.6763548
  10 2039          0.4036230     130333.7617662      33900.5839706
  10 2041          0.3977734     130543.3287790      33843.9812928
  10 2043          0.3831494     130565.8314269      33088.9187829
  11 2019          0.3977734     128929.5119756      33154.2475333
  11 2021          0.3597510     128677.6135575      31263.2403851
  11 2023          0.3772998     129121.4208286      32237.7295198
  11 2025          0.3860742     128492.4696697      32696.8604404
  11 2027          0.3977734     129053.7581162      33225.3149885
  11 2029          0.3977734     128556.2749954      33219.3174525
  11 2031          0.3802246     128870.5580963      32571.3497209
  11 2033          0.3977734     128721.0919020      33222.9184563
  11 2035          0.3977734     129012.2544687      33217.8775172
  11 2037          0.4065479     128687.2762651      33474.1413720
  11 2039          0.4036230     128535.7961630      33317.6124365
  11 2041          0.3977734     128611.9415855      33292.3705956
  11 2043          0.4006982     129012.8084842      33322.6125605
  12 2019          0.3977734     130652.3126628      33597.2660445
  12 2021          0.3656006     130708.9827283      32113.9978810
  12 2023          0.3802246     130408.2800025      32935.6607238
  12 2025          0.4036230     130142.8630258      33840.8107392
  12 2027          0.3977734     130320.4279068      33770.4643857
  12 2029          0.3802246     130397.4763978      33108.4772722
  12 2031          0.3685254     130656.0269929      32359.0757315
  12 2033          0.4006982     130312.3754175      33635.8018760
  12 2035          0.4094727     130422.8975890      34028.5948419
  12 2037          0.3977734     130473.8858879      33778.6768869
  12 2039          0.3860742     130838.3052842      33161.8474917
  12 2041          0.3889990     130678.7885968      33286.2560563
  12 2043          0.3860742     130840.1321145      33289.8956041
  13 2019          0.3977734     128573.4425225      33062.6842085
  13 2021          0.3743750     128104.3664965      32023.4499992
  13 2023          0.3685254     128454.8296319      31709.5377032
  13 2025          0.3860742     128746.9518275      32522.5690221
  13 2027          0.3977734     128503.2791849      32991.7134174
  13 2029          0.4006982     128420.2850113      33285.8843059
  13 2031          0.3977734     128256.5406913      33219.7662465
  13 2033          0.4006982     128208.1647344      33292.1299606
  13 2035          0.3831494     128310.7619834      32661.0155435
  13 2037          0.3772998     128669.5106580      32459.8136506
  13 2039          0.3948486     128616.4986884      32981.9244350
  13 2041          0.4006982     128649.5179787      33212.2450800
  13 2043          0.3919238     128067.1883942      33035.6825717
  14 2019          0.3977734     131911.1440627      33920.9747687
  14 2021          0.3714502     132078.1633016      32856.6020014
  14 2023          0.3860742     131845.9407391      33607.8883252
  14 2025          0.3860742     132096.8075018      33645.5425427
  14 2027          0.4006982     131768.0838368      34226.8083945
  14 2029          0.3860742     131750.2742828      33690.7221342
  14 2031          0.3919238     131702.5216719      33837.6876324
  14 2033          0.4036230     131443.8723946      34235.4758007
  14 2035          0.3860742     131893.5034669      33602.1335927
  14 2037          0.3714502     132051.5348631      32764.7360953
  14 2039          0.3919238     131747.7664543      33671.4810560
  14 2041          0.4094727     131579.7967310      34426.2558705
  14 2043          0.4006982     131564.5141041      34194.2553901
  15 2019          0.3977734     126951.3483472      32645.5623953
  15 2021          0.3656006     126967.9676069      31274.8536830
  15 2023          0.3685254     126932.4931356      31458.0711463
  15 2025          0.3977734     127020.0217886      32634.7023166
  15 2027          0.4123975     126731.7160615      33070.0958600
  15 2029          0.3860742     127052.1819363      32424.0477723
  15 2031          0.3597510     126903.5475361      30851.1940238
  15 2033          0.4036230     126998.5551653      32851.9077935
  15 2035          0.4065479     126819.4239147      32926.0894594
  15 2037          0.3977734     126882.1579073      32800.7903833
  15 2039          0.3948486     126668.4333467      32611.6470259
  15 2041          0.4006982     127033.6071239      32690.9368301
  15 2043          0.3889990     126971.5819873      32203.7882627
  16 2019          0.3977734     131163.0385451      33728.5992983
  16 2021          0.3685254     130847.2080611      32449.0582603
  16 2023          0.3802246     130839.9288944      32881.5258752
  16 2025          0.3919238     130759.5416545      33593.1734452
  16 2027          0.3948486     130824.9603174      33756.6392211
  16 2029          0.3889990     131026.8819459      33546.4962752
  16 2031          0.3977734     131144.0423361      33813.2886719
  16 2033          0.4036230     131203.4528016      33983.7189152
  16 2035          0.3685254     130664.4452986      32425.3085873
  16 2037          0.3860742     131096.2869894      33223.3475502
  16 2039          0.4094727     130923.1617531      34139.4588476
  16 2041          0.4036230     131042.7608241      34096.8729649
  16 2043          0.3948486     131169.3110656      33787.5329135
  17 2019          0.3977734     128918.7219921      33151.4728871
  17 2021          0.3714502     128820.9271014      32075.7383294
  17 2023          0.3743750     129036.5320861      32102.5610434
  17 2025          0.3977734     128561.6109342      33168.9668351
  17 2027          0.3948486     128695.7149654      33048.5434646
  17 2029          0.3889990     129053.7941343      32833.1310469
  17 2031          0.3919238     128758.9146502      32821.1452246
  17 2033          0.3860742     128474.8271011      32530.3276452
  17 2035          0.4123975     128901.8511218      33589.7820212
  17 2037          0.3977734     129051.4843850      33326.9251432
  17 2039          0.4036230     128845.7054267      33480.2233111
  17 2041          0.4036230     128729.5196145      33560.6681495
  17 2043          0.3831494     128979.8478192      32827.2818702
  18 2019          0.3977734     133169.9754626      34244.6834929
  18 2021          0.3626758     133210.2170216      32513.1690091
  18 2023          0.3772998     132666.6521397      33286.0423277
  18 2025          0.3948486     132933.5022717      33997.5901874
  18 2027          0.4123975     132942.7613852      34746.5409688
  18 2029          0.3919238     133028.0240041      34245.9936018
  18 2031          0.3889990     133093.8363339      34012.5822260
  18 2033          0.3977734     132718.8960804      34289.7977562
  18 2035          0.3919238     132920.7819170      33975.3911132
  18 2037          0.3889990     133298.6615387      33968.6344004
  18 2039          0.3860742     132947.4081891      33784.0818566
  18 2041          0.3948486     133114.6857730      34138.4350965
  18 2043          0.4065479     133243.8511618      34576.0796926
  19 2019          0.3977734     129310.7580567      33252.2850327
  19 2021          0.3685254     129211.6272032      32017.2814487
  19 2023          0.4006982     128904.2375416      33511.0825156
  19 2025          0.3919238     129062.5844160      33110.1598614
  19 2027          0.3977734     129306.6781243      33405.3358455
  19 2029          0.3831494     129211.7556364      32836.1691487
  19 2031          0.3948486     128917.8543031      33133.6240219
  19 2033          0.3948486     129268.7612969      33211.2443056
  19 2035          0.3889990     129460.2370514      32952.6646583
  19 2037          0.3889990     129293.7481734      33075.2747504
  19 2039          0.3977734     128901.5174714      33157.2536080
  19 2041          0.4036230     129408.3520194      33444.4475116
  19 2043          0.3831494     129362.4713971      32681.4365160
  20 2019          0.3977734     128979.8652316      33167.1958823
  20 2021          0.3626758     129143.0474840      31569.1539443
  20 2023          0.3714502     128986.5400851      32069.0157413
  20 2025          0.3977734     128811.9714499      33260.2473245
  20 2027          0.3977734     128675.0629677      33304.4903514
  20 2029          0.3685254     129158.3602860      31952.8204227
  20 2031          0.3977734     128780.4890922      33121.1191324
  20 2033          0.3977734     128852.1948910      33175.5478775
  20 2035          0.4065479     128927.4088886      33530.5577536
  20 2037          0.4036230     128494.7219865      33571.6578364
  20 2039          0.3889990     128624.0897482      33058.2005698
  20 2041          0.4036230     128897.5488385      33517.6066570
  20 2043          0.4006982     128573.9753915      33374.4314174
  21 2019          0.3977734     132540.5597626      34082.8291308
  21 2021          0.3597510     132335.5038198      32325.4733337
  21 2023          0.3802246     132230.3619507      33319.6618920
  21 2025          0.3802246     132344.8509924      33245.4625522
  21 2027          0.3802246     132395.4463332      33343.7421962
  21 2029          0.3860742     132116.3635105      33477.3884772
  21 2031          0.4006982     132107.3431248      34074.6108808
  21 2033          0.4006982     132384.1832741      34281.0879136
  21 2035          0.4094727     132336.4127607      34589.7642829
  21 2037          0.3977734     132265.5780763      34339.5908196
  21 2039          0.3802246     132107.4481615      33534.7923475
  21 2041          0.3889990     132340.1360461      33620.8382951
  21 2043          0.3948486     132373.5368906      34019.0071116
  22 2019          0.3977734     133436.1283871      34313.1247660
  22 2021          0.3626758     133657.4590943      32770.0452542
  22 2023          0.3743750     133069.1609394      33186.5194517
  22 2025          0.3919238     133022.6466793      33992.2082656
  22 2027          0.3977734     133166.4206388      34505.6362488
  22 2029          0.3802246     133233.7877147      33448.1928156
  22 2031          0.3919238     133193.0937223      34073.3823672
  22 2033          0.4036230     133268.9881359      34618.5041163
  22 2035          0.4006982     133182.7752842      34569.3012121
  22 2037          0.3919238     133322.6918478      34204.6612395
  22 2039          0.3860742     132978.8249525      33967.0976546
  22 2041          0.3860742     132898.8006724      33864.7925263
  22 2043          0.4006982     133264.3200931      34350.1283877
  23 2019          0.3977734     128105.8765739      32942.4495395
  23 2021          0.3656006     127627.0403088      31421.6973097
  23 2023          0.3772998     128176.6493727      32290.5281503
  23 2025          0.3919238     128111.4167117      33054.1957771
  23 2027          0.4006982     127779.4109617      33219.8768636
  23 2029          0.3977734     128261.0660075      33119.0444017
  23 2031          0.3977734     128043.7795485      33208.5360265
  23 2033          0.3714502     128113.4771155      32114.2946165
  23 2035          0.3977734     127977.3293677      33076.1433962
  23 2037          0.4006982     127970.0665437      33068.5917017
  23 2039          0.3977734     128219.3624687      32979.4178368
  23 2041          0.3919238     128207.8385054      32599.1294744
  23 2043          0.4006982     127895.3079112      33139.8530053
  24 2019          0.3977734     131785.2609227      33888.6038963
  24 2021          0.3685254     131775.7153853      32608.3767668
  24 2023          0.3860742     131292.2906749      33361.1014205
  24 2025          0.3860742     131873.3656051      33426.7385953
  24 2027          0.3948486     131706.0343075      33758.2781639
  24 2029          0.3977734     131314.3391551      33974.9852338
  24 2031          0.3948486     131562.4420620      33967.8882877
  24 2033          0.3772998     131720.6521478      33173.8040592
  24 2035          0.3656006     131661.0395167      32377.1207032
  24 2037          0.3743750     131400.2054606      32824.6011479
  24 2039          0.4006982     131537.3231716      34105.8018916
  24 2041          0.4036230     131593.2877890      34320.3927083
  24 2043          0.3977734     131697.5988474      34086.3965813
  25 2019          0.3977734     135640.8816675      34880.0774744
  25 2021          0.3597510     135696.7290354      33047.2961457
  25 2023          0.3802246     135133.7260397      34044.0156786
  25 2025          0.3977734     135757.2213779      34903.5622171
  25 2027          0.4065479     135646.5562987      35328.7320018
  25 2029          0.3860742     135104.0936723      34422.0966011
  25 2031          0.3743750     135371.4192990      33769.0250044
  25 2033          0.4006982     135755.3213993      34914.7974273
  25 2035          0.3948486     135418.2165367      34790.1325153
  25 2037          0.3977734     135766.6426885      34969.2871783
  25 2039          0.3977734     135246.2689047      34948.2623925
  25 2041          0.3831494     135262.1526506      34330.4564368
  25 2043          0.4123975     135537.3403901      35343.2889903
  26 2019          0.3977734     131968.6906410      33935.7728818
  26 2021          0.3670630     131799.0403677      32403.6580351
  26 2023          0.3831494     131486.8140431      33277.1236310
  26 2025          0.3977734     131558.3745840      34084.6752110
  26 2027          0.3802246     132184.2564488      33328.5799114
  26 2029          0.3802246     131972.9891648      33260.7018350
  26 2031          0.3772998     132078.3472715      33007.3710720
  26 2033          0.4006982     131537.5201230      33937.8779338
  26 2035          0.4065479     131778.5343681      34061.5206188
  26 2037          0.4036230     132030.8745742      34063.3977153
  26 2039          0.4006982     131604.9309194      34039.4584001
  26 2041          0.3948486     131713.2758963      33834.9800468
  26 2043          0.3977734     132113.3076671      33925.9992706
  27 2019          0.3977734     130494.0595726      33556.5712334
  27 2021          0.3626758     130068.3819803      31814.1538427
  27 2023          0.3743750     130506.1501282      32605.6417216
  27 2025          0.3889990     130404.3022050      33346.3780415
  27 2027          0.3919238     130186.5112800      33416.8842991
  27 2029          0.3831494     130398.9150631      33088.3011125
  27 2031          0.3889990     130487.4848041      33201.2011549
  27 2033          0.4065479     130109.2784527      33762.3051218
  27 2035          0.4006982     130294.3377916      33694.7338675
  27 2037          0.4006982     130086.7767391      33615.1596817
  27 2039          0.3948486     130520.6372231      33508.6917838
  27 2041          0.3919238     130368.1924766      33143.2117523
  27 2043          0.3831494     130495.5360662      32963.5921419
  28 2019          0.3977734     130134.3934583      33464.0830265
  28 2021          0.3656006     129704.3849132      31878.9337143
  28 2023          0.3656006     129772.5217377      31895.6460916
  28 2025          0.3948486     129941.0827495      33255.9166308
  28 2027          0.4094727     129739.9656981      33784.2316283
  28 2029          0.4006982     129931.6639676      33565.9180950
  28 2031          0.3948486     130037.1746710      33455.9585698
  28 2033          0.4036230     129984.3317605      33624.4205561
  28 2035          0.3977734     130083.6916504      33634.7980056
  28 2037          0.3831494     129709.3121587      33008.3096030
  28 2039          0.3743750     129777.0345744      32376.9395099
  28 2041          0.3860742     130230.8291331      32926.9307094
  28 2043          0.4094727     130178.8427259      33858.9869488
  29 2019          0.3977734     133148.3954957      34239.1342005
  29 2021          0.3714502     132656.8065862      32880.1659277
  29 2023          0.3860742     133022.5966959      33814.6646275
  29 2025          0.3977734     133318.2700468      34251.2705421
  29 2027          0.3860742     133042.5375468      33856.5512414
  29 2029          0.3889990     132771.2051964      33748.7629384
  29 2031          0.4065479     133134.9556900      34592.0092310
  29 2033          0.3948486     133087.7441579      34263.4435842
  29 2035          0.3948486     133084.3935341      34106.7180214
  29 2037          0.3889990     133255.6824260      33941.1583721
  29 2039          0.4036230     132747.7561948      34326.3532444
  29 2041          0.4094727     133008.7728097      34574.9139309
  29 2043          0.3948486     132931.3821536      34167.1117397
  30 2019          0.3977734     136392.5838463      35073.3778269
  30 2021          0.3714502     136163.7808144      33829.5503556
  30 2023          0.3919238     136409.5911638      34694.8516950
  30 2025          0.4006982     136402.8100554      35314.3770359
  30 2027          0.3802246     135869.2455379      34411.9199445
  30 2029          0.3714502     136187.5995438      33846.4534606
  30 2031          0.4006982     136392.7249908      35158.2253187
  30 2033          0.4006982     136195.7829986      35424.5755528
  30 2035          0.3889990     136064.0425001      34943.8036173
  30 2037          0.3802246     136178.3399500      34174.6160543
  30 2039          0.3977734     136612.9622460      35143.6477223
  30 2041          0.3977734     136381.8843688      35345.6291369
  30 2043          0.3802246     136145.1608346      34495.8639560
  31 2019          0.3977734     127868.4969385      32881.4073229
  31 2021          0.3714502     127845.4816615      31733.1500494
  31 2023          0.3831494     128014.5492247      32304.5541213
  31 2025          0.3802246     127784.7545961      32110.3090168
  31 2027          0.4065479     127834.1078135      33185.6964619
  31 2029          0.4065479     127814.5160541      33251.4269362
  31 2031          0.3919238     127957.0765248      32711.1005248
  31 2033          0.3772998     127513.3750166      32109.1353384
  31 2035          0.3743750     127563.2572300      31901.6263142
  31 2037          0.4036230     127395.1858075      33009.9185276
  31 2039          0.4036230     127859.9052830      33159.5678251
  31 2041          0.3977734     127470.6096878      33015.9177208
  31 2043          0.3919238     127848.8735311      32804.1829665
  32 2019          0.3977734     134551.0933413      34599.8382074
  32 2021          0.3714502     134156.0473570      33328.2445389
  32 2023          0.3860742     134010.1897253      33826.8409256
  32 2025          0.3977734     134017.3241409      34460.2689434
  32 2027          0.3802246     134196.0292752      33948.0354511
  32 2029          0.3802246     134349.6191877      33806.4760615
  32 2031          0.3919238     134561.1356223      34337.5175332
  32 2033          0.3919238     134769.2933761      34389.6251287
  32 2035          0.4065479     134237.0984649      34858.7540220
  32 2037          0.4036230     134591.4226447      34823.0061908
  32 2039          0.4036230     134583.9204583      34798.8266187
  32 2041          0.3889990     134547.5305397      34158.6862938
  32 2043          0.3948486     134631.0047901      34548.8934515
  33 2019          0.3977734     131303.3083296      33764.6696990
  33 2021          0.3802246     131345.1393112      33397.2983632
  33 2023          0.3889990     131153.0625319      33606.2857308
  33 2025          0.3948486     131351.3244752      33882.9970575
  33 2027          0.3889990     130871.7694548      33580.3935352
  33 2029          0.3860742     131416.8289308      33384.1150996
  33 2031          0.3919238     131005.4592550      33627.8499080
  33 2033          0.3977734     131102.5874134      33837.3197176
  33 2035          0.3977734     131507.9423177      33779.1579479
  33 2037          0.3948486     130950.3174633      33620.0125916
  33 2039          0.4006982     131243.2381346      33998.8174580
  33 2041          0.3772998     131328.1687826      32966.5737686
  33 2043          0.4065479     131236.6841411      34074.2584118
  34 2019          0.3977734     128782.0488687      33116.3273685
  34 2021          0.3568262     128936.5512373      30955.7397085
  34 2023          0.3597510     128742.1256077      31260.5248719
  34 2025          0.3860742     128960.9491179      32702.8535517
  34 2027          0.3948486     128602.0367221      33078.0598285
  34 2029          0.4006982     128647.3635305      33295.1457207
  34 2031          0.4036230     128996.1535765      33563.0130112
  34 2033          0.4006982     128770.3879279      33500.3876412
  34 2035          0.3568262     128694.6161062      31263.3552806
  34 2037          0.3568262     128381.9036210      30897.3125797
  34 2039          0.3860742     128891.5726559      32541.5259991
  34 2041          0.4036230     128676.9953130      33335.1076735
  34 2043          0.3948486     128359.3711614      33147.0667797
  35 2019          0.3977734     126365.0925810      32494.8066180
  35 2021          0.3539014     126544.9054421      30058.0221059
  35 2023          0.3743750     125992.2191042      31415.5109035
  35 2025          0.3802246     126526.1436542      31682.0695162
  35 2027          0.3802246     126434.0107927      31672.0418380
  35 2029          0.4006982     125960.9013449      32363.8008814
  35 2031          0.4094727     126382.7924698      32749.0989033
  35 2033          0.3977734     126457.0229856      32545.0511041
  35 2035          0.3889990     126013.4433342      32111.5650721
  35 2037          0.3977734     126130.5285511      32600.6863150
  35 2039          0.3977734     126045.1870792      32578.7917709
  35 2041          0.3919238     126217.3037287      32295.3745775
  35 2043          0.4006982     126055.1803099      32685.7882995
  36 2019          0.3977734     130206.3266812      33482.5806679
  36 2021          0.3597510     129916.2809696      31589.2006326
  36 2023          0.3772998     130095.8111082      32465.8862449
  36 2025          0.3919238     130350.2489686      33290.8410876
  36 2027          0.3977734     129725.3201177      33556.4605692
  36 2029          0.4065479     129885.2295456      33820.7736182
  36 2031          0.3977734     129937.4518161      33675.7098095
  36 2033          0.3860742     130294.3728218      33126.0915195
  36 2035          0.3948486     130295.3418743      33466.2741846
  36 2037          0.3948486     130019.0884285      33583.1122090
  36 2039          0.3948486     130272.4501164      33625.5279378
  36 2041          0.3802246     129717.4526947      32740.8046870
  36 2043          0.3831494     130360.3260456      32985.0690251
  37 2019          0.3977734     132234.8435655      34004.2141549
  37 2021          0.3743750     132190.3332634      33074.2468413
  37 2023          0.3802246     132195.2602442      33250.1334149
  37 2025          0.3889990     132349.1927461      33677.4753486
  37 2027          0.3831494     132312.4239044      33576.9131397
  37 2029          0.3948486     131889.7387898      33976.4617322
  37 2031          0.4094727     132370.7087260      34349.3961532
  37 2033          0.4094727     131997.3665556      34526.6222292
  37 2035          0.3977734     132005.1197912      34179.9943765
  37 2037          0.3948486     132158.4512925      33917.5629775
  37 2039          0.4036230     131992.1858358      34058.8760866
  37 2041          0.3948486     131935.2454984      33909.3131361
  37 2043          0.3772998     131947.5982555      33204.9538444
  38 2019          0.3977734     131954.3039964      33932.0733535
  38 2021          0.3743750     131614.4441573      32901.1787408
  38 2023          0.3889990     131611.3425119      33476.7837976
  38 2025          0.3831494     132116.4009365      33365.0928186
  38 2027          0.3860742     132026.7722570      33440.6570668
  38 2029          0.3977734     132095.7511118      34003.7531959
  38 2031          0.4065479     131981.0523554      34350.6922419
  38 2033          0.3919238     132034.5287660      33917.6617333
  38 2035          0.3948486     131566.5442762      33894.8279949
  38 2037          0.3919238     131932.4181371      33646.1814957
  38 2039          0.3919238     131904.7678449      33809.0353685
  38 2041          0.3889990     131542.7090532      33703.6219768
  38 2043          0.3948486     131971.1666027      33941.9419791
  39 2019          0.3977734     129217.2448670      33228.2380989
  39 2021          0.3656006     129404.9537541      31687.4334257
  39 2023          0.3772998     128950.6065836      32316.1187209
  39 2025          0.3977734     129355.4918734      33310.9279976
  39 2027          0.3977734     129412.4534414      33438.8605939
  39 2029          0.3889990     129020.1401780      33116.0036102
  39 2031          0.3772998     129011.1389465      32486.7218458
  39 2033          0.4006982     129185.4231135      33375.0970670
  39 2035          0.4006982     129210.9746666      33423.2782536
  39 2037          0.3948486     129055.7816789      33095.7207686
  39 2039          0.3948486     128817.0493896      33046.7912969
  39 2041          0.3977734     128785.5042261      33266.8777342
  39 2043          0.3948486     129183.4420980      33134.1166733
  40 2019          0.3977734     127426.1076180      32767.6468284
  40 2021          0.3685254     127021.0311812      31449.4962012
  40 2023          0.3802246     127488.1153402      32172.5114525
  40 2025          0.3714502     127558.8522501      31724.3292664
  40 2027          0.3977734     126936.8200068      32846.0228039
  40 2029          0.4094727     127237.0927893      33194.3419252
  40 2031          0.4036230     126947.7485546      32921.9281559
  40 2033          0.3919238     127543.4579430      32677.1842414
  40 2035          0.3948486     127165.4449947      32776.2593326
  40 2037          0.3919238     127633.8879803      32694.9314441
  40 2039          0.3948486     127538.1866084      32723.9980972
  40 2041          0.3743750     127108.4924313      31761.0040947
  40 2043          0.3889990     127516.0261132      32236.8454424
  41 2019          0.3977734     129677.6174932      33346.6230037
  41 2021          0.3714502     129727.9585059      32367.6405910
  41 2023          0.3860742     129217.0657228      32942.1395334
  41 2025          0.4006982     129602.7265666      33544.1015449
  41 2027          0.3948486     129281.1142089      33327.0436417
  41 2029          0.3831494     129427.5659433      32789.9805863
  41 2031          0.3919238     129228.2971499      33116.6036486
  41 2033          0.3977734     129420.0098154      33397.0330778
  41 2035          0.3977734     129404.7080068      33314.4523744
  41 2037          0.3802246     129632.6222403      32586.1815698
  41 2039          0.3889990     129697.2416897      33070.7169296
  41 2041          0.3977734     129581.2889575      33442.7977027
  41 2043          0.3948486     129635.7979326      33319.8185682
  42 2019          0.3977734     130468.8829446      33550.0970589
  42 2021          0.3743750     130628.7273785      32716.5894963
  42 2023          0.3802246     130370.7461381      32941.3062088
  42 2025          0.3831494     130616.2263745      33012.5770037
  42 2027          0.3860742     130656.4448779      33276.0991512
  42 2029          0.3977734     130332.7502260      33579.9352385
  42 2031          0.3948486     130561.9084161      33599.1061708
  42 2033          0.4006982     130166.3711771      33875.4596214
  42 2035          0.3889990     130335.9346394      33465.5869957
  42 2037          0.3977734     130035.1558788      33593.7992967
  42 2039          0.3948486     130289.0470654      33624.3077069
  42 2041          0.3948486     130391.5613395      33486.3673649
  42 2043          0.3919238     130090.4603179      33482.8204868
