FL 2019 2020 2021 2022 2023 2024 2025 2026 2027 2028 2029 2030 2031 2032 2033 2034 2035 2036 2037 2038 2039 2040 2041 2042 2043 2044 2045
 1  0.1254765  0.1113135  0.1087426  0.1218951  0.1291197  0.1074498  0.0926241  0.1517404  0.1877224  0.2083606  0.2827407  0.1567996  0.1671031  0.1862701  0.2497419  0.2548649  0.2593037  0.1424311  0.2067376  0.0411973  0.0217263  0.0398480  0.0283723  0.0975482  0.0764149  0.1871285  0.2166884
 2  0.0238751  0.0211859  0.0219179  0.0263490  0.0217398  0.0180192  0.0174554  0.0322891  0.0447985  0.0525861  0.0673122  0.0304883  0.0313009  0.0363110  0.0463837  0.0389062  0.0391431  0.0234093  0.0289028  0.0043308  0.0026992  0.0057286  0.0048912  0.0164422  0.0137795  0.0372584  0.0467364
 3  0.1162273  0.0799446  0.0761681  0.0847754  0.0665088  0.0768267  0.0746172  0.0943916  0.0825033  0.1000770  0.1372139  0.1963306  0.2098216  0.2436337  0.3287969  0.4370432  0.4474225  0.5439609  0.8090805  0.8423649  0.4253623  0.0314018  0.0524245  0.0791360  0.0586571  0.0950217  0.1090639
 4  0.0444602  0.0397182  0.0319482  0.0522122  0.0420301  0.0380040  0.0283161  0.0325385  0.0277202  0.0390931  0.0442271  0.0450908  0.0493154  0.0647466  0.0748690  0.0671853  0.0728201  0.1092371  0.1088541  0.0670013  0.0473487  0.0478553  0.0410132  0.0449242  0.0394880  0.0370700  0.0504331
 1  0.1220670  0.1254239  0.1231772  0.1874112  0.2302788  0.1880863  0.1901913  0.1382752  0.1402114  0.1132132  0.1065760  0.0628809  0.0599064  0.0650217  0.0630913  0.0586366  0.0574712  0.0656355  0.0565315  0.2629478  0.3681237  0.3318848  0.4557460  0.2462791  0.4024196  0.0918599  0.0643404
 2  0.0232303  0.0240070  0.0249763  0.0403825  0.0515322  0.0378570  0.0357677  0.0262928  0.0256911  0.0209750  0.0212246  0.0127279  0.0127135  0.0140147  0.0135911  0.0131608  0.0105690  0.0119703  0.0112491  0.0574656  0.0828580  0.0672195  0.0850968  0.0422021  0.0587949  0.0103417  0.0080259
 3  0.1130934  0.0665434  0.0727520  0.0810100  0.0875174  0.0802388  0.0924295  0.0870868  0.0806981  0.0775728  0.0738434  0.0748037  0.0579133  0.0572310  0.0558304  0.0621369  0.0616284  0.0436421  0.0568916  0.1174138  0.1227115  0.1999137  0.2792006  0.5134761  0.8643077  0.9990000  0.9073086
 4  0.0433681  0.0330743  0.0297842  0.0264420  0.0297833  0.0372058  0.0353789  0.0375366  0.0354439  0.0276175  0.0300322  0.0300058  0.0359001  0.0351833  0.0339089  0.0415451  0.0433671  0.0344852  0.0348485  0.0264636  0.0300437  0.0377086  0.0478499  0.0796203  0.0948605  0.0900426  0.0755829
 1  0.1187765  0.1772624  0.1907233  0.1663206  0.1715329  0.2870613  0.3992709  0.2321456  0.2374244  0.1193783  0.1295853  0.1524339  0.1454505  0.0607808  0.0581460  0.1307210  0.1308750  0.1313409  0.1273778  0.1139355  0.1165692  0.2164916  0.2883249  0.1275915  0.0837634  0.0855951  0.0716102
 2  0.0226444  0.0340864  0.0379424  0.0322362  0.0335288  0.0587748  0.0788832  0.0387597  0.0384430  0.0200200  0.0229621  0.0249148  0.0215515  0.0098035  0.0092552  0.0221335  0.0217702  0.0222008  0.0214379  0.0198605  0.0219864  0.0425420  0.0513954  0.0169812  0.0111750  0.0136813  0.0135678
 3  0.1100329  0.1166854  0.1173861  0.0885671  0.1036459  0.1275091  0.1778849  0.2727706  0.2802972  0.3008792  0.3230620  0.3758179  0.3686869  0.3161992  0.2989720  0.2608201  0.2588827  0.2443939  0.2355051  0.2243190  0.2258207  0.2605451  0.3534484  0.4292669  0.0449199  0.0263661  0.0212941
 4  0.0423910  0.0331477  0.0324785  0.0281251  0.0289157  0.0272835  0.0343201  0.0375318  0.0382781  0.0454132  0.0542038  0.0504591  0.0413444  0.0446038  0.0395996  0.0393491  0.0366878  0.0361540  0.0342750  0.0355937  0.0424668  0.0517759  0.0545310  0.0383723  0.0429446  0.0313449  0.0363639
 1  0.1193897  0.0679200  0.0634262  0.1582192  0.1880560  0.1522873  0.1780300  0.0823664  0.0753105  0.0434851  0.0344680  0.0524060  0.0474786  0.0569678  0.0605718  0.0844531  0.0950516  0.1510332  0.1726698  0.1362186  0.1382305  0.1637292  0.1636716  0.1818838  0.2276133  0.1749082  0.2087669
 2  0.0226910  0.0129094  0.0129113  0.0343505  0.0420186  0.0346030  0.0388553  0.0169027  0.0132931  0.0074833  0.0066265  0.0103457  0.0100262  0.0130408  0.0146170  0.0209582  0.0222759  0.0349727  0.0379707  0.0289212  0.0255355  0.0303017  0.0327673  0.0395784  0.0519137  0.0380533  0.0432489
 3  0.1105887  0.0762371  0.0751089  0.0839372  0.0764384  0.0604295  0.0708403  0.0388457  0.0418775  0.0326449  0.0423836  0.0623969  0.0549094  0.0741140  0.0714247  0.0749186  0.0612913  0.0585877  0.0569161  0.0761297  0.0667433  0.0764444  0.0789999  0.0891020  0.1112815  0.1491762  0.1792136
 4  0.0420011  0.0367105  0.0313519  0.0322057  0.0266693  0.0267133  0.0278602  0.0402696  0.0392923  0.0343844  0.0363806  0.0351248  0.0313031  0.0316352  0.0321787  0.0338512  0.0314288  0.0312539  0.0323256  0.0378649  0.0383984  0.0365618  0.0278104  0.0371177  0.0469087  0.0546250  0.0608988
 1  0.1189860  0.1082440  0.1054900  0.1274654  0.1376990  0.1795108  0.1919129  0.3257553  0.3949146  0.3945639  0.5072866  0.2112671  0.2194338  0.0726647  0.0509243  0.1711722  0.1831495  0.2173869  0.2654842  0.1068061  0.0897347  0.1970567  0.2281043  0.3198505  0.4742305  0.1485386  0.1157005
 2  0.0231473  0.0209637  0.0215598  0.0271197  0.0275521  0.0357010  0.0367192  0.0629083  0.0709278  0.0695864  0.0957390  0.0381081  0.0278644  0.0103534  0.0082362  0.0318167  0.0383019  0.0499017  0.0484710  0.0179750  0.0167967  0.0405515  0.0504013  0.0743568  0.1066189  0.0244421  0.0169866
 3  0.1099257  0.0705029  0.0774013  0.0767048  0.0649123  0.0824128  0.0853568  0.0653950  0.0742277  0.0864361  0.1087340  0.2108356  0.2341017  0.0391177  0.0694626  0.0563541  0.0592987  0.0702017  0.0883049  0.0492207  0.0398107  0.0384031  0.0443527  0.0551465  0.0820641  0.1469712  0.1169714
 4  0.0434759  0.0339159  0.0324839  0.0349867  0.0362176  0.0330291  0.0355337  0.0333374  0.0347728  0.0409373  0.0617848  0.1044689  0.0551330  0.0375771  0.0391962  0.0423391  0.0537328  0.0725225  0.0496476  0.0320378  0.0346782  0.0404089  0.0500375  0.0664310  0.0875812  0.0862368  0.0586302
 1  0.1162521  0.1743033  0.1831536  0.2332852  0.2870956  0.2611941  0.3634312  0.1775191  0.1330499  0.0959805  0.0817180  0.0634260  0.0648226  0.1188856  0.1221925  0.1575453  0.1790152  0.1398136  0.1580860  0.0788479  0.0764507  0.1084049  0.0824580  0.1817942  0.2077034  0.0770532  0.0643862
 2  0.0225599  0.0339334  0.0370425  0.0483829  0.0591791  0.0537492  0.0707067  0.0262393  0.0183548  0.0154764  0.0155441  0.0138549  0.0149836  0.0275769  0.0270358  0.0348902  0.0418142  0.0334209  0.0357205  0.0170496  0.0147790  0.0184487  0.0150432  0.0372441  0.0427628  0.0144587  0.0125167
 3  0.1074261  0.0776427  0.0713283  0.0878255  0.1082391  0.1451483  0.2026054  0.2938744  0.0350056  0.0224678  0.0184570  0.0181516  0.0185770  0.0182396  0.0187982  0.0192528  0.0216460  0.0266715  0.0304964  0.0326960  0.0319220  0.0280932  0.0211464  0.0651286  0.0745003  0.0486279  0.0404238
 4  0.0426515  0.0344380  0.0325567  0.0337734  0.0408761  0.0561937  0.0685253  0.0574921  0.0406361  0.0374184  0.0440726  0.0542444  0.0538527  0.0507036  0.0483699  0.0532583  0.0682830  0.0830680  0.0795410  0.0820672  0.0634195  0.0329015  0.0309134  0.0335661  0.0354704  0.0362771  0.0341047
 1  0.1297236  0.2047868  0.2127120  0.1221764  0.1241970  0.1010657  0.1189858  0.1028197  0.1262723  0.1108617  0.1443767  0.0943491  0.0650280  0.0441622  0.0374200  0.1848413  0.2163024  0.1380108  0.1486053  0.0513077  0.0334604  0.0602053  0.0521783  0.1188977  0.1341585  0.1122427  0.1409976
 2  0.0243926  0.0381699  0.0412816  0.0238089  0.0253816  0.0222274  0.0278324  0.0244464  0.0295195  0.0253391  0.0305913  0.0142798  0.0092934  0.0070307  0.0068392  0.0371210  0.0456905  0.0300175  0.0208299  0.0072597  0.0054104  0.0106556  0.0100208  0.0255852  0.0313969  0.0275538  0.0357884
 3  0.1204050  0.0772311  0.0798444  0.0730404  0.0739646  0.0806463  0.0942985  0.1181945  0.1457436  0.1854321  0.2429299  0.2971003  0.2094142  0.1447583  0.1193048  0.1143856  0.1341136  0.1732512  0.1985835  0.0418012  0.0533853  0.0703997  0.0666067  0.0940697  0.0952912  0.1158944  0.1450979
 4  0.0445032  0.0348408  0.0362090  0.0322937  0.0364512  0.0467377  0.0601779  0.0738603  0.0857585  0.1062405  0.1192778  0.0744510  0.0515497  0.0466356  0.0518841  0.0566993  0.0698972  0.0939379  0.0422707  0.0369560  0.0329919  0.0381488  0.0342580  0.0341784  0.0307271  0.0402685  0.0518504
 1  0.1244105  0.0413573  0.0378451  0.0448839  0.0486332  0.1092281  0.1298630  0.2367768  0.2331454  0.1219520  0.1056523  0.2140891  0.2546956  0.1870653  0.2374479  0.1354852  0.1234554  0.1455158  0.1089091  0.2875476  0.3604643  0.3120776  0.4794015  0.1693338  0.1837733  0.0703823  0.0424681
 2  0.0246932  0.0080751  0.0078572  0.0101008  0.0119175  0.0282178  0.0283137  0.0455975  0.0401326  0.0208214  0.0195437  0.0437070  0.0566319  0.0426808  0.0539237  0.0280347  0.0154914  0.0211020  0.0189342  0.0548057  0.0709272  0.0629898  0.0957898  0.0256438  0.0247729  0.0084000  0.0050819
 3  0.1146225  0.0590901  0.0595718  0.0585709  0.0628310  0.0718458  0.0429717  0.0510483  0.0616045  0.0533242  0.0677306  0.0617624  0.0728254  0.0993672  0.1266781  0.1743268  0.0462719  0.0328111  0.0454941  0.1343427  0.1295617  0.1826434  0.2806221  0.6315013  0.7043104  0.6534525  0.0261818
 4  0.0469218  0.0376292  0.0333013  0.0388685  0.0485034  0.0583404  0.0414785  0.0379379  0.0396624  0.0346076  0.0356253  0.0295910  0.0400854  0.0544981  0.0665367  0.0757760  0.0453361  0.0369122  0.0349684  0.0295687  0.0292253  0.0437943  0.0643573  0.0840318  0.0782727  0.0572441  0.0426544
 1  0.1237088  0.1965694  0.2102873  0.2859999  0.3778093  0.2597714  0.2883810  0.0506991  0.0308723  0.0805401  0.0651280  0.1267498  0.1455186  0.1351518  0.1640711  0.1203084  0.1629753  0.0868045  0.0833164  0.0623397  0.0606004  0.0541522  0.0502660  0.0504657  0.0218343  0.0655467  0.0596757
 2  0.0237626  0.0374854  0.0414190  0.0590149  0.0773913  0.0482523  0.0506684  0.0074381  0.0045123  0.0130330  0.0120825  0.0267745  0.0332838  0.0322961  0.0407257  0.0299919  0.0394752  0.0163931  0.0145200  0.0107074  0.0096486  0.0089170  0.0090657  0.0059839  0.0030684  0.0111818  0.0120024
 3  0.1145732  0.0918250  0.0864504  0.0646074  0.0852577  0.1233230  0.1378930  0.0312486  0.0370809  0.0546268  0.0626012  0.0977559  0.0819495  0.0959757  0.1160751  0.1591950  0.2169556  0.3097106  0.3041183  0.3071544  0.3039531  0.2571918  0.0429600  0.0406821  0.0297555  0.0668142  0.0712199
 4  0.0440699  0.0397984  0.0321701  0.0308186  0.0388589  0.0460649  0.0476438  0.0458682  0.0407043  0.0362626  0.0319179  0.0335185  0.0317276  0.0382353  0.0503542  0.0687169  0.0870577  0.0719284  0.0688582  0.0704583  0.0585777  0.0544079  0.0662724  0.0517642  0.0427989  0.0363301  0.0344728
 1  0.1300004  0.1813853  0.1873407  0.1564797  0.1495283  0.1044597  0.1230835  0.1180575  0.1421420  0.1111302  0.1175349  0.0881938  0.0937132  0.0936288  0.0717053  0.0737182  0.0519826  0.1336147  0.1402435  0.1536001  0.2045351  0.3279022  0.5153039  0.1933360  0.2037377  0.0720492  0.0615503
 2  0.0246276  0.0342159  0.0368222  0.0290345  0.0285808  0.0218651  0.0284522  0.0275587  0.0320273  0.0223861  0.0210021  0.0158441  0.0179428  0.0150940  0.0108966  0.0113162  0.0087215  0.0254928  0.0301908  0.0372725  0.0520687  0.0763604  0.0989522  0.0281091  0.0227536  0.0095034  0.0097210
 3  0.1205402  0.0816263  0.0862517  0.0861242  0.0825487  0.0867845  0.1010745  0.1305984  0.1591389  0.1961612  0.2116930  0.2093356  0.2191852  0.2467608  0.0377100  0.0395141  0.0397019  0.0786559  0.0812362  0.0956084  0.1271375  0.1845976  0.2976368  0.6315799  0.7053090  0.4478798  0.3603739
 4  0.0455741  0.0378446  0.0378684  0.0367860  0.0393086  0.0518406  0.0728730  0.0848082  0.0948066  0.0931912  0.0844583  0.0896067  0.1093109  0.0792549  0.0400647  0.0400748  0.0393029  0.0330591  0.0430379  0.0610687  0.0814628  0.0922695  0.1107004  0.1507225  0.1014986  0.0920332  0.1098804
 1  0.1180277  0.0938898  0.0911195  0.1048416  0.1156037  0.1399759  0.1577683  0.1357801  0.1476849  0.1355952  0.1514412  0.1223041  0.0869919  0.1574376  0.1484738  0.1398708  0.1429847  0.1618946  0.1692945  0.1013567  0.1083330  0.1742697  0.2030413  0.1434224  0.1596965  0.2036562  0.2428019
 2  0.0228373  0.0181486  0.0186769  0.0226700  0.0254451  0.0311638  0.0324195  0.0274393  0.0319143  0.0293818  0.0323472  0.0205092  0.0141374  0.0274651  0.0268043  0.0267904  0.0296746  0.0333891  0.0349924  0.0213930  0.0238621  0.0386565  0.0417568  0.0287051  0.0324155  0.0410149  0.0442143
 3  0.1090697  0.0790660  0.0745568  0.0788887  0.0765356  0.0810241  0.0764301  0.0792593  0.0846878  0.1022770  0.1155136  0.0618667  0.0494572  0.0845541  0.0806019  0.0840941  0.0885714  0.0807361  0.0836579  0.0856541  0.0912449  0.1023877  0.1208047  0.1342527  0.1480040  0.1753116  0.2124917
 4  0.0428520  0.0381122  0.0309578  0.0310617  0.0318286  0.0324873  0.0367560  0.0393434  0.0504035  0.0572839  0.0614121  0.0484275  0.0387270  0.0371941  0.0342800  0.0328352  0.0361018  0.0341951  0.0344519  0.0300888  0.0350962  0.0383384  0.0377741  0.0419550  0.0493659  0.0561942  0.0541544
 1  0.1305073  0.1430011  0.1418554  0.1749206  0.1916751  0.1970234  0.2475513  0.2373053  0.3240842  0.1688269  0.1582258  0.0656265  0.0403907  0.1016818  0.0924615  0.1704309  0.2061895  0.2237795  0.2610259  0.1207076  0.0985072  0.1128949  0.1088551  0.1718847  0.1323521  0.1684304  0.1672813
 2  0.0247657  0.0269414  0.0280940  0.0353125  0.0396779  0.0424318  0.0549408  0.0524264  0.0614430  0.0288732  0.0211154  0.0090937  0.0058806  0.0173760  0.0180436  0.0372564  0.0495316  0.0501693  0.0534354  0.0212690  0.0172523  0.0211311  0.0212578  0.0290521  0.0231998  0.0309455  0.0323116
 3  0.1209417  0.0773976  0.0832106  0.0707685  0.0677873  0.0784040  0.0981396  0.1377776  0.1917610  0.2354080  0.2263626  0.0278525  0.0466701  0.0662457  0.0744715  0.0882275  0.0865378  0.1148094  0.0619197  0.0568249  0.0520450  0.0670302  0.0602594  0.0495091  0.0446449  0.0752548  0.0666422
 4  0.0457994  0.0385210  0.0342925  0.0305895  0.0300838  0.0381737  0.0502594  0.0685377  0.0663991  0.0729690  0.0427856  0.0445423  0.0409716  0.0343781  0.0288999  0.0265631  0.0284070  0.0295248  0.0368403  0.0352503  0.0343343  0.0355789  0.0434831  0.0375394  0.0352287  0.0391141  0.0354553
 1  0.1355563  0.1824441  0.1940622  0.1243103  0.1357747  0.0841442  0.0760923  0.0455789  0.0485347  0.1134824  0.1459701  0.1827727  0.2178086  0.1980554  0.2338722  0.1082702  0.1099133  0.1496635  0.0887759  0.0671028  0.0589144  0.1031257  0.1066072  0.2443783  0.2831193  0.2088717  0.1348858
 2  0.0258173  0.0347184  0.0379361  0.0256659  0.0258395  0.0154399  0.0147596  0.0097001  0.0115964  0.0304753  0.0387832  0.0424188  0.0435635  0.0377085  0.0435237  0.0188853  0.0201182  0.0200193  0.0125826  0.0114138  0.0115220  0.0225947  0.0252492  0.0580500  0.0568363  0.0301004  0.0214419
 3  0.1255444  0.1185972  0.1227612  0.0808572  0.0937057  0.0651630  0.0578356  0.0568630  0.0598186  0.0680721  0.0879599  0.1103462  0.1328418  0.1514911  0.1778063  0.2165633  0.2182956  0.2267184  0.0245622  0.0159832  0.0136579  0.0129363  0.0133335  0.0140512  0.0380100  0.0503975  0.0516106
 4  0.0485933  0.0295884  0.0274819  0.0337664  0.0436664  0.0367426  0.0383709  0.0467918  0.0599639  0.0814364  0.0867712  0.0863504  0.0824570  0.0938219  0.1060103  0.1127047  0.1296275  0.0682854  0.0359292  0.0358237  0.0403666  0.0441805  0.0492527  0.0483021  0.0471629  0.0453542  0.0368609
 1  0.1307984  0.1695620  0.1667369  0.2996244  0.4113705  0.3779099  0.3805112  0.3285474  0.3378013  0.2139992  0.1961543  0.1873357  0.1558951  0.2017612  0.2284436  0.1601229  0.1568794  0.0648315  0.0535568  0.0836279  0.0706548  0.1764541  0.2232432  0.1874268  0.2596401  0.1465741  0.1758992
 2  0.0245606  0.0317910  0.0330634  0.0632177  0.0869409  0.0659876  0.0593857  0.0525094  0.0589087  0.0369648  0.0306577  0.0293279  0.0264463  0.0378139  0.0468274  0.0317696  0.0265280  0.0114643  0.0087433  0.0143175  0.0137109  0.0391142  0.0556900  0.0483525  0.0612898  0.0289856  0.0335210
 3  0.1213701  0.0353944  0.0384073  0.0736418  0.0650707  0.0988330  0.0695983  0.0762924  0.0771554  0.0920933  0.0905897  0.0909421  0.0916672  0.0856876  0.0959600  0.1203735  0.0777790  0.0428887  0.0439643  0.0612782  0.0645899  0.0633941  0.0795756  0.1176758  0.1654476  0.2381549  0.2854958
 4  0.0453260  0.0366552  0.0322490  0.0280345  0.0347890  0.0346958  0.0368177  0.0331365  0.0408607  0.0451818  0.0427077  0.0403865  0.0353172  0.0406777  0.0531667  0.0565561  0.0372746  0.0402029  0.0388719  0.0376283  0.0338239  0.0435205  0.0652916  0.0924844  0.1009685  0.1118846  0.1367288
 1  0.1425452  0.1759241  0.1791058  0.1782540  0.1839835  0.1150518  0.1184582  0.0972485  0.1211474  0.1492072  0.1955352  0.0411545  0.0203846  0.0955220  0.0952892  0.0853194  0.0995139  0.1540521  0.1925731  0.1885549  0.1847394  0.0987550  0.0999090  0.0551833  0.0526514  0.0791765  0.0629151
 2  0.0270896  0.0331628  0.0350878  0.0347842  0.0339069  0.0218798  0.0246229  0.0224247  0.0311495  0.0392174  0.0378613  0.0051433  0.0030758  0.0174511  0.0203209  0.0213209  0.0273378  0.0419401  0.0446994  0.0365875  0.0338094  0.0186812  0.0201527  0.0112388  0.0104030  0.0143710  0.0113080
 3  0.1320490  0.0759394  0.0861328  0.0772932  0.0770953  0.0747444  0.0753786  0.0866560  0.1070861  0.1473900  0.2007798  0.0329956  0.0219385  0.0436344  0.0425690  0.0462824  0.0537411  0.0642517  0.0814414  0.0933931  0.0920408  0.0917305  0.0917449  0.0965988  0.0929100  0.0415940  0.0438752
 4  0.0507192  0.0368601  0.0353698  0.0353539  0.0351787  0.0384247  0.0478751  0.0671328  0.0968359  0.1228944  0.0851994  0.0428141  0.0334994  0.0297148  0.0386659  0.0529135  0.0642250  0.0698545  0.0656534  0.0568780  0.0542057  0.0607142  0.0684700  0.0693948  0.0608624  0.0357490  0.0380881
 1  0.1323154  0.1439949  0.1426503  0.1134251  0.1295031  0.2232395  0.2472287  0.2568823  0.2637711  0.2132910  0.1859971  0.1473267  0.1449303  0.1640660  0.1769287  0.1270598  0.1041383  0.0753750  0.0571909  0.1011884  0.1178218  0.2182986  0.3116226  0.2578460  0.2545444  0.1544948  0.1318760
 2  0.0251284  0.0271413  0.0282691  0.0241544  0.0280618  0.0462325  0.0480051  0.0462752  0.0473848  0.0359291  0.0300720  0.0259352  0.0281034  0.0332441  0.0363747  0.0245477  0.0147030  0.0115165  0.0102490  0.0211947  0.0288406  0.0596676  0.0785006  0.0500332  0.0412570  0.0254810  0.0210828
 3  0.1226001  0.0722370  0.0639485  0.0922739  0.0890059  0.0708542  0.0792906  0.0951280  0.1060343  0.0857385  0.0745570  0.0802488  0.0839386  0.0882311  0.0955793  0.0777626  0.0861500  0.0534116  0.0667560  0.1079876  0.1241787  0.0844034  0.1221777  0.0760166  0.0713091  0.0811809  0.0808550
 4  0.0466048  0.0412367  0.0341366  0.0333080  0.0354748  0.0325202  0.0342672  0.0299607  0.0353497  0.0415108  0.0375027  0.0359383  0.0308443  0.0330650  0.0407894  0.0503320  0.0538094  0.0405801  0.0329931  0.0243715  0.0361399  0.0310919  0.0329200  0.0388305  0.0378439  0.0410963  0.0420796
 1  0.1289129  0.2032378  0.2209981  0.1403816  0.1458486  0.1532702  0.1582534  0.0950522  0.1032371  0.0709265  0.0665095  0.0695610  0.0685736  0.0696560  0.0459815  0.1179403  0.1306517  0.1975191  0.2270180  0.2084554  0.2199413  0.2919877  0.3982591  0.2037527  0.2506350  0.1020846  0.0800905
 2  0.0243850  0.0384447  0.0429612  0.0274008  0.0280381  0.0294015  0.0317866  0.0200072  0.0216900  0.0141568  0.0132191  0.0141002  0.0136489  0.0110284  0.0077982  0.0232597  0.0296525  0.0459752  0.0461666  0.0403850  0.0446320  0.0623561  0.0859363  0.0425767  0.0408350  0.0152350  0.0134895
 3  0.1195341  0.1206795  0.1224745  0.0825045  0.0820194  0.0777317  0.0795453  0.0894812  0.0974856  0.1006590  0.0944224  0.0909946  0.0519478  0.0750075  0.0481565  0.0727231  0.0843016  0.0931773  0.0743547  0.0341121  0.0594280  0.0716128  0.0982046  0.1598049  0.2025881  0.1742547  0.1317325
 4  0.0452728  0.0323822  0.0315765  0.0348332  0.0349575  0.0336155  0.0390073  0.0478702  0.0487829  0.0443466  0.0428638  0.0440107  0.0469758  0.0470728  0.0345965  0.0275603  0.0321121  0.0437836  0.0379621  0.0320059  0.0302243  0.0394501  0.0525475  0.0807601  0.0588141  0.0467411  0.0480826
 1  0.1102676  0.1079712  0.1066363  0.1413354  0.1530331  0.1358225  0.1402324  0.1812193  0.2248995  0.2121543  0.2929464  0.1222738  0.1139514  0.1573208  0.1364598  0.0733871  0.0589412  0.0854362  0.0841607  0.1142222  0.0884607  0.0715612  0.0684624  0.1072328  0.1282305  0.1077843  0.0964975
 2  0.0212429  0.0209596  0.0219666  0.0292200  0.0320174  0.0274567  0.0275985  0.0375861  0.0502991  0.0490810  0.0514890  0.0193393  0.0194068  0.0250439  0.0222619  0.0123098  0.0104345  0.0168186  0.0176298  0.0205614  0.0157490  0.0136351  0.0143695  0.0253907  0.0341646  0.0240995  0.0189458
 3  0.1019949  0.0735204  0.0756356  0.1001888  0.0965995  0.0961932  0.0931262  0.0964739  0.1180821  0.1714354  0.2457852  0.2469265  0.2221722  0.2264111  0.0631873  0.0671146  0.0673335  0.0507710  0.0542634  0.0628229  0.0611428  0.0601700  0.0634246  0.0657456  0.0672578  0.0616101  0.0559517
 4  0.0398775  0.0371800  0.0336265  0.0386325  0.0361335  0.0390254  0.0362375  0.0438057  0.0628850  0.0913213  0.0687542  0.0648323  0.0719383  0.0603576  0.0348201  0.0400280  0.0387126  0.0305558  0.0377895  0.0406239  0.0359003  0.0362688  0.0284284  0.0365462  0.0361116  0.0412067  0.0337319
 1  0.1249681  0.1369230  0.1364551  0.3779111  0.6363893  0.5836214  0.7788362  0.2345880  0.2029690  0.0795192  0.0702584  0.0409514  0.0351884  0.0981165  0.0985943  0.0529302  0.0421311  0.0676391  0.0690217  0.0455194  0.0412269  0.0713597  0.0938895  0.0572654  0.0495050  0.0505406  0.0370785
 2  0.0235296  0.0257902  0.0271258  0.0810707  0.1414190  0.0868698  0.0924829  0.0265176  0.0247028  0.0100177  0.0069577  0.0053384  0.0056344  0.0154331  0.0139910  0.0073486  0.0064816  0.0113373  0.0118303  0.0074998  0.0072950  0.0141220  0.0188719  0.0091173  0.0073261  0.0070979  0.0055082
 3  0.1159195  0.0902387  0.0860936  0.0930324  0.1557557  0.5881868  0.8513286  0.9990000  0.9990000  0.9990000  0.9990000  0.5221028  0.4178360  0.4768896  0.4969601  0.4144714  0.3232587  0.2927970  0.2983706  0.2950357  0.2651471  0.2774762  0.3646450  0.4807306  0.4246199  0.3489857  0.2552898
 4  0.0433172  0.0364662  0.0297003  0.0378487  0.0679634  0.1112732  0.1137748  0.1516285  0.1487731  0.1673417  0.0968321  0.0849393  0.1072435  0.1086325  0.0901346  0.0739891  0.0726853  0.0779264  0.0796631  0.0705160  0.0764391  0.1029988  0.1286277  0.1000919  0.0837011  0.0631152  0.0523807
 1  0.1235830  0.1405912  0.1433747  0.1914694  0.1973653  0.1504043  0.1613579  0.1912106  0.2650372  0.0681213  0.0403337  0.0745406  0.0714259  0.1188908  0.1198710  0.2278943  0.2668671  0.3803977  0.5243700  0.3679493  0.3036753  0.3221247  0.3618435  0.2125337  0.2439833  0.1093790  0.0984869
 2  0.0244388  0.0275778  0.0291883  0.0381428  0.0367317  0.0288337  0.0340409  0.0446877  0.0609907  0.0103743  0.0064259  0.0135496  0.0148210  0.0258627  0.0242952  0.0462038  0.0537963  0.0762390  0.1024193  0.0541371  0.0456161  0.0522688  0.0633189  0.0379847  0.0403279  0.0180403  0.0140604
 3  0.1139036  0.0802375  0.0719935  0.0678101  0.0697146  0.0682752  0.0717339  0.0885379  0.1234789  0.0300983  0.0392017  0.0550891  0.0520772  0.0841570  0.0918492  0.0962771  0.0894430  0.0745833  0.1033084  0.1709855  0.1429281  0.1316737  0.1469145  0.1977384  0.2305978  0.2356536  0.2145839
 4  0.0466939  0.0360112  0.0327863  0.0335662  0.0333512  0.0369871  0.0491353  0.0728269  0.0850884  0.0416128  0.0380510  0.0307431  0.0334445  0.0372915  0.0379463  0.0363698  0.0337567  0.0311733  0.0410204  0.0378752  0.0356188  0.0393725  0.0509570  0.0691463  0.0656126  0.0694838  0.0462610
 1  0.1114495  0.1062878  0.1050193  0.1116488  0.1256008  0.0737998  0.0815650  0.0935350  0.0894396  0.0516455  0.0424799  0.0843873  0.0816254  0.1170808  0.1304135  0.2077085  0.2777916  0.3180960  0.5450604  0.2750911  0.2327966  0.0466864  0.0374790  0.1131003  0.1155401  0.1066570  0.0757244
 2  0.0220729  0.0212015  0.0220766  0.0249059  0.0287550  0.0173529  0.0183505  0.0197557  0.0165417  0.0092446  0.0081821  0.0170017  0.0174199  0.0263512  0.0306403  0.0499805  0.0682263  0.0773617  0.0983720  0.0368537  0.0276714  0.0066099  0.0061646  0.0204294  0.0208292  0.0171569  0.0120046
 3  0.1026403  0.0592760  0.0628076  0.0573349  0.0642496  0.0647566  0.0716590  0.0606184  0.0543765  0.0338239  0.0464975  0.0670554  0.0702488  0.0771167  0.0725861  0.0847687  0.1132249  0.1802465  0.3207381  0.4889340  0.4149365  0.2637990  0.2008273  0.1843531  0.1891103  0.0558198  0.0531419
 4  0.0426156  0.0345819  0.0348170  0.0289336  0.0329745  0.0356798  0.0343691  0.0409312  0.0425206  0.0358776  0.0335216  0.0307065  0.0326647  0.0305050  0.0284605  0.0344724  0.0483686  0.0738852  0.0686036  0.0700073  0.0469758  0.0431734  0.0453010  0.0484765  0.0457280  0.0445417  0.0387445
