              Isim, Ftarg, Btarg
   1 2019          0.3977734      21560.7846623       5544.3597106
   1 2021          0.4006982      21505.5782551       5565.0793168
   1 2023          0.3831494      21540.6201921       5473.4795574
   1 2025          0.4006982      21542.7851989       5562.2554648
   1 2027          0.4065479      21528.6920636       5614.3433770
   1 2029          0.4065479      21495.0669463       5608.7355432
   1 2031          0.4094727      21541.6111277       5589.7099142
   1 2033          0.4094727      21550.7045175       5588.0710039
   1 2035          0.4094727      21587.4929628       5581.4474122
   1 2037          0.4153223      21500.8684675       5575.9607321
   1 2039          0.4182471      21513.0242135       5563.3033876
   1 2041          0.3772998      21525.4339413       5376.9455798
   1 2043          0.3860742      21504.2495173       5474.0917739
   2 2019          0.3977734      21468.4703596       5520.6210708
   2 2021          0.4006982      21431.6704230       5549.2686074
   2 2023          0.4036230      21455.8441692       5581.8922708
   2 2025          0.3977734      21471.8998695       5544.0752436
   2 2027          0.3948486      21475.3220756       5521.1350774
   2 2029          0.4006982      21439.3659409       5543.5231878
   2 2031          0.3919238      21500.0695445       5484.4652725
   2 2033          0.3948486      21397.3983404       5497.0583489
   2 2035          0.3802246      21420.6464049       5396.3962860
   2 2037          0.3919238      21437.9726904       5477.7269487
   2 2039          0.4065479      21427.6493186       5599.0783868
   2 2041          0.4094727      21445.7511544       5594.8209362
   2 2043          0.4182471      21447.4056292       5587.3716815
