              Isim, Ftarg, Btarg
   1 2019          0.3977734     129364.7079738      33266.1582637
   1 2021          0.3626758     128982.6822601      31658.9500762
   1 2023          0.3509766     129493.7543473      30755.2833179
   1 2025          0.3889990     129204.8341086      32961.8156627
   1 2027          0.4065479     128994.0264062      33634.4040169
   1 2029          0.3977734     129534.8667810      33500.4327975
   1 2031          0.3948486     129271.0424929      33299.2760545
   1 2033          0.3948486     129089.2662848      33366.6751086
   1 2035          0.3977734     129177.6690480      33488.5477224
   1 2037          0.3889990     129003.7554874      33138.3862708
   1 2039          0.3685254     129179.2837660      31951.8705867
   1 2041          0.3860742     129503.2995779      32729.6572083
   1 2043          0.3919238     128896.1437687      33073.6175693
   2 2019          0.3977734     128814.4188190      33124.6513071
   2 2021          0.3714502     128730.7271607      31888.4875308
   2 2023          0.3889990     128462.4405400      32756.9310866
   2 2025          0.3889990     128927.4468418      32766.9100376
   2 2027          0.3919238     128940.0496487      32948.1773237
   2 2029          0.3977734     128846.0062442      33186.6571821
   2 2031          0.3977734     128787.7122086      33038.1463680
   2 2033          0.3977734     128757.4126551      32994.3855266
   2 2035          0.3802246     128391.3263230      32268.5199753
   2 2037          0.3919238     128678.4316714      32794.7958014
   2 2039          0.4094727     128493.6702117      33629.3102458
   2 2041          0.4036230     128870.0060169      33501.0986162
   2 2043          0.3919238     128893.5097572      33106.7488542
   3 2019          0.3977734     131418.4014862      33794.2659252
   3 2021          0.3685254     131170.1726898      32474.9284227
   3 2023          0.3802246     131012.4794244      33010.5425392
   3 2025          0.3977734     131216.5572613      33970.0278548
   3 2027          0.3977734     131030.7873335      33869.6994937
   3 2029          0.3977734     131619.2243903      33901.7392710
   3 2031          0.3919238     131486.1651078      33775.5128676
   3 2033          0.3919238     131202.6593995      33528.7707224
   3 2035          0.3948486     131130.0404849      33827.7896831
   3 2037          0.3948486     131303.1485381      33828.8743177
   3 2039          0.4006982     131491.7464628      33951.1494615
   3 2041          0.4006982     131286.3525328      34044.8151177
   3 2043          0.3743750     131335.1476136      32971.7656840
