2019 2020 2021 2022 2023 2024 2025 2026 2027 2028 2029 2030 2031 2032 2033 2034 2035 2036 2037 2038 2039 2040 2041 2042 2043 2044 2045
 0.3695097  0.2651010  0.2361982  0.2951074  0.2232052  0.2633743  0.2324876  0.3543064  0.3875641  0.5032452  0.6228015  0.3377363  0.3326656  0.3449055  0.3881212  0.5801392  0.6270940  0.3786607  0.4206208  0.1730558  0.1325480  0.2009201  0.1751645  0.3377964  0.2726612  0.4708954  0.5237480
 0.3576641  0.2643792  0.2503666  0.3638748  0.3744642  0.3436878  0.3127895  0.3367983  0.3187416  0.2875183  0.2865915  0.2269242  0.2158849  0.2113379  0.2312348  0.2079929  0.1972112  0.1898090  0.1876812  0.7064463  1.0118854  0.7305787  0.9296670  0.4133412  0.4598343  0.1871363  0.1686484
 0.3464490  0.3325316  0.3270111  0.3047184  0.2766348  0.5818572  0.7014790  0.3789278  0.3648678  0.2802975  0.2990386  0.4043793  0.3849659  0.2167242  0.2244734  0.3597441  0.3588192  0.3606779  0.3545495  0.3529359  0.3392639  0.5288820  0.6855587  0.2877528  0.2156831  0.2391692  0.2366956
 0.3476240  0.1429802  0.1291840  0.2943562  0.3097314  0.3006653  0.3481919  0.2044519  0.2216564  0.1501149  0.1508657  0.1989523  0.1929469  0.2236927  0.2303815  0.2554535  0.2625423  0.3509572  0.4187696  0.3183816  0.3051478  0.3505799  0.3478496  0.3867415  0.4644196  0.3917517  0.4469632
 0.3487996  0.2395762  0.2094439  0.2372000  0.2192171  0.3293921  0.3201229  0.6534977  0.7962032  0.9477271  1.5539191  0.5193637  0.4209847  0.1810905  0.1744062  0.4053346  0.4345055  0.5309319  0.6384060  0.2586020  0.2502586  0.4919771  0.5936625  0.8638287  2.1231552  0.8770631  0.2141892
 0.3394349  0.3884093  0.3799565  0.4281892  0.4524121  0.4287967  0.5004473  0.3054400  0.2553301  0.2679510  0.2601048  0.2323445  0.2450841  0.2973046  0.3126427  0.3525165  0.3957571  0.3298455  0.3364781  0.1722315  0.1786456  0.2598818  0.2219193  0.4155270  0.5097533  0.2179615  0.1900577
 0.3824709  0.3519877  0.3345610  0.2240156  0.2321782  0.2207277  0.2278321  0.2709132  0.2794750  0.3045890  0.3347244  0.2368328  0.1867796  0.1280299  0.1290817  0.4080996  0.4449123  0.4070557  0.4042745  0.1601302  0.1436681  0.2414937  0.2284887  0.3311373  0.3616204  0.3054377  0.3347470
 0.3701290  0.1295673  0.1288307  0.1111113  0.1137434  0.2187538  0.2339972  0.4154886  0.4029905  0.2773835  0.2620933  0.4487427  0.5223126  0.4026392  0.5037802  0.3498742  0.2723186  0.2988245  0.2548162  0.7376909  0.9153094  0.7722323  1.2078757  0.3097121  0.2973386  0.1964891  0.1657205
 0.3638768  0.3450606  0.3109853  0.5120655  0.5942756  0.4201263  0.4268599  0.1325171  0.1106774  0.2105788  0.1957692  0.3431527  0.3556190  0.3230645  0.3578795  0.2785975  0.3213740  0.1996826  0.2012485  0.2008217  0.2002484  0.1896673  0.2227485  0.2066698  0.1595426  0.1992243  0.1995078
 0.3850089  0.3949300  0.3730770  0.2997246  0.2528048  0.2575412  0.2712059  0.2683169  0.2876958  0.2550005  0.2522665  0.2382386  0.2633931  0.2527951  0.2150724  0.2483997  0.2134660  0.3196839  0.3325948  0.3646955  0.4303544  0.6845361  0.9251667  0.3278647  0.2889138  0.2249624  0.2223895
 0.3449682  0.1791839  0.1971999  0.1998587  0.1846399  0.2723632  0.2809725  0.2801989  0.2903886  0.3137783  0.3228090  0.3388615  0.2639827  0.3959520  0.3645292  0.3531753  0.3636063  0.4014564  0.4356948  0.2947116  0.2952426  0.4089287  0.4411600  0.3300009  0.3485388  0.4816444  0.5635161
 0.3868784  0.2418356  0.2334424  0.3253804  0.3216882  0.3855784  0.4308695  0.4411133  0.5127364  0.3308403  0.3130928  0.2060571  0.1682798  0.2618743  0.2521325  0.3878738  0.4624556  0.4773987  0.5148444  0.2799402  0.2466052  0.2780576  0.2815146  0.3690326  0.3036981  0.4055128  0.3774761
 0.4068006  0.2900597  0.2793028  0.1899611  0.1998248  0.2027330  0.1915409  0.1641129  0.1787755  0.2714035  0.3272624  0.4094206  0.4417117  0.4266000  0.4705986  0.2568654  0.2647497  0.3509288  0.2723261  0.2179577  0.2185056  0.3022123  0.3375409  0.6284795  0.8089954  0.3740327  0.2790735
 0.3868869  0.3158696  0.2816491  0.5171024  0.6256734  0.5829165  0.5042659  0.5823108  0.6311871  0.4788528  0.4493159  0.4089679  0.3700862  0.4535641  0.5212953  0.3883240  0.3416063  0.1912494  0.1775566  0.2081677  0.1927272  0.3732239  0.4695028  0.4055332  0.5109696  0.2791229  0.2736061
 0.4323681  0.3632366  0.3493202  0.3312548  0.3064137  0.2679457  0.2646219  0.2945920  0.3808899  0.5565564  0.4664358  0.1131483  0.1044209  0.2300791  0.2225668  0.2310377  0.2595098  0.3492105  0.4193551  0.4151195  0.4029556  0.2507861  0.2386766  0.2014836  0.1906170  0.2425531  0.2070023
 0.3936755  0.3035159  0.2801982  0.2189135  0.2215538  0.3756693  0.3624103  0.4775014  0.4894769  0.4700953  0.4151997  0.3422906  0.3490401  0.4357406  0.5115771  0.3341859  0.2787147  0.1903532  0.1831430  0.2637045  0.2937454  0.4542616  0.6506850  0.5523568  0.5686707  0.3506878  0.3176516
 0.3811711  0.3831748  0.3788464  0.2305775  0.2213511  0.2846754  0.2655202  0.2659836  0.2796548  0.2557702  0.2450321  0.2464781  0.2558759  0.2444190  0.1957760  0.3658116  0.4019300  0.5043949  0.5155129  0.4194969  0.4386184  0.6755756  0.9630556  0.4458391  0.4679031  0.2320883  0.1949532
 0.3180644  0.2579425  0.2477046  0.3275029  0.2893268  0.3032015  0.2958481  0.4085171  0.4532461  0.4759833  0.5479261  0.2698027  0.2526479  0.3901215  0.3455843  0.2531668  0.2104024  0.2702899  0.2817864  0.2599390  0.1935992  0.2112677  0.1985090  0.2859180  0.3244417  0.2398299  0.2047280
 0.3661831  0.3165158  0.2854690  0.7888570  1.2947131  0.8557719  0.4957388  0.3145308  0.2789286  0.2547117  0.2580861  0.1972084  0.1941275  0.3273765  0.3271777  0.2236383  0.2013543  0.2437755  0.2491762  0.1792320  0.1824393  0.2338683  0.2678230  0.1886701  0.1869483  0.1918837  0.1621800
 0.3672031  0.2824332  0.2643664  0.3507965  0.3379770  0.3184310  0.2923275  0.4062925  0.5415831  0.1672540  0.1403941  0.2000877  0.2037388  0.3101655  0.3042512  0.4959116  0.5889909  0.9020850  1.5320914  0.7398205  0.5486122  0.6808493  0.7436878  0.4255155  0.4515758  0.2741255  0.2377885
