FL 2019 2020 2021 2022 2023 2024 2025 2026 2027 2028 2029 2030 2031 2032 2033 2034 2035 2036 2037 2038 2039 2040 2041 2042 2043 2044 2045
 1  0.7288134  0.6829873  0.6668565  0.6656312  0.6862843  0.7175780  0.7037896  0.6953614  0.6852795  0.6804152  0.6805269  0.6788470  0.6824272  0.6763956  0.6723450  0.6812299  0.6817132  0.6616604  0.6573409  0.6801663  0.7030641  0.7083972  0.7059047  0.7066689  0.7127567  0.7028821  0.6830485
 2  0.5725724  0.5324563  0.5398545  0.5518322  0.5979498  0.6165701  0.6060463  0.5741510  0.5230769  0.4894110  0.4939297  0.5343268  0.5535752  0.5447868  0.5312597  0.5455595  0.5570094  0.5374638  0.5322749  0.5672356  0.5952311  0.6020313  0.5894373  0.5833528  0.5837383  0.5751606  0.5421903
 3  0.7521145  0.7094340  0.6927739  0.6888804  0.7027599  0.7411937  0.7275875  0.7149495  0.7019665  0.6954356  0.6949366  0.6955630  0.7016000  0.6956430  0.6893507  0.6975596  0.7012453  0.6825945  0.6746926  0.6964493  0.7232808  0.7295120  0.7262633  0.7243163  0.7321291  0.7231496  0.7019278
 4  0.4566311  0.4437178  0.4685098  0.4697922  0.5370543  0.5542839  0.5071010  0.4345601  0.3794073  0.3707886  0.4173875  0.4705876  0.4731160  0.4374895  0.4313087  0.4751907  0.4838390  0.4358764  0.4439570  0.5093866  0.5299786  0.5183557  0.4843841  0.4931975  0.5062260  0.4763837  0.4246253
 1  0.7290193  0.6838820  0.6652459  0.6632479  0.6651317  0.6759866  0.6934685  0.6940638  0.6904926  0.6958901  0.6923004  0.6883299  0.6957282  0.6970446  0.7024395  0.7027756  0.7050720  0.7190512  0.7094503  0.7035903  0.6745300  0.6388657  0.6359412  0.5974406  0.6082187  0.6402791  0.6717768
 2  0.5731135  0.5329778  0.5383796  0.5513670  0.5515032  0.5623312  0.5757797  0.5745691  0.5677343  0.5687958  0.5622052  0.5525696  0.5522080  0.5523072  0.5556758  0.5554225  0.5765994  0.5959570  0.5931922  0.5708070  0.5228357  0.5048559  0.5186614  0.4941348  0.5048637  0.5390368  0.5675446
 3  0.7523618  0.7102255  0.6910486  0.6863119  0.6856316  0.6934286  0.7123337  0.7141044  0.7087511  0.7145430  0.7117579  0.7060044  0.7132292  0.7142724  0.7193116  0.7206725  0.7211696  0.7393970  0.7309430  0.7221076  0.6919957  0.6559179  0.6543286  0.6187470  0.6253473  0.6564532  0.6903533
 4  0.4573780  0.4432885  0.4670289  0.4722917  0.4594362  0.4848146  0.5032212  0.4830524  0.4774300  0.4868853  0.4654535  0.4562620  0.4575143  0.4572379  0.4670065  0.4559739  0.5050431  0.5286648  0.4942132  0.4449716  0.4143501  0.4357769  0.4537109  0.4125883  0.4317248  0.4808877  0.4992023
 1  0.7283085  0.6841639  0.6642681  0.6666939  0.6828398  0.6860735  0.6712066  0.6707245  0.6777473  0.6741309  0.6723239  0.6748180  0.6865050  0.6891161  0.6877048  0.6972797  0.6909190  0.6926445  0.6881463  0.6874323  0.6829803  0.6768131  0.6676469  0.6713036  0.6956155  0.6996279  0.6920660
 2  0.5726575  0.5332084  0.5376305  0.5650600  0.5795514  0.5750408  0.5463053  0.5443003  0.5556834  0.5508445  0.5397509  0.5390802  0.5592024  0.5667545  0.5686362  0.5684324  0.5634786  0.5632703  0.5637286  0.5621169  0.5499713  0.5325568  0.5259350  0.5648347  0.5962754  0.5996851  0.5794858
 3  0.7516802  0.7103537  0.6900374  0.6885265  0.7041814  0.7067425  0.6895581  0.6880150  0.6967169  0.6936350  0.6907806  0.6914425  0.7037986  0.7091697  0.7064328  0.7157035  0.7095254  0.7111847  0.7071769  0.7064943  0.7020711  0.6944716  0.6840035  0.6880702  0.7163834  0.7221195  0.7130188
 4  0.4573648  0.4429854  0.4667286  0.4985742  0.5040500  0.4740999  0.4458095  0.4706991  0.4800164  0.4596772  0.4356102  0.4545414  0.4921050  0.4850893  0.4782936  0.4788385  0.4766499  0.4803943  0.4802441  0.4748741  0.4483418  0.4236606  0.4485269  0.5115816  0.5342873  0.5169148  0.4645969
 1  0.7292546  0.6839832  0.6676100  0.6678604  0.6725403  0.6799043  0.6848244  0.6958399  0.7054387  0.7174752  0.7157124  0.7139418  0.7185984  0.7154123  0.7142521  0.7144064  0.7133810  0.7157093  0.7043155  0.6985770  0.6972028  0.7034654  0.6894559  0.6766767  0.6681942  0.6661344  0.6720146
 2  0.5718989  0.5325022  0.5396758  0.5558332  0.5605110  0.5570052  0.5536777  0.5585014  0.5807469  0.5980101  0.5974047  0.5880724  0.5762776  0.5634990  0.5468407  0.5379396  0.5425256  0.5499792  0.5518791  0.5515281  0.5688562  0.5818374  0.5679653  0.5372319  0.5078386  0.5086117  0.5244635
 3  0.7524902  0.7105481  0.6934685  0.6906000  0.6928513  0.6989236  0.7021635  0.7131712  0.7227831  0.7373708  0.7366713  0.7322417  0.7364275  0.7331066  0.7302594  0.7300182  0.7288061  0.7323115  0.7218131  0.7160850  0.7147141  0.7235294  0.7104483  0.6952782  0.6846902  0.6820076  0.6889268
 4  0.4556608  0.4436466  0.4671819  0.4774558  0.4740703  0.4595847  0.4617292  0.4745173  0.5089306  0.5260613  0.5015793  0.4813028  0.4762070  0.4500527  0.4282679  0.4243815  0.4485467  0.4588633  0.4558856  0.4619345  0.4973000  0.5075231  0.4652293  0.4112384  0.3986212  0.4284834  0.4474163
 1  0.7307392  0.6864747  0.6685256  0.6687277  0.6824543  0.7002408  0.6940869  0.6961232  0.6757984  0.6669872  0.6274530  0.5452894  0.6064195  0.6788065  0.6845681  0.6913582  0.6758306  0.6634696  0.6647191  0.6909790  0.6848734  0.6787489  0.6649905  0.6524189  0.6346618  0.6232486  0.6714151
 2  0.5709265  0.5324007  0.5394834  0.5585973  0.5811456  0.5917315  0.5845387  0.5742887  0.5570408  0.5503172  0.5119255  0.4405597  0.5400714  0.5898171  0.5960154  0.5830946  0.5445144  0.5091415  0.5407593  0.5831266  0.5825784  0.5591005  0.5239360  0.5042239  0.4947272  0.5337584  0.5835071
 3  0.7534590  0.7126204  0.6943044  0.6913100  0.7019112  0.7209815  0.7143577  0.7155625  0.6950435  0.6868242  0.6496614  0.5632159  0.6151301  0.6997357  0.7069380  0.7114861  0.6949115  0.6807698  0.6786307  0.7116719  0.7075619  0.6980587  0.6824808  0.6699732  0.6517075  0.6382015  0.6902504
 4  0.4540021  0.4430379  0.4676554  0.4835056  0.5103593  0.5138567  0.4954839  0.4815158  0.4752773  0.4753274  0.4137500  0.3679887  0.5054934  0.5364133  0.5110083  0.4764811  0.4292864  0.3966633  0.4891831  0.5272886  0.4886428  0.4393755  0.4212238  0.4113788  0.4186654  0.4893319  0.5270227
 1  0.7296156  0.6865135  0.6659418  0.6643638  0.6705801  0.6771778  0.6739874  0.6828057  0.6986540  0.7009923  0.6902805  0.6823403  0.6879523  0.6986815  0.6984107  0.6937631  0.6826206  0.6740271  0.6822440  0.6905313  0.6967232  0.7100817  0.7117415  0.7022143  0.6868383  0.6890505  0.6983707
 2  0.5721350  0.5333712  0.5381076  0.5559183  0.5634131  0.5590620  0.5440337  0.5567557  0.5838846  0.5895120  0.5701392  0.5369568  0.5242000  0.5387418  0.5549937  0.5575005  0.5401572  0.5197913  0.5311247  0.5494324  0.5695757  0.5924288  0.5962606  0.5802721  0.5513610  0.5612129  0.5753146
 3  0.7525046  0.7124216  0.6916884  0.6871083  0.6912282  0.6968563  0.6918773  0.6991366  0.7176778  0.7223489  0.7108896  0.7001020  0.7031971  0.7145828  0.7160041  0.7125501  0.7013234  0.6907596  0.6979907  0.7081411  0.7142179  0.7286585  0.7331034  0.7225904  0.7042617  0.7064423  0.7180807
 4  0.4555682  0.4427927  0.4674426  0.4821859  0.4816515  0.4607295  0.4449480  0.4880006  0.5196356  0.5079521  0.4555999  0.4051544  0.4261042  0.4616053  0.4759236  0.4648739  0.4267364  0.4137767  0.4540504  0.4717043  0.4924811  0.5222740  0.5148193  0.4659252  0.4505663  0.4936266  0.4980433
 1  0.7282820  0.6802620  0.6597594  0.6615145  0.6763392  0.6802005  0.6840732  0.6930214  0.6986152  0.7011340  0.6989322  0.7036303  0.7152560  0.7111036  0.7073804  0.7072246  0.7007466  0.6903979  0.6946002  0.7159983  0.7098568  0.7077455  0.7063427  0.7049350  0.6955460  0.6890298  0.6858027
 2  0.5697585  0.5310939  0.5372487  0.5604414  0.5709946  0.5624711  0.5407032  0.5237326  0.5204153  0.5222432  0.5286006  0.5630032  0.5941751  0.5997730  0.5883861  0.5680539  0.5409245  0.5201455  0.5698903  0.6063783  0.6113128  0.6008623  0.5848249  0.5683478  0.5402312  0.5172494  0.5014829
 3  0.7517544  0.7072754  0.6860311  0.6838880  0.6975234  0.7001716  0.7012275  0.7083647  0.7138208  0.7167319  0.7146701  0.7191278  0.7350671  0.7328106  0.7275993  0.7248838  0.7174090  0.7072552  0.7088142  0.7380657  0.7331791  0.7283582  0.7257273  0.7237679  0.7129701  0.7052348  0.7014106
 4  0.4555172  0.4446611  0.4677942  0.4913146  0.4891679  0.4532024  0.4154794  0.4098502  0.4198911  0.4200966  0.4291371  0.4984493  0.5304450  0.5162971  0.4778220  0.4462696  0.4308959  0.4130859  0.5150449  0.5491408  0.5279426  0.5018517  0.4877481  0.4605774  0.4207729  0.3970390  0.3857283
 1  0.7315684  0.6872715  0.6715697  0.6698343  0.6733948  0.6831450  0.6977449  0.7157719  0.7034077  0.6978382  0.6917627  0.6866330  0.6721397  0.6568167  0.6586337  0.6591183  0.6876663  0.7171123  0.6990965  0.6865771  0.6628649  0.6258150  0.5986478  0.5839523  0.6352452  0.6670923  0.6950885
 2  0.5697771  0.5318252  0.5418924  0.5539696  0.5522230  0.5445333  0.5656282  0.5908924  0.5944561  0.5898617  0.5797065  0.5600371  0.5249977  0.4979965  0.4979408  0.5137931  0.5883890  0.6153552  0.6027319  0.5747512  0.5359298  0.5008349  0.4730341  0.4925862  0.5437919  0.5764316  0.5997011
 3  0.7537993  0.7131676  0.6973957  0.6931837  0.6936967  0.7004429  0.7129992  0.7351108  0.7246172  0.7191367  0.7128391  0.7060200  0.6902279  0.6736771  0.6746837  0.6755702  0.7017078  0.7406924  0.7234962  0.7065327  0.6812698  0.6462372  0.6167995  0.5984036  0.6521609  0.6851386  0.7147755
 4  0.4515532  0.4434329  0.4709840  0.4701915  0.4464838  0.4348322  0.4973857  0.5254865  0.5178199  0.5099485  0.4865902  0.4510019  0.4098863  0.3953053  0.4110569  0.4385127  0.5366518  0.5558631  0.5069170  0.4596210  0.4484783  0.4109038  0.3887252  0.4469712  0.4878025  0.5125385  0.5324739
 1  0.7286303  0.6828830  0.6623055  0.6596492  0.6573763  0.6691428  0.6777122  0.6864887  0.7075223  0.7147007  0.7093342  0.7039766  0.6968471  0.6943321  0.6903131  0.6806868  0.6810227  0.6853926  0.7009966  0.6988299  0.7030578  0.7093614  0.7081729  0.7186355  0.7322049  0.7191358  0.7086519
 2  0.5686480  0.5316152  0.5375590  0.5488935  0.5492792  0.5555453  0.5608930  0.5765784  0.5995010  0.6076327  0.5956676  0.5714105  0.5384404  0.5201104  0.5096374  0.4960429  0.4956036  0.5279783  0.5609389  0.5703894  0.5750877  0.5783171  0.5722110  0.6046142  0.6227922  0.6194371  0.5936369
 3  0.7517398  0.7093301  0.6883081  0.6830382  0.6775821  0.6875908  0.6965262  0.7044186  0.7272338  0.7362374  0.7304087  0.7227839  0.7134820  0.7102479  0.7064791  0.6964618  0.6960549  0.6999997  0.7188177  0.7178400  0.7207190  0.7281233  0.7270004  0.7344091  0.7561761  0.7432440  0.7291560
 4  0.4547156  0.4436557  0.4677305  0.4686890  0.4644255  0.4764397  0.4810272  0.5067883  0.5319448  0.5288656  0.4945841  0.4458143  0.4164233  0.4146220  0.3978508  0.3796087  0.3895042  0.4628471  0.4910666  0.4784681  0.4874384  0.4927856  0.4674087  0.5396697  0.5616329  0.5290296  0.4623042
 1  0.7290541  0.6817587  0.6623817  0.6691770  0.6904361  0.6879825  0.6842587  0.6884484  0.6967706  0.6976666  0.6995156  0.6976630  0.6932011  0.6944252  0.7089363  0.7098863  0.7093307  0.7035030  0.6897355  0.6797181  0.6734594  0.6748311  0.6722733  0.6495671  0.6645836  0.6880505  0.6869851
 2  0.5720311  0.5322537  0.5387195  0.5745629  0.5896127  0.5801500  0.5450593  0.5175636  0.5199603  0.5365077  0.5603785  0.5662979  0.5565048  0.5609981  0.5838689  0.5977843  0.5982736  0.5870301  0.5549197  0.5154511  0.4889750  0.5001905  0.5291286  0.5334783  0.5661388  0.5845274  0.5782508
 3  0.7524456  0.7084427  0.6885239  0.6903885  0.7128010  0.7094787  0.7020612  0.7033620  0.7119129  0.7138118  0.7169968  0.7168215  0.7119301  0.7106579  0.7276318  0.7303271  0.7304653  0.7243016  0.7089107  0.6968293  0.6887456  0.6894842  0.6895857  0.6692589  0.6821027  0.7087700  0.7082786
 4  0.4569095  0.4447763  0.4693155  0.5123237  0.5165526  0.4686773  0.4005552  0.4028951  0.4319834  0.4584154  0.4832407  0.4785604  0.4479313  0.4812553  0.5172863  0.5239583  0.5164772  0.4865422  0.4329278  0.3817637  0.3738224  0.4251462  0.4613762  0.4620011  0.5036332  0.5155523  0.4782780
 1  0.7304056  0.6862663  0.6695867  0.6691877  0.6769263  0.6887032  0.6944100  0.7047132  0.6978205  0.6920368  0.6950398  0.6973760  0.7110750  0.7051968  0.6923356  0.6883781  0.6829250  0.6782030  0.6819933  0.6729592  0.6737939  0.6753589  0.6799966  0.6837170  0.6780397  0.6753092  0.6759932
 2  0.5719358  0.5325228  0.5395019  0.5561293  0.5663098  0.5695428  0.5724767  0.5742956  0.5586287  0.5380869  0.5356388  0.5677789  0.5944179  0.5977187  0.5808038  0.5667860  0.5508524  0.5400080  0.5439469  0.5378029  0.5295399  0.5257608  0.5371983  0.5471887  0.5439408  0.5344552  0.5416159
 3  0.7532408  0.7124399  0.6952836  0.6918534  0.6969504  0.7078275  0.7122690  0.7234254  0.7168753  0.7084926  0.7112689  0.7137413  0.7313997  0.7271735  0.7126287  0.7078784  0.7021389  0.6953692  0.6997020  0.6917799  0.6912785  0.6920491  0.6963426  0.7019912  0.6968632  0.6926118  0.6928931
 4  0.4545313  0.4425846  0.4667235  0.4782020  0.4836516  0.4791984  0.4879842  0.4871781  0.4428514  0.4253943  0.4464836  0.5048086  0.5304575  0.5124519  0.4875541  0.4757319  0.4477786  0.4494527  0.4621832  0.4438844  0.4261268  0.4298716  0.4603346  0.4673802  0.4443830  0.4369971  0.4663573
 1  0.7281665  0.6811525  0.6625444  0.6647464  0.6770488  0.6819770  0.6787198  0.6790949  0.6790042  0.6851905  0.6868480  0.7052783  0.7071380  0.7111200  0.6979729  0.6915869  0.6786691  0.6653202  0.6761961  0.6692439  0.6864078  0.6887767  0.6867171  0.6955768  0.7060460  0.6936000  0.6859498
 2  0.5709774  0.5315600  0.5388696  0.5619405  0.5717492  0.5661414  0.5422697  0.5212636  0.5272087  0.5476120  0.5794086  0.6011031  0.6101205  0.6059169  0.5815556  0.5510733  0.5131635  0.5088884  0.5386935  0.5605761  0.5786973  0.5792042  0.5680749  0.5818792  0.5934103  0.5859445  0.5676483
 3  0.7515019  0.7078046  0.6886864  0.6872362  0.6981635  0.7019138  0.6966261  0.6956267  0.6945516  0.7031289  0.7045854  0.7263852  0.7291462  0.7331619  0.7187661  0.7096629  0.6956211  0.6807206  0.6933661  0.6881479  0.7061879  0.7095179  0.7058385  0.7127015  0.7275605  0.7151400  0.7056178
 4  0.4557197  0.4444463  0.4695041  0.4917934  0.4906760  0.4632754  0.4279086  0.4111932  0.4508373  0.4771458  0.5147561  0.5373437  0.5353995  0.5185630  0.4703775  0.4281596  0.3946036  0.4329883  0.4745305  0.4936112  0.5074172  0.4909137  0.4718608  0.5133691  0.5243871  0.4947598  0.4721691
 1  0.7281973  0.6813801  0.6639692  0.6612361  0.6690894  0.6974153  0.6994476  0.6996207  0.7022779  0.7072101  0.7090516  0.7127451  0.7032972  0.6914292  0.6745295  0.6681960  0.6782438  0.6890290  0.7108036  0.7034385  0.6949614  0.6958906  0.6956025  0.6955879  0.6907412  0.6951409  0.7062484
 2  0.5743464  0.5328744  0.5404477  0.5488699  0.5699226  0.5881647  0.5877607  0.5695966  0.5423080  0.5119072  0.4983957  0.5302950  0.5545559  0.5585399  0.5481971  0.5443050  0.5484735  0.5773040  0.5998979  0.5971277  0.5739432  0.5493451  0.5337925  0.5355339  0.5604092  0.5988130  0.6084215
 3  0.7516029  0.7076443  0.6899590  0.6851037  0.6875545  0.7171998  0.7202577  0.7183573  0.7188043  0.7217509  0.7220975  0.7276823  0.7210863  0.7109015  0.6940118  0.6863287  0.6969323  0.7051194  0.7316414  0.7260915  0.7146949  0.7129384  0.7119978  0.7116927  0.7081158  0.7141202  0.7307074
 4  0.4584144  0.4447439  0.4719007  0.4650234  0.4969729  0.5180352  0.4952121  0.4482711  0.4011045  0.3596655  0.3969805  0.4553005  0.4787221  0.4732086  0.4561874  0.4642831  0.4595167  0.5108819  0.5370443  0.5057001  0.4527154  0.4318746  0.4312464  0.4517836  0.4956891  0.5415442  0.5418346
 1  0.7281184  0.6807090  0.6613423  0.6594006  0.6584035  0.6698666  0.6853839  0.6841906  0.6610156  0.6344899  0.6543848  0.6782717  0.6801179  0.6740328  0.6613624  0.6543455  0.6759809  0.6911133  0.6939316  0.7098969  0.7053378  0.6985951  0.6839451  0.6700034  0.6744657  0.6768204  0.6785979
 2  0.5729084  0.5323670  0.5385466  0.5512765  0.5505494  0.5643138  0.5797832  0.5792133  0.5491709  0.5235528  0.5546062  0.5813750  0.5817715  0.5647824  0.5328101  0.5208365  0.5586474  0.5784586  0.5915392  0.5988221  0.5898098  0.5626806  0.5121930  0.4784007  0.4954048  0.5318399  0.5451147
 3  0.7517145  0.7074706  0.6875383  0.6828045  0.6790244  0.6875427  0.7050856  0.7055647  0.6821506  0.6533245  0.6707818  0.6984912  0.7021332  0.6948686  0.6804523  0.6709803  0.6921424  0.7117640  0.7131738  0.7302245  0.7266439  0.7173617  0.7003968  0.6850125  0.6887711  0.6938648  0.6973795
 4  0.4576816  0.4449541  0.4694578  0.4733822  0.4637793  0.4931370  0.5138116  0.4981654  0.4540634  0.4432772  0.4982764  0.5199142  0.5015467  0.4641349  0.4230158  0.4400981  0.5017236  0.5073098  0.5128479  0.5229529  0.4913262  0.4287647  0.3677712  0.3653859  0.4253558  0.4644683  0.4550218
 1  0.7289669  0.6802509  0.6622902  0.6648598  0.6823234  0.6950940  0.6910457  0.6908513  0.6893252  0.6902717  0.6985711  0.7139161  0.7222978  0.7130381  0.7002860  0.6975086  0.6976033  0.7022919  0.7002098  0.6978542  0.6946712  0.6851492  0.6813015  0.6827460  0.6938093  0.7034892  0.7088004
 2  0.5742236  0.5321444  0.5404228  0.5651224  0.5857495  0.5899165  0.5720067  0.5390379  0.4981155  0.4764867  0.5283870  0.6013088  0.6192261  0.6120550  0.5725160  0.5264328  0.4959576  0.5015084  0.5363135  0.5654297  0.5761559  0.5674869  0.5524870  0.5442147  0.5550936  0.5755771  0.5883363
 3  0.7523603  0.7067756  0.6885137  0.6874404  0.7028970  0.7163885  0.7110848  0.7079784  0.7044574  0.7037387  0.7119175  0.7322585  0.7463555  0.7357857  0.7191807  0.7135121  0.7118453  0.7161913  0.7160082  0.7158924  0.7148840  0.7057141  0.7002055  0.6999046  0.7107014  0.7212260  0.7283862
 4  0.4578898  0.4455059  0.4729375  0.4970886  0.5155584  0.5050918  0.4556832  0.3961672  0.3479895  0.3608986  0.4758912  0.5478853  0.5515455  0.5042824  0.4285485  0.3775225  0.3737688  0.4133376  0.4637797  0.4967064  0.4992041  0.4739360  0.4473400  0.4508159  0.4760309  0.5030439  0.5114496
 1  0.7287269  0.6813673  0.6633393  0.6613349  0.6656644  0.6846851  0.6894207  0.6902730  0.6842704  0.6746593  0.6823898  0.6838364  0.6737421  0.6698433  0.6715518  0.6714514  0.6947233  0.7146011  0.7044360  0.6972947  0.6916582  0.6902737  0.6883045  0.6882436  0.6837627  0.6815619  0.6767372
 2  0.5719461  0.5319569  0.5396650  0.5498955  0.5566445  0.5684371  0.5728685  0.5747501  0.5673926  0.5636222  0.5747087  0.5751688  0.5572131  0.5386099  0.5349465  0.5453186  0.5946547  0.6134859  0.6057648  0.5768789  0.5282419  0.4816745  0.4800780  0.5376889  0.5728968  0.5797611  0.5827308
 3  0.7520538  0.7080049  0.6895080  0.6850120  0.6854547  0.7027658  0.7086885  0.7096464  0.7043878  0.6939647  0.7015763  0.7051962  0.6942502  0.6876208  0.6889159  0.6889268  0.7112891  0.7381254  0.7279467  0.7171233  0.7083663  0.7044762  0.7011466  0.7045776  0.7031034  0.7032975  0.6973632
 4  0.4562514  0.4449012  0.4705314  0.4674517  0.4699122  0.4899845  0.4952228  0.4943309  0.4838218  0.4855292  0.5066625  0.4946805  0.4524051  0.4394881  0.4513249  0.4735148  0.5377277  0.5499634  0.5089463  0.4403376  0.3685264  0.3316942  0.4042047  0.4818601  0.5102823  0.5092583  0.5077465
 1  0.7276935  0.6812072  0.6610250  0.6614606  0.6752002  0.6895379  0.6895281  0.6871924  0.6914305  0.6998910  0.7056056  0.7051065  0.7037820  0.7115910  0.7198115  0.7054460  0.6846051  0.6759073  0.6880206  0.6887505  0.6715855  0.6511579  0.6352035  0.6119394  0.6324928  0.6782783  0.6869951
 2  0.5721492  0.5322268  0.5376663  0.5571851  0.5736605  0.5810282  0.5703133  0.5507072  0.5417480  0.5517607  0.5634810  0.5651727  0.5639283  0.5912770  0.6054492  0.5939811  0.5461781  0.5132031  0.5437922  0.5641744  0.5515586  0.5179808  0.4946575  0.4824701  0.5334632  0.5785777  0.5864537
 3  0.7511928  0.7077284  0.6870444  0.6841928  0.6954408  0.7094599  0.7092945  0.7053779  0.7078063  0.7164001  0.7234495  0.7231596  0.7211252  0.7286139  0.7421133  0.7277601  0.7034675  0.6909811  0.7036010  0.7086284  0.6926291  0.6699725  0.6520833  0.6300513  0.6467134  0.6971500  0.7088452
 4  0.4573467  0.4439921  0.4684181  0.4853082  0.4983501  0.4983658  0.4716274  0.4381229  0.4430673  0.4716693  0.4787919  0.4671607  0.4708201  0.5266863  0.5374136  0.4849406  0.3936875  0.4115582  0.4859110  0.4944748  0.4490323  0.4060101  0.4086570  0.4065955  0.4822400  0.5224246  0.5013501
 1  0.7285885  0.6861851  0.6688012  0.6715732  0.6864744  0.6903479  0.6966999  0.6967494  0.6775150  0.6601193  0.6658787  0.6882625  0.6843992  0.6855325  0.6924068  0.6870287  0.6925560  0.6931423  0.6907148  0.7011973  0.7127570  0.7036424  0.6997571  0.6985561  0.6940216  0.6972567  0.7126635
 2  0.5713707  0.5332933  0.5384276  0.5664344  0.5799760  0.5830010  0.5782671  0.5661830  0.5279219  0.4885041  0.5273785  0.5701451  0.5750123  0.5724680  0.5728193  0.5720325  0.5738785  0.5690218  0.5563698  0.5744370  0.5939106  0.5904299  0.5726857  0.5449016  0.5052453  0.5234199  0.5718140
 3  0.7516385  0.7121700  0.6943050  0.6931227  0.7078026  0.7102959  0.7156560  0.7160840  0.6958947  0.6762973  0.6797089  0.7076671  0.7058085  0.7037351  0.7116434  0.7068088  0.7117233  0.7128914  0.7087746  0.7172431  0.7334227  0.7251156  0.7190051  0.7158562  0.7093790  0.7101593  0.7307106
 4  0.4556943  0.4418778  0.4649254  0.4989445  0.5033015  0.4942134  0.4904761  0.4628106  0.3994240  0.3732024  0.4743977  0.5127954  0.4834713  0.4838253  0.4958394  0.4906158  0.4920242  0.4722755  0.4513238  0.5062377  0.5267750  0.4972854  0.4554407  0.4088642  0.3577215  0.4600305  0.5132576
 1  0.7287496  0.6821007  0.6631004  0.6607959  0.6422198  0.6349795  0.6655848  0.6750125  0.6732224  0.6697683  0.6796975  0.6977582  0.6940866  0.6929337  0.6978044  0.7009310  0.7036273  0.6999990  0.7010550  0.7060021  0.7102415  0.7068103  0.7007164  0.7043140  0.7130629  0.7123433  0.7142178
 2  0.5722266  0.5321358  0.5378558  0.5464010  0.5211753  0.5161356  0.5481151  0.5624261  0.5575865  0.5480215  0.5648499  0.5796475  0.5736366  0.5563315  0.5540886  0.5680181  0.5742165  0.5691805  0.5598108  0.5602771  0.5621133  0.5489552  0.5254474  0.5363251  0.5652454  0.5845547  0.5929470
 3  0.7522206  0.7088684  0.6891319  0.6842822  0.6634842  0.6513483  0.6824373  0.6945779  0.6925288  0.6887672  0.6967172  0.7175042  0.7146227  0.7101993  0.7142608  0.7191446  0.7229121  0.7189063  0.7184685  0.7228853  0.7280449  0.7241649  0.7161044  0.7188649  0.7304587  0.7310990  0.7339636
 4  0.4567510  0.4439026  0.4667841  0.4613991  0.4126745  0.4407589  0.4874616  0.4856877  0.4695189  0.4579217  0.4944844  0.5079883  0.4671347  0.4420247  0.4717897  0.4942992  0.4882846  0.4654592  0.4566006  0.4721056  0.4664955  0.4223007  0.3969021  0.4594496  0.4953961  0.5071812  0.5103260
 1  0.7314508  0.6876579  0.6687216  0.6715207  0.6889443  0.6968912  0.6880508  0.6836613  0.6793328  0.6938008  0.7143866  0.7080667  0.7002026  0.7009234  0.7061442  0.7058294  0.6754359  0.6466968  0.6207418  0.5869815  0.6543749  0.6521644  0.6362588  0.6169033  0.6286290  0.6518306  0.6697718
 2  0.5718119  0.5326729  0.5401961  0.5700381  0.5911516  0.5933778  0.5692589  0.5293386  0.5015651  0.5624804  0.5995782  0.6015197  0.5753622  0.5525195  0.5601014  0.5700956  0.5494864  0.5229600  0.5078913  0.5291952  0.5719309  0.5669446  0.5344688  0.5053593  0.5193109  0.5411107  0.5717752
 3  0.7538355  0.7134097  0.6945489  0.6934016  0.7099593  0.7187525  0.7084667  0.7008682  0.6939524  0.7079801  0.7356214  0.7302119  0.7194389  0.7171606  0.7225807  0.7251205  0.6959015  0.6655492  0.6396120  0.5998216  0.6752358  0.6750668  0.6565842  0.6361768  0.6447519  0.6699487  0.6873318
 4  0.4534029  0.4431864  0.4702869  0.5040568  0.5229892  0.5075957  0.4477932  0.3810104  0.3980923  0.5153353  0.5391393  0.5045281  0.4444991  0.4435064  0.4879200  0.4918357  0.4532339  0.4368567  0.4353905  0.4904203  0.5170447  0.4831804  0.4422888  0.4182949  0.4542276  0.4751279  0.5051584
 1  0.7320621  0.6910884  0.6732043  0.6704433  0.6739821  0.6851156  0.6930096  0.7074674  0.7113590  0.7167021  0.7138058  0.7112583  0.7096066  0.7049459  0.7002956  0.6955538  0.6800672  0.6557739  0.6448693  0.6639823  0.6722896  0.6904563  0.6890606  0.6931012  0.6931044  0.6992213  0.7071708
 2  0.5746545  0.5344151  0.5402624  0.5532309  0.5592694  0.5579643  0.5603750  0.5693821  0.5851668  0.5964516  0.5944680  0.5843773  0.5687232  0.5555308  0.5398967  0.5280833  0.5066299  0.4793839  0.5135457  0.5660347  0.5897942  0.5947377  0.5872138  0.5686959  0.5535600  0.5704727  0.5906330
 3  0.7544364  0.7164504  0.6986373  0.6934496  0.6939058  0.7037719  0.7100845  0.7246738  0.7294767  0.7367513  0.7344244  0.7299938  0.7275979  0.7226858  0.7171845  0.7120433  0.6967259  0.6724021  0.6589081  0.6837013  0.6928142  0.7128853  0.7108210  0.7115268  0.7101296  0.7165336  0.7269318
 4  0.4545522  0.4418585  0.4678775  0.4717378  0.4706355  0.4608614  0.4695686  0.4870292  0.5104895  0.5205223  0.5006626  0.4793579  0.4672918  0.4494266  0.4303699  0.4173959  0.3935619  0.3731127  0.4634978  0.5149450  0.5247774  0.5220778  0.4863622  0.4550779  0.4623082  0.5018020  0.5233972
 1  0.7287904  0.6836471  0.6655109  0.6648778  0.6746443  0.6907942  0.6964827  0.6984022  0.6938180  0.6966161  0.7021524  0.7121179  0.7065863  0.7037700  0.6931476  0.6869806  0.6835318  0.6775020  0.6854754  0.6870738  0.6899616  0.6987738  0.7026305  0.6980597  0.6960160  0.6966726  0.7048390
 2  0.5701777  0.5321565  0.5381552  0.5529300  0.5667608  0.5758939  0.5719856  0.5547037  0.5383649  0.5462587  0.5711533  0.5868485  0.5835761  0.5659962  0.5347960  0.5178495  0.5178480  0.5364139  0.5596079  0.5693987  0.5759420  0.5872967  0.5898413  0.5777405  0.5543979  0.5318624  0.5291116
 3  0.7520664  0.7102563  0.6913867  0.6876971  0.6942791  0.7099951  0.7157258  0.7160072  0.7096213  0.7136870  0.7195254  0.7314606  0.7265569  0.7222141  0.7102516  0.7029347  0.6997945  0.6943887  0.7037293  0.7065796  0.7087969  0.7181800  0.7235212  0.7182432  0.7141854  0.7125382  0.7199010
 4  0.4552733  0.4433234  0.4657671  0.4741229  0.4873647  0.4941626  0.4724090  0.4319400  0.4408491  0.4677968  0.4986658  0.5090053  0.4862476  0.4483980  0.4137040  0.4143133  0.4311156  0.4643342  0.4884183  0.4887795  0.4976141  0.5147725  0.5078185  0.4737292  0.4272287  0.4120067  0.4326922
 1  0.7295185  0.6836929  0.6657432  0.6708376  0.6868307  0.6868366  0.6500842  0.6592811  0.6423575  0.6136862  0.6247848  0.6296058  0.5958331  0.5717370  0.6462078  0.6874584  0.6667051  0.6492758  0.6555351  0.6657598  0.6739358  0.6812252  0.6914273  0.7000777  0.6948936  0.6870073  0.6824324
 2  0.5718653  0.5322704  0.5397983  0.5724301  0.5873363  0.5821079  0.5530895  0.5693218  0.5524722  0.5248767  0.5404210  0.5491777  0.5259579  0.5237724  0.5868618  0.6029145  0.5775146  0.5384833  0.5203447  0.5169679  0.5210441  0.5343841  0.5516808  0.5632095  0.5575324  0.5400976  0.5348726
 3  0.7524887  0.7099336  0.6916976  0.6923985  0.7087176  0.7085365  0.6678377  0.6796631  0.6666254  0.6331164  0.6418975  0.6504085  0.6158366  0.5875764  0.6625926  0.7116943  0.6912506  0.6696477  0.6728283  0.6823824  0.6902012  0.6976928  0.7082222  0.7178423  0.7134858  0.7050325  0.6986619
 4  0.4555759  0.4438953  0.4699269  0.5081201  0.5167329  0.4856774  0.4840109  0.5158962  0.4697021  0.4488358  0.4873543  0.4885368  0.4708237  0.4841989  0.5367863  0.5402786  0.4812466  0.4246318  0.4208134  0.4258902  0.4325225  0.4485888  0.4707686  0.4783009  0.4599888  0.4274178  0.4476657
 1  0.7274045  0.6821151  0.6637061  0.6620920  0.6639613  0.6716586  0.6926263  0.7003388  0.7015176  0.7015473  0.7014305  0.7005207  0.6988448  0.7025930  0.7000778  0.7132796  0.7095863  0.7185895  0.7224617  0.7132597  0.6937461  0.6803422  0.6736207  0.6712799  0.6747473  0.6852679  0.6894989
 2  0.5715916  0.5325075  0.5381562  0.5491139  0.5429101  0.5432779  0.5607146  0.5722910  0.5709169  0.5625119  0.5497237  0.5334891  0.5399590  0.5574672  0.5851952  0.6023729  0.6087286  0.6182459  0.6201753  0.6101239  0.5676774  0.5077498  0.4512125  0.4349450  0.4854412  0.5434568  0.5711791
 3  0.7509238  0.7085997  0.6895806  0.6853650  0.6846539  0.6883592  0.7094903  0.7191276  0.7201305  0.7193913  0.7187361  0.7168910  0.7141526  0.7206401  0.7178590  0.7346658  0.7311936  0.7391399  0.7461234  0.7363517  0.7139913  0.6971088  0.6875727  0.6843151  0.6881425  0.7019474  0.7085236
 4  0.4571408  0.4435036  0.4670932  0.4672191  0.4349845  0.4528601  0.4891282  0.4905803  0.4730484  0.4585336  0.4394444  0.4176988  0.4584970  0.4818259  0.5176069  0.5354741  0.5298785  0.5474578  0.5493205  0.5121704  0.4258752  0.3345261  0.3003414  0.3314234  0.4257201  0.4836435  0.4976142
 1  0.7295224  0.6865397  0.6682890  0.6701424  0.6826050  0.6882821  0.6871799  0.6842112  0.6643339  0.6450628  0.6676737  0.6883327  0.7028254  0.7041530  0.6981178  0.6964879  0.7066713  0.7010240  0.6893161  0.6830062  0.6812569  0.6879374  0.7134994  0.6961486  0.6727114  0.6627205  0.6689147
 2  0.5724896  0.5338179  0.5387528  0.5630238  0.5756252  0.5766404  0.5621744  0.5429835  0.5104724  0.5058421  0.5497100  0.5840239  0.5977314  0.5925208  0.5657230  0.5545390  0.5732738  0.5784503  0.5642437  0.5453994  0.5313228  0.5752446  0.6052111  0.5948813  0.5453590  0.4934312  0.4811981
 3  0.7526309  0.7126323  0.6939042  0.6921293  0.7035110  0.7081711  0.7060659  0.7024044  0.6817222  0.6612398  0.6842197  0.7070988  0.7238627  0.7247364  0.7170085  0.7125698  0.7244826  0.7217883  0.7091981  0.7008430  0.6987678  0.7022126  0.7361674  0.7201464  0.6926659  0.6786529  0.6834667
 4  0.4564538  0.4427864  0.4659240  0.4927448  0.4974701  0.4850918  0.4632441  0.4330940  0.4039777  0.4371890  0.4911130  0.5211106  0.5209498  0.4928638  0.4431512  0.4647026  0.5071817  0.4962761  0.4572901  0.4411468  0.4295364  0.5204143  0.5469830  0.4928589  0.3927053  0.3594982  0.3847676
 1  0.7309671  0.6879792  0.6694960  0.6681302  0.6749238  0.6794870  0.6766137  0.6856738  0.7009000  0.7020628  0.7062036  0.7064640  0.7157779  0.7112612  0.7024205  0.6997761  0.7012740  0.7015910  0.7027445  0.7022145  0.7028360  0.7025013  0.7068481  0.7010069  0.6955919  0.7025677  0.7036132
 2  0.5684563  0.5320879  0.5392957  0.5558103  0.5584189  0.5450424  0.5214676  0.5414230  0.5700130  0.5845147  0.5861948  0.5922508  0.5978213  0.5924160  0.5707842  0.5499715  0.5378441  0.5277076  0.5286257  0.5325610  0.5379220  0.5510504  0.5634248  0.5550282  0.5450361  0.5515010  0.5563953
 3  0.7533426  0.7138513  0.6951465  0.6908643  0.6955689  0.6980187  0.6926231  0.7008041  0.7194752  0.7212004  0.7259950  0.7252874  0.7361746  0.7319954  0.7212718  0.7169820  0.7178554  0.7172992  0.7183049  0.7181154  0.7190690  0.7188198  0.7248118  0.7195679  0.7117596  0.7194110  0.7215116
 4  0.4519946  0.4423668  0.4672563  0.4785317  0.4628165  0.4238468  0.4122672  0.4769835  0.5008611  0.5042659  0.4999184  0.5128258  0.5213163  0.4955077  0.4563117  0.4397678  0.4266098  0.4193309  0.4251453  0.4351072  0.4409732  0.4684967  0.4785533  0.4416996  0.4433173  0.4691625  0.4592001
 1  0.7317671  0.6897918  0.6720257  0.6711053  0.6787193  0.6890359  0.6936306  0.6974182  0.7022090  0.7064447  0.7069877  0.7165348  0.7114673  0.7036695  0.6995599  0.7024415  0.7109684  0.7083326  0.7013246  0.6975714  0.6985646  0.6976138  0.7032021  0.7049198  0.7118933  0.7173108  0.7151100
 2  0.5734793  0.5336857  0.5404225  0.5585572  0.5682562  0.5709293  0.5641911  0.5548267  0.5505562  0.5471746  0.5644926  0.5899405  0.5935545  0.5746860  0.5371679  0.5137701  0.5279327  0.5496257  0.5555699  0.5569102  0.5595699  0.5609270  0.5618325  0.5601358  0.5687139  0.5854830  0.5888325
 3  0.7541083  0.7153043  0.6975788  0.6937863  0.6990427  0.7081525  0.7119911  0.7148657  0.7189092  0.7231105  0.7228508  0.7358739  0.7328518  0.7231826  0.7162395  0.7164258  0.7255409  0.7255974  0.7191420  0.7151189  0.7166139  0.7155888  0.7211927  0.7219422  0.7285466  0.7356476  0.7352892
 4  0.4539986  0.4422516  0.4686086  0.4824822  0.4847410  0.4799497  0.4657813  0.4516693  0.4500427  0.4432360  0.4909720  0.5240069  0.5046443  0.4480273  0.3813163  0.3977206  0.4527985  0.4668104  0.4595379  0.4665960  0.4713002  0.4726781  0.4627074  0.4598160  0.4867752  0.5111272  0.5019245
 1  0.7288535  0.6823293  0.6644498  0.6682145  0.6884127  0.7020292  0.7021376  0.6942244  0.6865806  0.6855954  0.6952124  0.6956899  0.6931330  0.6932568  0.6897262  0.6844510  0.6836717  0.6900958  0.7007732  0.7044934  0.7115192  0.7065906  0.7066867  0.7121481  0.7044117  0.6971345  0.6845514
 2  0.5713388  0.5321053  0.5395412  0.5677538  0.5906407  0.6022007  0.5939729  0.5695854  0.5287574  0.5043797  0.5205373  0.5399668  0.5571093  0.5649224  0.5569762  0.5325596  0.5162043  0.5413875  0.5794319  0.6032684  0.6098105  0.6004970  0.5840600  0.5693194  0.5446825  0.5147757  0.4910291
 3  0.7520863  0.7088090  0.6904906  0.6902024  0.7091096  0.7230171  0.7235654  0.7142177  0.7037166  0.7001871  0.7102866  0.7125961  0.7105990  0.7122934  0.7091459  0.7018378  0.6991436  0.7053935  0.7192613  0.7252510  0.7342889  0.7282481  0.7253904  0.7299250  0.7217576  0.7128296  0.6996378
 4  0.4561338  0.4443320  0.4697363  0.5010036  0.5217790  0.5264333  0.5036543  0.4473161  0.3825864  0.3983216  0.4426529  0.4586981  0.4779161  0.4834906  0.4504160  0.4054298  0.4109674  0.4769018  0.5194486  0.5376229  0.5339219  0.5000711  0.4770340  0.4626824  0.4217720  0.3815707  0.3733397
 1  0.7275399  0.6836449  0.6660731  0.6643981  0.6653829  0.6760692  0.6783376  0.6848016  0.6985581  0.7006299  0.7031868  0.7031129  0.6939879  0.6871215  0.6916953  0.6953248  0.6924172  0.6938931  0.6989381  0.7034316  0.6921163  0.6847566  0.6813362  0.6704729  0.6702101  0.6856720  0.6973821
 2  0.5739787  0.5340538  0.5389780  0.5510292  0.5537279  0.5549196  0.5496863  0.5595031  0.5786792  0.5867688  0.5844329  0.5719719  0.5419021  0.5184079  0.5367635  0.5598330  0.5667871  0.5714834  0.5866875  0.5946358  0.5822246  0.5649576  0.5491253  0.5281072  0.5268952  0.5560946  0.5767089
 3  0.7511398  0.7097905  0.6917131  0.6874964  0.6855058  0.6946707  0.6965780  0.7016786  0.7173466  0.7208677  0.7229868  0.7219856  0.7116586  0.7029236  0.7071103  0.7138229  0.7117470  0.7119790  0.7176446  0.7249543  0.7137396  0.7037728  0.6998335  0.6892086  0.6862020  0.7025303  0.7166450
 4  0.4592037  0.4432500  0.4673258  0.4706245  0.4666275  0.4658234  0.4576849  0.4845170  0.5090305  0.5065310  0.4911784  0.4626775  0.4164054  0.4102721  0.4662476  0.4884091  0.4778622  0.4881826  0.5196088  0.5217909  0.4864590  0.4653420  0.4565883  0.4208189  0.4422726  0.4920172  0.5006008
 1  0.7283414  0.6853510  0.6651929  0.6617235  0.6619567  0.6697935  0.6686980  0.6733731  0.6918918  0.7024847  0.7140142  0.7102506  0.7021433  0.7015485  0.6965210  0.6878589  0.6893529  0.6960455  0.7004597  0.7011734  0.6954194  0.6949265  0.6836829  0.6633791  0.6714213  0.6959665  0.6981702
 2  0.5707404  0.5332294  0.5366171  0.5447306  0.5405463  0.5294870  0.5125382  0.5259038  0.5621986  0.5937592  0.6056226  0.5981175  0.5665234  0.5339552  0.5161132  0.5228665  0.5641140  0.5895167  0.5966686  0.5863886  0.5601550  0.5446235  0.5428037  0.5461160  0.5759225  0.6008287  0.6037605
 3  0.7516474  0.7116269  0.6908625  0.6849310  0.6821191  0.6873956  0.6851702  0.6885604  0.7090892  0.7213824  0.7355887  0.7315114  0.7205338  0.7173455  0.7120082  0.7039327  0.7063375  0.7169416  0.7222269  0.7212770  0.7136811  0.7116043  0.7011372  0.6831874  0.6895198  0.7168793  0.7211683
 4  0.4561331  0.4423514  0.4637236  0.4596525  0.4382330  0.4188201  0.4079176  0.4551891  0.4985614  0.5278784  0.5307764  0.4925263  0.4304841  0.4059885  0.4138116  0.4458365  0.5046645  0.5256870  0.5127571  0.4798813  0.4449322  0.4454613  0.4690084  0.4769385  0.5142480  0.5390141  0.5301093
 1  0.7279220  0.6803871  0.6626862  0.6608364  0.6620613  0.6763528  0.6955649  0.7053277  0.6884110  0.6708770  0.6505862  0.6491061  0.6628829  0.6773236  0.6927024  0.7078196  0.7092734  0.7131476  0.7003264  0.6906005  0.6838962  0.6828472  0.6823281  0.6736249  0.6742026  0.6820253  0.6928347
 2  0.5722626  0.5318336  0.5389718  0.5493866  0.5492131  0.5601292  0.5841591  0.5942250  0.5737520  0.5348126  0.4979692  0.5079003  0.5339000  0.5549748  0.5810135  0.5976240  0.6053051  0.6034750  0.5811059  0.5443382  0.5201871  0.5348950  0.5493485  0.5465497  0.5411519  0.5418749  0.5509773
 3  0.7514597  0.7070823  0.6887579  0.6843546  0.6823111  0.6937246  0.7137210  0.7263474  0.7098856  0.6901354  0.6669788  0.6652263  0.6802176  0.6946978  0.7104010  0.7282139  0.7299426  0.7349019  0.7213853  0.7082351  0.6994215  0.6995536  0.7008476  0.6931338  0.6923972  0.6988139  0.7100010
 4  0.4572140  0.4443800  0.4692094  0.4673797  0.4561231  0.4827317  0.5188981  0.5186471  0.4705937  0.4051127  0.3996999  0.4417256  0.4606050  0.4782782  0.5130874  0.5268548  0.5298071  0.5199547  0.4646140  0.4082814  0.4250618  0.4644423  0.4730591  0.4544118  0.4406805  0.4530778  0.4663041
 1  0.7299583  0.6871291  0.6659224  0.6636483  0.6727713  0.6826327  0.6883444  0.6962518  0.7014943  0.7150263  0.7119132  0.7102110  0.7141465  0.7110444  0.7105578  0.7123268  0.7087800  0.6997222  0.6947593  0.6972518  0.7000889  0.7006637  0.7118931  0.7090795  0.7037723  0.7036406  0.7140886
 2  0.5711477  0.5329857  0.5364778  0.5517464  0.5611942  0.5610494  0.5569274  0.5525669  0.5698605  0.5903261  0.5920452  0.5835730  0.5738658  0.5638323  0.5523932  0.5555136  0.5554477  0.5387741  0.5180500  0.5059895  0.5051359  0.5309266  0.5631452  0.5717534  0.5573368  0.5624981  0.5811599
 3  0.7529014  0.7133254  0.6916365  0.6863117  0.6929428  0.7015277  0.7059183  0.7136343  0.7177983  0.7345176  0.7327484  0.7283760  0.7320778  0.7290724  0.7270021  0.7287445  0.7263937  0.7173084  0.7105862  0.7116946  0.7149610  0.7151622  0.7290828  0.7278040  0.7214554  0.7195642  0.7330079
 4  0.4546550  0.4421283  0.4636913  0.4749871  0.4759934  0.4659737  0.4621564  0.4549048  0.4964633  0.5215490  0.4967080  0.4784735  0.4777852  0.4563070  0.4455007  0.4630378  0.4597020  0.4177319  0.3825622  0.3926901  0.3982927  0.4564283  0.4896901  0.4752818  0.4409896  0.4824594  0.5106243
 1  0.7300844  0.6847040  0.6525802  0.6453468  0.6449053  0.6563369  0.6582177  0.6615065  0.6876036  0.6840260  0.6846135  0.6927962  0.6993460  0.6991966  0.6922860  0.6828615  0.6789051  0.6951543  0.6979310  0.6894184  0.6676890  0.6627810  0.7054717  0.6943861  0.6776599  0.6689311  0.6713965
 2  0.5711411  0.5323297  0.5322139  0.5400774  0.5385964  0.5390731  0.5351873  0.5578149  0.5836908  0.5818802  0.5707916  0.5696689  0.5766138  0.5783559  0.5684612  0.5431005  0.5342836  0.5617370  0.5753052  0.5659652  0.5334713  0.5722423  0.6049961  0.5984056  0.5560814  0.4995410  0.4755402
 3  0.7530262  0.7111078  0.6788986  0.6692960  0.6657043  0.6743977  0.6763428  0.6780395  0.7079936  0.7059997  0.7040790  0.7106404  0.7181211  0.7190182  0.7121314  0.7018207  0.6948136  0.7118598  0.7181626  0.7091870  0.6864287  0.6761164  0.7282812  0.7183912  0.6978439  0.6852801  0.6852943
 4  0.4548105  0.4437284  0.4662034  0.4631247  0.4482142  0.4517276  0.4539930  0.4982864  0.5207774  0.4944902  0.4715571  0.4852836  0.5010668  0.4959170  0.4711570  0.4230797  0.4454605  0.4990711  0.4969839  0.4637479  0.4300141  0.5222895  0.5484650  0.5008028  0.4070497  0.3446930  0.3738524
