FL 2019 2020 2021 2022 2023 2024 2025 2026 2027 2028 2029 2030 2031 2032 2033 2034 2035 2036 2037 2038 2039 2040 2041 2042 2043 2044 2045
 1  0.7288134  0.6828411  0.6546595  0.6446341  0.6609318  0.7016357  0.6934173  0.6848596  0.6780240  0.6747075  0.6755643  0.6746832  0.6801377  0.6738542  0.6707890  0.6799397  0.6813232  0.6611560  0.6549794  0.6775928  0.7019649  0.7078848  0.7063747  0.7074262  0.7129507  0.7034073  0.6845989
 2  0.5725724  0.5257627  0.5094962  0.5045587  0.5615817  0.5972461  0.5924275  0.5615843  0.5148929  0.4831206  0.4882549  0.5297735  0.5505957  0.5415662  0.5288653  0.5432408  0.5554650  0.5356226  0.5297789  0.5661685  0.5950952  0.6022080  0.5903180  0.5839106  0.5834601  0.5750458  0.5428343
 3  0.7521145  0.7090282  0.6789928  0.6656369  0.6751037  0.7228030  0.7163789  0.7042799  0.6946138  0.6896400  0.6898262  0.6911329  0.6990376  0.6929687  0.6876906  0.6961438  0.7006376  0.6819970  0.6722879  0.6937802  0.7222092  0.7290261  0.7267101  0.7250487  0.7322420  0.7235548  0.7033456
 4  0.4566311  0.4242774  0.4164016  0.4076908  0.5094193  0.5394188  0.4959614  0.4243533  0.3729650  0.3651825  0.4120379  0.4666851  0.4702472  0.4344586  0.4285813  0.4726844  0.4820467  0.4339256  0.4425828  0.5094422  0.5301681  0.5186873  0.4851189  0.4929915  0.5054648  0.4759106  0.4241864
 1  0.7290193  0.6837882  0.6545517  0.6437762  0.6383460  0.6458357  0.6715712  0.6772860  0.6780569  0.6885293  0.6883209  0.6857745  0.6931597  0.6942256  0.7008712  0.7015590  0.7044867  0.7190215  0.7097711  0.7040714  0.6748712  0.6418959  0.6451780  0.6185587  0.6232129  0.6462692  0.6746312
 2  0.5731135  0.5265721  0.5087143  0.5045135  0.4986683  0.5201178  0.5522710  0.5600536  0.5593754  0.5646935  0.5602131  0.5510370  0.5500749  0.5499388  0.5542734  0.5541096  0.5752340  0.5947318  0.5921646  0.5697966  0.5213856  0.5047692  0.5203669  0.5033890  0.5070522  0.5356031  0.5641461
 3  0.7523618  0.7098613  0.6787557  0.6645732  0.6567520  0.6614506  0.6889670  0.6969320  0.6960726  0.7069830  0.7076743  0.7033642  0.7105934  0.7114369  0.7176643  0.7193660  0.7204850  0.7390413  0.7310093  0.7224306  0.6922432  0.6588959  0.6633571  0.6391919  0.6403871  0.6624375  0.6929117
 4  0.4573780  0.4241020  0.4146744  0.4103909  0.4049436  0.4540843  0.4880816  0.4735664  0.4730682  0.4848105  0.4642584  0.4547507  0.4556522  0.4555496  0.4656489  0.4545553  0.5031343  0.5268025  0.4927739  0.4431344  0.4120735  0.4344567  0.4517245  0.4152833  0.4270927  0.4749613  0.4948627
 1  0.7283085  0.6840857  0.6504140  0.6407132  0.6557581  0.6610342  0.6473433  0.6488141  0.6654527  0.6683716  0.6704194  0.6753687  0.6867376  0.6892261  0.6884274  0.6976855  0.6913498  0.6931284  0.6890513  0.6882215  0.6828620  0.6764932  0.6698939  0.6754855  0.6975167  0.7011004  0.6935367
 2  0.5726575  0.5268711  0.5055609  0.5166643  0.5363513  0.5373845  0.5183512  0.5292889  0.5501930  0.5496602  0.5397109  0.5386041  0.5573891  0.5650734  0.5679109  0.5678219  0.5630852  0.5628414  0.5633769  0.5615988  0.5486818  0.5313747  0.5260433  0.5642137  0.5952770  0.5992006  0.5794056
 3  0.7516802  0.7099972  0.6746589  0.6605563  0.6745479  0.6802045  0.6648167  0.6653988  0.6841630  0.6877471  0.6887444  0.6918563  0.7038711  0.7091275  0.7070424  0.7160351  0.7098721  0.7115730  0.7079617  0.7071666  0.7018784  0.6940973  0.6861769  0.6922380  0.7180691  0.7233845  0.7143336
 4  0.4573648  0.4236758  0.4130826  0.4433874  0.4625767  0.4417168  0.4272187  0.4647953  0.4784098  0.4594021  0.4348404  0.4522429  0.4896334  0.4831977  0.4773198  0.4779350  0.4758895  0.4793418  0.4791985  0.4736453  0.4468014  0.4223459  0.4470047  0.5093941  0.5327391  0.5159464  0.4639987
 1  0.7292546  0.6838950  0.6613909  0.6564508  0.6557146  0.6600714  0.6652830  0.6766211  0.6911101  0.7082276  0.7085508  0.7064951  0.7122101  0.7089658  0.7067967  0.7061971  0.7050117  0.7078206  0.6971713  0.6918364  0.6935881  0.7023724  0.6899017  0.6776044  0.6710485  0.6706750  0.6745011
 2  0.5718989  0.5260567  0.5138338  0.5138115  0.5128231  0.5128096  0.5205848  0.5378195  0.5710448  0.5933497  0.5940414  0.5843814  0.5734407  0.5606743  0.5430695  0.5337316  0.5391832  0.5475764  0.5500534  0.5495496  0.5684094  0.5818403  0.5685428  0.5376367  0.5086321  0.5078553  0.5211429
 3  0.7524902  0.7101951  0.6855321  0.6768672  0.6737275  0.6772473  0.6813869  0.6932740  0.7079556  0.7279848  0.7296900  0.7249823  0.7301587  0.7268779  0.7230174  0.7220341  0.7206244  0.7246463  0.7148889  0.7094703  0.7110740  0.7223372  0.7107518  0.6961030  0.6874019  0.6863502  0.6911166
 4  0.4556608  0.4248787  0.4171258  0.4166245  0.4205443  0.4181179  0.4365781  0.4615835  0.5044693  0.5243737  0.5003075  0.4800539  0.4758013  0.4493707  0.4270015  0.4235836  0.4486884  0.4596026  0.4563378  0.4621477  0.4974608  0.5073178  0.4654166  0.4107310  0.3966307  0.4237263  0.4420484
 1  0.7307392  0.6865184  0.6580272  0.6500188  0.6606392  0.6813684  0.6807489  0.6864285  0.6689179  0.6619127  0.6262433  0.5441956  0.6066405  0.6792307  0.6849449  0.6919086  0.6808700  0.6725248  0.6721895  0.6933568  0.6867622  0.6807491  0.6694388  0.6580215  0.6340947  0.6050125  0.6562501
 2  0.5709265  0.5258337  0.5099441  0.5127397  0.5385623  0.5603592  0.5644413  0.5619956  0.5499977  0.5460962  0.5106427  0.4395432  0.5402399  0.5898985  0.5961310  0.5834241  0.5483894  0.5146445  0.5402849  0.5812635  0.5812261  0.5586279  0.5251611  0.5048107  0.4909124  0.5302968  0.5820043
 3  0.7534590  0.7123403  0.6821658  0.6704496  0.6778091  0.6999580  0.6997616  0.7051943  0.6877730  0.6814780  0.6483082  0.5620419  0.6153401  0.7001291  0.7072771  0.7120015  0.6997563  0.6895780  0.6863004  0.7137218  0.7091329  0.6998811  0.6867634  0.6753320  0.6510578  0.6185546  0.6753635
 4  0.4540021  0.4236161  0.4156876  0.4240859  0.4701048  0.4867996  0.4801759  0.4718875  0.4702193  0.4723771  0.4127018  0.3676456  0.5057004  0.5363612  0.5110363  0.4765657  0.4311254  0.3976430  0.4857047  0.5245340  0.4868154  0.4379940  0.4195545  0.4086410  0.4150186  0.4919544  0.5302243
 1  0.7296156  0.6865591  0.6498931  0.6347095  0.6371724  0.6412060  0.6418955  0.6580997  0.6865920  0.6952731  0.6880128  0.6828383  0.6879758  0.6986489  0.6998215  0.6966100  0.6856356  0.6766181  0.6821082  0.6888925  0.6957408  0.7096847  0.7108544  0.7010026  0.6872071  0.6888164  0.6982152
 2  0.5721350  0.5269808  0.5042167  0.5046033  0.5145427  0.5159479  0.5147518  0.5450425  0.5814247  0.5894779  0.5713436  0.5390752  0.5239779  0.5374583  0.5543014  0.5577823  0.5402296  0.5191021  0.5291080  0.5477388  0.5690367  0.5922493  0.5956152  0.5793818  0.5515968  0.5602411  0.5742472
 3  0.7525046  0.7121357  0.6741534  0.6553890  0.6556779  0.6596972  0.6591543  0.6736421  0.7053731  0.7166899  0.7086477  0.7005453  0.7031798  0.7144587  0.7172177  0.7151201  0.7040808  0.6932063  0.6977953  0.7065125  0.7132264  0.7282144  0.7322089  0.7213963  0.7045968  0.7061179  0.7177902
 4  0.4555682  0.4230816  0.4132670  0.4230574  0.4373887  0.4284638  0.4290940  0.4863094  0.5206487  0.5091640  0.4571121  0.4062634  0.4246838  0.4597119  0.4743443  0.4634949  0.4251048  0.4115300  0.4522080  0.4707911  0.4922730  0.5220209  0.5142928  0.4652537  0.4499285  0.4921080  0.4966950
 1  0.7282820  0.6799588  0.6441057  0.6332987  0.6488397  0.6550653  0.6602318  0.6700214  0.6783465  0.6832074  0.6828104  0.6912881  0.7097075  0.7092448  0.7076870  0.7086761  0.7015485  0.6919025  0.6947339  0.7154812  0.7095771  0.7081722  0.7070977  0.7056043  0.6962231  0.6889239  0.6857635
 2  0.5697585  0.5240958  0.5045988  0.5111235  0.5249948  0.5208186  0.5051649  0.4968133  0.5016409  0.5087746  0.5185785  0.5586933  0.5930649  0.6002022  0.5896589  0.5692571  0.5405879  0.5199439  0.5689572  0.6058774  0.6111119  0.6012545  0.5851403  0.5680811  0.5393949  0.5159778  0.5008018
 3  0.7517544  0.7067786  0.6690899  0.6537588  0.6676178  0.6734396  0.6765372  0.6849939  0.6933657  0.6988256  0.6986449  0.7065371  0.7293976  0.7308741  0.7278000  0.7262195  0.7181374  0.7086560  0.7089285  0.7374790  0.7328642  0.7287319  0.7263841  0.7243155  0.7135587  0.7050988  0.7013286
 4  0.4555172  0.4257960  0.4150037  0.4340551  0.4425547  0.4153678  0.3868365  0.3905449  0.4078646  0.4124333  0.4249662  0.4982060  0.5306633  0.5169701  0.4785330  0.4461528  0.4296682  0.4120962  0.5141728  0.5488089  0.5277858  0.5018154  0.4871570  0.4594224  0.4193297  0.3959233  0.3850364
 1  0.7315684  0.6873634  0.6662300  0.6601783  0.6628062  0.6710170  0.6850217  0.7054846  0.6982393  0.6954581  0.6922922  0.6896237  0.6772680  0.6648616  0.6654875  0.6637635  0.6884142  0.7164498  0.6995266  0.6884860  0.6674155  0.6367014  0.6104963  0.5936043  0.6378182  0.6666961  0.6944020
 2  0.5697771  0.5246284  0.5155095  0.5130138  0.5058024  0.4995452  0.5336306  0.5735280  0.5862829  0.5859671  0.5786249  0.5608192  0.5266815  0.5004835  0.4978791  0.5119089  0.5865231  0.6143566  0.6031492  0.5764689  0.5382790  0.5054833  0.4758093  0.4904729  0.5393861  0.5726132  0.5977192
 3  0.7537993  0.7128878  0.6900189  0.6808720  0.6807605  0.6865889  0.6988388  0.7234246  0.7186315  0.7163100  0.7130492  0.7087262  0.6950752  0.6814610  0.6813220  0.6800444  0.7024534  0.7399958  0.7238649  0.7083780  0.6857470  0.6566893  0.6284931  0.6085495  0.6545886  0.6845087  0.7138691
 4  0.4515532  0.4227631  0.4207217  0.4100070  0.3900045  0.3874716  0.4713464  0.5114955  0.5116028  0.5065762  0.4849270  0.4500672  0.4088470  0.3935238  0.4071590  0.4344659  0.5352225  0.5551791  0.5074258  0.4604498  0.4478032  0.4114723  0.3862287  0.4404297  0.4822963  0.5092025  0.5308183
 1  0.7286303  0.6827316  0.6481144  0.6348830  0.6244428  0.6330722  0.6514507  0.6673950  0.6984678  0.7106026  0.7069715  0.7021760  0.6946484  0.6921164  0.6892430  0.6813880  0.6814016  0.6860987  0.7015292  0.6995494  0.7033942  0.7092398  0.7071742  0.7164644  0.7309760  0.7174365  0.7049662
 2  0.5686480  0.5247601  0.5053079  0.4994966  0.4962373  0.5151837  0.5388547  0.5673246  0.5969830  0.6072229  0.5954057  0.5706719  0.5367667  0.5181766  0.5082651  0.4954345  0.4937521  0.5251309  0.5581341  0.5680966  0.5731384  0.5765642  0.5701552  0.6031390  0.6222947  0.6184321  0.5905005
 3  0.7517398  0.7089221  0.6726628  0.6560958  0.6426623  0.6497104  0.6692877  0.6846860  0.7179212  0.7320943  0.7280453  0.7209915  0.7112906  0.7080014  0.7053130  0.6970102  0.6963020  0.7005684  0.7190150  0.7182759  0.7208796  0.7278357  0.7259154  0.7320989  0.7548841  0.7415997  0.7256084
 4  0.4547156  0.4242532  0.4145746  0.4063984  0.4150499  0.4498720  0.4696055  0.5042309  0.5319419  0.5292653  0.4945373  0.4451520  0.4150658  0.4129304  0.3961149  0.3775413  0.3859003  0.4587677  0.4873358  0.4755833  0.4849683  0.4907380  0.4654026  0.5390096  0.5615556  0.5283121  0.4598107
 1  0.7290541  0.6815356  0.6441664  0.6372068  0.6618937  0.6622013  0.6593751  0.6644886  0.6793103  0.6856032  0.6934363  0.6962685  0.6935480  0.6953763  0.7098339  0.7112521  0.7109692  0.7056400  0.6940205  0.6858649  0.6801580  0.6810840  0.6763126  0.6527541  0.6667882  0.6890492  0.6878149
 2  0.5720311  0.5252907  0.5040914  0.5271910  0.5515056  0.5451597  0.5139772  0.4946679  0.5068467  0.5289736  0.5559234  0.5638974  0.5544402  0.5585257  0.5817064  0.5965103  0.5978017  0.5871288  0.5568919  0.5182612  0.4905735  0.4987389  0.5262254  0.5316973  0.5646885  0.5833745  0.5772301
 3  0.7524456  0.7079812  0.6689529  0.6564320  0.6816510  0.6826146  0.6768029  0.6792506  0.6942310  0.7015205  0.7105409  0.7149788  0.7119157  0.7114081  0.7282063  0.7313811  0.7318387  0.7261856  0.7128990  0.7026668  0.6952002  0.6955441  0.6933619  0.6722004  0.6842368  0.7095191  0.7088853
 4  0.4569095  0.4252592  0.4156676  0.4642044  0.4814800  0.4383164  0.3767566  0.3899713  0.4247222  0.4536916  0.4790701  0.4751711  0.4445164  0.4776053  0.5142965  0.5221695  0.5150991  0.4855338  0.4329115  0.3812758  0.3707405  0.4193586  0.4566237  0.4592230  0.5013387  0.5136782  0.4767274
 1  0.7304056  0.6862981  0.6616752  0.6533896  0.6589773  0.6713658  0.6785295  0.6906002  0.6865288  0.6829094  0.6892232  0.6941837  0.7083358  0.7026181  0.6907182  0.6882869  0.6824050  0.6781195  0.6822262  0.6733796  0.6743282  0.6755244  0.6788625  0.6821290  0.6774561  0.6748537  0.6737872
 2  0.5719358  0.5261459  0.5120362  0.5112045  0.5197980  0.5297871  0.5439650  0.5559482  0.5461454  0.5297284  0.5304346  0.5643573  0.5919432  0.5954436  0.5793874  0.5666785  0.5505104  0.5397523  0.5432621  0.5368622  0.5287299  0.5246100  0.5354084  0.5456567  0.5434091  0.5339483  0.5400167
 3  0.7532408  0.7121606  0.6856533  0.6738242  0.6767304  0.6884570  0.6949625  0.7085232  0.7053432  0.6992457  0.7052599  0.7102763  0.7283932  0.7245184  0.7109739  0.7077442  0.7015891  0.6952451  0.6998420  0.6920912  0.6917129  0.6921311  0.6951547  0.7003725  0.6962353  0.6921204  0.6906495
 4  0.4545313  0.4234454  0.4155556  0.4170173  0.4332202  0.4413165  0.4657917  0.4735523  0.4336578  0.4196081  0.4420781  0.5018296  0.5285572  0.5107109  0.4866393  0.4756438  0.4475384  0.4485652  0.4606223  0.4424330  0.4247615  0.4281213  0.4587243  0.4663132  0.4439578  0.4362920  0.4652826
 1  0.7281665  0.6808930  0.6531121  0.6465405  0.6531524  0.6553055  0.6539219  0.6541893  0.6594796  0.6741236  0.6812246  0.7036616  0.7066412  0.7108806  0.7000404  0.6955166  0.6878483  0.6803203  0.6868288  0.6793114  0.6915655  0.6922605  0.6906896  0.6991700  0.7083000  0.6960110  0.6880423
 2  0.5709774  0.5244168  0.5100340  0.5172541  0.5261280  0.5232478  0.5090695  0.4979251  0.5167053  0.5442315  0.5784811  0.6007809  0.6097067  0.6054687  0.5829569  0.5535514  0.5180044  0.5124666  0.5364525  0.5590063  0.5767899  0.5776554  0.5677387  0.5812250  0.5927629  0.5857318  0.5675614
 3  0.7515019  0.7073161  0.6776145  0.6669398  0.6718824  0.6737746  0.6710527  0.6705423  0.6747480  0.6919156  0.6987545  0.7245318  0.7285037  0.7327979  0.7206355  0.7133823  0.7044143  0.6954599  0.7035985  0.6977838  0.7109614  0.7126221  0.7095390  0.7161959  0.7295217  0.7173076  0.7075863
 4  0.4557197  0.4247425  0.4182733  0.4351771  0.4441208  0.4262532  0.4040917  0.3985438  0.4482450  0.4770173  0.5145413  0.5367661  0.5347833  0.5178763  0.4709460  0.4281539  0.3941091  0.4279337  0.4671693  0.4892931  0.5037065  0.4880072  0.4697487  0.5112565  0.5227234  0.4937996  0.4710711
 1  0.7281973  0.6811210  0.6513039  0.6399235  0.6474991  0.6787232  0.6861041  0.6888928  0.6916059  0.6964117  0.6992139  0.7049115  0.6993110  0.6913404  0.6781356  0.6738315  0.6816090  0.6897058  0.7095160  0.7007507  0.6924042  0.6932062  0.6937381  0.6941290  0.6872126  0.6898725  0.7045269
 2  0.5743464  0.5256035  0.5089468  0.5016911  0.5260527  0.5581070  0.5668613  0.5543997  0.5290262  0.4999055  0.4900600  0.5251059  0.5520920  0.5581002  0.5491728  0.5451422  0.5470924  0.5751623  0.5985564  0.5951978  0.5725267  0.5476697  0.5323847  0.5339191  0.5581837  0.5972791  0.6083286
 3  0.7516029  0.7071254  0.6755594  0.6613525  0.6640980  0.6962704  0.7056363  0.7071078  0.7080038  0.7110230  0.7122963  0.7197650  0.7169106  0.7105112  0.6972962  0.6917567  0.7000455  0.7057219  0.7303202  0.7235295  0.7122169  0.7102897  0.7100990  0.7101550  0.7045067  0.7086430  0.7290046
 4  0.4584144  0.4238650  0.4194745  0.4040469  0.4564828  0.4928379  0.4781217  0.4356220  0.3906771  0.3512469  0.3924541  0.4526437  0.4770018  0.4717263  0.4549058  0.4617702  0.4562393  0.5090628  0.5364810  0.5044512  0.4518469  0.4306273  0.4297917  0.4499739  0.4945303  0.5413720  0.5422638
 1  0.7281184  0.6804225  0.6482801  0.6377564  0.6280133  0.6342521  0.6642838  0.6683701  0.6565721  0.6405869  0.6595416  0.6814311  0.6822370  0.6750563  0.6638888  0.6567966  0.6767841  0.6914078  0.6937701  0.7096226  0.7058355  0.7001386  0.6892205  0.6790635  0.6819012  0.6819228  0.6831370
 2  0.5729084  0.5253939  0.5073031  0.5043208  0.4988212  0.5273472  0.5648639  0.5707151  0.5495804  0.5289346  0.5548248  0.5801571  0.5805731  0.5631620  0.5329039  0.5206113  0.5576269  0.5777498  0.5907021  0.5981222  0.5897331  0.5633731  0.5156352  0.4825166  0.4944656  0.5290037  0.5430731
 3  0.7517145  0.7069668  0.6729717  0.6589323  0.6466140  0.6498205  0.6828097  0.6897542  0.6776522  0.6593512  0.6760341  0.7013042  0.7039264  0.6957045  0.6828227  0.6733738  0.6929000  0.7119186  0.7129425  0.7298114  0.7269608  0.7187295  0.7054363  0.6938187  0.6960314  0.6986330  0.7015014
 4  0.4576816  0.4254499  0.4172013  0.4131281  0.4140799  0.4713076  0.5074565  0.4945522  0.4555111  0.4446091  0.4952810  0.5173252  0.4994410  0.4619428  0.4219774  0.4387302  0.5004148  0.5064108  0.5118334  0.5219210  0.4908540  0.4285852  0.3681851  0.3634627  0.4197629  0.4592229  0.4509789
 1  0.7289669  0.6799096  0.6459996  0.6371230  0.6538075  0.6709040  0.6700422  0.6692072  0.6705348  0.6742981  0.6850382  0.7090843  0.7207722  0.7118568  0.7010326  0.7006451  0.7024852  0.7072772  0.7051703  0.7022220  0.6968297  0.6862990  0.6838530  0.6875089  0.6975061  0.7068640  0.7108223
 2  0.5742236  0.5244783  0.5066273  0.5178877  0.5470862  0.5606151  0.5488456  0.5186682  0.4830695  0.4679836  0.5320189  0.6053228  0.6216566  0.6135824  0.5752443  0.5303829  0.4991033  0.5012704  0.5343714  0.5636331  0.5744788  0.5662200  0.5529876  0.5457725  0.5546459  0.5745760  0.5871655
 3  0.7523603  0.7061980  0.6706291  0.6575691  0.6719083  0.6907269  0.6896851  0.6864818  0.6859417  0.6879858  0.6983579  0.7277570  0.7452701  0.7348523  0.7199777  0.7165754  0.7165604  0.7209523  0.7206709  0.7199676  0.7168082  0.7067164  0.7025953  0.7044857  0.7142071  0.7243747  0.7302176
 4  0.4578898  0.4245232  0.4202045  0.4447043  0.4828797  0.4825091  0.4388945  0.3829327  0.3405423  0.3619568  0.4862264  0.5520186  0.5541723  0.5060410  0.4309950  0.3795460  0.3728546  0.4085236  0.4589300  0.4933721  0.4969439  0.4723202  0.4466916  0.4493739  0.4732314  0.5006154  0.5096240
 1  0.7287269  0.6811145  0.6504560  0.6386283  0.6421914  0.6626252  0.6744802  0.6804446  0.6796313  0.6727546  0.6812248  0.6836957  0.6749885  0.6716761  0.6722798  0.6701599  0.6932108  0.7136258  0.7044423  0.6976596  0.6918458  0.6894623  0.6901532  0.6915569  0.6880498  0.6859347  0.6826159
 2  0.5719461  0.5247374  0.5084479  0.5022139  0.5082287  0.5310015  0.5502951  0.5623715  0.5614938  0.5605612  0.5725200  0.5738796  0.5570441  0.5383915  0.5333303  0.5428140  0.5932782  0.6128652  0.6059289  0.5771668  0.5279466  0.4802242  0.4802112  0.5366121  0.5725270  0.5805188  0.5848031
 3  0.7520538  0.7075128  0.6750741  0.6600434  0.6600469  0.6788273  0.6922476  0.6989860  0.6992280  0.6917506  0.7001638  0.7048172  0.6952869  0.6893173  0.6895146  0.6875496  0.7096265  0.7370114  0.7278546  0.7174156  0.7085106  0.7036630  0.7029577  0.7077152  0.7071851  0.7074642  0.7031042
 4  0.4562514  0.4249534  0.4185818  0.4061860  0.4210237  0.4585859  0.4778527  0.4851352  0.4789571  0.4825243  0.5042844  0.4930125  0.4514555  0.4375237  0.4485473  0.4714059  0.5368348  0.5495457  0.5090503  0.4402067  0.3676985  0.3304240  0.4030177  0.4792579  0.5088283  0.5085677  0.5079092
 1  0.7276935  0.6809570  0.6447616  0.6317799  0.6470610  0.6667298  0.6738192  0.6753341  0.6808712  0.6906364  0.6969900  0.6962337  0.6967442  0.7079603  0.7187283  0.7059591  0.6839782  0.6745717  0.6866688  0.6891094  0.6754984  0.6596829  0.6442471  0.6239314  0.6375425  0.6781939  0.6857068
 2  0.5721492  0.5253584  0.5039955  0.5066197  0.5296131  0.5483927  0.5483965  0.5358098  0.5306300  0.5443622  0.5581600  0.5604460  0.5612353  0.5908478  0.6057600  0.5951826  0.5455312  0.5118126  0.5434011  0.5646214  0.5548187  0.5243115  0.4984312  0.4846682  0.5306304  0.5764853  0.5845873
 3  0.7511928  0.7072493  0.6693843  0.6524696  0.6649921  0.6847683  0.6924409  0.6929997  0.6969626  0.7069429  0.7148710  0.7144866  0.7142078  0.7248990  0.7409070  0.7281418  0.7028218  0.6896350  0.7022484  0.7090123  0.6963897  0.6783043  0.6610779  0.6418104  0.6519244  0.6969897  0.7075676
 4  0.4573467  0.4243489  0.4147852  0.4273428  0.4576269  0.4716023  0.4541486  0.4262241  0.4351598  0.4674376  0.4763916  0.4655516  0.4707898  0.5269957  0.5378411  0.4861183  0.3928827  0.4105814  0.4862339  0.4949188  0.4514121  0.4089246  0.4074672  0.4037041  0.4784208  0.5208119  0.4999593
 1  0.7285885  0.6862115  0.6570054  0.6497418  0.6609573  0.6656001  0.6782670  0.6818543  0.6693972  0.6593068  0.6659205  0.6877342  0.6842283  0.6856257  0.6926954  0.6895088  0.6958291  0.6972797  0.6923113  0.7004785  0.7134316  0.7069868  0.7020812  0.6997902  0.6952007  0.6981862  0.7147840
 2  0.5713707  0.5273137  0.5083281  0.5194222  0.5356478  0.5466553  0.5557920  0.5514813  0.5212402  0.4877900  0.5241164  0.5670080  0.5726667  0.5709402  0.5717182  0.5724014  0.5745584  0.5702241  0.5549006  0.5721461  0.5931408  0.5920512  0.5731797  0.5442154  0.5044884  0.5227758  0.5708032
 3  0.7516385  0.7118951  0.6809605  0.6693607  0.6797194  0.6838900  0.6960914  0.7008626  0.6876075  0.6752834  0.6796551  0.7067274  0.7053648  0.7036966  0.7117806  0.7090846  0.7147925  0.7167010  0.7102048  0.7164311  0.7338614  0.7281172  0.7211365  0.7169705  0.7104765  0.7110690  0.7325688
 4  0.4556943  0.4230688  0.4120789  0.4426681  0.4593030  0.4655998  0.4752679  0.4529082  0.3951671  0.3706150  0.4698441  0.5095171  0.4810562  0.4819131  0.4941913  0.4899510  0.4909937  0.4713928  0.4486170  0.5043593  0.5256646  0.4979678  0.4546337  0.4071603  0.3562748  0.4591751  0.5112270
 1  0.7287496  0.6819100  0.6484999  0.6352938  0.5982742  0.5553974  0.6221489  0.6478476  0.6609787  0.6706886  0.6829079  0.7006835  0.6970689  0.6955264  0.6989573  0.7015874  0.7042481  0.7009400  0.6997161  0.7027149  0.7076357  0.7040375  0.6990355  0.7034626  0.7133807  0.7132372  0.7150602
 2  0.5722266  0.5255809  0.5060035  0.4963219  0.4556142  0.4583102  0.5377360  0.5616784  0.5632994  0.5573464  0.5683220  0.5798881  0.5731889  0.5556026  0.5528433  0.5669398  0.5734577  0.5687764  0.5576178  0.5576379  0.5607557  0.5476262  0.5250719  0.5353978  0.5639495  0.5834788  0.5920153
 3  0.7522206  0.7084508  0.6731836  0.6566507  0.6178504  0.5680667  0.6369544  0.6684540  0.6808886  0.6898055  0.6999545  0.7201572  0.7172808  0.7126183  0.7153111  0.7196647  0.7233785  0.7197000  0.7170935  0.7196341  0.7254932  0.7215028  0.7144552  0.7179656  0.7305599  0.7317454  0.7345818
 4  0.4567510  0.4252016  0.4140133  0.3969147  0.3503694  0.4193934  0.4965260  0.4928483  0.4778600  0.4644832  0.4943027  0.5060882  0.4653959  0.4402179  0.4699024  0.4928102  0.4870165  0.4643125  0.4546649  0.4710354  0.4662583  0.4218829  0.3966999  0.4577530  0.4932869  0.5054256  0.5085637
 1  0.7314508  0.6877703  0.6575079  0.6499884  0.6646787  0.6747484  0.6682803  0.6635774  0.6611083  0.6812305  0.7088446  0.7051045  0.6991719  0.7010574  0.7078136  0.7086804  0.6876116  0.6680960  0.6416293  0.6102036  0.6574437  0.6510291  0.6372270  0.6204111  0.6350649  0.6577273  0.6723003
 2  0.5718119  0.5257133  0.5092628  0.5247816  0.5541176  0.5640219  0.5454553  0.5089140  0.4878392  0.5573462  0.5974266  0.6002921  0.5751448  0.5522472  0.5592861  0.5694353  0.5557964  0.5332260  0.5127332  0.5295652  0.5683449  0.5620157  0.5330102  0.5064464  0.5214197  0.5417236  0.5703257
 3  0.7538355  0.7131425  0.6815310  0.6697904  0.6830587  0.6951000  0.6882518  0.6808562  0.6756785  0.6947067  0.7297667  0.7271648  0.7183343  0.7172160  0.7240923  0.7276394  0.7074276  0.6865857  0.6602926  0.6250828  0.6779338  0.6737012  0.6574411  0.6396295  0.6512858  0.6757089  0.6897863
 4  0.4534029  0.4224447  0.4177522  0.4520284  0.4903213  0.4839020  0.4296349  0.3669966  0.3916620  0.5134226  0.5381161  0.5037878  0.4440857  0.4419086  0.4854793  0.4898744  0.4555208  0.4372428  0.4312755  0.4848261  0.5122827  0.4784662  0.4407685  0.4184249  0.4535472  0.4731166  0.5029878
 1  0.7320621  0.6913670  0.6630987  0.6520756  0.6536050  0.6646231  0.6757430  0.6942709  0.7022549  0.7114047  0.7105505  0.7089666  0.7100281  0.7085654  0.7022526  0.6956072  0.6812154  0.6588377  0.6517205  0.6692009  0.6756799  0.6923031  0.6924670  0.6978968  0.6993619  0.7047400  0.7111311
 2  0.5746545  0.5282665  0.5101865  0.5065237  0.5109776  0.5162901  0.5301486  0.5508030  0.5746123  0.5906999  0.5907615  0.5816801  0.5681104  0.5565270  0.5383514  0.5251505  0.5052326  0.4796374  0.5135411  0.5639441  0.5885468  0.5941215  0.5882845  0.5708677  0.5553424  0.5699945  0.5893667
 3  0.7544364  0.7163070  0.6866947  0.6727242  0.6714430  0.6815097  0.6915767  0.7105340  0.7196561  0.7309398  0.7309067  0.7275619  0.7277994  0.7259447  0.7189138  0.7119704  0.6977403  0.6753201  0.6659138  0.6885699  0.6959632  0.7144722  0.7139173  0.7160839  0.7161484  0.7218095  0.7305404
 4  0.4545522  0.4216404  0.4150195  0.4102588  0.4201518  0.4221839  0.4453804  0.4719611  0.5027755  0.5161022  0.4975961  0.4769873  0.4654898  0.4478380  0.4269805  0.4139685  0.3915132  0.3719036  0.4603845  0.5111877  0.5228836  0.5205509  0.4863375  0.4548645  0.4603106  0.4985476  0.5207462
 1  0.7287904  0.6835439  0.6529791  0.6431000  0.6504690  0.6686080  0.6780495  0.6814933  0.6781056  0.6843302  0.6939646  0.7080800  0.7046357  0.7035128  0.6944070  0.6895839  0.6857124  0.6797782  0.6875518  0.6897433  0.6913465  0.6989541  0.7021114  0.6974197  0.6956219  0.6965661  0.7033212
 2  0.5701777  0.5258088  0.5078449  0.5052047  0.5186380  0.5378812  0.5431379  0.5323012  0.5228791  0.5379771  0.5675388  0.5852401  0.5828148  0.5659599  0.5351005  0.5176960  0.5157716  0.5340938  0.5576163  0.5684361  0.5745506  0.5859397  0.5885989  0.5765875  0.5534921  0.5308618  0.5268540
 3  0.7520664  0.7099026  0.6774612  0.6638612  0.6679892  0.6857547  0.6960106  0.6986397  0.6936211  0.7012013  0.7111857  0.7272914  0.7245079  0.7218358  0.7113478  0.7053452  0.7017488  0.6964439  0.7055424  0.7089601  0.7100132  0.7182145  0.7228732  0.7175186  0.7137128  0.7123611  0.7183335
 4  0.4552733  0.4248972  0.4135987  0.4120293  0.4389758  0.4610659  0.4485224  0.4140322  0.4315444  0.4641523  0.4973066  0.5080509  0.4856246  0.4477468  0.4124577  0.4111633  0.4268654  0.4605499  0.4852928  0.4865884  0.4955954  0.5132638  0.5065537  0.4724602  0.4259499  0.4101618  0.4304584
 1  0.7295185  0.6835816  0.6550573  0.6508954  0.6626655  0.6617888  0.6211928  0.6416881  0.6352894  0.6134134  0.6351685  0.6464718  0.6228989  0.5993669  0.6492646  0.6865066  0.6695970  0.6542699  0.6589987  0.6688970  0.6762020  0.6826455  0.6932570  0.7021843  0.6964861  0.6873953  0.6825470
 2  0.5718653  0.5252527  0.5097816  0.5285655  0.5495852  0.5480500  0.5324550  0.5658998  0.5535900  0.5294641  0.5456258  0.5558567  0.5372498  0.5317014  0.5833992  0.5997549  0.5782723  0.5409750  0.5209068  0.5166563  0.5198084  0.5329381  0.5505785  0.5624312  0.5566112  0.5386016  0.5336775
 3  0.7524887  0.7095319  0.6793051  0.6704955  0.6819268  0.6822715  0.6372984  0.6616501  0.6601905  0.6330290  0.6527804  0.6669230  0.6433587  0.6174799  0.6658305  0.7101788  0.6937374  0.6744325  0.6761925  0.6853832  0.6923326  0.6989736  0.7098934  0.7197472  0.7149019  0.7053305  0.6987212
 4  0.4555759  0.4237087  0.4179588  0.4575621  0.4817603  0.4575973  0.4759676  0.5195373  0.4730337  0.4526378  0.4869051  0.4890358  0.4717789  0.4812966  0.5320520  0.5369626  0.4814368  0.4251460  0.4192851  0.4236758  0.4300442  0.4460855  0.4685191  0.4763343  0.4582568  0.4256507  0.4462337
 1  0.7274045  0.6819251  0.6526943  0.6417563  0.6406056  0.6460986  0.6706058  0.6827973  0.6880183  0.6908037  0.6938245  0.6946617  0.6939004  0.6989703  0.6986410  0.7128287  0.7089238  0.7181660  0.7227537  0.7139279  0.6934853  0.6785267  0.6654875  0.6563904  0.6619434  0.6773154  0.6843609
 2  0.5715916  0.5259799  0.5084480  0.5017469  0.4895759  0.4955182  0.5303633  0.5539015  0.5589410  0.5541025  0.5443655  0.5296735  0.5368866  0.5552416  0.5842647  0.6018601  0.6078445  0.6177291  0.6202752  0.6104715  0.5671391  0.5055993  0.4435251  0.4269722  0.4841475  0.5448879  0.5724207
 3  0.7509238  0.7081733  0.6770271  0.6627715  0.6592239  0.6613404  0.6859174  0.7008436  0.7063180  0.7085486  0.7110973  0.7110416  0.7091442  0.7169173  0.7162946  0.7340276  0.7304458  0.7386383  0.7463094  0.7369279  0.7136909  0.6953125  0.6795789  0.6695920  0.6753832  0.6941457  0.7036408
 4  0.4571408  0.4243994  0.4148910  0.4043842  0.3761879  0.4129128  0.4671381  0.4775641  0.4650806  0.4535232  0.4363313  0.4153844  0.4566012  0.4804161  0.5167964  0.5347405  0.5290196  0.5470008  0.5492548  0.5122378  0.4252123  0.3325739  0.2961781  0.3324064  0.4300544  0.4876351  0.5000288
 1  0.7295224  0.6865847  0.6576043  0.6498280  0.6589495  0.6648970  0.6676529  0.6637590  0.6492228  0.6339813  0.6625473  0.6861166  0.7010560  0.7027894  0.6992354  0.6997794  0.7103593  0.7058418  0.6927103  0.6853066  0.6796251  0.6835466  0.7116658  0.6947470  0.6756996  0.6692536  0.6744223
 2  0.5724896  0.5278014  0.5092182  0.5164471  0.5306216  0.5383951  0.5352220  0.5217575  0.4981430  0.4996146  0.5467749  0.5823303  0.5959192  0.5909402  0.5664089  0.5554519  0.5722452  0.5779632  0.5630357  0.5438976  0.5279471  0.5733224  0.6048477  0.5947280  0.5493981  0.4993790  0.4835124
 3  0.7526309  0.7123651  0.6816262  0.6697890  0.6773668  0.6830379  0.6854234  0.6816598  0.6664285  0.6498596  0.6787879  0.7045946  0.7219308  0.7232856  0.7179689  0.7157345  0.7278542  0.7260579  0.7122507  0.7029582  0.6970831  0.6976029  0.7343464  0.7188139  0.6955512  0.6850874  0.6888924
 4  0.4564538  0.4239397  0.4134902  0.4349787  0.4518340  0.4527610  0.4428128  0.4184723  0.3965384  0.4342509  0.4890126  0.5195131  0.5192398  0.4914579  0.4431396  0.4627018  0.5035091  0.4939453  0.4546127  0.4384248  0.4267471  0.5200728  0.5472123  0.4930770  0.3962120  0.3615100  0.3832401
 1  0.7309671  0.6880999  0.6613852  0.6531623  0.6554877  0.6576848  0.6561199  0.6663335  0.6880856  0.6919817  0.7011159  0.7035300  0.7148543  0.7119137  0.7057255  0.7043938  0.7052287  0.7046364  0.7047171  0.7032170  0.7039376  0.7037006  0.7076367  0.7010564  0.6951106  0.7015479  0.7028545
 2  0.5684563  0.5255169  0.5110879  0.5114750  0.5092007  0.4963165  0.4835763  0.5214876  0.5604207  0.5786583  0.5837360  0.5908464  0.5970450  0.5921638  0.5723368  0.5513615  0.5375660  0.5259539  0.5264272  0.5301637  0.5361145  0.5495165  0.5620355  0.5532945  0.5432988  0.5498013  0.5550327
 3  0.7533426  0.7136188  0.6852863  0.6736087  0.6738584  0.6746678  0.6711372  0.6805775  0.7061740  0.7109672  0.7207613  0.7222151  0.7350112  0.7323997  0.7243002  0.7213096  0.7215230  0.7201002  0.7200762  0.7189487  0.7199921  0.7198623  0.7254179  0.7194974  0.7112200  0.7182994  0.7206724
 4  0.4519946  0.4227639  0.4156251  0.4182992  0.4077487  0.3771035  0.3818850  0.4654175  0.4953747  0.5012983  0.4986294  0.5116086  0.5199525  0.4945185  0.4558810  0.4378290  0.4232730  0.4154059  0.4212979  0.4317155  0.4380984  0.4660806  0.4764449  0.4396189  0.4414643  0.4674639  0.4578019
 1  0.7317671  0.6900097  0.6641644  0.6563266  0.6582400  0.6665519  0.6716802  0.6743357  0.6837123  0.6908551  0.6950242  0.7103616  0.7080317  0.7015338  0.6962835  0.6975972  0.7068645  0.7053457  0.7021655  0.7014270  0.7008536  0.6985255  0.7032699  0.7043131  0.7114960  0.7169631  0.7141235
 2  0.5734793  0.5272679  0.5119543  0.5141611  0.5215037  0.5309243  0.5341049  0.5327655  0.5378746  0.5391086  0.5607148  0.5882636  0.5924906  0.5737255  0.5343328  0.5096958  0.5256554  0.5485206  0.5569822  0.5589419  0.5589812  0.5589296  0.5597356  0.5580735  0.5673878  0.5845182  0.5876224
 3  0.7541083  0.7151179  0.6877903  0.6766431  0.6763044  0.6839396  0.6890685  0.6916056  0.7004202  0.7077260  0.7108012  0.7295122  0.7293570  0.7210221  0.7130103  0.7116336  0.7214496  0.7226651  0.7198561  0.7187467  0.7186802  0.7163269  0.7211167  0.7212543  0.7280638  0.7351902  0.7342475
 4  0.4539986  0.4219226  0.4165882  0.4232968  0.4364344  0.4458756  0.4439360  0.4388294  0.4449023  0.4410533  0.4904284  0.5234698  0.5041052  0.4472337  0.3790360  0.3955401  0.4522767  0.4667150  0.4601594  0.4656956  0.4687031  0.4698976  0.4602449  0.4577885  0.4853676  0.5100989  0.5008499
 1  0.7288535  0.6821393  0.6553787  0.6500191  0.6675770  0.6857303  0.6916734  0.6859908  0.6792735  0.6798788  0.6901636  0.6919825  0.6910922  0.6924407  0.6907478  0.6869951  0.6840461  0.6886490  0.6998188  0.7035815  0.7110236  0.7064255  0.7049146  0.7090522  0.7018402  0.6952242  0.6874538
 2  0.5713388  0.5250791  0.5109026  0.5235445  0.5522541  0.5759128  0.5775040  0.5576457  0.5193582  0.4977428  0.5149854  0.5357512  0.5542614  0.5628747  0.5562121  0.5327370  0.5141521  0.5390658  0.5783596  0.6026432  0.6094078  0.6003311  0.5824319  0.5670561  0.5432875  0.5142567  0.4941857
 3  0.7520863  0.7083627  0.6796862  0.6699707  0.6856298  0.7046128  0.7118921  0.7055414  0.6962667  0.6943652  0.7050632  0.7086863  0.7083384  0.7112329  0.7098939  0.7041436  0.6994108  0.7038761  0.7182096  0.7242624  0.7337431  0.7280380  0.7236412  0.7269112  0.7193039  0.7110123  0.7024845
 4  0.4561338  0.4244854  0.4183693  0.4468339  0.4853626  0.5052134  0.4904252  0.4374173  0.3750801  0.3925446  0.4377951  0.4549940  0.4749412  0.4809389  0.4487747  0.4040085  0.4078807  0.4751950  0.5187092  0.5371797  0.5335104  0.4998284  0.4759880  0.4618312  0.4215074  0.3822299  0.3751553
 1  0.7275399  0.6835386  0.6576731  0.6489083  0.6401829  0.6447326  0.6521511  0.6628261  0.6863202  0.6940408  0.6998735  0.7021466  0.6952286  0.6896400  0.6939486  0.6966748  0.6932847  0.6945761  0.6997384  0.7034665  0.6921138  0.6837703  0.6835415  0.6759395  0.6751065  0.6883614  0.6976474
 2  0.5739787  0.5278422  0.5108298  0.5060404  0.5014174  0.5093697  0.5196933  0.5438124  0.5725699  0.5842296  0.5833989  0.5717887  0.5424845  0.5186665  0.5356138  0.5582344  0.5652921  0.5702849  0.5858452  0.5936444  0.5813543  0.5634450  0.5498829  0.5305820  0.5270828  0.5538793  0.5736084
 3  0.7511398  0.7094119  0.6815529  0.6695575  0.6582185  0.6616661  0.6693862  0.6789927  0.7046817  0.7141298  0.7195712  0.7208932  0.7127289  0.7052952  0.7092386  0.7149328  0.7124228  0.7125382  0.7182958  0.7248265  0.7136257  0.7027428  0.7018932  0.6943451  0.6909605  0.7049968  0.7166692
 4  0.4592037  0.4238584  0.4152094  0.4086973  0.4138239  0.4303407  0.4378095  0.4773042  0.5067083  0.5055306  0.4904869  0.4620016  0.4156675  0.4085679  0.4634618  0.4860051  0.4757968  0.4864539  0.5182121  0.5205459  0.4853821  0.4639706  0.4558232  0.4208932  0.4392893  0.4878504  0.4970382
 1  0.7283414  0.6853366  0.6522988  0.6391537  0.6362867  0.6413916  0.6427409  0.6487712  0.6756723  0.6925424  0.7087992  0.7062170  0.6994798  0.6992670  0.6944995  0.6864665  0.6892243  0.6960195  0.7012422  0.7026485  0.6987967  0.6986034  0.6879798  0.6689721  0.6743603  0.6964777  0.6968905
 2  0.5707404  0.5273625  0.5057533  0.4954773  0.4851578  0.4765069  0.4712506  0.5013363  0.5508348  0.5888534  0.6032012  0.5959083  0.5652752  0.5325413  0.5141797  0.5207694  0.5623694  0.5882970  0.5962523  0.5865211  0.5616929  0.5455151  0.5427509  0.5463645  0.5748901  0.5996979  0.6020145
 3  0.7516474  0.7113379  0.6765586  0.6601686  0.6544836  0.6574888  0.6581122  0.6630831  0.6921545  0.7109790  0.7302426  0.7275405  0.7179055  0.7150682  0.7099355  0.7024334  0.7060356  0.7166805  0.7228014  0.7225826  0.7168673  0.7151146  0.7052553  0.6885431  0.6924194  0.7172230  0.7198036
 4  0.4561331  0.4241758  0.4104889  0.3942735  0.3785523  0.3702045  0.3744742  0.4403519  0.4926274  0.5257358  0.5296429  0.4912337  0.4298232  0.4046273  0.4116364  0.4434904  0.5025071  0.5242322  0.5118753  0.4792193  0.4447659  0.4440645  0.4667087  0.4751155  0.5122897  0.5376566  0.5286689
 1  0.7279220  0.6800847  0.6520361  0.6428180  0.6389278  0.6495011  0.6767845  0.6934800  0.6839439  0.6707354  0.6589348  0.6605441  0.6704688  0.6813495  0.6938872  0.7072825  0.7083101  0.7124720  0.7017112  0.6945624  0.6905489  0.6902404  0.6881014  0.6774435  0.6753322  0.6809198  0.6913422
 2  0.5722626  0.5247952  0.5094592  0.5039977  0.4979308  0.5181996  0.5623106  0.5828500  0.5693548  0.5339593  0.5018523  0.5073586  0.5293586  0.5503821  0.5775917  0.5954266  0.6040733  0.6029319  0.5825246  0.5477598  0.5231824  0.5347287  0.5476365  0.5447946  0.5383579  0.5389269  0.5490943
 3  0.7514597  0.7065687  0.6765177  0.6639747  0.6571587  0.6650639  0.6932116  0.7136642  0.7049889  0.6897187  0.6751032  0.6764335  0.6873489  0.6983791  0.7113659  0.7275344  0.7289153  0.7341743  0.7226351  0.7120281  0.7059312  0.7066496  0.7062261  0.6966335  0.6933625  0.6976387  0.7084625
 4  0.4572140  0.4247517  0.4175842  0.4058642  0.4020452  0.4502182  0.5046803  0.5107349  0.4672636  0.4037718  0.3976464  0.4336430  0.4526917  0.4722554  0.5098734  0.5251647  0.5290537  0.5196207  0.4657757  0.4097883  0.4231197  0.4600749  0.4690439  0.4510601  0.4373490  0.4508135  0.4650577
 1  0.7299583  0.6872006  0.6550256  0.6439631  0.6509067  0.6621796  0.6694219  0.6790059  0.6854884  0.7039615  0.7035363  0.7013133  0.7074658  0.7060458  0.7055783  0.7077333  0.7060968  0.6991596  0.6935097  0.6946516  0.6981527  0.6995348  0.7103116  0.7081373  0.7030667  0.7035137  0.7142094
 2  0.5711477  0.5270822  0.5067953  0.5043219  0.5116905  0.5178231  0.5233069  0.5289441  0.5559998  0.5837149  0.5876532  0.5788208  0.5710029  0.5621967  0.5504027  0.5533044  0.5539718  0.5383890  0.5166219  0.5036888  0.5037863  0.5300355  0.5619767  0.5708805  0.5567982  0.5620462  0.5804333
 3  0.7529014  0.7130919  0.6792695  0.6645239  0.6688269  0.6791072  0.6856216  0.6956217  0.7011876  0.7231624  0.7245263  0.7196465  0.7254901  0.7241966  0.7221151  0.7241685  0.7236864  0.7166614  0.7093161  0.7091161  0.7130326  0.7139967  0.7274612  0.7268497  0.7207237  0.7193966  0.7329343
 4  0.4546550  0.4239010  0.4110957  0.4123439  0.4225284  0.4248252  0.4343225  0.4363251  0.4888723  0.5188012  0.4946724  0.4767059  0.4774575  0.4562925  0.4447401  0.4618641  0.4585889  0.4171748  0.3812555  0.3916650  0.3977272  0.4553659  0.4887698  0.4745898  0.4405806  0.4815145  0.5092950
 1  0.7300844  0.6846528  0.6185841  0.5752304  0.5747547  0.5906733  0.6203185  0.6422181  0.6822096  0.6854747  0.6884755  0.6972288  0.7001485  0.6985000  0.6913861  0.6817746  0.6773359  0.6938555  0.6976350  0.6897240  0.6730872  0.6711700  0.7067097  0.6932296  0.6758725  0.6669017  0.6676966
 2  0.5711411  0.5256631  0.4865521  0.4682133  0.4745189  0.4947027  0.5198977  0.5566151  0.5848540  0.5853814  0.5739947  0.5709970  0.5749605  0.5764092  0.5672847  0.5422643  0.5330236  0.5605183  0.5748149  0.5657676  0.5363781  0.5718692  0.6033625  0.5952578  0.5527329  0.4965224  0.4717683
 3  0.7530262  0.7107667  0.6439291  0.5969256  0.5934857  0.6067025  0.6376505  0.6579823  0.7024068  0.7071962  0.7077314  0.7148960  0.7188159  0.7182785  0.7112085  0.7007177  0.6932367  0.7104729  0.7176859  0.7093434  0.6916017  0.6851728  0.7291366  0.7171105  0.6960324  0.6832479  0.6815845
 4  0.4548105  0.4244444  0.4074609  0.3968859  0.4026807  0.4344022  0.4540665  0.5010188  0.5220817  0.4969909  0.4722666  0.4836645  0.4989199  0.4944063  0.4704072  0.4225189  0.4442577  0.4979213  0.4963909  0.4629100  0.4296420  0.5192218  0.5463828  0.4975253  0.4038319  0.3420255  0.3710501
 1  0.7297766  0.6848170  0.6621846  0.6610267  0.6789724  0.6826313  0.6855750  0.6925266  0.6927198  0.6941046  0.6936942  0.6881866  0.6652997  0.6347838  0.6204322  0.5132032  0.6310185  0.6997849  0.7148023  0.7136008  0.7158741  0.7164714  0.7122728  0.7086249  0.7045402  0.7099191  0.6992837
 2  0.5731114  0.5265539  0.5134554  0.5344294  0.5557669  0.5597978  0.5549882  0.5543792  0.5507562  0.5487115  0.5501661  0.5389547  0.5030857  0.4791139  0.4940330  0.4830181  0.5823186  0.6212709  0.6279502  0.6217542  0.6035706  0.5821814  0.5514623  0.5251040  0.5400122  0.5713198  0.5747184
 3  0.7529155  0.7107291  0.6860510  0.6801726  0.6981321  0.7018317  0.7029010  0.7101866  0.7105304  0.7111156  0.7114010  0.7063556  0.6829337  0.6509245  0.6377196  0.5259089  0.6424391  0.7224658  0.7400877  0.7361710  0.7361471  0.7349114  0.7290155  0.7240678  0.7190002  0.7285634  0.7199979
 4  0.4566960  0.4237589  0.4171389  0.4620444  0.4814895  0.4648535  0.4609744  0.4642008  0.4537479  0.4567430  0.4594969  0.4312263  0.3836078  0.3977106  0.4312393  0.4509926  0.5402423  0.5632020  0.5556713  0.5271127  0.4979700  0.4641121  0.4234901  0.3975394  0.4680673  0.5070984  0.4804820
 1  0.7280549  0.6810653  0.6617181  0.6591169  0.6642835  0.6753115  0.6903568  0.7002583  0.7039032  0.7169917  0.7084994  0.7043329  0.7030229  0.7017002  0.7032278  0.7103034  0.7147578  0.7063347  0.6979743  0.6923564  0.6950283  0.6917686  0.6992660  0.6989777  0.6898649  0.6868100  0.6746277
 2  0.5742871  0.5255907  0.5153004  0.5183689  0.5236617  0.5378076  0.5595854  0.5687348  0.5824542  0.5926496  0.5853245  0.5632098  0.5343935  0.5026365  0.4900018  0.5432410  0.5741795  0.5770336  0.5618275  0.5547572  0.5547877  0.5576212  0.5682659  0.5655363  0.5468703  0.5306005  0.5228720
 3  0.7515398  0.7071526  0.6855967  0.6794743  0.6822270  0.6919998  0.7072900  0.7188951  0.7211179  0.7367752  0.7288814  0.7222218  0.7194053  0.7164780  0.7161000  0.7247954  0.7336299  0.7256174  0.7160963  0.7100533  0.7132410  0.7095457  0.7173845  0.7181948  0.7078491  0.7033979  0.6917409
 4  0.4584217  0.4237373  0.4204054  0.4243000  0.4329078  0.4570179  0.4855129  0.4800032  0.5037240  0.5165141  0.4824010  0.4387676  0.3975730  0.3495544  0.3885642  0.4842674  0.5014167  0.4769468  0.4586936  0.4670691  0.4660020  0.4721745  0.4873641  0.4681510  0.4331563  0.4270661  0.4356094
