              Isim, Ftarg, Btarg
   1 2019          0.3977734      43121.5693246      11088.7194212
   1 2021          0.3919238      43016.8908013      11026.8301438
   1 2023          0.3743750      43016.5549658      10766.9298211
   1 2025          0.4006982      43047.0297203      11094.8374185
   1 2027          0.4065479      43017.3520422      11226.0438154
   1 2029          0.4006982      43135.8620185      11194.3825227
   1 2031          0.4006982      43015.5293608      11150.2145273
   1 2033          0.3948486      43079.6867426      11131.9297590
   1 2035          0.3948486      43144.9071275      11131.8591237
   1 2037          0.3919238      43027.0622484      11080.5035151
   1 2039          0.3685254      42968.2304052      10647.0754774
   1 2041          0.3889990      43109.0441781      10950.1411459
   1 2043          0.3919238      43179.3542401      11050.2385061
   2 2019          0.3977734      42938.1396063      11041.5504357
   2 2021          0.3977734      42766.2046095      11023.9558041
   2 2023          0.4036230      42855.2543491      11120.9542545
   2 2025          0.3919238      42994.2255721      11004.4003827
   2 2027          0.3948486      42834.3091760      11020.2226021
   2 2029          0.4036230      42766.2327989      11104.1757805
   2 2031          0.4036230      42899.2875897      11063.4788330
   2 2033          0.4006982      42939.4263121      11033.9412361
   2 2035          0.3831494      42801.4158174      10818.8544704
   2 2037          0.3977734      42769.1528334      10993.0300396
   2 2039          0.4065479      42865.3372499      11195.7793513
   2 2041          0.4006982      42944.7147568      11162.7438564
   2 2043          0.3977734      42909.4237128      11096.7438928
   3 2019          0.3977734      43806.1338287      11264.7553084
   3 2021          0.3948486      43704.4709461      11249.2163035
   3 2023          0.3948486      43663.1183753      11248.2044438
   3 2025          0.4006982      43800.0793776      11374.1484450
   3 2027          0.3919238      43861.4072315      11272.6608788
   3 2029          0.3977734      43809.4164438      11302.6980731
   3 2031          0.3919238      43826.6241161      11259.0002894
   3 2033          0.3919238      43735.1336777      11179.5618582
   3 2035          0.3948486      43791.8768108      11290.6939308
   3 2037          0.3977734      43639.5753564      11305.9380491
   3 2039          0.4036230      43735.4418313      11349.1811998
   3 2041          0.3977734      43738.7176887      11335.6984579
   3 2043          0.3743750      43769.3044814      11004.5570426
   4 2019          0.3977734      44476.3116883      11437.0916673
   4 2021          0.3802246      44467.3433507      11185.0861134
   4 2023          0.3977734      44422.5201069      11477.6216467
   4 2025          0.4006982      44435.9967690      11492.6495445
   4 2027          0.3772998      44346.9084600      11132.3592194
   4 2029          0.3860742      44469.1479203      11230.6855299
   4 2031          0.4006982      44489.7484884      11413.1061769
   4 2033          0.4094727      44326.6933070      11504.9288320
   4 2035          0.4006982      44443.4020997      11471.5939701
   4 2037          0.4006982      44431.0069309      11504.2448946
   4 2039          0.3889990      44337.3379335      11367.1270788
   4 2041          0.4006982      44444.9489382      11513.6395662
   4 2043          0.4006982      44486.9468213      11542.6299533
   5 2019          0.3977734      43500.4176316      11186.1403325
   5 2021          0.3889990      43471.7468621      11087.5451827
   5 2023          0.3831494      43472.0021425      11032.5924930
   5 2025          0.3919238      43348.8590240      11168.6011719
   5 2027          0.3977734      43358.0252714      11267.3895544
   5 2029          0.4036230      43513.4843671      11333.6062633
   5 2031          0.3802246      43429.5512653      11012.0134040
   5 2033          0.3831494      43495.3242536      10983.7611744
   5 2035          0.4036230      43439.7261389      11294.2649929
   5 2037          0.3948486      43472.1424903      11217.8306283
   5 2039          0.3977734      43520.5556922      11180.9849447
   5 2041          0.4094727      43334.6406043      11345.4801484
   5 2043          0.4065479      43494.4489709      11341.0875974
   6 2019          0.3977734      44314.4619369      11395.4719742
   6 2021          0.3977734      44187.8375020      11418.2733980
   6 2023          0.3977734      44299.1127719      11451.7234999
   6 2025          0.3977734      44142.7062190      11456.7572779
   6 2027          0.3802246      44354.6900764      11224.6808868
   6 2029          0.3977734      44319.2391218      11426.1840064
   6 2031          0.4006982      44288.3499412      11412.5580170
   6 2033          0.3977734      44264.5136210      11426.6251421
   6 2035          0.4036230      44155.1064874      11505.9714160
   6 2037          0.3977734      44219.1327372      11435.4880335
   6 2039          0.3743750      44317.2482439      11113.3339695
   6 2041          0.3919238      44227.0481503      11330.1258731
   6 2043          0.3977734      44328.9270871      11450.7795799
   7 2019          0.3977734      43536.3842430      11195.3891532
   7 2021          0.3919238      43574.9360025      11177.8169555
   7 2023          0.3977734      43573.0125070      11168.1023025
   7 2025          0.4036230      43509.1562477      11265.9168970
   7 2027          0.4065479      43465.9219860      11293.8765905
   7 2029          0.4006982      43451.7688637      11241.9680698
   7 2031          0.3772998      43396.4931867      10943.4255207
   7 2033          0.3831494      43426.3041344      11012.6291539
   7 2035          0.4006982      43457.5923567      11299.6895734
   7 2037          0.3831494      43398.2606149      11045.7466301
   7 2039          0.3772998      43449.1940170      10901.9411286
   7 2041          0.3977734      43531.3242076      11139.1686751
   7 2043          0.4065479      43561.4525085      11304.0449166
   8 2019          0.3977734      43356.5511859      11149.1450498
   8 2021          0.3802246      43359.0861810      10845.7439446
   8 2023          0.3948486      43278.4233867      11056.8463436
   8 2025          0.3831494      43305.1753944      10998.8152100
   8 2027          0.3889990      43241.1643474      11118.9163747
   8 2029          0.3919238      43207.1278074      11092.6617852
   8 2031          0.4006982      43253.6910973      11262.3822074
   8 2033          0.4006982      43385.3643747      11245.5405105
   8 2035          0.3714502      43332.0758908      10810.9101721
   8 2037          0.3889990      43279.0170786      11094.0097474
   8 2039          0.4036230      43352.0679172      11283.4659523
   8 2041          0.4036230      43290.4662942      11286.8932835
   8 2043          0.3889990      43303.7508009      11050.0066778
   9 2019          0.3977734      43599.9252566      11211.7287364
   9 2021          0.3948486      43462.7274955      11216.1427272
   9 2023          0.3977734      43482.9008194      11282.7414093
   9 2025          0.3889990      43540.0166514      11180.4460295
   9 2027          0.3568262      43605.6116397      10552.8358096
   9 2029          0.3919238      43644.3698316      11141.8028704
   9 2031          0.4065479      43474.9789057      11327.7179371
   9 2033          0.4036230      43640.0182025      11327.8569511
   9 2035          0.4006982      43593.0336380      11286.3819322
   9 2037          0.3889990      43554.9135867      11109.7623208
   9 2039          0.3889990      43624.2212922      11092.5786686
   9 2041          0.3831494      43579.4572912      11006.2440727
   9 2043          0.3685254      43665.7302736      10756.8604423
  10 2019          0.3977734      43518.4009373      11190.7647429
  10 2021          0.3919238      43436.8870327      11160.0385601
  10 2023          0.3948486      43514.8610195      11150.1480184
  10 2025          0.4123975      43456.6100052      11316.6686505
  10 2027          0.4006982      43519.5494856      11256.4930651
  10 2029          0.3919238      43513.5445664      11161.2696160
  10 2031          0.3977734      43457.8339037      11196.5980300
  10 2033          0.3802246      43402.8286180      11008.1357244
  10 2035          0.3860742      43497.0854595      11058.0327974
  10 2037          0.4006982      43548.4075972      11272.4008166
  10 2039          0.4036230      43419.7540600      11310.4878740
  10 2041          0.4006982      43388.8598105      11316.4777550
  10 2043          0.3860742      43485.6923606      11090.9016364
  11 2019          0.3977734      42976.5039919      11051.4158444
  11 2021          0.3889990      42930.1056278      10912.1955411
  11 2023          0.3919238      42864.0027728      10990.5860509
  11 2025          0.3948486      42898.7560815      11029.6663813
  11 2027          0.3977734      42995.1412716      11098.9985117
  11 2029          0.3977734      42897.3289172      11092.0513123
  11 2031          0.3860742      42996.0037280      10924.3704568
  11 2033          0.3948486      42946.5575739      11057.0763098
  11 2035          0.4006982      42961.6403717      11104.8323561
  11 2037          0.4065479      42886.3968404      11157.1383894
  11 2039          0.4036230      43033.5346717      11121.5336446
  11 2041          0.3977734      42990.4433058      11104.7253331
  11 2043          0.4036230      42877.3868103      11133.5549396
  12 2019          0.3977734      43550.7708876      11199.0886815
  12 2021          0.3860742      43479.3578470      11093.0727758
  12 2023          0.4006982      43413.5789486      11249.6974726
  12 2025          0.4036230      43410.9156613      11311.1511495
  12 2027          0.3948486      43486.9683680      11252.2661700
  12 2029          0.3802246      43623.4949569      11045.2222268
  12 2031          0.3743750      43562.9124188      10881.4109588
  12 2033          0.4006982      43416.5509842      11228.3179529
  12 2035          0.4036230      43478.5669153      11317.1297363
  12 2037          0.3948486      43559.8438162      11253.7337306
  12 2039          0.3889990      43556.3527777      11121.3651838
  12 2041          0.3889990      43416.9566115      11112.1856747
  12 2043          0.3889990      43498.7135619      11135.4025035
  13 2019          0.3977734      42857.8141742      11020.8947362
  13 2021          0.3919238      42926.9311624      10987.6632674
  13 2023          0.3802246      42921.9933894      10820.6511346
  13 2025          0.3919238      42837.1772141      10933.2219237
  13 2027          0.4036230      42887.5811058      11039.8392242
  13 2029          0.4006982      42868.7903040      11108.2448452
  13 2031          0.3977734      42757.0630466      11087.7927607
  13 2033          0.3977734      42776.9451245      11083.8863195
  13 2035          0.3889990      42812.4387539      10947.4346960
  13 2037          0.3860742      42812.4453859      10921.0401408
  13 2039          0.4006982      42748.0537980      11042.7181335
  13 2041          0.4036230      42795.9775928      11097.0869889
  13 2043          0.3977734      42752.9729018      11059.7111280
  14 2019          0.3977734      43970.3813542      11306.9915896
  14 2021          0.3860742      44031.7085583      11257.9559315
  14 2023          0.3977734      43834.2604852      11386.2235915
  14 2025          0.3919238      43849.4638243      11315.4401363
  14 2027          0.3948486      44006.6764754      11378.2439118
  14 2029          0.3889990      43832.7286928      11266.6656573
  14 2031          0.3919238      44001.2656095      11297.6059809
  14 2033          0.4006982      43973.2541512      11399.4589330
  14 2035          0.3889990      43927.6114572      11247.7111249
  14 2037          0.3772998      43927.1154110      11017.8965328
  14 2039          0.3919238      44016.8645132      11246.6879709
  14 2041          0.4036230      43981.0858044      11440.6532365
  14 2043          0.4006982      44001.5025942      11414.5878589
  15 2019          0.3977734      42317.1161157      10881.8541318
  15 2021          0.3919238      42149.7063337      10845.7644618
  15 2023          0.3889990      42270.3259255      10799.3994269
  15 2025          0.4065479      42299.0922904      10954.2348561
  15 2027          0.4065479      42314.1510929      10950.5905806
  15 2029          0.3860742      42216.7764391      10796.6904235
  15 2031          0.3597510      42356.8028145      10253.6536759
  15 2033          0.4006982      42269.6860679      10942.4033595
  15 2035          0.4065479      42281.9132827      10985.4645392
  15 2037          0.3977734      42154.4376268      10938.3954805
  15 2039          0.3948486      42278.1129370      10891.4129171
  15 2041          0.3948486      42345.8404953      10876.4545178
  15 2043          0.3860742      42260.0862283      10711.2988234
  16 2019          0.3977734      43721.0128484      11242.8664328
  16 2021          0.3919238      43649.2489640      11209.0287486
  16 2023          0.3889990      43730.0192254      11142.9844854
  16 2025          0.3919238      43562.5293782      11244.3453887
  16 2027          0.3948486      43695.6186248      11280.1266452
  16 2029          0.3919238      43556.5830249      11219.1399166
  16 2031          0.4006982      43642.0556547      11307.9886893
  16 2033          0.4065479      43729.5422652      11348.1898056
  16 2035          0.3714502      43781.8990461      10890.8875608
  16 2037          0.3889990      43685.6786288      11110.7919410
  16 2039          0.4094727      43780.1996209      11377.6484875
  16 2041          0.4006982      43700.2037140      11356.1474152
  16 2043          0.3919238      43650.4065592      11236.6719115
  17 2019          0.3977734      42972.9073307      11050.4909624
  17 2021          0.3948486      42877.7527466      11046.1464211
  17 2023          0.3860742      42965.2390048      10935.1343296
  17 2025          0.3977734      42874.7970332      11098.6812518
  17 2027          0.4006982      42952.3147594      11075.8536027
  17 2029          0.4006982      42893.4893199      11043.6188256
  17 2031          0.3889990      42951.7897536      10916.7995807
  17 2033          0.3889990      42833.1708451      10882.9738330
  17 2035          0.4153223      42825.1145965      11211.1154603
  17 2037          0.3948486      42882.8924818      11080.6580290
  17 2039          0.3977734      43040.8432263      11126.3204693
  17 2041          0.4036230      42892.6890199      11189.8782149
  17 2043          0.3889990      42926.2297455      10998.2556201
  18 2019          0.3977734      44389.9918209      11414.8944976
  18 2021          0.3948486      44314.2450643      11345.8133455
  18 2023          0.3948486      44387.2748667      11382.3550335
  18 2025          0.3977734      44431.6546627      11403.0724004
  18 2027          0.4065479      44357.7337808      11559.5553751
  18 2029          0.3948486      44396.9617813      11451.5306762
  18 2031          0.3919238      44222.7319708      11380.2936179
  18 2033          0.3919238      44381.3536279      11404.7358486
  18 2035          0.3919238      44259.4367276      11355.1038884
  18 2037          0.3977734      44311.1416259      11403.6555760
  18 2039          0.3802246      44272.7947663      11238.7444603
  18 2041          0.4006982      44254.7368495      11423.6260289
  18 2043          0.4065479      44379.0083451      11530.7016051
  19 2019          0.3977734      43103.5860189      11084.0950109
  19 2021          0.3948486      43135.4864792      11076.8090017
  19 2023          0.4036230      43102.9484684      11233.1594704
  19 2025          0.3889990      43048.7969605      11063.6543537
  19 2027          0.3889990      43103.9043213      11048.3474060
  19 2029          0.3860742      42962.8521858      10948.7705080
  19 2031          0.3948486      43076.6556187      11059.0875694
  19 2033          0.3977734      42994.2770351      11111.3707264
  19 2035          0.3919238      42989.1519441      11020.3124961
  19 2037          0.3977734      43081.2235782      11093.5695649
  19 2039          0.3977734      43107.8196279      11056.0957323
  19 2041          0.4036230      43161.8015859      11159.1298307
  19 2043          0.3860742      43064.1170699      10942.1866404
  20 2019          0.3977734      42993.2884105      11055.7319608
  20 2021          0.3919238      43042.4293166      10998.2422132
  20 2023          0.3919238      42998.8834594      11012.1668342
  20 2025          0.4036230      42905.6350466      11150.4133820
  20 2027          0.3977734      43044.9561215      11122.9441106
  20 2029          0.3743750      42843.5584484      10716.8405177
  20 2031          0.3977734      42938.1808903      11050.9026940
  20 2033          0.3948486      42981.0281207      11047.5332907
  20 2035          0.4006982      42929.5613826      11148.8775546
  20 2037          0.4006982      42884.3107258      11182.2632800
  20 2039          0.3919238      42876.4829591      11072.4216168
  20 2041          0.3977734      42969.5837712      11145.5306043
  20 2043          0.3948486      42975.0447288      11094.9384202
  21 2019          0.3977734      44180.1865875      11360.9430436
  21 2021          0.3919238      44043.3183446      11300.1247881
  21 2023          0.3919238      44209.0167319      11339.7015814
  21 2025          0.3831494      44024.2131902      11171.5563599
  21 2027          0.3831494      44091.7079420      11172.7016940
  21 2029          0.3889990      44079.0392022      11206.2047899
  21 2031          0.3919238      44227.4919418      11317.1080143
  21 2033          0.4065479      44071.1477272      11465.8939404
  21 2035          0.4065479      44158.5942350      11520.9447839
  21 2037          0.3948486      44121.1017745      11437.1248576
  21 2039          0.3772998      44233.0338470      11180.5433019
  21 2041          0.3802246      44188.6074253      11145.6449553
  21 2043          0.3948486      44153.8641872      11366.6773439
