FL 2019 2020 2021 2022 2023 2024 2025 2026 2027 2028 2029 2030 2031 2032 2033 2034 2035 2036 2037 2038 2039 2040 2041 2042 2043 2044 2045
 1  0.1254765  0.0537101  0.0362330  0.0523600  0.0380800  0.0958727  0.0741326  0.1415338  0.1742756  0.2046658  0.2781137  0.1447446  0.1431639  0.1644984  0.1897778  0.2617395  0.2789503  0.1670362  0.1851582  0.0567391  0.0388089  0.0574810  0.0504870  0.1261050  0.1099674  0.1993620  0.2404792
 2  0.0238751  0.0086047  0.0057600  0.0091163  0.0047831  0.0143911  0.0133066  0.0296133  0.0414702  0.0518908  0.0664164  0.0286810  0.0279692  0.0341699  0.0396685  0.0504330  0.0522491  0.0330738  0.0354156  0.0092545  0.0063472  0.0100363  0.0098261  0.0233381  0.0207302  0.0401881  0.0515716
 3  0.1162273  0.0323214  0.0304787  0.0553449  0.0490000  0.0531850  0.0590802  0.1119247  0.0916548  0.1076103  0.0872140  0.0852211  0.0686219  0.0691981  0.0591737  0.0981270  0.0822613  0.0626966  0.0606098  0.0439941  0.0440172  0.0804820  0.0713328  0.0885219  0.0785241  0.1106966  0.0927296
 4  0.0444602  0.0567298  0.0396258  0.0839285  0.0577511  0.0512109  0.0368253  0.0433989  0.0361750  0.0471144  0.0452135  0.0479471  0.0362606  0.0419360  0.0398947  0.0506058  0.0355600  0.0418439  0.0496932  0.0488655  0.0420947  0.0519198  0.0489818  0.0538009  0.0452055  0.0466874  0.0377673
 1  0.1220670  0.0539047  0.0371447  0.0803809  0.0696393  0.0991733  0.0821532  0.1193402  0.1203483  0.1219487  0.1187442  0.0646635  0.0620815  0.0655603  0.0650007  0.0583562  0.0578817  0.0631898  0.0540631  0.2636927  0.3772506  0.3408952  0.4363358  0.1973332  0.2075837  0.0793236  0.0617097
 2  0.0232303  0.0087191  0.0059181  0.0137565  0.0128926  0.0175310  0.0147654  0.0230482  0.0227640  0.0232511  0.0240936  0.0131780  0.0131659  0.0139983  0.0137390  0.0127895  0.0102153  0.0111450  0.0105005  0.0564000  0.0824612  0.0656582  0.0794086  0.0350690  0.0366448  0.0132672  0.0106181
 3  0.1130934  0.0626673  0.0616502  0.0700561  0.0671990  0.0867497  0.0907120  0.0918821  0.0976025  0.0823104  0.0802639  0.0782666  0.0751217  0.0915437  0.0931460  0.0959011  0.0920712  0.0636753  0.0741706  0.1522948  0.1618645  0.1670427  0.1721282  0.0798864  0.0832839  0.0539597  0.0600033
 4  0.0433681  0.0486273  0.0449780  0.0397862  0.0418132  0.0459234  0.0460040  0.0445075  0.0494154  0.0373620  0.0373223  0.0385557  0.0372421  0.0437679  0.0442383  0.0551096  0.0573398  0.0460129  0.0421821  0.0292472  0.0320372  0.0453654  0.0374762  0.0393700  0.0434732  0.0382692  0.0411311
 1  0.1187765  0.0769133  0.0540782  0.0705710  0.0498487  0.2128772  0.2494554  0.1766465  0.1712374  0.1318551  0.1381437  0.1779950  0.1757084  0.0772287  0.0734718  0.1600522  0.1674791  0.1612719  0.1623750  0.1322350  0.1356021  0.2384457  0.3053737  0.1439149  0.0977356  0.1029243  0.0940698
 2  0.0226444  0.0125015  0.0085949  0.0108247  0.0083805  0.0406345  0.0490305  0.0330340  0.0320152  0.0256856  0.0284737  0.0354925  0.0323320  0.0147315  0.0138075  0.0315332  0.0323369  0.0311407  0.0307557  0.0254664  0.0280060  0.0514411  0.0613962  0.0223717  0.0148093  0.0175254  0.0184338
 3  0.1100329  0.0618788  0.0565679  0.0563200  0.0571511  0.1027900  0.0939336  0.0892624  0.0972939  0.0784851  0.0816307  0.0767640  0.0705901  0.0760145  0.0744149  0.0847483  0.0742874  0.0838622  0.0768487  0.0922742  0.0942899  0.1200578  0.1330320  0.0537876  0.0517486  0.0633593  0.0695169
 4  0.0423910  0.0499622  0.0524602  0.0444404  0.0401284  0.0429566  0.0448929  0.0423090  0.0420833  0.0345684  0.0378452  0.0432342  0.0370829  0.0417424  0.0389250  0.0440462  0.0397479  0.0420834  0.0378695  0.0399093  0.0382940  0.0353268  0.0479003  0.0481970  0.0437157  0.0394978  0.0365933
 1  0.1193897  0.0246958  0.0164516  0.0829935  0.0696466  0.0904750  0.0892096  0.0630029  0.0556367  0.0440059  0.0352104  0.0518599  0.0477435  0.0574128  0.0610138  0.0830311  0.0928542  0.1481561  0.1714121  0.1380359  0.1401282  0.1634051  0.1624943  0.1803061  0.2282406  0.1670136  0.1857033
 2  0.0226910  0.0039735  0.0026435  0.0141359  0.0125822  0.0178358  0.0178353  0.0127437  0.0099006  0.0076819  0.0068455  0.0103281  0.0101279  0.0131469  0.0146966  0.0205421  0.0216816  0.0342242  0.0374698  0.0289720  0.0254566  0.0298099  0.0321937  0.0389679  0.0515814  0.0360976  0.0389714
 3  0.1105887  0.0438715  0.0381020  0.0561591  0.0588334  0.0641981  0.0671750  0.0446737  0.0443083  0.0333889  0.0340254  0.0702297  0.0681031  0.0707642  0.0704806  0.0688395  0.0587827  0.0746424  0.0771672  0.0822108  0.0766424  0.0795576  0.0744965  0.1039972  0.0988045  0.0935292  0.0903561
 4  0.0420011  0.0448582  0.0406305  0.0429021  0.0386415  0.0398705  0.0426394  0.0476098  0.0471470  0.0412943  0.0420211  0.0487237  0.0424321  0.0385213  0.0413346  0.0423431  0.0396234  0.0396679  0.0413622  0.0485816  0.0446339  0.0429330  0.0339964  0.0432125  0.0395514  0.0413833  0.0455171
 1  0.1189860  0.0474579  0.0322563  0.0551494  0.0415038  0.1369546  0.1255078  0.2884635  0.3429017  0.3837932  0.5114684  0.2156926  0.1994670  0.0751194  0.0551339  0.1746060  0.2015595  0.2368337  0.2940934  0.0988413  0.0820465  0.2033409  0.2550231  0.3464981  0.5018746  0.1238111  0.0819451
 2  0.0231473  0.0077530  0.0051871  0.0091847  0.0065605  0.0238944  0.0224648  0.0552936  0.0622760  0.0691535  0.0968836  0.0384477  0.0263586  0.0110996  0.0091206  0.0329258  0.0419123  0.0527001  0.0502436  0.0158959  0.0149182  0.0407092  0.0534801  0.0739114  0.1011126  0.0185931  0.0119074
 3  0.1099257  0.0389999  0.0310762  0.0444604  0.0425728  0.0683603  0.0734842  0.0917559  0.0919944  0.1419838  0.1489288  0.1092863  0.1152173  0.0481163  0.0651012  0.1359100  0.1225747  0.1121138  0.1067981  0.0784948  0.0981070  0.1467602  0.1389702  0.0969760  0.1175480  0.0483668  0.0560618
 4  0.0434759  0.0444604  0.0399538  0.0538633  0.0453759  0.0515342  0.0467961  0.0465081  0.0464047  0.0249467  0.0248472  0.0507425  0.0469951  0.0411964  0.0401531  0.0373266  0.0324435  0.0480425  0.0465394  0.0433955  0.0415599  0.0366166  0.0337650  0.0281561  0.0382543  0.0480540  0.0415916
 1  0.1162521  0.0849438  0.0598776  0.1083237  0.0884647  0.1639969  0.1763945  0.1547156  0.1273444  0.1223121  0.1186328  0.0767478  0.0833616  0.1262508  0.1327530  0.1592117  0.1793084  0.1294872  0.1390621  0.0731167  0.0674194  0.1086490  0.0847861  0.1890699  0.2242972  0.0754729  0.0621532
 2  0.0225599  0.0139384  0.0095408  0.0178656  0.0154635  0.0318827  0.0355972  0.0281215  0.0213487  0.0219595  0.0239148  0.0171125  0.0188801  0.0276587  0.0272422  0.0326639  0.0389183  0.0286025  0.0291221  0.0149544  0.0126554  0.0183800  0.0154283  0.0385070  0.0453058  0.0136816  0.0117096
 3  0.1074261  0.0533263  0.0508423  0.0550109  0.0498072  0.0627745  0.0703771  0.0523811  0.0547354  0.0745438  0.0765066  0.0812916  0.0815354  0.0936853  0.1022952  0.0815662  0.0785289  0.0680378  0.0610080  0.0430354  0.0495376  0.0514228  0.0604510  0.0969952  0.0921744  0.0709879  0.0700372
 4  0.0426515  0.0465960  0.0446410  0.0417601  0.0352733  0.0364899  0.0423510  0.0439153  0.0409449  0.0377095  0.0347174  0.0366221  0.0417598  0.0444038  0.0428662  0.0349461  0.0323207  0.0382964  0.0373559  0.0382096  0.0499692  0.0409188  0.0414381  0.0402980  0.0496731  0.0414050  0.0342715
 1  0.1297236  0.0889434  0.0605743  0.0456519  0.0336408  0.0649585  0.0658580  0.0841503  0.0939894  0.1092054  0.1268058  0.1050949  0.0812890  0.0556496  0.0483419  0.1850278  0.2174381  0.1585196  0.1741145  0.0624983  0.0436913  0.0636773  0.0578739  0.1228850  0.1374490  0.1097827  0.1354552
 2  0.0243926  0.0139661  0.0094073  0.0071341  0.0058750  0.0129576  0.0146396  0.0201541  0.0229097  0.0268673  0.0299094  0.0196162  0.0137955  0.0099234  0.0096284  0.0403134  0.0498242  0.0375096  0.0278042  0.0094740  0.0072977  0.0114384  0.0110817  0.0260733  0.0315465  0.0264404  0.0338919
 3  0.1204050  0.0582833  0.0565240  0.0642789  0.0705695  0.0523345  0.0519698  0.0784954  0.0652166  0.0647123  0.0675768  0.0604529  0.0603814  0.0406968  0.0420997  0.0693929  0.0718524  0.0910410  0.0778224  0.0423998  0.0580702  0.1074753  0.0968009  0.0939423  0.0944133  0.1079099  0.1015604
 4  0.0445032  0.0488106  0.0469640  0.0453691  0.0458787  0.0341463  0.0361359  0.0370396  0.0318603  0.0336579  0.0437925  0.0492025  0.0459100  0.0365494  0.0356558  0.0338383  0.0323884  0.0589571  0.0563549  0.0433055  0.0447518  0.0553741  0.0446996  0.0303590  0.0318011  0.0447930  0.0369502
 1  0.1244105  0.0149918  0.0098821  0.0183508  0.0154776  0.0622128  0.0584406  0.1996929  0.1799031  0.1170085  0.1036740  0.2185042  0.2663472  0.1893530  0.2313925  0.1223566  0.1044132  0.1535395  0.1205891  0.2976778  0.3913571  0.3300981  0.4731400  0.1244005  0.1001612  0.0725941  0.0498684
 2  0.0246932  0.0024389  0.0015816  0.0032377  0.0030428  0.0132295  0.0106736  0.0355697  0.0299888  0.0198729  0.0190948  0.0443062  0.0583464  0.0421270  0.0512511  0.0252532  0.0138955  0.0227900  0.0211450  0.0566243  0.0754539  0.0640389  0.0916207  0.0202585  0.0162537  0.0112684  0.0075028
 3  0.1146225  0.0415490  0.0340790  0.0300463  0.0349960  0.0577968  0.0573738  0.0730336  0.0871856  0.0904159  0.0945638  0.0906912  0.0862216  0.0903923  0.0811822  0.0732810  0.0636558  0.0594774  0.0648916  0.1625870  0.1593000  0.1417701  0.1411364  0.0803513  0.0829667  0.0592127  0.0592687
 4  0.0469218  0.0507109  0.0395509  0.0347387  0.0352876  0.0457651  0.0495735  0.0483216  0.0514770  0.0466687  0.0439499  0.0320812  0.0321026  0.0380436  0.0367563  0.0637765  0.0517558  0.0463710  0.0395489  0.0452690  0.0407730  0.0346715  0.0392045  0.0457467  0.0506408  0.0517607  0.0475536
 1  0.1237088  0.0832669  0.0578484  0.1532679  0.1401314  0.1615438  0.1501600  0.0493082  0.0342867  0.0839771  0.0705792  0.1275382  0.1485496  0.1373099  0.1663431  0.1166033  0.1420490  0.0789181  0.0708736  0.0653677  0.0612201  0.0656895  0.0613006  0.0729502  0.0378470  0.0651056  0.0590717
 2  0.0237626  0.0133677  0.0090791  0.0262626  0.0248052  0.0291467  0.0277116  0.0082121  0.0054578  0.0142552  0.0134582  0.0273883  0.0342955  0.0328636  0.0412196  0.0290764  0.0351132  0.0164534  0.0141881  0.0130846  0.0117195  0.0129248  0.0129970  0.0101856  0.0055900  0.0113294  0.0120211
 3  0.1145732  0.0631048  0.0542589  0.0557002  0.0618206  0.0590890  0.0657170  0.0432529  0.0411569  0.0554048  0.0575595  0.0964237  0.0914663  0.0929102  0.0898046  0.0766939  0.0815176  0.0716557  0.0605038  0.0660630  0.0684719  0.0498839  0.0486645  0.0598026  0.0484825  0.0459381  0.0528587
 4  0.0440699  0.0500844  0.0384644  0.0409006  0.0427941  0.0390316  0.0527745  0.0512025  0.0503565  0.0414931  0.0366267  0.0421599  0.0414828  0.0381594  0.0343681  0.0337987  0.0428477  0.0479054  0.0423676  0.0436595  0.0438122  0.0396152  0.0660522  0.0594334  0.0507252  0.0363964  0.0369001
 1  0.1300004  0.0895330  0.0607031  0.0622306  0.0395347  0.0693297  0.0727971  0.1080539  0.1213803  0.1155161  0.1187702  0.0990132  0.1000492  0.1080541  0.0902096  0.0981150  0.0778799  0.1422472  0.1549642  0.1562232  0.2037599  0.3070913  0.4047368  0.1417104  0.1255780  0.0967531  0.0833127
 2  0.0246276  0.0141504  0.0094493  0.0088520  0.0065217  0.0134587  0.0162862  0.0257282  0.0288368  0.0254387  0.0235770  0.0197329  0.0212294  0.0205484  0.0159572  0.0164914  0.0135572  0.0273208  0.0330381  0.0370659  0.0502419  0.0701205  0.0812428  0.0253326  0.0195925  0.0161153  0.0157752
 3  0.1205402  0.0469423  0.0407384  0.0546977  0.0565696  0.0832055  0.0862296  0.0931527  0.0897488  0.0863098  0.0849190  0.0714575  0.0794765  0.0721121  0.0630232  0.0775101  0.0764428  0.1024187  0.0904246  0.1022965  0.0902869  0.0885157  0.0964831  0.0914356  0.0871236  0.0564192  0.0703087
 4  0.0455741  0.0473532  0.0503427  0.0477034  0.0399425  0.0326056  0.0346088  0.0394763  0.0414905  0.0442089  0.0433871  0.0380626  0.0452034  0.0544535  0.0516222  0.0506656  0.0449381  0.0426709  0.0355156  0.0368411  0.0397515  0.0398084  0.0425358  0.0483532  0.0466982  0.0423765  0.0454416
 1  0.1180277  0.0358854  0.0243076  0.0433643  0.0350273  0.0788757  0.0723990  0.1139077  0.1176831  0.1301940  0.1441160  0.1297616  0.0982011  0.1625894  0.1555701  0.1422567  0.1470740  0.1616308  0.1702483  0.1021195  0.1099425  0.1707392  0.1904954  0.1324990  0.1421258  0.2012632  0.2291342
 2  0.0228373  0.0058748  0.0039429  0.0073981  0.0061921  0.0150530  0.0135394  0.0226450  0.0257423  0.0290852  0.0319120  0.0228885  0.0163889  0.0286553  0.0281111  0.0270562  0.0302340  0.0328041  0.0344117  0.0209800  0.0236019  0.0369725  0.0386509  0.0266865  0.0293737  0.0420448  0.0445379
 3  0.1090697  0.0320245  0.0316533  0.0615770  0.0542816  0.0593581  0.0611793  0.0675511  0.0779834  0.0935479  0.0837555  0.0693964  0.0617934  0.0923690  0.0957084  0.0927141  0.1001257  0.1113620  0.1173527  0.1039195  0.0935970  0.0791108  0.0815037  0.0951146  0.0932410  0.0906659  0.0882456
 4  0.0428520  0.0461460  0.0413354  0.0462421  0.0394444  0.0408796  0.0421239  0.0426389  0.0417714  0.0398575  0.0472960  0.0544863  0.0443454  0.0365122  0.0382893  0.0438620  0.0477094  0.0357210  0.0327902  0.0436502  0.0392855  0.0389983  0.0390741  0.0396440  0.0371146  0.0433932  0.0748447
 1  0.1305073  0.0626718  0.0422042  0.0787677  0.0591455  0.1277088  0.1365861  0.1942943  0.2358408  0.1792566  0.1710868  0.0847482  0.0588633  0.1046873  0.0996647  0.1758986  0.2224103  0.2384169  0.2627474  0.1109948  0.0885756  0.1121686  0.1080209  0.1730700  0.1321654  0.1708869  0.1685647
 2  0.0247657  0.0098862  0.0065708  0.0124346  0.0102600  0.0248919  0.0290611  0.0442400  0.0492546  0.0353451  0.0269869  0.0130045  0.0090134  0.0182811  0.0195618  0.0381698  0.0521236  0.0504038  0.0512359  0.0186469  0.0149974  0.0204612  0.0205885  0.0282688  0.0225545  0.0306062  0.0317845
 3  0.1209417  0.0662828  0.0529198  0.0469872  0.0452707  0.0836970  0.0813672  0.0773485  0.0847802  0.0506728  0.0612071  0.0505383  0.0523779  0.0963156  0.0982949  0.1308409  0.1396124  0.0897528  0.0981340  0.0892603  0.0861332  0.0886684  0.0926574  0.0837630  0.0770023  0.0959549  0.0833506
 4  0.0457994  0.0519771  0.0484913  0.0417799  0.0365566  0.0347585  0.0344290  0.0370510  0.0423329  0.0460385  0.0491322  0.0498470  0.0473398  0.0470323  0.0424475  0.0326811  0.0401359  0.0419873  0.0427831  0.0509623  0.0448511  0.0426361  0.0569759  0.0507160  0.0455185  0.0390350  0.0351488
 1  0.1355563  0.0713368  0.0474077  0.0464992  0.0378901  0.0564589  0.0461921  0.0429143  0.0443518  0.1152964  0.1449932  0.1919174  0.2256426  0.2046837  0.2305522  0.1115900  0.1030283  0.1633449  0.1128102  0.0838513  0.0810560  0.1188410  0.1330092  0.2537073  0.2952311  0.1791930  0.1070182
 2  0.0258173  0.0112511  0.0073392  0.0081197  0.0060213  0.0095482  0.0086804  0.0091248  0.0107167  0.0314483  0.0391479  0.0455760  0.0464537  0.0403051  0.0448058  0.0209138  0.0206662  0.0264253  0.0181595  0.0152379  0.0164405  0.0261640  0.0304450  0.0558056  0.0535642  0.0236747  0.0164382
 3  0.1255444  0.0576975  0.0542869  0.0480766  0.0528351  0.0577123  0.0683118  0.0502664  0.0487089  0.0728053  0.0675137  0.0892929  0.0876806  0.1024831  0.0993453  0.0494054  0.0442468  0.0383356  0.0477149  0.0684093  0.0651873  0.0937498  0.0933598  0.0930129  0.0961519  0.0917215  0.0928623
 4  0.0485933  0.0421665  0.0387067  0.0402002  0.0445372  0.0444619  0.0425693  0.0347413  0.0328669  0.0334990  0.0387790  0.0442290  0.0423122  0.0367067  0.0388551  0.0374637  0.0489913  0.0443408  0.0420494  0.0411798  0.0368009  0.0393463  0.0430642  0.0417838  0.0591290  0.0567250  0.0494633
 1  0.1307984  0.0943666  0.0639901  0.1501486  0.1339919  0.2094528  0.1767360  0.2955939  0.3330451  0.2458899  0.2395613  0.1944874  0.1602764  0.1994233  0.2277750  0.1573476  0.1492064  0.0659151  0.0555348  0.0851134  0.0721964  0.1772833  0.2283443  0.1916645  0.2460106  0.1309748  0.1334150
 2  0.0245606  0.0148181  0.0099121  0.0252251  0.0238717  0.0349582  0.0290205  0.0513665  0.0615781  0.0440319  0.0377859  0.0301883  0.0269971  0.0371954  0.0462935  0.0309073  0.0253263  0.0117107  0.0090650  0.0144826  0.0139241  0.0390303  0.0560250  0.0479637  0.0567126  0.0265515  0.0272177
 3  0.1213701  0.0496141  0.0553357  0.0568126  0.0699696  0.0922629  0.0884662  0.1156279  0.1110965  0.0936765  0.0830389  0.0774091  0.0786266  0.1111562  0.1023385  0.0936407  0.0826270  0.0555848  0.0653477  0.0650526  0.0696818  0.1007886  0.1018230  0.0896011  0.0879773  0.0679866  0.0749030
 4  0.0453260  0.0497626  0.0435881  0.0393125  0.0496910  0.0489381  0.0500309  0.0395104  0.0379178  0.0470858  0.0515146  0.0461327  0.0400772  0.0354990  0.0381691  0.0497423  0.0467212  0.0497513  0.0521332  0.0466758  0.0409971  0.0258308  0.0273436  0.0388230  0.0408943  0.0404860  0.0367789
 1  0.1425452  0.0873039  0.0575502  0.0788794  0.0548439  0.0770037  0.0714727  0.0903866  0.1094165  0.1607551  0.1977959  0.0461183  0.0255415  0.0972452  0.1016365  0.0911377  0.1115628  0.1626522  0.1963907  0.1724715  0.1613904  0.0963486  0.0967295  0.0576508  0.0543892  0.0828738  0.0689463
 2  0.0270896  0.0135786  0.0087949  0.0121235  0.0085154  0.0136519  0.0145083  0.0211285  0.0288928  0.0438861  0.0418177  0.0064252  0.0040209  0.0181638  0.0218811  0.0226483  0.0297456  0.0419044  0.0429491  0.0321712  0.0291611  0.0182435  0.0196153  0.0118331  0.0108918  0.0153262  0.0124931
 3  0.1320490  0.0544702  0.0539221  0.0404279  0.0453998  0.0665744  0.0654277  0.0977015  0.0945255  0.0800354  0.0747554  0.0307353  0.0294504  0.0784913  0.0808031  0.1023790  0.0886136  0.0762833  0.0834914  0.0902400  0.0984208  0.0975187  0.1044645  0.0853292  0.0822612  0.0711978  0.0748465
 4  0.0507192  0.0453733  0.0522972  0.0459388  0.0433342  0.0361630  0.0321885  0.0335007  0.0323460  0.0446600  0.0607620  0.0445656  0.0386941  0.0356490  0.0331912  0.0395694  0.0396491  0.0361664  0.0399788  0.0466547  0.0453465  0.0418205  0.0424316  0.0432360  0.0477826  0.0415290  0.0458749
 1  0.1323154  0.0742914  0.0495033  0.0465724  0.0394441  0.1590645  0.1460658  0.2184632  0.2189705  0.2076489  0.1877337  0.1522584  0.1527728  0.1665504  0.1826583  0.1240106  0.0997941  0.0764259  0.0578897  0.1008656  0.1140057  0.2047455  0.2964120  0.2553488  0.2641419  0.1608429  0.1391763
 2  0.0251284  0.0116816  0.0076887  0.0080560  0.0070145  0.0286957  0.0264784  0.0393088  0.0401552  0.0361253  0.0309921  0.0270057  0.0296290  0.0334653  0.0368009  0.0232261  0.0136709  0.0115348  0.0103030  0.0210253  0.0279214  0.0565723  0.0758964  0.0508920  0.0431236  0.0262350  0.0218036
 3  0.1226001  0.0477711  0.0436306  0.0554840  0.0591988  0.0824053  0.0831298  0.0982384  0.0989431  0.0929975  0.0908761  0.0903464  0.0929218  0.1195670  0.1247120  0.0866440  0.0887864  0.0542213  0.0659137  0.0771863  0.0775568  0.1074692  0.1134936  0.1053428  0.1199820  0.1163005  0.1215797
 4  0.0466048  0.0482967  0.0414780  0.0410587  0.0424834  0.0430130  0.0463476  0.0478804  0.0509770  0.0528908  0.0478355  0.0431510  0.0419663  0.0349845  0.0384951  0.0688373  0.0653367  0.0494743  0.0418019  0.0258760  0.0276009  0.0315646  0.0425078  0.0445428  0.0421952  0.0446301  0.0461536
 1  0.1289129  0.0908110  0.0624681  0.0549883  0.0413946  0.1124934  0.1039624  0.0852359  0.0892392  0.0728653  0.0678514  0.0725546  0.0731189  0.0781324  0.0533961  0.1214911  0.1391832  0.2089305  0.2308483  0.2062608  0.2223959  0.3025574  0.4264092  0.1881460  0.1943060  0.0930724  0.0715209
 2  0.0243850  0.0144228  0.0097285  0.0088535  0.0068419  0.0199819  0.0203006  0.0181357  0.0193167  0.0151814  0.0141071  0.0153273  0.0150434  0.0124895  0.0090167  0.0237282  0.0310456  0.0466789  0.0447070  0.0383661  0.0435225  0.0622042  0.0871480  0.0368013  0.0312126  0.0145915  0.0126546
 3  0.1195341  0.0637500  0.0548350  0.0595544  0.0620859  0.0778281  0.0748559  0.0723573  0.0719012  0.0550656  0.0630570  0.0883796  0.0991844  0.1027351  0.0899973  0.1190570  0.1244091  0.0850999  0.0990051  0.1035203  0.1037573  0.1268013  0.1253488  0.0662738  0.0676849  0.0495045  0.0592374
 4  0.0452728  0.0446380  0.0451784  0.0463331  0.0449051  0.0402971  0.0365157  0.0380574  0.0431456  0.0386647  0.0414509  0.0368239  0.0575344  0.0650724  0.0473540  0.0246227  0.0320740  0.0406368  0.0357480  0.0354296  0.0312629  0.0352101  0.0346045  0.0451765  0.0464410  0.0381345  0.0346165
 1  0.1102676  0.0449999  0.0312788  0.0619998  0.0442051  0.0802421  0.0709157  0.1629348  0.2008517  0.2103426  0.2618979  0.1225989  0.1086056  0.1713298  0.1567821  0.0970383  0.0858840  0.0930356  0.0944584  0.1147191  0.0877025  0.0717529  0.0678244  0.1050225  0.1264916  0.1093563  0.0984716
 2  0.0212429  0.0074411  0.0051051  0.0096636  0.0075768  0.0143229  0.0132033  0.0337339  0.0453122  0.0493141  0.0487974  0.0212878  0.0201647  0.0307091  0.0285794  0.0174864  0.0157316  0.0184323  0.0195893  0.0200235  0.0152157  0.0133915  0.0140137  0.0245964  0.0332238  0.0238190  0.0187930
 3  0.1019949  0.0397938  0.0445713  0.0580065  0.0542610  0.0961420  0.1008603  0.1396284  0.1404000  0.0935184  0.0863259  0.0520011  0.0641939  0.0922314  0.1002782  0.0981524  0.0872580  0.0698021  0.0706224  0.0839410  0.0789382  0.0611249  0.0578546  0.0906279  0.0918118  0.0949110  0.0810850
 4  0.0398775  0.0460466  0.0483959  0.0471667  0.0439191  0.0490967  0.0462671  0.0317544  0.0319160  0.0448979  0.0474480  0.0415518  0.0421248  0.0411298  0.0418999  0.0485788  0.0440897  0.0402178  0.0500833  0.0528244  0.0454604  0.0386455  0.0339948  0.0269708  0.0398315  0.0530573  0.0471360
 1  0.1249681  0.0679759  0.0463196  0.2090979  0.2226076  0.1557570  0.1414014  0.1958933  0.1988046  0.1327653  0.1255677  0.0800709  0.0724399  0.1266519  0.1330013  0.0849018  0.0755481  0.0917006  0.0916660  0.0576281  0.0541068  0.0878870  0.1051594  0.0720695  0.0668145  0.0707095  0.0590575
 2  0.0235296  0.0108357  0.0073251  0.0369022  0.0435049  0.0286085  0.0251967  0.0357374  0.0370582  0.0254767  0.0216453  0.0144335  0.0146367  0.0267508  0.0270426  0.0162301  0.0148676  0.0188269  0.0194073  0.0120445  0.0118292  0.0209809  0.0260198  0.0159224  0.0136221  0.0131661  0.0108278
 3  0.1159195  0.0501117  0.0408982  0.0884514  0.0820130  0.0950060  0.0890537  0.0813845  0.0899102  0.0584892  0.0625045  0.0547549  0.0590120  0.0913922  0.0892504  0.0669158  0.0656278  0.0454879  0.0441541  0.0599783  0.0599646  0.0929884  0.0905820  0.0726311  0.0661827  0.0555731  0.0557396
 4  0.0433172  0.0465409  0.0388780  0.0365305  0.0353738  0.0455746  0.0447777  0.0378509  0.0363920  0.0431006  0.0444482  0.0360575  0.0358129  0.0420443  0.0453838  0.0453337  0.0405409  0.0378145  0.0361508  0.0393310  0.0335745  0.0335829  0.0421418  0.0474069  0.0505307  0.0467619  0.0420493
 1  0.1235830  0.0585869  0.0401092  0.0864633  0.0582176  0.1140719  0.1103671  0.1727839  0.2260116  0.0707121  0.0461085  0.0764118  0.0755240  0.1230088  0.1261385  0.2285857  0.2824002  0.4111058  0.5879138  0.3588486  0.2429595  0.2881235  0.3173961  0.2097571  0.2288194  0.1137365  0.0987541
 2  0.0244388  0.0095841  0.0063672  0.0130949  0.0089391  0.0201047  0.0224907  0.0406003  0.0537689  0.0117568  0.0076709  0.0142071  0.0158569  0.0267202  0.0251440  0.0454694  0.0551173  0.0779342  0.1063170  0.0467761  0.0355555  0.0471105  0.0565815  0.0389070  0.0403894  0.0203256  0.0157739
 3  0.1139036  0.0543353  0.0456434  0.0536513  0.0582315  0.0672153  0.0606958  0.0906062  0.0955438  0.0428820  0.0435127  0.0667621  0.0729072  0.1039529  0.1020902  0.1707402  0.1705547  0.1358157  0.1586250  0.0781489  0.0766782  0.1384936  0.1350553  0.1185317  0.1100348  0.0536974  0.0616313
 4  0.0466939  0.0493898  0.0488745  0.0487529  0.0454669  0.0395597  0.0326984  0.0354713  0.0606279  0.0491262  0.0426606  0.0404645  0.0407662  0.0423840  0.0419469  0.0434930  0.0411210  0.0341940  0.0413417  0.0496211  0.0421174  0.0342781  0.0337281  0.0374952  0.0356808  0.0455171  0.0479261
 1  0.1114495  0.0533970  0.0370151  0.0579047  0.0488397  0.0392883  0.0367873  0.0745709  0.0673769  0.0493282  0.0407265  0.0842720  0.0833437  0.1188645  0.1318182  0.2026214  0.2752963  0.3172231  0.4816498  0.2221508  0.1716955  0.0573649  0.0467651  0.1268162  0.1348517  0.1235275  0.0997506
 2  0.0220729  0.0089712  0.0060520  0.0101835  0.0089381  0.0078692  0.0073809  0.0150132  0.0121857  0.0087670  0.0078096  0.0168803  0.0175894  0.0262988  0.0303844  0.0478934  0.0658954  0.0748508  0.0876757  0.0340816  0.0239951  0.0091527  0.0085489  0.0256739  0.0275763  0.0223574  0.0168151
 3  0.1026403  0.0289149  0.0250323  0.0389736  0.0513482  0.0489376  0.0532419  0.0706095  0.0692576  0.0545247  0.0588013  0.0944123  0.0963631  0.0810667  0.0715351  0.1255516  0.1291270  0.1254372  0.1144086  0.0626612  0.0741093  0.0554193  0.0658142  0.1002178  0.0944200  0.0771005  0.0797308
 4  0.0426156  0.0428064  0.0408819  0.0376875  0.0415495  0.0414914  0.0449518  0.0521280  0.0490428  0.0438998  0.0408993  0.0457984  0.0452438  0.0371611  0.0355685  0.0301091  0.0300398  0.0419642  0.0445323  0.0479036  0.0489046  0.0412103  0.0385913  0.0432286  0.0509105  0.0491872  0.0447150
 1  0.1170474  0.0604436  0.0411552  0.0496137  0.0399315  0.0564974  0.0495910  0.1688868  0.2020901  0.0460573  0.0421569  0.0825401  0.0755563  0.1478432  0.1756062  0.1906197  0.2341222  0.1467533  0.1411434  0.1407040  0.1292127  0.1118052  0.0900779  0.0673928  0.0678837  0.0631743  0.0667881
 2  0.0222378  0.0097575  0.0066037  0.0084742  0.0068797  0.0102881  0.0099876  0.0378803  0.0442966  0.0096673  0.0078750  0.0154585  0.0148683  0.0319395  0.0406029  0.0443599  0.0529119  0.0290618  0.0262445  0.0258751  0.0227276  0.0188260  0.0161440  0.0132928  0.0150655  0.0149351  0.0159781
 3  0.1084871  0.0324554  0.0320196  0.0460889  0.0561163  0.0504343  0.0572263  0.0693188  0.0684503  0.0665721  0.0672871  0.0602068  0.0674635  0.0924189  0.0910588  0.0909070  0.0958518  0.0829762  0.0789391  0.0639627  0.0656327  0.0583173  0.0677342  0.0719155  0.0702480  0.0685599  0.0642103
 4  0.0409754  0.0425362  0.0396408  0.0478626  0.0469892  0.0410367  0.0366026  0.0344540  0.0379768  0.0471788  0.0463404  0.0453739  0.0404387  0.0377717  0.0376934  0.0375390  0.0442309  0.0452224  0.0421192  0.0442870  0.0466962  0.0479175  0.0473710  0.0396440  0.0367011  0.0397141  0.0431856
 1  0.1287303  0.0575278  0.0388884  0.1360809  0.0929675  0.3994216  0.5373569  0.3640853  0.3467289  0.3822047  0.4250742  0.5846805  0.7472612  0.3896602  0.2379055  0.2366985  0.2032935  0.1149260  0.1206579  0.1004136  0.1072504  0.0535107  0.0516074  0.1432486  0.1504527  0.1615691  0.1890395
 2  0.0248432  0.0092194  0.0061165  0.0200527  0.0148894  0.0732209  0.0850377  0.0535163  0.0572707  0.0622936  0.0644793  0.0877162  0.1068680  0.0486689  0.0268232  0.0337687  0.0344986  0.0218419  0.0247372  0.0216639  0.0234873  0.0113383  0.0104989  0.0291363  0.0313967  0.0355733  0.0393947
 3  0.1190409  0.0561469  0.0468880  0.0469781  0.0489788  0.0984275  0.0939184  0.1271907  0.1210431  0.1821021  0.1884805  0.1877087  0.1832282  0.0698570  0.0798047  0.1081356  0.0963945  0.0961528  0.0879706  0.0843682  0.0817823  0.0718199  0.0816861  0.0826481  0.0787785  0.0806840  0.0805564
 4  0.0466638  0.0507758  0.0477948  0.0463868  0.0409803  0.0491925  0.0512208  0.0405679  0.0371269  0.0493071  0.0483684  0.0492740  0.0485111  0.0603795  0.0571282  0.0409289  0.0370217  0.0406256  0.0369637  0.0384142  0.0403413  0.0390368  0.0433579  0.0373449  0.0338495  0.0381626  0.0431471
 1  0.1219628  0.0647839  0.0444190  0.0596501  0.0523585  0.0726886  0.0635748  0.0769443  0.0725699  0.1004908  0.1040981  0.1560246  0.1837999  0.1272820  0.1206457  0.0726308  0.0541813  0.0835925  0.0495635  0.1503448  0.1611128  0.1954081  0.2759151  0.1654716  0.2236459  0.1274531  0.1176998
 2  0.0230466  0.0103876  0.0070354  0.0103660  0.0103380  0.0141910  0.0121632  0.0150730  0.0147455  0.0212601  0.0234178  0.0373319  0.0395030  0.0261213  0.0195487  0.0118019  0.0086236  0.0116214  0.0075761  0.0272594  0.0343945  0.0489705  0.0774860  0.0469033  0.0528093  0.0249513  0.0212630
 3  0.1131144  0.0547037  0.0445081  0.0440182  0.0545701  0.0660075  0.0640942  0.0625880  0.0681607  0.0571347  0.0534719  0.0644811  0.0664911  0.0690939  0.0709979  0.0509676  0.0641398  0.0671872  0.0589696  0.0748588  0.0774823  0.0670191  0.0725768  0.0815429  0.0781693  0.0502044  0.0613598
 4  0.0426943  0.0472019  0.0401920  0.0401240  0.0446901  0.0399708  0.0401127  0.0401297  0.0365699  0.0337388  0.0341194  0.0382199  0.0404755  0.0481196  0.0525674  0.0493074  0.0651355  0.0580305  0.0419171  0.0485358  0.0394785  0.0283858  0.0339159  0.0388943  0.0413578  0.0409030  0.0429716
 1  0.1113715  0.0545555  0.0377586  0.0640230  0.0476178  0.1177624  0.1166990  0.2303740  0.3145629  0.1188413  0.1112461  0.0564035  0.0400320  0.0876233  0.0883556  0.1434055  0.1341606  0.1370873  0.1387363  0.1507274  0.1675193  0.1763827  0.1102884  0.1234327  0.1386581  0.1064289  0.1273738
 2  0.0213932  0.0089726  0.0061188  0.0102566  0.0082019  0.0217775  0.0231427  0.0497101  0.0693628  0.0233886  0.0194892  0.0089913  0.0068157  0.0165817  0.0188631  0.0290448  0.0247771  0.0259615  0.0278429  0.0312934  0.0366620  0.0264383  0.0171993  0.0227673  0.0296419  0.0251645  0.0312447
 3  0.1030635  0.0404450  0.0340833  0.0576323  0.0581222  0.1062357  0.0954443  0.1438944  0.1436819  0.0979365  0.0850809  0.0416005  0.0521241  0.0964907  0.1006448  0.0978443  0.1043126  0.0755716  0.0874897  0.0983058  0.0971794  0.0868083  0.0812569  0.1261541  0.1206645  0.1178598  0.1153299
 4  0.0401234  0.0429128  0.0473791  0.0447296  0.0423734  0.0475186  0.0422781  0.0323341  0.0361627  0.0490550  0.0522469  0.0419197  0.0439274  0.0407516  0.0467984  0.0504810  0.0448390  0.0374950  0.0398797  0.0360566  0.0572028  0.0575656  0.0475484  0.0282540  0.0298521  0.0321551  0.0312843
 1  0.1145158  0.0382533  0.0262307  0.0461590  0.0374383  0.1581277  0.1879276  0.0899351  0.0770642  0.0876059  0.0747264  0.0613399  0.0462412  0.0847284  0.0857347  0.0561825  0.0590124  0.0707734  0.0792707  0.0911072  0.0989034  0.0913099  0.0877242  0.0908392  0.1023336  0.0427033  0.0412300
 2  0.0226344  0.0063279  0.0042451  0.0078382  0.0070995  0.0340280  0.0421013  0.0176380  0.0146996  0.0157910  0.0139534  0.0104671  0.0081594  0.0163992  0.0178677  0.0124164  0.0138536  0.0171784  0.0190906  0.0214453  0.0228722  0.0192795  0.0182625  0.0203435  0.0221386  0.0090584  0.0090446
 3  0.1056338  0.0490296  0.0459061  0.0367988  0.0407277  0.0704484  0.0737681  0.0636054  0.0553086  0.0718772  0.0643031  0.0752534  0.0671687  0.0990983  0.0948037  0.0914883  0.0904160  0.0890939  0.0891476  0.0714303  0.0743620  0.0706190  0.0696513  0.0897763  0.0947931  0.0674068  0.0696231
 4  0.0427542  0.0428271  0.0404668  0.0357914  0.0335086  0.0365323  0.0461941  0.0443654  0.0462986  0.0465983  0.0541025  0.0562154  0.0489588  0.0452422  0.0454079  0.0403347  0.0387509  0.0397295  0.0400406  0.0350553  0.0384538  0.0433314  0.0394020  0.0388474  0.0447328  0.0393346  0.0388400
 1  0.1157815  0.0385393  0.0264893  0.0563409  0.0448183  0.0948875  0.0888240  0.0736838  0.0742071  0.1087482  0.1165025  0.0733539  0.0603319  0.0612887  0.0671448  0.1047851  0.1155986  0.1004732  0.1082155  0.1067312  0.1061549  0.0358934  0.0331529  0.0615343  0.0583588  0.0901079  0.0776064
 2  0.0229241  0.0064152  0.0042965  0.0095117  0.0079470  0.0180011  0.0180122  0.0158548  0.0163941  0.0250450  0.0225375  0.0129225  0.0114231  0.0130898  0.0164824  0.0265539  0.0274933  0.0223091  0.0231168  0.0218785  0.0217226  0.0072626  0.0070744  0.0132326  0.0117885  0.0168584  0.0150352
 3  0.1066490  0.0459759  0.0342093  0.0444802  0.0412311  0.0455654  0.0480665  0.0495614  0.0434779  0.0747633  0.0705757  0.0588851  0.0614135  0.0757008  0.0693379  0.0821777  0.0791812  0.0912010  0.0962726  0.0830225  0.0747069  0.0653104  0.0631136  0.0629033  0.0603115  0.0637609  0.0706648
 4  0.0440659  0.0469800  0.0401762  0.0420917  0.0389055  0.0368336  0.0369288  0.0374560  0.0332186  0.0513618  0.0540915  0.0487478  0.0368071  0.0342262  0.0349259  0.0392453  0.0377381  0.0419818  0.0446032  0.0431833  0.0391935  0.0411293  0.0399453  0.0407307  0.0457800  0.0449205  0.0420119
 1  0.1290325  0.0541984  0.0366249  0.0508640  0.0337636  0.0919513  0.0739771  0.0994307  0.1140272  0.1050541  0.1161621  0.1440655  0.1559462  0.0920230  0.0902928  0.1468474  0.1758247  0.1707730  0.1559436  0.0666570  0.0433104  0.0466281  0.0420494  0.1049249  0.1149499  0.1735680  0.2442903
 2  0.0246445  0.0086157  0.0057357  0.0077430  0.0052057  0.0147994  0.0133793  0.0207233  0.0270044  0.0254530  0.0269244  0.0314520  0.0305918  0.0177292  0.0189156  0.0335469  0.0407819  0.0340883  0.0264369  0.0097977  0.0070394  0.0085730  0.0082732  0.0227301  0.0272309  0.0441550  0.0625019
 3  0.1195162  0.0639817  0.0532569  0.0460457  0.0475567  0.0883961  0.0934804  0.0991502  0.1063125  0.0877978  0.0921249  0.0888127  0.0895030  0.0839978  0.0842091  0.0706098  0.0703864  0.0947808  0.0805508  0.0573960  0.0592148  0.0578232  0.0576787  0.0893962  0.0896540  0.1289745  0.1257844
 4  0.0458670  0.0559737  0.0510219  0.0479055  0.0454139  0.0497970  0.0425153  0.0366485  0.0413466  0.0420950  0.0438790  0.0440182  0.0439659  0.0404631  0.0331581  0.0349430  0.0407635  0.0541003  0.0574923  0.0470074  0.0464673  0.0389639  0.0391598  0.0271053  0.0267010  0.0295462  0.0342917
 1  0.1183230  0.0454547  0.0313984  0.0953891  0.0836714  0.1093800  0.1092882  0.1174163  0.1005280  0.0578591  0.0492951  0.1270143  0.1429450  0.1542787  0.1764269  0.0952080  0.0912155  0.1393148  0.1245998  0.1095230  0.0977416  0.1386909  0.1465130  0.1272247  0.1448243  0.0616116  0.0507093
 2  0.0224026  0.0073735  0.0050142  0.0165071  0.0151094  0.0209465  0.0218305  0.0217417  0.0178224  0.0103344  0.0093691  0.0264720  0.0327237  0.0360820  0.0367141  0.0185621  0.0177729  0.0257756  0.0202556  0.0184869  0.0180491  0.0265222  0.0294048  0.0273700  0.0296643  0.0113726  0.0094254
 3  0.1097152  0.0681546  0.0591208  0.0639694  0.0663275  0.1039131  0.0946958  0.0805773  0.0688478  0.0649326  0.0726105  0.0979361  0.0939772  0.0898372  0.0888793  0.0854953  0.0868003  0.1229424  0.1052364  0.1236782  0.1165276  0.1530643  0.1455850  0.0985288  0.1027799  0.0494163  0.0589671
 4  0.0420017  0.0497576  0.0447404  0.0402090  0.0433093  0.0368350  0.0408923  0.0475191  0.0423474  0.0445502  0.0442677  0.0323478  0.0320219  0.0436044  0.0464288  0.0434185  0.0423559  0.0539573  0.0440150  0.0410571  0.0394931  0.0428737  0.0370427  0.0443299  0.0546339  0.0407285  0.0422012
 1  0.1082802  0.0611933  0.0435075  0.0500965  0.0451529  0.1509846  0.1771405  0.1107666  0.1007417  0.0540808  0.0364246  0.0837213  0.0865042  0.2041182  0.2627982  0.2154196  0.2349068  0.0479589  0.0352338  0.1128430  0.1174021  0.3069653  0.3937646  0.1878986  0.1691107  0.1773615  0.1238188
 2  0.0206362  0.0100639  0.0070401  0.0089287  0.0087988  0.0323214  0.0398141  0.0226118  0.0186512  0.0085379  0.0061522  0.0162542  0.0190354  0.0491396  0.0639356  0.0473933  0.0405189  0.0076223  0.0061131  0.0218929  0.0248584  0.0665380  0.0778844  0.0332549  0.0251578  0.0255039  0.0191714
 3  0.1003378  0.0626684  0.0528684  0.0649785  0.0730199  0.0914593  0.0867740  0.0668860  0.0614351  0.0385265  0.0416278  0.0722537  0.0784627  0.0740611  0.0690662  0.0921480  0.0787569  0.0503404  0.0600599  0.0849823  0.0817404  0.0880443  0.1008309  0.0956475  0.0841673  0.0621397  0.0749924
 4  0.0383101  0.0499500  0.0432569  0.0418361  0.0401183  0.0339861  0.0392431  0.0426226  0.0561381  0.0409707  0.0391294  0.0374607  0.0392767  0.0353076  0.0345768  0.0490617  0.0485309  0.0426516  0.0408783  0.0375855  0.0400410  0.0384033  0.0428513  0.0593234  0.0544736  0.0486657  0.0446292
