              Isim, Ftarg, Btarg
   1 2019          0.3977734      21560.7846623       5544.3597106
   1 2021          0.4006982      21505.5782551       5565.0793168
   1 2023          0.3831494      21540.6201921       5473.4795574
   1 2025          0.4006982      21542.7851989       5562.2554648
   1 2027          0.4065479      21528.6920636       5614.3433770
   1 2029          0.4065479      21495.0669463       5608.7355432
   1 2031          0.4094727      21541.6111277       5589.7099142
   1 2033          0.4094727      21550.7045175       5588.0710039
   1 2035          0.4094727      21587.4929628       5581.4474122
   1 2037          0.4153223      21500.8684675       5575.9607321
   1 2039          0.4182471      21513.0242135       5563.3033876
   1 2041          0.3772998      21525.4339413       5376.9455798
   1 2043          0.3860742      21504.2495173       5474.0917739
   2 2019          0.3977734      21468.4703596       5520.6210708
   2 2021          0.4006982      21431.6704230       5549.2686074
   2 2023          0.4036230      21455.8441692       5581.8922708
   2 2025          0.3977734      21471.8998695       5544.0752436
   2 2027          0.3948486      21475.3220756       5521.1350774
   2 2029          0.4006982      21439.3659409       5543.5231878
   2 2031          0.3919238      21500.0695445       5484.4652725
   2 2033          0.3948486      21397.3983404       5497.0583489
   2 2035          0.3802246      21420.6464049       5396.3962860
   2 2037          0.3919238      21437.9726904       5477.7269487
   2 2039          0.4065479      21427.6493186       5599.0783868
   2 2041          0.4094727      21445.7511544       5594.8209362
   2 2043          0.4182471      21447.4056292       5587.3716815
   3 2019          0.3977734      21902.4674708       5632.2235072
   3 2021          0.4065479      21843.8516823       5689.8188044
   3 2023          0.4036230      21922.2849796       5680.8705919
   3 2025          0.4065479      21912.3266683       5706.5700931
   3 2027          0.4153223      21830.1226017       5707.0368804
   3 2029          0.4211719      21816.1160585       5703.1678878
   3 2031          0.4182471      21910.3798970       5696.1593117
   3 2033          0.4240967      21849.7473876       5697.0791113
   3 2035          0.4182471      21861.1525680       5701.2068483
   3 2037          0.4182471      21844.8417305       5702.8776640
   3 2039          0.4182471      21860.0045140       5701.3244767
   3 2041          0.4153223      21844.4521201       5705.5691995
   3 2043          0.3670630      21877.5565159       5430.5020512
   4 2019          0.3977734      22238.1558441       5718.5458336
   4 2021          0.4006982      22213.1070955       5719.8952603
   4 2023          0.4036230      22218.1605449       5779.2231504
   4 2025          0.4006982      22241.9795377       5765.6987445
   4 2027          0.3772998      22179.8228106       5594.6654996
   4 2029          0.3802246      22233.4888399       5588.2824637
   4 2031          0.3948486      22215.8838554       5686.8897083
   4 2033          0.4065479      22168.8318873       5747.9675529
   4 2035          0.3977734      22272.2238946       5732.8280388
   4 2037          0.3977734      22190.7211132       5751.3181693
   4 2039          0.3889990      22251.7193449       5690.1837640
   4 2041          0.4036230      22174.0909571       5770.1032716
   4 2043          0.4036230      22176.1905843       5769.2855371
   5 2019          0.3977734      21750.2088158       5593.0701663
   5 2021          0.4006982      21709.3306619       5613.1370479
   5 2023          0.3948486      21685.0443725       5594.9701592
   5 2025          0.3977734      21736.7080186       5618.2243867
   5 2027          0.3977734      21680.7474384       5638.6872113
   5 2029          0.3977734      21669.2501102       5634.5839427
   5 2031          0.3919238      21730.0740160       5551.3533550
   5 2033          0.3831494      21736.1457637       5481.9710098
   5 2035          0.3919238      21679.1345683       5589.0262685
   5 2037          0.3919238      21678.4436448       5588.8611600
   5 2039          0.3860742      21712.5338053       5544.6123405
   5 2041          0.3919238      21693.3169067       5603.8712035
   5 2043          0.3919238      21718.6813908       5608.6362267
   6 2019          0.3977734      22156.6315249       5697.5818401
   6 2021          0.3977734      22160.1635456       5729.1812416
   6 2023          0.4006982      22147.7548879       5745.7455084
   6 2025          0.4006982      22168.9255227       5733.1612718
   6 2027          0.3714502      22166.2844141       5561.3613807
   6 2029          0.3743750      22086.9710127       5578.6630807
   6 2031          0.3714502      22069.8221493       5544.4197195
   6 2033          0.3772998      22170.5970639       5619.9738765
   6 2035          0.3802246      22166.6327064       5645.5596566
   6 2037          0.3743750      22170.3814157       5592.0448175
   6 2039          0.3656006      22136.1031967       5486.7648735
   6 2041          0.3772998      22179.7831090       5609.4058302
   6 2043          0.3977734      22150.3674807       5730.8576000
   7 2019          0.3977734      21768.1921215       5597.6945766
   7 2021          0.3977734      21743.3863872       5627.9282546
   7 2023          0.3977734      21737.7315058       5610.5119030
   7 2025          0.3977734      21729.3938510       5597.4674932
   7 2027          0.3977734      21720.7821817       5581.2902207
   7 2029          0.3977734      21714.2636440       5565.7096421
   7 2031          0.3977734      21708.1274120       5544.5013144
   7 2033          0.3977734      21707.7872128       5542.8859774
   7 2035          0.3977734      21736.4537735       5608.6341717
   7 2037          0.3977734      21719.2114180       5577.8881869
   7 2039          0.3802246      21728.3655492       5456.7158921
   7 2041          0.3948486      21694.3269178       5558.6552166
   7 2043          0.4094727      21705.3347368       5662.8560516
   8 2019          0.3977734      21678.2755930       5574.5725249
   8 2021          0.3948486      21616.9580898       5527.9082236
   8 2023          0.3948486      21626.4545592       5535.8326518
   8 2025          0.3860742      21673.6847226       5538.7998925
   8 2027          0.3889990      21693.9534744       5566.7853236
   8 2029          0.3919238      21708.1533562       5555.3908262
   8 2031          0.3977734      21697.2038931       5615.7939580
   8 2033          0.3977734      21694.0732324       5594.7071129
   8 2035          0.3656006      21654.8127148       5374.1539460
   8 2037          0.3860742      21680.5556361       5532.4310125
   8 2039          0.4036230      21712.7520196       5642.2750259
   8 2041          0.4094727      21596.0343143       5646.4660436
   8 2043          0.4182471      21648.3550184       5622.9905269
   9 2019          0.3977734      21799.3631848       5605.7102212
   9 2021          0.4006982      21771.5465296       5648.9907807
   9 2023          0.3977734      21815.6087631       5653.6174905
   9 2025          0.3977734      21808.3065491       5630.6781536
   9 2027          0.3597510      21792.5807282       5296.2699483
   9 2029          0.3948486      21741.7309356       5580.0007354
   9 2031          0.4036230      21805.4512371       5654.9210299
   9 2033          0.4036230      21833.9923500       5647.7272267
   9 2035          0.4065479      21811.7254963       5635.1280885
   9 2037          0.4094727      21817.9476116       5615.6142213
   9 2039          0.4123975      21741.2020732       5616.7352803
   9 2041          0.3656006      21758.8220365       5366.3907203
   9 2043          0.3539014      21723.6314612       5202.2895753
  10 2019          0.3977734      21758.6010251       5595.2282244
  10 2021          0.3977734      21755.2136780       5620.0390815
  10 2023          0.3977734      21670.9838790       5606.9739826
  10 2025          0.3948486      21753.4934808       5579.1699770
  10 2027          0.3948486      21737.1515249       5565.4602290
  10 2029          0.3948486      21716.0642940       5545.4601437
  10 2031          0.3948486      21705.5141260       5534.1022510
  10 2033          0.3685254      21769.9526305       5412.8877634
  10 2035          0.3743750      21684.1383600       5436.2758750
  10 2037          0.3977734      21783.7329315       5612.9055357
  10 2039          0.3977734      21784.0437889       5609.6740183
  10 2041          0.3977734      21783.6354201       5614.0938864
  10 2043          0.4006982      21691.9741636       5557.2808709
  11 2019          0.3977734      21487.6525524       5525.5537752
  11 2021          0.4006982      21461.7986072       5542.0131138
  11 2023          0.4036230      21412.2019887       5562.1423888
  11 2025          0.3977734      21435.0924156       5544.0515496
  11 2027          0.3977734      21426.8989102       5536.7781496
  11 2029          0.3977734      21414.4687221       5524.9253129
  11 2031          0.3772998      21510.8150286       5414.5872310
  11 2033          0.3977734      21420.6686339       5539.2216679
  11 2035          0.4006982      21499.0567130       5555.7078423
  11 2037          0.4006982      21451.2317822       5560.9618671
  11 2039          0.4036230      21503.4907581       5558.9504106
  11 2041          0.4036230      21466.3526187       5570.6581417
  11 2043          0.4036230      21513.0195206       5555.9694441
  12 2019          0.3977734      21775.3854438       5599.5443407
  12 2021          0.4006982      21708.3146726       5626.7487720
  12 2023          0.4006982      21705.8961961       5644.3414173
  12 2025          0.4006982      21706.6884509       5640.2326288
  12 2027          0.4006982      21710.0547058       5626.6577208
  12 2029          0.4006982      21723.0611375       5593.4001749
  12 2031          0.3656006      21773.8285811       5354.2902210
  12 2033          0.4006982      21788.3796195       5619.6032923
  12 2035          0.4065479      21732.4393635       5671.1784101
  12 2037          0.3948486      21777.2802479       5628.5059824
  12 2039          0.3860742      21765.3169073       5547.9030161
  12 2041          0.3889990      21750.6547837       5562.8436158
  12 2043          0.3860742      21754.6947231       5562.6768848
  13 2019          0.3977734      21428.9070871       5510.4473681
  13 2021          0.4094727      21350.1382843       5579.0454896
  13 2023          0.3948486      21389.0092429       5499.9059573
  13 2025          0.3889990      21417.0428255       5462.9810699
  13 2027          0.3860742      21454.9053321       5426.4418483
  13 2029          0.3889990      21449.5418159       5473.9677267
  13 2031          0.3889990      21452.6274570       5474.9863534
  13 2033          0.3889990      21417.7428748       5463.2229039
  13 2035          0.3860742      21401.6571197       5404.1903634
  13 2037          0.3685254      21378.5959277       5344.7227164
  13 2039          0.3685254      21434.0585379       5354.6025231
  13 2041          0.3772998      21415.9518938       5436.0728028
  13 2043          0.3889990      21376.8200330       5511.0915796
