FL 2019 2020 2021 2022 2023 2024 2025 2026 2027 2028 2029 2030 2031 2032 2033 2034 2035 2036 2037 2038 2039 2040 2041 2042 2043 2044 2045
 1  0.7288134  0.6828020  0.6493102  0.6332880  0.6433996  0.6862050  0.6839017  0.6775360  0.6710771  0.6677245  0.6701064  0.6673081  0.6668119  0.6494097  0.6298130  0.6332813  0.6416855  0.5944940  0.5502887  0.6346758  0.6759944  0.6717466  0.6830813  0.6922982  0.7067250  0.7033165  0.6873737
 2  0.5725724  0.5236363  0.4942977  0.4732724  0.5247066  0.5744235  0.5766861  0.5497898  0.5053168  0.4756401  0.4839646  0.5273332  0.5459945  0.5288638  0.5111238  0.5420159  0.5574779  0.5089268  0.4952176  0.5830970  0.5988110  0.5920278  0.5896268  0.5886330  0.5886628  0.5809610  0.5477458
 3  0.7521145  0.7089222  0.6732501  0.6533902  0.6569117  0.7050393  0.7057136  0.6965204  0.6875052  0.6826126  0.6842925  0.6837769  0.6862738  0.6696557  0.6472154  0.6489736  0.6633577  0.6185211  0.5637122  0.6477084  0.7009385  0.6961874  0.7054738  0.7107027  0.7264516  0.7235507  0.7060534
 4  0.4566311  0.4168102  0.3849856  0.3591812  0.4758694  0.5201326  0.4824800  0.4143448  0.3654809  0.3602807  0.4094082  0.4671117  0.4705782  0.4303041  0.4320624  0.4939808  0.4981580  0.4252588  0.4522842  0.5428684  0.5419493  0.5205284  0.4948144  0.5021165  0.5113932  0.4813333  0.4273205
 1  0.7290193  0.6837632  0.6500220  0.6330476  0.6235373  0.6252483  0.6539695  0.6605902  0.6655055  0.6800152  0.6826402  0.6829708  0.6923508  0.6964202  0.7041790  0.7064929  0.7096262  0.7220857  0.7131194  0.7079303  0.6829978  0.6525627  0.6392981  0.5741334  0.5307210  0.6195123  0.6385372
 2  0.5731135  0.5245497  0.4940974  0.4731580  0.4575855  0.4813294  0.5284071  0.5433304  0.5502545  0.5601786  0.5580430  0.5505507  0.5496980  0.5504280  0.5544515  0.5550191  0.5752525  0.5941453  0.5924898  0.5711021  0.5257377  0.5071354  0.5154117  0.4780873  0.4721911  0.5640823  0.5688341
 3  0.7523618  0.7097663  0.6738295  0.6529944  0.6407549  0.6396469  0.6699810  0.6798418  0.6832468  0.6983377  0.7020118  0.7005262  0.7096775  0.7134305  0.7207667  0.7239492  0.7255010  0.7418896  0.7340729  0.7260825  0.7001394  0.6694749  0.6575228  0.5956367  0.5436040  0.6366633  0.6619651
 4  0.4573780  0.4167930  0.3835507  0.3615960  0.3551418  0.4210886  0.4706182  0.4619849  0.4686808  0.4833551  0.4637255  0.4543363  0.4544377  0.4544150  0.4638130  0.4529848  0.5012444  0.5250774  0.4922325  0.4432558  0.4123225  0.4317913  0.4493576  0.4032027  0.4338984  0.5232444  0.5167350
 1  0.7283085  0.6840649  0.6386237  0.6140924  0.6259596  0.6309679  0.6186522  0.6151751  0.6339130  0.6257352  0.6198367  0.6195844  0.6455000  0.6536004  0.6445261  0.6594498  0.6534210  0.6597185  0.6575009  0.6596979  0.6540425  0.6436393  0.6326533  0.6431276  0.6753988  0.6894067  0.6886692
 2  0.5726575  0.5248717  0.4851232  0.4749912  0.4940394  0.4988308  0.4896986  0.5144593  0.5424973  0.5338395  0.5198147  0.5265160  0.5602060  0.5640773  0.5578524  0.5591609  0.5569420  0.5579853  0.5584285  0.5555618  0.5412389  0.5201067  0.5183415  0.5661313  0.5946726  0.6012373  0.5853308
 3  0.7516802  0.7099042  0.6627436  0.6334236  0.6431761  0.6489553  0.6352193  0.6305245  0.6530496  0.6465238  0.6395013  0.6360105  0.6628203  0.6758044  0.6645753  0.6788262  0.6731645  0.6789249  0.6773519  0.6793949  0.6741465  0.6621253  0.6488695  0.6587500  0.6971117  0.7128943  0.7100698
 4  0.4573648  0.4163187  0.3784463  0.3933812  0.4209746  0.4091824  0.4092104  0.4642985  0.4820628  0.4581668  0.4357484  0.4653287  0.5080714  0.4935368  0.4812507  0.4865226  0.4828772  0.4867049  0.4842830  0.4777153  0.4489207  0.4232981  0.4550549  0.5199165  0.5380411  0.5218120  0.4717209
 1  0.7292546  0.6838715  0.6542654  0.6419444  0.6359472  0.6373377  0.6453414  0.6603347  0.6801372  0.7025558  0.7066166  0.7069744  0.7138273  0.7125662  0.7117096  0.7118431  0.7103149  0.7126714  0.7027886  0.6986505  0.6973580  0.7038872  0.6902332  0.6766212  0.6691549  0.6662716  0.6680521
 2  0.5718989  0.5240255  0.4981358  0.4814067  0.4705539  0.4710228  0.4886890  0.5178841  0.5603663  0.5880982  0.5915184  0.5835392  0.5729636  0.5611845  0.5440608  0.5345776  0.5386101  0.5463053  0.5495465  0.5500203  0.5668171  0.5801874  0.5667073  0.5354591  0.5068086  0.5069378  0.5220096
 3  0.7524902  0.7101030  0.6781253  0.6616834  0.6528823  0.6533056  0.6603835  0.6761244  0.6962617  0.7217155  0.7273793  0.7252132  0.7315352  0.7301370  0.7276259  0.7273498  0.7256402  0.7291388  0.7201182  0.7159437  0.7146636  0.7236629  0.7109788  0.6951011  0.6855407  0.6820874  0.6851144
 4  0.4556608  0.4177696  0.3866202  0.3682092  0.3713974  0.3784717  0.4108547  0.4465180  0.4973318  0.5203976  0.4978778  0.4783611  0.4736267  0.4479507  0.4251844  0.4206184  0.4447483  0.4555085  0.4533805  0.4591820  0.4944836  0.5051047  0.4634418  0.4090218  0.3962817  0.4264186  0.4471165
 1  0.7307392  0.6865300  0.6535230  0.6378048  0.6416158  0.6617726  0.6635239  0.6699350  0.6574236  0.6536845  0.6257620  0.5571639  0.6132154  0.6824779  0.6860838  0.6919438  0.6847362  0.6815713  0.6860894  0.7012856  0.6928138  0.6890883  0.6856192  0.6827156  0.6712592  0.6548738  0.6810460
 2  0.5709265  0.5237572  0.4953607  0.4800728  0.4979760  0.5269652  0.5406360  0.5455677  0.5425339  0.5426021  0.5123176  0.4486489  0.5482952  0.5950652  0.6004002  0.5863293  0.5542864  0.5232071  0.5473979  0.5842256  0.5840627  0.5643621  0.5356790  0.5167586  0.5038560  0.5391792  0.5844983
 3  0.7534590  0.7122673  0.6772395  0.6574909  0.6576496  0.6786710  0.6814249  0.6882013  0.6760126  0.6731327  0.6478082  0.5752621  0.6218080  0.7047547  0.7091449  0.7124196  0.7037123  0.6985533  0.7005371  0.7218835  0.7150522  0.7080287  0.7026636  0.6994698  0.6877643  0.6713036  0.7006733
 4  0.4540021  0.4161973  0.3847744  0.3748038  0.4270604  0.4567422  0.4624696  0.4618210  0.4671609  0.4718394  0.4147211  0.3730111  0.5129593  0.5416630  0.5153880  0.4801263  0.4361152  0.4029294  0.4887290  0.5256372  0.4885810  0.4412371  0.4223329  0.4096099  0.4151358  0.4884654  0.5276885
 1  0.7296156  0.6865713  0.6464648  0.6251032  0.6185242  0.6156117  0.6112010  0.6242841  0.6672982  0.6851418  0.6850115  0.6885507  0.7019212  0.7158842  0.7177521  0.7151190  0.7071037  0.7033556  0.7105994  0.7134321  0.7146474  0.7211135  0.7183834  0.7094181  0.6962811  0.6964931  0.7039883
 2  0.5721350  0.5249587  0.4893791  0.4717861  0.4721844  0.4758024  0.4838717  0.5379980  0.5845366  0.5946618  0.5808076  0.5533518  0.5383555  0.5459636  0.5595632  0.5640951  0.5496527  0.5325111  0.5420616  0.5579234  0.5770384  0.5982929  0.6013774  0.5872685  0.5585891  0.5630321  0.5750474
 3  0.7525046  0.7120612  0.6702714  0.6449767  0.6357096  0.6327858  0.6276065  0.6380214  0.6870049  0.7080092  0.7064186  0.7064127  0.7170655  0.7314175  0.7346428  0.7329952  0.7247583  0.7193617  0.7261780  0.7310705  0.7323736  0.7402542  0.7400325  0.7297253  0.7136453  0.7138020  0.7233218
 4  0.4555682  0.4155233  0.3809823  0.3730792  0.3904092  0.3939531  0.4124030  0.4954163  0.5307562  0.5182996  0.4683747  0.4181909  0.4307008  0.4598006  0.4734723  0.4636611  0.4276707  0.4160918  0.4562345  0.4746903  0.4974798  0.5270244  0.5192455  0.4715740  0.4528792  0.4911983  0.4953162
 1  0.7282820  0.6798776  0.6343637  0.6106695  0.6223138  0.6301873  0.6387244  0.6512433  0.6650886  0.6720995  0.6722012  0.6800604  0.6992581  0.6934951  0.6870363  0.6856638  0.6811714  0.6710418  0.6809632  0.7107716  0.7072717  0.7069800  0.7084800  0.7092498  0.7005446  0.6934913  0.6882716
 2  0.5697585  0.5218709  0.4857784  0.4719928  0.4818869  0.4806305  0.4722853  0.4748212  0.4914676  0.5058137  0.5212031  0.5707660  0.6019988  0.6007207  0.5837521  0.5618242  0.5378217  0.5191882  0.5764243  0.6110322  0.6152821  0.6041962  0.5881919  0.5713538  0.5415623  0.5174400  0.5000411
 3  0.7517544  0.7066486  0.6592448  0.6306620  0.6397697  0.6473800  0.6542731  0.6658802  0.6800809  0.6882232  0.6888379  0.6958203  0.7212903  0.7172754  0.7088260  0.7044486  0.6986768  0.6889856  0.6946468  0.7338062  0.7311871  0.7278124  0.7278020  0.7277900  0.7176660  0.7094689  0.7037259
 4  0.4555172  0.4185805  0.3818556  0.3841764  0.3970659  0.3784040  0.3606495  0.3771303  0.4054250  0.4175280  0.4382711  0.5176793  0.5439936  0.5224079  0.4801682  0.4496211  0.4385032  0.4218820  0.5247278  0.5552911  0.5323631  0.5044712  0.4888644  0.4606771  0.4192566  0.3945911  0.3828006
 1  0.7315684  0.6873880  0.6625221  0.6527803  0.6530583  0.6605935  0.6745339  0.6964305  0.6913179  0.6891145  0.6883095  0.6863594  0.6760085  0.6642160  0.6654591  0.6618625  0.6849630  0.7168151  0.7009289  0.6911590  0.6702294  0.6396394  0.6062086  0.5589009  0.6077044  0.6259658  0.6637161
 2  0.5697771  0.5223139  0.5015238  0.4852130  0.4682285  0.4601137  0.5044081  0.5581394  0.5781311  0.5806889  0.5763430  0.5593969  0.5267224  0.5001776  0.4981923  0.5134455  0.5908684  0.6175474  0.6069898  0.5805499  0.5404856  0.5064222  0.4714887  0.4853129  0.5450346  0.5676354  0.5931586
 3  0.7537993  0.7128146  0.6857668  0.6724065  0.6698081  0.6751276  0.6874075  0.7133661  0.7112140  0.7098127  0.7090610  0.7055025  0.6938009  0.6808066  0.6813649  0.6784292  0.6988645  0.7409637  0.7254580  0.7110906  0.6885591  0.6595039  0.6242229  0.5714486  0.6245766  0.6440933  0.6845385
 4  0.4515532  0.4146470  0.3901115  0.3637609  0.3404566  0.3435072  0.4473974  0.4995942  0.5061414  0.5039356  0.4842518  0.4496107  0.4088137  0.3931288  0.4085300  0.4392972  0.5403462  0.5585955  0.5112970  0.4632133  0.4479706  0.4110288  0.3841840  0.4504868  0.5004009  0.5192161  0.5396820
 1  0.7286303  0.6826911  0.6374401  0.6106545  0.5971322  0.6010859  0.6244007  0.6431097  0.6879303  0.7047464  0.7033885  0.6998175  0.6933244  0.6921164  0.6888012  0.6788507  0.6755939  0.6730662  0.6843807  0.6663528  0.6641064  0.6738490  0.6681281  0.6965229  0.7267338  0.7180912  0.7067469
 2  0.5686480  0.5225831  0.4854935  0.4597488  0.4520519  0.4804984  0.5189503  0.5584750  0.5961653  0.6078713  0.5965754  0.5717369  0.5375141  0.5187334  0.5077443  0.4934159  0.4926685  0.5319685  0.5676951  0.5645050  0.5662270  0.5737502  0.5635741  0.6078794  0.6256814  0.6235876  0.5948765
 3  0.7517398  0.7088155  0.6618696  0.6312364  0.6142640  0.6161217  0.6412417  0.6595282  0.7074378  0.7266126  0.7247401  0.7187921  0.7100245  0.7079854  0.7048888  0.6946290  0.6908464  0.6880048  0.7040026  0.6879364  0.6826787  0.6944308  0.6894592  0.7114096  0.7512457  0.7424156  0.7274157
 4  0.4547156  0.4168095  0.3804359  0.3556367  0.3702961  0.4256920  0.4599587  0.5043338  0.5348186  0.5316937  0.4966653  0.4467535  0.4158220  0.4128813  0.3955646  0.3776214  0.3921502  0.4762500  0.5071238  0.4828197  0.4967295  0.5045219  0.4733453  0.5460468  0.5654646  0.5335069  0.4636418
 1  0.7290541  0.6814757  0.6394743  0.6212333  0.6398742  0.6410837  0.6433440  0.6530149  0.6720212  0.6773370  0.6831411  0.6798084  0.6696994  0.6693724  0.6929857  0.7023154  0.7087799  0.7081279  0.6971782  0.6899941  0.6863599  0.6865449  0.6733868  0.5966110  0.6100056  0.6591634  0.6366704
 2  0.5720311  0.5230618  0.4883387  0.4903108  0.5133918  0.5089944  0.4857475  0.4793146  0.5042202  0.5329170  0.5615898  0.5663280  0.5517787  0.5625892  0.5906612  0.6064328  0.6065363  0.5957153  0.5627656  0.5225183  0.4954140  0.5057901  0.5344621  0.5178016  0.5612397  0.5815005  0.5563028
 3  0.7524456  0.7078604  0.6639237  0.6401408  0.6577896  0.6601972  0.6600350  0.6674094  0.6870749  0.6940566  0.7014791  0.7005124  0.6901508  0.6859159  0.7131342  0.7239404  0.7304610  0.7289386  0.7161122  0.7067547  0.7013633  0.7012808  0.6917234  0.6169920  0.6233058  0.6834564  0.6622812
 4  0.4569095  0.4176880  0.3832722  0.4166256  0.4412961  0.4045173  0.3538124  0.3829583  0.4294699  0.4644138  0.4936303  0.4873515  0.4540534  0.4964851  0.5320464  0.5341886  0.5237270  0.4927671  0.4371046  0.3838038  0.3743904  0.4289767  0.4701450  0.4654529  0.5198014  0.5284588  0.4717729
 1  0.7304056  0.6863066  0.6541586  0.6394052  0.6395112  0.6492417  0.6579444  0.6736685  0.6720502  0.6688414  0.6792082  0.6857691  0.7064462  0.7040767  0.6931625  0.6908290  0.6854447  0.6810962  0.6859212  0.6792423  0.6794994  0.6797969  0.6806954  0.6799451  0.6706086  0.6632007  0.6609948
 2  0.5719358  0.5241406  0.4956240  0.4785809  0.4774947  0.4889841  0.5140926  0.5376386  0.5327836  0.5196082  0.5270294  0.5658134  0.5951222  0.5996129  0.5827530  0.5686441  0.5518865  0.5401773  0.5437144  0.5384335  0.5297409  0.5247766  0.5343933  0.5436621  0.5391351  0.5284922  0.5388841
 3  0.7532408  0.7120878  0.6778608  0.6591234  0.6561831  0.6650521  0.6732399  0.6908992  0.6908231  0.6852191  0.6953833  0.7019842  0.7268589  0.7261076  0.7134435  0.7102354  0.7044941  0.6981279  0.7034089  0.6976682  0.6966701  0.6962505  0.6969352  0.6982854  0.6897165  0.6807950  0.6781029
 4  0.4545313  0.4161992  0.3842289  0.3682630  0.3844728  0.4027919  0.4435119  0.4609773  0.4245240  0.4160539  0.4447848  0.5067486  0.5324618  0.5145525  0.4886030  0.4759875  0.4473740  0.4475016  0.4591312  0.4418519  0.4235378  0.4262885  0.4572148  0.4655445  0.4424441  0.4373479  0.4713094
 1  0.7281665  0.6808234  0.6438402  0.6264680  0.6297381  0.6326665  0.6345578  0.6350755  0.6408220  0.6549126  0.6596048  0.6919477  0.7019815  0.7097849  0.6999029  0.6960106  0.6876608  0.6794045  0.6821792  0.6755980  0.6900006  0.6923932  0.6908928  0.6995993  0.7091287  0.6986198  0.6915989
 2  0.5709774  0.5221279  0.4917283  0.4801495  0.4846537  0.4852369  0.4795093  0.4772802  0.5088935  0.5452535  0.5798753  0.6024022  0.6141095  0.6099082  0.5865336  0.5559208  0.5184984  0.5116423  0.5343347  0.5578577  0.5765590  0.5782005  0.5678829  0.5809343  0.5926051  0.5868209  0.5691415
 3  0.7515019  0.7071882  0.6681395  0.6462874  0.6471237  0.6498472  0.6507849  0.6510547  0.6557466  0.6735700  0.6772462  0.7139026  0.7245963  0.7321153  0.7206821  0.7139348  0.7042462  0.6945403  0.6989520  0.6940887  0.7093761  0.7126964  0.7096929  0.7165798  0.7301809  0.7196989  0.7109915
 4  0.4557197  0.4170906  0.3853934  0.3860034  0.3993415  0.3913724  0.3805419  0.3861900  0.4509589  0.4877902  0.5220387  0.5435709  0.5404715  0.5223926  0.4741475  0.4299250  0.3943145  0.4267712  0.4667274  0.4891125  0.5036964  0.4883063  0.4694790  0.5104555  0.5220019  0.4940481  0.4708054
 1  0.7281973  0.6810513  0.6357801  0.6077753  0.6117354  0.6490852  0.6650466  0.6730898  0.6814658  0.6916352  0.7024890  0.7122022  0.7045014  0.6905613  0.6707996  0.6613836  0.6657717  0.6723629  0.7028161  0.6995581  0.6971752  0.7045577  0.7113869  0.7175429  0.7136282  0.7094682  0.7117686
 2  0.5743464  0.5232414  0.4853277  0.4573821  0.4810073  0.5282377  0.5472606  0.5408899  0.5207701  0.4961315  0.4938755  0.5333757  0.5593665  0.5618789  0.5504116  0.5476281  0.5506232  0.5838934  0.6069155  0.6063243  0.5871200  0.5633770  0.5462731  0.5440785  0.5640749  0.5987108  0.6078262
 3  0.7516029  0.7069893  0.6599497  0.6285410  0.6272231  0.6649520  0.6838340  0.6911150  0.6978366  0.7062324  0.7155118  0.7274246  0.7228376  0.7107843  0.6910351  0.6801802  0.6860493  0.6883520  0.7257743  0.7235984  0.7174277  0.7216667  0.7274140  0.7329752  0.7305635  0.7285529  0.7358045
 4  0.4584144  0.4155433  0.3827667  0.3521332  0.4178566  0.4717929  0.4647533  0.4264707  0.3854817  0.3491844  0.3974745  0.4613191  0.4849590  0.4794561  0.4627449  0.4755434  0.4709073  0.5254519  0.5490768  0.5175972  0.4652877  0.4403620  0.4343288  0.4495726  0.4908008  0.5386310  0.5398388
