2019 2020 2021 2022 2023 2024 2025 2026 2027 2028 2029 2030 2031 2032 2033 2034 2035 2036 2037 2038 2039 2040 2041 2042 2043 2044 2045
 0.3700447  0.2897137  0.2713461  0.3274172  0.2955725  0.2724391  0.2385970  0.3674420  0.4104685  0.4957081  0.7446816  0.5585582  0.6097200  0.7512065  1.1936742  1.5233785  1.6353352  1.6651585        NaN  1.6025871  0.6103536  0.1283809  0.1330794  0.2697008  0.2078308  0.4385940  0.5411295
 0.3581629  0.2856166  0.2869814  0.4047372  0.5026011  0.4193467  0.4354294  0.3393669  0.3303828  0.2729174  0.2616693  0.1979366  0.1792993  0.1856531  0.1800141  0.1869259  0.1889258  0.1687224  0.1723129  0.6177221  0.9134353  1.0092332  2.0110331  2.0954919        NaN        NaN  4.1967546
 0.3469262  0.4469132  0.4733142  0.3778200  0.4106672  0.6904711  1.1671300  0.8603388  0.8905709  0.6602702  0.7493183  0.9088610  0.8317908  0.5564361  0.5141084  0.5977040  0.5892426  0.5642562  0.5383215  0.4982696  0.5202662  0.8415609  1.3576418  0.8687942  0.1879479  0.1694187  0.1527865
 0.3481117  0.2147608  0.2004306  0.3650977  0.4006764  0.3154462  0.3760370  0.1935168  0.1841852  0.1248067  0.1261644  0.1738927  0.1531893  0.1890021  0.1913005  0.2333463  0.2319226  0.3172676  0.3528266  0.3233266  0.3124554  0.3658170  0.3594024  0.4208299  0.5652212  0.5334494  0.6706241
 0.3492800  0.2652719  0.2685539  0.3060535  0.3088721  0.3993835  0.4291392  0.6653385  0.8535478  0.8923772  1.4754351  0.8098942  0.6775823  0.1661848  0.1820239  0.3573783  0.4013456  0.5085968  0.5983853  0.2288631  0.1987382  0.3761911  0.4584772  0.7054043  1.3518908  0.5030910  0.3514019
 0.3398981  0.3849831  0.3895920  0.5130602  0.6800355  0.7193982  1.2104006  0.7657275  0.2445606  0.1866296  0.1722728  0.1557760  0.1595754  0.2366417  0.2403425  0.3016810  0.3583519  0.3179219  0.3552396  0.2302600  0.2036667  0.2065265  0.1615473  0.3785616  0.4438138  0.1935411  0.1635938
 0.3830502  0.4375110  0.4601998  0.2885766  0.2989499  0.2827208  0.3468824  0.3714758  0.4763106  0.5423075  0.7511551  0.6118230  0.3850828  0.2739756  0.2413437  0.4952451  0.6193876  0.5498099  0.4869684  0.1392454  0.1318557  0.1968279  0.1773453  0.3143662  0.3381071  0.3405093  0.4514410
 0.3706689  0.1573898  0.1477662  0.1611556  0.1794853  0.2946024  0.2759450  0.4620310  0.4663549  0.2607655  0.2586857  0.4265950  0.5431796  0.4738200  0.6495876  0.5176082  0.2289250  0.2617114  0.2322971  0.7036644  0.8889684  0.9140205  2.4882306  2.1976850  2.8467936  1.2501067  0.1076008
 0.3644012  0.4539894  0.4609368  0.5768679  0.8608434  0.6466095  0.7359140  0.1363999  0.1138643  0.2017958  0.1876060  0.3310439  0.3399533  0.3510415  0.4486767  0.4567184  0.6798090  0.6607318  0.6299468  0.5920952  0.5549347  0.4643327  0.1716113  0.1342750  0.0966238  0.1975618  0.1926399
 0.3855958  0.4070336  0.4255455  0.3682161  0.3555000  0.3030843  0.3780197  0.4350643  0.5459430  0.5459561  0.5666993  0.5137311  0.5691864  0.5512063  0.1676488  0.1750382  0.1494372  0.3145522  0.3432389  0.4096740  0.5959268  1.1166616        NaN  3.0845537  2.1872571  0.8700472  0.7508325
 0.3454323  0.2595130  0.2407657  0.2679034  0.2835195  0.3302565  0.3601755  0.3291728  0.3708820  0.3868506  0.4391052  0.2860810  0.2064550  0.3642594  0.3416964  0.3324166  0.3491814  0.3695756  0.3865862  0.2701554  0.2946046  0.4306744  0.5144246  0.4261340  0.4896671  0.6416985  0.7860887
 0.3874715  0.3357733  0.3371647  0.3717584  0.3968551  0.4350400  0.5896324  0.6715029  1.0293403  0.6874343  0.5464298  0.1480045  0.1378879  0.2468372  0.2392336  0.3847059  0.4531616  0.5373096  0.5295024  0.2650172  0.2246902  0.2688296  0.2628558  0.3367276  0.2668123  0.3755750  0.3571740
 0.4074468  0.4535088  0.4803247  0.3038744  0.3543494  0.2242321  0.2061153  0.1690849  0.1876509  0.3181157  0.4225225  0.5357909  0.6454264  0.6515103  0.8185412  0.6052100  0.6277320  0.5579255  0.1694409  0.1389892  0.1309760  0.1969110  0.2081328  0.4431223  0.5474143  0.3881196  0.2768078
 0.3874858  0.3186763  0.3139320  0.6201707  0.9035056  0.8557922  0.7770355  0.6677285  0.7192325  0.4867956  0.4359952  0.4201678  0.3681359  0.4539295  0.5456796  0.4561350  0.3511373  0.1708287  0.1540410  0.2180770  0.2006352  0.3810395  0.5255011  0.5580647  0.8637293  0.7428135  0.9877277
 0.4330903  0.3874387  0.4071443  0.3922602  0.3999794  0.2868120  0.3055289  0.3068510  0.4086466  0.5704557  0.7114830  0.1133517  0.0800518  0.2052283  0.2142851  0.2165855  0.2605501  0.3780498  0.4761145  0.4689755  0.4523740  0.3129102  0.3247577  0.2614010  0.2418035  0.1862381  0.1689734
 0.3942923  0.3340068  0.3120047  0.3018421  0.3276764  0.4641257  0.5237060  0.5574232  0.5992661  0.4676787  0.3931517  0.3404114  0.3375877  0.3813862  0.4268234  0.3217747  0.2767390  0.1946814  0.1824022  0.2908769  0.3547684  0.4796784  0.7713266  0.5464569  0.5122797  0.3547655  0.3181938
 0.3817389  0.5008118  0.5393993  0.3340639  0.3426281  0.3472348  0.3665131  0.2865581  0.3129513  0.2603555  0.2432893  0.2443902  0.1955788  0.2192352  0.1458250  0.2745911  0.3161886  0.4696436  0.4856230  0.3775480  0.4343962  0.6194319  0.9954261  0.6545184  0.7852769  0.3985518  0.3171807
 0.3184712  0.2730330  0.2692816  0.3680970  0.3791086  0.3528020  0.3516154  0.4406331  0.5947741  0.7155991  1.0625087  0.5896728  0.5506721  0.6208981  0.2927811  0.2120768  0.1922703  0.2012255  0.2115147  0.2705036  0.2235530  0.1996983  0.1895457  0.2595478  0.2936111  0.2657704  0.2288629
 0.3667083  0.3407582  0.3263168  0.8820547  4.7570842        NaN        NaN        NaN        NaN        NaN  2.5760254  0.9426971  0.8188699  1.1563645  1.0969121  0.7387579  0.5732701  0.5914447  0.6071806  0.5349307  0.4931465  0.6189216  0.9148335  0.9924434  0.7810629  0.5930369  0.4163488
 0.3677299  0.3335436  0.3225620  0.4001866  0.4105437  0.3336748  0.3742832  0.4861459  0.7408941  0.1542828  0.1298175  0.1904010  0.1849674  0.3054165  0.3192231  0.5196616  0.5838522  0.8231719  1.4634800  0.9602943  0.7325030  0.7815484  0.9704660  0.7230764  0.8569656  0.5523407  0.4410744
 0.3255887  0.2490758  0.2521796  0.2481722  0.2849263  0.2068400  0.2274087  0.2386900  0.2255236  0.1393138  0.1389909  0.2207069  0.2229362  0.2847490  0.2981876  0.4629222  0.6875978  1.0094446        NaN  1.7376711  1.0932511  0.4274404  0.3396978  0.4537288  0.4600018  0.2475108  0.1942855
 0.3397852  0.2561929  0.2648446  0.2887841  0.3280065  0.2550905  0.2713501  0.4706116  0.6682286  0.3062430  0.1420214  0.1649252  0.1503108  0.2654940  0.3067370  0.3653842  0.4591078  0.3828742  0.3903959  0.3690000  0.3383212  0.2213005  0.1977523  0.1657841  0.1707050  0.1746663  0.1839257
 0.3834312  0.2687761  0.2532925  0.5783427  0.6575425  1.5554116        NaN  0.7975793  0.6480130  0.6305030  0.6100489  1.2059539  1.9060924  0.7634957  0.4917315  0.4505035  0.4179902  0.2889499  0.2964631  0.2875159  0.3176767  0.2411353  0.2370483  0.3680786  0.3945385  0.4443103  0.5509885
 0.3568089  0.3283236  0.3344433  0.3438206  0.4354052  0.5030474  0.5995093  0.5071074  0.5416289  0.5673606  0.6679256  0.9922682  1.5373575  1.1079701  0.7282421  0.1113398  0.1084641  0.1914650  0.1412283  0.3127552  0.3192640  0.3994093  0.5644750  0.3663205  0.4924966  0.3125275  0.2926180
 0.3219950  0.2589949  0.2681231  0.3804674  0.3841052  0.4041295  0.4800709  0.7029805  1.3345637  0.8354203  0.7836968  0.4296002  0.1171606  0.1597331  0.1607156  0.3060935  0.2653838  0.2640717  0.2635383  0.3052800  0.3944132  0.4099092  0.3171347  0.3246925  0.3490939  0.3421831  0.4386510
 0.3351417  0.2552153  0.2477619  0.2548774  0.2910832  0.4947898  0.8360807  0.5787861  0.5485408  0.4198728  0.1932716  0.1504146  0.1247859  0.2136029  0.2128315  0.1797084  0.1891446  0.1951684  0.2200810  0.2543103  0.2892115  0.2938727  0.2936329  0.3010010  0.3464761  0.2465806  0.2454623
 0.3404215  0.2751119  0.2716324  0.3576467  0.3879421  0.3963505  0.4714554  0.3323169  0.3614011  0.3885104  0.3814661  0.1530948  0.1233569  0.1394375  0.1546233  0.2187572  0.2323219  0.2379450  0.2582335  0.2605600  0.2652323  0.1548877  0.1512419  0.1823415  0.1681902  0.2084603  0.1746799
 0.3831411  0.3075384  0.2902643  0.3102284  0.3159596  0.2887630  0.3010784  0.3002489  0.3712607  0.3909440  0.4678362  0.5727740  0.6688553  0.5074527  0.5441643  0.8171366  1.4997960  1.6835828  0.9616230  0.1099722  0.0970433  0.1200633  0.1107898  0.2560820  0.2845768  0.4310800  0.6680152
 0.3449323  0.2905712  0.2827842  0.4897711  0.6335863  0.5886823  0.8153596  0.6111924  0.2577963  0.1328493  0.1220967  0.2352111  0.2569856  0.3011085  0.3327438  0.2443201  0.2406568  0.3303207  0.2958216  0.2713189  0.2702074  0.3352642  0.3271239  0.3067478  0.3420205  0.1852955  0.1786600
 0.3105468  0.3221505  0.3168492  0.3247030  0.4120328  0.6862068  1.5669142  2.1504109  3.0979264  0.8348422  0.0815478  0.1329140  0.1300261  0.2949696  0.3464542  0.3468853  0.3438569  0.1296076  0.1112366  0.2336851  0.2467017  0.5960151  0.8288127  0.4510799  0.3733824  0.3512857  0.2606161
 0.3946093  0.3609219  0.3555748  0.4155753  0.5440175  0.4500614  0.3612181  0.3346481  0.3199658  0.4079668  0.5446722  0.3329807  0.3597914  0.3662781  0.3089241  0.2271115  0.1883877  0.2370375  0.2282254  0.3531424  0.4155478  0.3746323  0.4016304  0.2656341  0.2861525  0.2368810  0.2338935
 0.3114949  0.3813416  0.3870874  0.2429348  0.2722444  0.2960199  0.3453210  0.2917158  0.3199171  0.1418645  0.1362973  0.1872089  0.1639142  0.2136947  0.2098575  0.2829010  0.3014385  0.2781979  0.3518590  0.4086018  0.5488209  0.5403410  0.5109620  0.5876406  0.6957257  0.6954815  0.5026628
 0.3588675  0.8428351  1.1932645  1.1300618        NaN        NaN        NaN  2.4306685  0.6866527  0.4877903  0.4172328  0.4567330  0.2290269  0.2552980  0.2312562  0.2245548  0.2387802  0.2786655  0.2731424  0.5271982  0.6946832  0.3240914  0.2190581  0.2522536  0.2800046  0.3376887  0.4548857
 0.3602931  0.1996116  0.2082977  0.2592302  0.2410884  0.3195612  0.3142579  0.2575629  0.2501972  0.3289660  0.3537728  0.6598434  1.2561168  3.6729179        NaN  4.8592872  1.7064168  0.4570296  0.0604325  0.1085044  0.0985967  0.2047382  0.2166594  0.3507266  0.4157038  0.2811845  0.2798473
 0.4004679  0.1571285  0.1403638  0.2433631  0.2556496  0.2528647  0.2496632  0.2131607  0.2041411  0.1677650  0.1476018  0.1890919  0.2080638  0.2840778  0.3749861  0.2068485  0.1963725  0.3352755  0.3494720  0.2877436  0.2982432  0.2501347  0.2379858  0.2776539  0.3200737  0.5175038  0.7241112
 0.3703705  0.2689859  0.2577247  0.2612162  0.2429452  0.3101512  0.3312121  0.4100691  0.3677331  0.3173002  0.3529258  0.4913010  0.6353787  0.3757037  0.3482975  0.3644461  0.3431295  0.5739204  0.6921387  0.6100699  0.7073465  0.4165180  0.2125996  0.2472038  0.2184474  0.2434442  0.2172553
 0.3258980  0.4132893  0.4341670  0.3727297  0.4480366  0.3810967  0.3866296  0.4682251  0.4540426  0.4059262  0.3370366  0.3087380  0.3467013  0.5116791  0.7470597  0.8499847  1.5867912  1.4045903  1.9546272  4.4617060        NaN        NaN        NaN  2.2197680  1.1415679  0.9575386  1.0109523
 0.3571923  0.3852339  0.4055714  0.4336371  0.4903408  0.4418916  0.3369557  0.2141180  0.1866238  0.2851059  0.2735997  0.4468114  0.5979195  0.5649292  0.5773669  0.5029169  0.4178928  0.2153522  0.1980100  0.2695847  0.2768767  0.3946413  0.3648056  0.4398553  0.4283717  0.5123801  0.6278416
 0.3827605  0.2708950  0.2815007  0.2985543  0.3102346  0.4037247  0.4814517  0.5994590  0.8980671  0.7203411  0.8370288  0.2187324  0.1656736  0.2834382  0.2966685  0.3340516  0.3788848  0.2621599  0.2767907  0.2686811  0.2632458  0.3387380  0.3630170  0.3171997  0.3124435  0.3865358  0.4385192
 0.4425226  0.3594505  0.3642755  0.4575490  0.5070408  0.3797653  0.3692571  0.3674133  0.3619482  0.4409143  0.6078760  0.4993675  0.5137986  0.4552571  0.5566651  0.7083626  0.8945267  0.9558239  1.2898345  1.5098990  2.1795052  2.6139261  1.0760245  0.0813164  0.0776680  0.1730881  0.2260363
 0.4173530  0.4280911  0.4389437  0.4978250  0.6505144  0.6402284  0.9423317  0.8874431  1.1101036  0.5557855  0.1103816  0.1666925  0.1632071  0.1810316  0.1847928  0.1981874  0.2083926  0.1607148  0.1561940  0.2312147  0.2207149  0.3080261  0.3316692  0.2602556  0.2496685  0.3158562  0.3888959
 0.3579241  0.4321289  0.4379072  0.4475243  0.6113706  0.4474140  0.3577949  0.3071179  0.2612146  0.2627070  0.2796632  0.2957171  0.2701096  0.5125035  0.6985893  0.6830844  0.5440160  0.3065411  0.3169398  0.4267908  0.4349732  0.2786202  0.2748650  0.3987844  0.4213806  0.2269761  0.2041244
 0.2962493  0.4447105  0.4719364  0.5106159  0.5637644  0.5911884  0.6021169  0.3672029  0.4277554  0.3852196  0.4019017  0.4499607  0.5026101  0.4183813  0.4292123  0.5456670  0.6232201  0.8303298  1.2425765  1.3908579  1.2847286  1.0585931  1.0210202  0.9174540  0.7689177  0.0810620  0.0815914
 0.3871243  0.3140076  0.3364000  0.2266316  0.1871474  0.2111676  0.2778517  0.3252165  0.2472660  0.2474071  0.2510705  0.2783337  0.3012077  0.3054496  0.3605347  0.3968175  0.4136508  0.2681699  0.2156862  0.2875716  0.2965801  0.3118053  0.3073426  0.2944669  0.3661246  0.4841049  0.6957395
 0.3871017  0.4736028  0.4995325  1.1407957        NaN        NaN        NaN  0.8907235  0.5421611  0.4630989  0.3929383  0.4559235  0.5695924  0.5446898  0.1404599  0.2093003  0.1861198  0.3343859  0.4575945  0.5691657  0.3705708  0.3560839  0.3592489  0.4890484  0.5567919  0.4128706  0.5541066
 0.3782739  0.3613331  0.3650234  0.3705625  0.4591081  0.4911065  0.5952064  0.6222856  0.8393445  0.4224366  0.2735439  0.2910818  0.3024381  0.3465041  0.3670945  0.4438750  0.3438792  0.2826845  0.2732049  0.4696181  0.6259454  0.4336420  0.4570016  0.2518851  0.1961381  0.3202984  0.3637289
 0.4118165  0.3821161  0.4153494  0.4119578  0.5079207  0.6685124  0.8329856  0.3709635  0.2758557  0.2565363  0.2368733  0.2433602  0.2329766  0.2605459  0.2704685  0.3653020  0.5138496  0.7728855  1.2424695  0.6673204  0.6245932  0.5510289  0.2253971  0.4038250  0.3019558  0.3509142  0.3939553
 0.3460531  0.2947628  0.2861361  0.2242436  0.2567671  0.4887186  0.7456491  0.2778623  0.2163258  0.2762534  0.2768911  0.2610973  0.2728583  0.2878931  0.3198344  0.5071561  0.6154927  0.2292715  0.2042857  0.3020581  0.2979323  0.2443865  0.2450815  0.4091483  0.5288672  0.4529569  0.3942640
 0.3952400  0.2928935  0.3048629  0.2420985  0.2074566  0.2914263  0.2917419  0.2521344  0.2649072  0.3251836  0.3915358  0.4544332  0.3886764  0.2559788  0.2132842  0.3308264  0.3619875  0.3004181  0.2965951  0.2331574  0.2319077  0.1212802  0.1398937  0.1852146  0.1746378  0.2653256  0.2672222
