              Isim, Ftarg, Btarg
   1 2019          0.3977734     129364.7079738      33266.1582637
   1 2021          0.3626758     128982.6822601      31658.9500762
   1 2023          0.3509766     129493.7543473      30755.2833179
   1 2025          0.3889990     129204.8341086      32961.8156627
   1 2027          0.4065479     128994.0264062      33634.4040169
   1 2029          0.3977734     129534.8667810      33500.4327975
   1 2031          0.3948486     129271.0424929      33299.2760545
   1 2033          0.3948486     129089.2662848      33366.6751086
   1 2035          0.3977734     129177.6690480      33488.5477224
   1 2037          0.3889990     129003.7554874      33138.3862708
   1 2039          0.3685254     129179.2837660      31951.8705867
   1 2041          0.3860742     129503.2995779      32729.6572083
   1 2043          0.3919238     128896.1437687      33073.6175693
   2 2019          0.3977734     128814.4188190      33124.6513071
   2 2021          0.3714502     128730.7271607      31888.4875308
   2 2023          0.3889990     128462.4405400      32756.9310866
   2 2025          0.3889990     128927.4468418      32766.9100376
   2 2027          0.3919238     128940.0496487      32948.1773237
   2 2029          0.3977734     128846.0062442      33186.6571821
   2 2031          0.3977734     128787.7122086      33038.1463680
   2 2033          0.3977734     128757.4126551      32994.3855266
   2 2035          0.3802246     128391.3263230      32268.5199753
   2 2037          0.3919238     128678.4316714      32794.7958014
   2 2039          0.4094727     128493.6702117      33629.3102458
   2 2041          0.4036230     128870.0060169      33501.0986162
   2 2043          0.3919238     128893.5097572      33106.7488542
   3 2019          0.3977734     131418.4014862      33794.2659252
   3 2021          0.3685254     131170.1726898      32474.9284227
   3 2023          0.3802246     131012.4794244      33010.5425392
   3 2025          0.3977734     131216.5572613      33970.0278548
   3 2027          0.3977734     131030.7873335      33869.6994937
   3 2029          0.3977734     131619.2243903      33901.7392710
   3 2031          0.3919238     131486.1651078      33775.5128676
   3 2033          0.3919238     131202.6593995      33528.7707224
   3 2035          0.3948486     131130.0404849      33827.7896831
   3 2037          0.3948486     131303.1485381      33828.8743177
   3 2039          0.4006982     131491.7464628      33951.1494615
   3 2041          0.4006982     131286.3525328      34044.8151177
   3 2043          0.3743750     131335.1476136      32971.7656840
   4 2019          0.3977734     133428.9350648      34311.2750019
   4 2021          0.3597510     133599.0984331      32278.9973079
   4 2023          0.3860742     133224.8946308      33862.9362467
   4 2025          0.3919238     132955.5059600      34094.9006174
   4 2027          0.3714502     133042.7237241      33179.6053344
   4 2029          0.3729126     133268.4496646      33229.1488329
   4 2031          0.3919238     133386.3271122      33967.0514116
   4 2033          0.3977734     133639.3268106      34247.1900427
   4 2035          0.3948486     133097.7759718      34255.7131913
   4 2037          0.3977734     133202.9094339      34448.7013277
   4 2039          0.3889990     133160.9399818      34082.1615910
   4 2041          0.3977734     133496.3290738      34469.4583939
   4 2043          0.4036230     133088.2900545      34645.0449947
   5 2019          0.3977734     130501.2528948      33558.4209976
   5 2021          0.3626758     129999.4419378      31882.0777823
   5 2023          0.3656006     130141.0257958      32066.8230456
   5 2025          0.3889990     130073.5724507      33302.9130165
   5 2027          0.3948486     130388.7499510      33702.6842602
   5 2029          0.4065479     130241.3676397      34061.8336897
   5 2031          0.3831494     130533.6970074      33128.4245093
   5 2033          0.3831494     130228.0555418      32909.3617635
   5 2035          0.4094727     130010.2636085      33980.8137568
   5 2037          0.3919238     130549.9763013      33559.0761990
   5 2039          0.3977734     130215.5372208      33456.7015985
   5 2041          0.4094727     130012.7204938      34007.0198156
   5 2043          0.4006982     130465.2084494      33926.9198121
   6 2019          0.3977734     132943.3858106      34186.4159225
   6 2021          0.3714502     132717.0952896      33069.4256696
   6 2023          0.3860742     132552.5589154      33824.4190631
   6 2025          0.3948486     132729.8798766      34247.5728996
   6 2027          0.3831494     132668.8513651      33777.2958394
   6 2029          0.4006982     132617.6401390      34333.5200217
   6 2031          0.3977734     133067.9711818      34160.6564494
   6 2033          0.3977734     133131.3970850      34230.1753533
   6 2035          0.4036230     132466.5786664      34507.0075056
   6 2037          0.3948486     132519.3409580      34210.9424804
   6 2039          0.3743750     133095.7905795      33289.5313091
   6 2041          0.3860742     132783.3865199      33788.1709317
   6 2043          0.3948486     133007.8599783      34264.1078717
   7 2019          0.3977734     130609.1527291      33586.1674596
   7 2021          0.3714502     130316.4214850      32456.8755181
   7 2023          0.3802246     130678.7366719      32704.6491133
   7 2025          0.3948486     130341.7540839      33481.7973255
   7 2027          0.4036230     130146.5865920      33795.0150401
   7 2029          0.3977734     130115.9506357      33660.4416702
   7 2031          0.3772998     130675.5429079      32836.8260843
   7 2033          0.3860742     130201.3508803      33116.1364673
   7 2035          0.4006982     130572.0350900      33894.3902794
   7 2037          0.3772998     130774.6119312      32966.1051689
   7 2039          0.3772998     130094.1210282      32622.3506121
   7 2041          0.3948486     130664.5452826      33325.5184996
   7 2043          0.4065479     130595.5326809      33921.5328549
   8 2019          0.3977734     130069.6535577      33447.4351493
   8 2021          0.3568262     130084.8669465      31146.1210189
   8 2023          0.3743750     130006.8162550      32264.5444321
   8 2025          0.3743750     130022.2333227      32475.0430075
   8 2027          0.3860742     130145.3384524      33170.8334821
   8 2029          0.3948486     129968.8972184      33327.3815630
   8 2031          0.4036230     129715.4914707      33828.9231607
   8 2033          0.4006982     129825.5904774      33728.1820490
   8 2035          0.3656006     130152.6677324      32164.8408915
   8 2037          0.3889990     130191.9233199      33261.5506091
   8 2039          0.4036230     130084.2724028      33815.8401044
   8 2041          0.4036230     129747.3655271      33848.4537787
   8 2043          0.3831494     129737.4007893      32888.1022074
   9 2019          0.3977734     130799.7757697      33635.1862093
   9 2021          0.3743750     130882.6390495      32693.1198314
   9 2023          0.3860742     130979.5128114      33384.3528309
   9 2025          0.3860742     130568.3420598      33347.7552204
   9 2027          0.3597510     130890.1364152      31796.3719733
   9 2029          0.3889990     130909.8778496      33344.1831979
   9 2031          0.4036230     130443.0197517      33880.9164417
   9 2033          0.4065479     130498.0019836      34007.2698510
   9 2035          0.4006982     130789.8181878      33827.5063068
   9 2037          0.3860742     130903.8109662      33220.1957651
   9 2039          0.3860742     130742.4125433      33135.2357458
   9 2041          0.3743750     130886.2751964      32722.0856531
   9 2043          0.3597510     131014.7129279      31806.8631667
  10 2019          0.3977734     130555.2028120      33572.2942286
  10 2021          0.3641382     130421.2407213      32139.5941127
  10 2023          0.3772998     130411.9241082      32633.8122246
  10 2025          0.4065479     130598.9278183      33774.7533640
  10 2027          0.4036230     130086.6723621      33766.6025822
  10 2029          0.3948486     130269.3222115      33496.8186848
  10 2031          0.3977734     130088.0936088      33554.9460801
  10 2033          0.3802246     130028.6046483      32905.7486827
  10 2035          0.3860742     130371.4577802      33099.5137912
  10 2037          0.4036230     130349.9596741      33842.6763548
  10 2039          0.4036230     130333.7617662      33900.5839706
  10 2041          0.3977734     130543.3287790      33843.9812928
  10 2043          0.3831494     130565.8314269      33088.9187829
  11 2019          0.3977734     128929.5119756      33154.2475333
  11 2021          0.3597510     128677.6135575      31263.2403851
  11 2023          0.3772998     129121.4208286      32237.7295198
  11 2025          0.3860742     128492.4696697      32696.8604404
  11 2027          0.3977734     129053.7581162      33225.3149885
  11 2029          0.3977734     128556.2749954      33219.3174525
  11 2031          0.3802246     128870.5580963      32571.3497209
  11 2033          0.3977734     128721.0919020      33222.9184563
  11 2035          0.3977734     129012.2544687      33217.8775172
  11 2037          0.4065479     128687.2762651      33474.1413720
  11 2039          0.4036230     128535.7961630      33317.6124365
  11 2041          0.3977734     128611.9415855      33292.3705956
  11 2043          0.4006982     129012.8084842      33322.6125605
  12 2019          0.3977734     130652.3126628      33597.2660445
  12 2021          0.3656006     130708.9827283      32113.9978810
  12 2023          0.3802246     130408.2800025      32935.6607238
  12 2025          0.4036230     130142.8630258      33840.8107392
  12 2027          0.3977734     130320.4279068      33770.4643857
  12 2029          0.3802246     130397.4763978      33108.4772722
  12 2031          0.3685254     130656.0269929      32359.0757315
  12 2033          0.4006982     130312.3754175      33635.8018760
  12 2035          0.4094727     130422.8975890      34028.5948419
  12 2037          0.3977734     130473.8858879      33778.6768869
  12 2039          0.3860742     130838.3052842      33161.8474917
  12 2041          0.3889990     130678.7885968      33286.2560563
  12 2043          0.3860742     130840.1321145      33289.8956041
  13 2019          0.3977734     128573.4425225      33062.6842085
  13 2021          0.3743750     128104.3664965      32023.4499992
  13 2023          0.3685254     128454.8296319      31709.5377032
  13 2025          0.3860742     128746.9518275      32522.5690221
  13 2027          0.3977734     128503.2791849      32991.7134174
  13 2029          0.4006982     128420.2850113      33285.8843059
  13 2031          0.3977734     128256.5406913      33219.7662465
  13 2033          0.4006982     128208.1647344      33292.1299606
  13 2035          0.3831494     128310.7619834      32661.0155435
  13 2037          0.3772998     128669.5106580      32459.8136506
  13 2039          0.3948486     128616.4986884      32981.9244350
  13 2041          0.4006982     128649.5179787      33212.2450800
  13 2043          0.3919238     128067.1883942      33035.6825717
  14 2019          0.3977734     131911.1440627      33920.9747687
  14 2021          0.3714502     132078.1633016      32856.6020014
  14 2023          0.3860742     131845.9407391      33607.8883252
  14 2025          0.3860742     132096.8075018      33645.5425427
  14 2027          0.4006982     131768.0838368      34226.8083945
  14 2029          0.3860742     131750.2742828      33690.7221342
  14 2031          0.3919238     131702.5216719      33837.6876324
  14 2033          0.4036230     131443.8723946      34235.4758007
  14 2035          0.3860742     131893.5034669      33602.1335927
  14 2037          0.3714502     132051.5348631      32764.7360953
  14 2039          0.3919238     131747.7664543      33671.4810560
  14 2041          0.4094727     131579.7967310      34426.2558705
  14 2043          0.4006982     131564.5141041      34194.2553901
  15 2019          0.3977734     126951.3483472      32645.5623953
  15 2021          0.3656006     126967.9676069      31274.8536830
  15 2023          0.3685254     126932.4931356      31458.0711463
  15 2025          0.3977734     127020.0217886      32634.7023166
  15 2027          0.4123975     126731.7160615      33070.0958600
  15 2029          0.3860742     127052.1819363      32424.0477723
  15 2031          0.3597510     126903.5475361      30851.1940238
  15 2033          0.4036230     126998.5551653      32851.9077935
  15 2035          0.4065479     126819.4239147      32926.0894594
  15 2037          0.3977734     126882.1579073      32800.7903833
  15 2039          0.3948486     126668.4333467      32611.6470259
  15 2041          0.4006982     127033.6071239      32690.9368301
  15 2043          0.3889990     126971.5819873      32203.7882627
  16 2019          0.3977734     131163.0385451      33728.5992983
  16 2021          0.3685254     130847.2080611      32449.0582603
  16 2023          0.3802246     130839.9288944      32881.5258752
  16 2025          0.3919238     130759.5416545      33593.1734452
  16 2027          0.3948486     130824.9603174      33756.6392211
  16 2029          0.3889990     131026.8819459      33546.4962752
  16 2031          0.3977734     131144.0423361      33813.2886719
  16 2033          0.4036230     131203.4528016      33983.7189152
  16 2035          0.3685254     130664.4452986      32425.3085873
  16 2037          0.3860742     131096.2869894      33223.3475502
  16 2039          0.4094727     130923.1617531      34139.4588476
  16 2041          0.4036230     131042.7608241      34096.8729649
  16 2043          0.3948486     131169.3110656      33787.5329135
  17 2019          0.3977734     128918.7219921      33151.4728871
  17 2021          0.3714502     128820.9271014      32075.7383294
  17 2023          0.3743750     129036.5320861      32102.5610434
  17 2025          0.3977734     128561.6109342      33168.9668351
  17 2027          0.3948486     128695.7149654      33048.5434646
  17 2029          0.3889990     129053.7941343      32833.1310469
  17 2031          0.3919238     128758.9146502      32821.1452246
  17 2033          0.3860742     128474.8271011      32530.3276452
  17 2035          0.4123975     128901.8511218      33589.7820212
  17 2037          0.3977734     129051.4843850      33326.9251432
  17 2039          0.4036230     128845.7054267      33480.2233111
  17 2041          0.4036230     128729.5196145      33560.6681495
  17 2043          0.3831494     128979.8478192      32827.2818702
  18 2019          0.3977734     133169.9754626      34244.6834929
  18 2021          0.3626758     133210.2170216      32513.1690091
  18 2023          0.3772998     132666.6521397      33286.0423277
  18 2025          0.3948486     132933.5022717      33997.5901874
  18 2027          0.4123975     132942.7613852      34746.5409688
  18 2029          0.3919238     133028.0240041      34245.9936018
  18 2031          0.3889990     133093.8363339      34012.5822260
  18 2033          0.3977734     132718.8960804      34289.7977562
  18 2035          0.3919238     132920.7819170      33975.3911132
  18 2037          0.3889990     133298.6615387      33968.6344004
  18 2039          0.3860742     132947.4081891      33784.0818566
  18 2041          0.3948486     133114.6857730      34138.4350965
  18 2043          0.4065479     133243.8511618      34576.0796926
  19 2019          0.3977734     129310.7580567      33252.2850327
  19 2021          0.3685254     129211.6272032      32017.2814487
  19 2023          0.4006982     128904.2375416      33511.0825156
  19 2025          0.3919238     129062.5844160      33110.1598614
  19 2027          0.3977734     129306.6781243      33405.3358455
  19 2029          0.3831494     129211.7556364      32836.1691487
  19 2031          0.3948486     128917.8543031      33133.6240219
  19 2033          0.3948486     129268.7612969      33211.2443056
  19 2035          0.3889990     129460.2370514      32952.6646583
  19 2037          0.3889990     129293.7481734      33075.2747504
  19 2039          0.3977734     128901.5174714      33157.2536080
  19 2041          0.4036230     129408.3520194      33444.4475116
  19 2043          0.3831494     129362.4713971      32681.4365160
  20 2019          0.3977734     128979.8652316      33167.1958823
  20 2021          0.3626758     129143.0474840      31569.1539443
  20 2023          0.3714502     128986.5400851      32069.0157413
  20 2025          0.3977734     128811.9714499      33260.2473245
  20 2027          0.3977734     128675.0629677      33304.4903514
  20 2029          0.3685254     129158.3602860      31952.8204227
  20 2031          0.3977734     128780.4890922      33121.1191324
  20 2033          0.3977734     128852.1948910      33175.5478775
  20 2035          0.4065479     128927.4088886      33530.5577536
  20 2037          0.4036230     128494.7219865      33571.6578364
  20 2039          0.3889990     128624.0897482      33058.2005698
  20 2041          0.4036230     128897.5488385      33517.6066570
  20 2043          0.4006982     128573.9753915      33374.4314174
  21 2019          0.3977734     132540.5597626      34082.8291308
  21 2021          0.3597510     132335.5038198      32325.4733337
  21 2023          0.3802246     132230.3619507      33319.6618920
  21 2025          0.3802246     132344.8509924      33245.4625522
  21 2027          0.3802246     132395.4463332      33343.7421962
  21 2029          0.3860742     132116.3635105      33477.3884772
  21 2031          0.4006982     132107.3431248      34074.6108808
  21 2033          0.4006982     132384.1832741      34281.0879136
  21 2035          0.4094727     132336.4127607      34589.7642829
  21 2037          0.3977734     132265.5780763      34339.5908196
  21 2039          0.3802246     132107.4481615      33534.7923475
  21 2041          0.3889990     132340.1360461      33620.8382951
  21 2043          0.3948486     132373.5368906      34019.0071116
