FL 2019 2020 2021 2022 2023 2024 2025 2026 2027 2028 2029 2030 2031 2032 2033 2034 2035 2036 2037 2038 2039 2040 2041 2042 2043 2044 2045
 1  0.7288134  0.6828020  0.6493102  0.6332880  0.6433996  0.6862050  0.6839017  0.6775360  0.6710771  0.6677245  0.6701064  0.6673081  0.6668119  0.6494097  0.6298130  0.6332813  0.6416855  0.5944940  0.5502887  0.6346758  0.6759944  0.6717466  0.6830813  0.6922982  0.7067250  0.7033165  0.6873737
 2  0.5725724  0.5236363  0.4942977  0.4732724  0.5247066  0.5744235  0.5766861  0.5497898  0.5053168  0.4756401  0.4839646  0.5273332  0.5459945  0.5288638  0.5111238  0.5420159  0.5574779  0.5089268  0.4952176  0.5830970  0.5988110  0.5920278  0.5896268  0.5886330  0.5886628  0.5809610  0.5477458
 3  0.7521145  0.7089222  0.6732501  0.6533902  0.6569117  0.7050393  0.7057136  0.6965204  0.6875052  0.6826126  0.6842925  0.6837769  0.6862738  0.6696557  0.6472154  0.6489736  0.6633577  0.6185211  0.5637122  0.6477084  0.7009385  0.6961874  0.7054738  0.7107027  0.7264516  0.7235507  0.7060534
 4  0.4566311  0.4168102  0.3849856  0.3591812  0.4758694  0.5201326  0.4824800  0.4143448  0.3654809  0.3602807  0.4094082  0.4671117  0.4705782  0.4303041  0.4320624  0.4939808  0.4981580  0.4252588  0.4522842  0.5428684  0.5419493  0.5205284  0.4948144  0.5021165  0.5113932  0.4813333  0.4273205
 1  0.7290193  0.6837632  0.6500220  0.6330476  0.6235373  0.6252483  0.6539695  0.6605902  0.6655055  0.6800152  0.6826402  0.6829708  0.6923508  0.6964202  0.7041790  0.7064929  0.7096262  0.7220857  0.7131194  0.7079303  0.6829978  0.6525627  0.6392981  0.5741334  0.5307210  0.6195123  0.6385372
 2  0.5731135  0.5245497  0.4940974  0.4731580  0.4575855  0.4813294  0.5284071  0.5433304  0.5502545  0.5601786  0.5580430  0.5505507  0.5496980  0.5504280  0.5544515  0.5550191  0.5752525  0.5941453  0.5924898  0.5711021  0.5257377  0.5071354  0.5154117  0.4780873  0.4721911  0.5640823  0.5688341
 3  0.7523618  0.7097663  0.6738295  0.6529944  0.6407549  0.6396469  0.6699810  0.6798418  0.6832468  0.6983377  0.7020118  0.7005262  0.7096775  0.7134305  0.7207667  0.7239492  0.7255010  0.7418896  0.7340729  0.7260825  0.7001394  0.6694749  0.6575228  0.5956367  0.5436040  0.6366633  0.6619651
 4  0.4573780  0.4167930  0.3835507  0.3615960  0.3551418  0.4210886  0.4706182  0.4619849  0.4686808  0.4833551  0.4637255  0.4543363  0.4544377  0.4544150  0.4638130  0.4529848  0.5012444  0.5250774  0.4922325  0.4432558  0.4123225  0.4317913  0.4493576  0.4032027  0.4338984  0.5232444  0.5167350
 1  0.7283085  0.6840649  0.6386237  0.6140924  0.6259596  0.6309679  0.6186522  0.6151751  0.6339130  0.6257352  0.6198367  0.6195844  0.6455000  0.6536004  0.6445261  0.6594498  0.6534210  0.6597185  0.6575009  0.6596979  0.6540425  0.6436393  0.6326533  0.6431276  0.6753988  0.6894067  0.6886692
 2  0.5726575  0.5248717  0.4851232  0.4749912  0.4940394  0.4988308  0.4896986  0.5144593  0.5424973  0.5338395  0.5198147  0.5265160  0.5602060  0.5640773  0.5578524  0.5591609  0.5569420  0.5579853  0.5584285  0.5555618  0.5412389  0.5201067  0.5183415  0.5661313  0.5946726  0.6012373  0.5853308
 3  0.7516802  0.7099042  0.6627436  0.6334236  0.6431761  0.6489553  0.6352193  0.6305245  0.6530496  0.6465238  0.6395013  0.6360105  0.6628203  0.6758044  0.6645753  0.6788262  0.6731645  0.6789249  0.6773519  0.6793949  0.6741465  0.6621253  0.6488695  0.6587500  0.6971117  0.7128943  0.7100698
 4  0.4573648  0.4163187  0.3784463  0.3933812  0.4209746  0.4091824  0.4092104  0.4642985  0.4820628  0.4581668  0.4357484  0.4653287  0.5080714  0.4935368  0.4812507  0.4865226  0.4828772  0.4867049  0.4842830  0.4777153  0.4489207  0.4232981  0.4550549  0.5199165  0.5380411  0.5218120  0.4717209
 1  0.7292546  0.6838715  0.6542654  0.6419444  0.6359472  0.6373377  0.6453414  0.6603347  0.6801372  0.7025558  0.7066166  0.7069744  0.7138273  0.7125662  0.7117096  0.7118431  0.7103149  0.7126714  0.7027886  0.6986505  0.6973580  0.7038872  0.6902332  0.6766212  0.6691549  0.6662716  0.6680521
 2  0.5718989  0.5240255  0.4981358  0.4814067  0.4705539  0.4710228  0.4886890  0.5178841  0.5603663  0.5880982  0.5915184  0.5835392  0.5729636  0.5611845  0.5440608  0.5345776  0.5386101  0.5463053  0.5495465  0.5500203  0.5668171  0.5801874  0.5667073  0.5354591  0.5068086  0.5069378  0.5220096
 3  0.7524902  0.7101030  0.6781253  0.6616834  0.6528823  0.6533056  0.6603835  0.6761244  0.6962617  0.7217155  0.7273793  0.7252132  0.7315352  0.7301370  0.7276259  0.7273498  0.7256402  0.7291388  0.7201182  0.7159437  0.7146636  0.7236629  0.7109788  0.6951011  0.6855407  0.6820874  0.6851144
 4  0.4556608  0.4177696  0.3866202  0.3682092  0.3713974  0.3784717  0.4108547  0.4465180  0.4973318  0.5203976  0.4978778  0.4783611  0.4736267  0.4479507  0.4251844  0.4206184  0.4447483  0.4555085  0.4533805  0.4591820  0.4944836  0.5051047  0.4634418  0.4090218  0.3962817  0.4264186  0.4471165
 1  0.7307392  0.6865300  0.6535230  0.6378048  0.6416158  0.6617726  0.6635239  0.6699350  0.6574236  0.6536845  0.6257620  0.5571639  0.6132154  0.6824779  0.6860838  0.6919438  0.6847362  0.6815713  0.6860894  0.7012856  0.6928138  0.6890883  0.6856192  0.6827156  0.6712592  0.6548738  0.6810460
 2  0.5709265  0.5237572  0.4953607  0.4800728  0.4979760  0.5269652  0.5406360  0.5455677  0.5425339  0.5426021  0.5123176  0.4486489  0.5482952  0.5950652  0.6004002  0.5863293  0.5542864  0.5232071  0.5473979  0.5842256  0.5840627  0.5643621  0.5356790  0.5167586  0.5038560  0.5391792  0.5844983
 3  0.7534590  0.7122673  0.6772395  0.6574909  0.6576496  0.6786710  0.6814249  0.6882013  0.6760126  0.6731327  0.6478082  0.5752621  0.6218080  0.7047547  0.7091449  0.7124196  0.7037123  0.6985533  0.7005371  0.7218835  0.7150522  0.7080287  0.7026636  0.6994698  0.6877643  0.6713036  0.7006733
 4  0.4540021  0.4161973  0.3847744  0.3748038  0.4270604  0.4567422  0.4624696  0.4618210  0.4671609  0.4718394  0.4147211  0.3730111  0.5129593  0.5416630  0.5153880  0.4801263  0.4361152  0.4029294  0.4887290  0.5256372  0.4885810  0.4412371  0.4223329  0.4096099  0.4151358  0.4884654  0.5276885
 1  0.7296156  0.6865713  0.6464648  0.6251032  0.6185242  0.6156117  0.6112010  0.6242841  0.6672982  0.6851418  0.6850115  0.6885507  0.7019212  0.7158842  0.7177521  0.7151190  0.7071037  0.7033556  0.7105994  0.7134321  0.7146474  0.7211135  0.7183834  0.7094181  0.6962811  0.6964931  0.7039883
 2  0.5721350  0.5249587  0.4893791  0.4717861  0.4721844  0.4758024  0.4838717  0.5379980  0.5845366  0.5946618  0.5808076  0.5533518  0.5383555  0.5459636  0.5595632  0.5640951  0.5496527  0.5325111  0.5420616  0.5579234  0.5770384  0.5982929  0.6013774  0.5872685  0.5585891  0.5630321  0.5750474
 3  0.7525046  0.7120612  0.6702714  0.6449767  0.6357096  0.6327858  0.6276065  0.6380214  0.6870049  0.7080092  0.7064186  0.7064127  0.7170655  0.7314175  0.7346428  0.7329952  0.7247583  0.7193617  0.7261780  0.7310705  0.7323736  0.7402542  0.7400325  0.7297253  0.7136453  0.7138020  0.7233218
 4  0.4555682  0.4155233  0.3809823  0.3730792  0.3904092  0.3939531  0.4124030  0.4954163  0.5307562  0.5182996  0.4683747  0.4181909  0.4307008  0.4598006  0.4734723  0.4636611  0.4276707  0.4160918  0.4562345  0.4746903  0.4974798  0.5270244  0.5192455  0.4715740  0.4528792  0.4911983  0.4953162
 1  0.7282820  0.6798776  0.6343637  0.6106695  0.6223138  0.6301873  0.6387244  0.6512433  0.6650886  0.6720995  0.6722012  0.6800604  0.6992581  0.6934951  0.6870363  0.6856638  0.6811714  0.6710418  0.6809632  0.7107716  0.7072717  0.7069800  0.7084800  0.7092498  0.7005446  0.6934913  0.6882716
 2  0.5697585  0.5218709  0.4857784  0.4719928  0.4818869  0.4806305  0.4722853  0.4748212  0.4914676  0.5058137  0.5212031  0.5707660  0.6019988  0.6007207  0.5837521  0.5618242  0.5378217  0.5191882  0.5764243  0.6110322  0.6152821  0.6041962  0.5881919  0.5713538  0.5415623  0.5174400  0.5000411
 3  0.7517544  0.7066486  0.6592448  0.6306620  0.6397697  0.6473800  0.6542731  0.6658802  0.6800809  0.6882232  0.6888379  0.6958203  0.7212903  0.7172754  0.7088260  0.7044486  0.6986768  0.6889856  0.6946468  0.7338062  0.7311871  0.7278124  0.7278020  0.7277900  0.7176660  0.7094689  0.7037259
 4  0.4555172  0.4185805  0.3818556  0.3841764  0.3970659  0.3784040  0.3606495  0.3771303  0.4054250  0.4175280  0.4382711  0.5176793  0.5439936  0.5224079  0.4801682  0.4496211  0.4385032  0.4218820  0.5247278  0.5552911  0.5323631  0.5044712  0.4888644  0.4606771  0.4192566  0.3945911  0.3828006
 1  0.7315684  0.6873880  0.6625221  0.6527803  0.6530583  0.6605935  0.6745339  0.6964305  0.6913179  0.6891145  0.6883095  0.6863594  0.6760085  0.6642160  0.6654591  0.6618625  0.6849630  0.7168151  0.7009289  0.6911590  0.6702294  0.6396394  0.6062086  0.5589009  0.6077044  0.6259658  0.6637161
 2  0.5697771  0.5223139  0.5015238  0.4852130  0.4682285  0.4601137  0.5044081  0.5581394  0.5781311  0.5806889  0.5763430  0.5593969  0.5267224  0.5001776  0.4981923  0.5134455  0.5908684  0.6175474  0.6069898  0.5805499  0.5404856  0.5064222  0.4714887  0.4853129  0.5450346  0.5676354  0.5931586
 3  0.7537993  0.7128146  0.6857668  0.6724065  0.6698081  0.6751276  0.6874075  0.7133661  0.7112140  0.7098127  0.7090610  0.7055025  0.6938009  0.6808066  0.6813649  0.6784292  0.6988645  0.7409637  0.7254580  0.7110906  0.6885591  0.6595039  0.6242229  0.5714486  0.6245766  0.6440933  0.6845385
 4  0.4515532  0.4146470  0.3901115  0.3637609  0.3404566  0.3435072  0.4473974  0.4995942  0.5061414  0.5039356  0.4842518  0.4496107  0.4088137  0.3931288  0.4085300  0.4392972  0.5403462  0.5585955  0.5112970  0.4632133  0.4479706  0.4110288  0.3841840  0.4504868  0.5004009  0.5192161  0.5396820
 1  0.7286303  0.6826911  0.6374401  0.6106545  0.5971322  0.6010859  0.6244007  0.6431097  0.6879303  0.7047464  0.7033885  0.6998175  0.6933244  0.6921164  0.6888012  0.6788507  0.6755939  0.6730662  0.6843807  0.6663528  0.6641064  0.6738490  0.6681281  0.6965229  0.7267338  0.7180912  0.7067469
 2  0.5686480  0.5225831  0.4854935  0.4597488  0.4520519  0.4804984  0.5189503  0.5584750  0.5961653  0.6078713  0.5965754  0.5717369  0.5375141  0.5187334  0.5077443  0.4934159  0.4926685  0.5319685  0.5676951  0.5645050  0.5662270  0.5737502  0.5635741  0.6078794  0.6256814  0.6235876  0.5948765
 3  0.7517398  0.7088155  0.6618696  0.6312364  0.6142640  0.6161217  0.6412417  0.6595282  0.7074378  0.7266126  0.7247401  0.7187921  0.7100245  0.7079854  0.7048888  0.6946290  0.6908464  0.6880048  0.7040026  0.6879364  0.6826787  0.6944308  0.6894592  0.7114096  0.7512457  0.7424156  0.7274157
 4  0.4547156  0.4168095  0.3804359  0.3556367  0.3702961  0.4256920  0.4599587  0.5043338  0.5348186  0.5316937  0.4966653  0.4467535  0.4158220  0.4128813  0.3955646  0.3776214  0.3921502  0.4762500  0.5071238  0.4828197  0.4967295  0.5045219  0.4733453  0.5460468  0.5654646  0.5335069  0.4636418
 1  0.7290541  0.6814757  0.6394743  0.6212333  0.6398742  0.6410837  0.6433440  0.6530149  0.6720212  0.6773370  0.6831411  0.6798084  0.6696994  0.6693724  0.6929857  0.7023154  0.7087799  0.7081279  0.6971782  0.6899941  0.6863599  0.6865449  0.6733868  0.5966110  0.6100056  0.6591634  0.6366704
 2  0.5720311  0.5230618  0.4883387  0.4903108  0.5133918  0.5089944  0.4857475  0.4793146  0.5042202  0.5329170  0.5615898  0.5663280  0.5517787  0.5625892  0.5906612  0.6064328  0.6065363  0.5957153  0.5627656  0.5225183  0.4954140  0.5057901  0.5344621  0.5178016  0.5612397  0.5815005  0.5563028
 3  0.7524456  0.7078604  0.6639237  0.6401408  0.6577896  0.6601972  0.6600350  0.6674094  0.6870749  0.6940566  0.7014791  0.7005124  0.6901508  0.6859159  0.7131342  0.7239404  0.7304610  0.7289386  0.7161122  0.7067547  0.7013633  0.7012808  0.6917234  0.6169920  0.6233058  0.6834564  0.6622812
 4  0.4569095  0.4176880  0.3832722  0.4166256  0.4412961  0.4045173  0.3538124  0.3829583  0.4294699  0.4644138  0.4936303  0.4873515  0.4540534  0.4964851  0.5320464  0.5341886  0.5237270  0.4927671  0.4371046  0.3838038  0.3743904  0.4289767  0.4701450  0.4654529  0.5198014  0.5284588  0.4717729
 1  0.7304056  0.6863066  0.6541586  0.6394052  0.6395112  0.6492417  0.6579444  0.6736685  0.6720502  0.6688414  0.6792082  0.6857691  0.7064462  0.7040767  0.6931625  0.6908290  0.6854447  0.6810962  0.6859212  0.6792423  0.6794994  0.6797969  0.6806954  0.6799451  0.6706086  0.6632007  0.6609948
 2  0.5719358  0.5241406  0.4956240  0.4785809  0.4774947  0.4889841  0.5140926  0.5376386  0.5327836  0.5196082  0.5270294  0.5658134  0.5951222  0.5996129  0.5827530  0.5686441  0.5518865  0.5401773  0.5437144  0.5384335  0.5297409  0.5247766  0.5343933  0.5436621  0.5391351  0.5284922  0.5388841
 3  0.7532408  0.7120878  0.6778608  0.6591234  0.6561831  0.6650521  0.6732399  0.6908992  0.6908231  0.6852191  0.6953833  0.7019842  0.7268589  0.7261076  0.7134435  0.7102354  0.7044941  0.6981279  0.7034089  0.6976682  0.6966701  0.6962505  0.6969352  0.6982854  0.6897165  0.6807950  0.6781029
 4  0.4545313  0.4161992  0.3842289  0.3682630  0.3844728  0.4027919  0.4435119  0.4609773  0.4245240  0.4160539  0.4447848  0.5067486  0.5324618  0.5145525  0.4886030  0.4759875  0.4473740  0.4475016  0.4591312  0.4418519  0.4235378  0.4262885  0.4572148  0.4655445  0.4424441  0.4373479  0.4713094
 1  0.7281665  0.6808234  0.6438402  0.6264680  0.6297381  0.6326665  0.6345578  0.6350755  0.6408220  0.6549126  0.6596048  0.6919477  0.7019815  0.7097849  0.6999029  0.6960106  0.6876608  0.6794045  0.6821792  0.6755980  0.6900006  0.6923932  0.6908928  0.6995993  0.7091287  0.6986198  0.6915989
 2  0.5709774  0.5221279  0.4917283  0.4801495  0.4846537  0.4852369  0.4795093  0.4772802  0.5088935  0.5452535  0.5798753  0.6024022  0.6141095  0.6099082  0.5865336  0.5559208  0.5184984  0.5116423  0.5343347  0.5578577  0.5765590  0.5782005  0.5678829  0.5809343  0.5926051  0.5868209  0.5691415
 3  0.7515019  0.7071882  0.6681395  0.6462874  0.6471237  0.6498472  0.6507849  0.6510547  0.6557466  0.6735700  0.6772462  0.7139026  0.7245963  0.7321153  0.7206821  0.7139348  0.7042462  0.6945403  0.6989520  0.6940887  0.7093761  0.7126964  0.7096929  0.7165798  0.7301809  0.7196989  0.7109915
 4  0.4557197  0.4170906  0.3853934  0.3860034  0.3993415  0.3913724  0.3805419  0.3861900  0.4509589  0.4877902  0.5220387  0.5435709  0.5404715  0.5223926  0.4741475  0.4299250  0.3943145  0.4267712  0.4667274  0.4891125  0.5036964  0.4883063  0.4694790  0.5104555  0.5220019  0.4940481  0.4708054
 1  0.7281973  0.6810513  0.6357801  0.6077753  0.6117354  0.6490852  0.6650466  0.6730898  0.6814658  0.6916352  0.7024890  0.7122022  0.7045014  0.6905613  0.6707996  0.6613836  0.6657717  0.6723629  0.7028161  0.6995581  0.6971752  0.7045577  0.7113869  0.7175429  0.7136282  0.7094682  0.7117686
 2  0.5743464  0.5232414  0.4853277  0.4573821  0.4810073  0.5282377  0.5472606  0.5408899  0.5207701  0.4961315  0.4938755  0.5333757  0.5593665  0.5618789  0.5504116  0.5476281  0.5506232  0.5838934  0.6069155  0.6063243  0.5871200  0.5633770  0.5462731  0.5440785  0.5640749  0.5987108  0.6078262
 3  0.7516029  0.7069893  0.6599497  0.6285410  0.6272231  0.6649520  0.6838340  0.6911150  0.6978366  0.7062324  0.7155118  0.7274246  0.7228376  0.7107843  0.6910351  0.6801802  0.6860493  0.6883520  0.7257743  0.7235984  0.7174277  0.7216667  0.7274140  0.7329752  0.7305635  0.7285529  0.7358045
 4  0.4584144  0.4155433  0.3827667  0.3521332  0.4178566  0.4717929  0.4647533  0.4264707  0.3854817  0.3491844  0.3974745  0.4613191  0.4849590  0.4794561  0.4627449  0.4755434  0.4709073  0.5254519  0.5490768  0.5175972  0.4652877  0.4403620  0.4343288  0.4495726  0.4908008  0.5386310  0.5398388
 1  0.7281184  0.6803456  0.6452573  0.6284537  0.6090700  0.6065385  0.6445046  0.6494989  0.6398513  0.6248229  0.6520690  0.6787966  0.6803987  0.6736367  0.6638767  0.6581055  0.6769467  0.6912446  0.6945167  0.7109328  0.7064698  0.7001337  0.6914232  0.6846632  0.6906511  0.6857015  0.6713206
 2  0.5729084  0.5231594  0.4932383  0.4736211  0.4561633  0.4939366  0.5513964  0.5598928  0.5414792  0.5242829  0.5560336  0.5820762  0.5813949  0.5635097  0.5337414  0.5220186  0.5592169  0.5792058  0.5925858  0.5996754  0.5902637  0.5631381  0.5173826  0.4875234  0.5048472  0.5406041  0.5452587
 3  0.7517145  0.7068348  0.6695328  0.6487382  0.6264981  0.6204081  0.6618361  0.6711610  0.6613128  0.6436540  0.6683932  0.6988059  0.7022370  0.6943657  0.6828368  0.6747052  0.6931845  0.7120009  0.7138087  0.7311684  0.7276113  0.7187455  0.7076066  0.6994021  0.7050972  0.7037569  0.6918645
 4  0.4576816  0.4178749  0.3861261  0.3650102  0.3664151  0.4486772  0.5016559  0.4897517  0.4538211  0.4465458  0.4989576  0.5197109  0.5005741  0.4625521  0.4226758  0.4401461  0.5027311  0.5084479  0.5134446  0.5227934  0.4910235  0.4283204  0.3695198  0.3682597  0.4317701  0.4742289  0.4617609
 1  0.7289669  0.6798174  0.6405516  0.6213957  0.6323243  0.6507442  0.6549825  0.6578656  0.6647967  0.6757148  0.6945474  0.7106343  0.7210525  0.7123768  0.7030715  0.7048320  0.7112707  0.7200379  0.7186673  0.7119558  0.7017558  0.6877505  0.6834961  0.6865102  0.6975109  0.7059669  0.7117693
 2  0.5742236  0.5219689  0.4896846  0.4817853  0.5091060  0.5305626  0.5264063  0.5028210  0.4748163  0.4683105  0.5386876  0.6089734  0.6236310  0.6161701  0.5792015  0.5355585  0.5065055  0.5092547  0.5417160  0.5690643  0.5780035  0.5682751  0.5547305  0.5487574  0.5601472  0.5798889  0.5925447
 3  0.7523603  0.7060461  0.6647941  0.6411398  0.6489140  0.6689462  0.6737347  0.6747951  0.6800446  0.6892959  0.7081582  0.7301946  0.7461462  0.7356125  0.7220614  0.7207058  0.7251593  0.7335623  0.7341847  0.7300580  0.7221914  0.7085801  0.7026036  0.7038534  0.7147112  0.7240959  0.7316135
 4  0.4578898  0.4160871  0.3865446  0.3961502  0.4454551  0.4564594  0.4205568  0.3707137  0.3347610  0.3637490  0.4910793  0.5550663  0.5565005  0.5090562  0.4344955  0.3827387  0.3762174  0.4117750  0.4628722  0.4975501  0.5005409  0.4753982  0.4504742  0.4559219  0.4815764  0.5076651  0.5152236
 1  0.7287269  0.6810465  0.6449303  0.6274455  0.6238236  0.6396211  0.6541301  0.6606865  0.6634033  0.6568183  0.6727023  0.6797239  0.6726613  0.6704859  0.6747885  0.6767877  0.6965562  0.7148367  0.7049704  0.6976228  0.6886825  0.6832238  0.6834904  0.6827682  0.6824423  0.6847663  0.6819812
 2  0.5719461  0.5224118  0.4924874  0.4709548  0.4654217  0.4918482  0.5241824  0.5457310  0.5517763  0.5538372  0.5709985  0.5741424  0.5574376  0.5386443  0.5347047  0.5446371  0.5926491  0.6123412  0.6052599  0.5762959  0.5243465  0.4747996  0.4784393  0.5380662  0.5740449  0.5822444  0.5852407
 3  0.7520538  0.7073838  0.6691791  0.6479078  0.6406748  0.6544886  0.6706398  0.6786533  0.6828650  0.6757887  0.6915651  0.7009200  0.6930274  0.6881329  0.6919405  0.6940107  0.7130266  0.7380648  0.7282892  0.7173427  0.7054262  0.6975884  0.6963627  0.6991761  0.7017828  0.7063546  0.7024834
 4  0.4562514  0.4171398  0.3864091  0.3583407  0.3724194  0.4243816  0.4587492  0.4757982  0.4753360  0.4814105  0.5053491  0.4942491  0.4521940  0.4376086  0.4480962  0.4703285  0.5355097  0.5487022  0.5082233  0.4393198  0.3651450  0.3284838  0.4058432  0.4841867  0.5112711  0.5100017  0.5079883
 1  0.7276935  0.6808899  0.6314074  0.6020914  0.6141785  0.6367450  0.6497571  0.6534252  0.6648096  0.6798762  0.6902322  0.6922447  0.6951684  0.7090687  0.7200054  0.7097997  0.6952089  0.6908088  0.6978252  0.6964169  0.6829123  0.6661904  0.6550451  0.6344360  0.6402993  0.6762844  0.6772744
 2  0.5721492  0.5231672  0.4821973  0.4632176  0.4851615  0.5133693  0.5232570  0.5167300  0.5205179  0.5408063  0.5574765  0.5609010  0.5624045  0.5919971  0.6063261  0.5979811  0.5556823  0.5219314  0.5436899  0.5629364  0.5554964  0.5252461  0.5022594  0.4871164  0.5327853  0.5803691  0.5831237
 3  0.7511928  0.7071239  0.6559503  0.6221711  0.6307344  0.6532932  0.6675428  0.6709402  0.6807823  0.6961622  0.7082603  0.7106517  0.7127124  0.7260151  0.7420594  0.7316789  0.7135797  0.7056854  0.7133337  0.7158842  0.7033297  0.6845548  0.6717743  0.6523112  0.6547148  0.6959438  0.7003950
 4  0.4573467  0.4167572  0.3792274  0.3756558  0.4159470  0.4443593  0.4364177  0.4148210  0.4320514  0.4684281  0.4781732  0.4673417  0.4724454  0.5272866  0.5377689  0.4883012  0.4003479  0.4103033  0.4811201  0.4912369  0.4501034  0.4076398  0.4067023  0.4030764  0.4827588  0.5274403  0.5012500
 1  0.7285885  0.6862186  0.6538291  0.6400831  0.6444697  0.6472611  0.6617923  0.6677404  0.6586080  0.6485796  0.6569146  0.6792176  0.6629800  0.6561888  0.6715615  0.6774289  0.6904058  0.6957045  0.6954618  0.7057397  0.7155793  0.7070174  0.7025533  0.7000262  0.6984078  0.7024153  0.7160172
 2  0.5713707  0.5254495  0.4949760  0.4869379  0.4956320  0.5103424  0.5305641  0.5341207  0.5095157  0.4794136  0.5288140  0.5754142  0.5676494  0.5617531  0.5708717  0.5782875  0.5812110  0.5753987  0.5609126  0.5747663  0.5929194  0.5902062  0.5723604  0.5436649  0.5067484  0.5235586  0.5702660
 3  0.7516385  0.7118235  0.6773508  0.6591368  0.6616786  0.6640404  0.6783653  0.6862178  0.6766824  0.6645935  0.6703424  0.6999279  0.6863656  0.6746742  0.6915973  0.6978972  0.7099036  0.7154474  0.7133632  0.7217226  0.7358522  0.7280864  0.7215443  0.7171584  0.7135526  0.7152826  0.7337418
 4  0.4556943  0.4160292  0.3819315  0.3931801  0.4127106  0.4330938  0.4559232  0.4397901  0.3869047  0.3689865  0.4814958  0.5217898  0.4808963  0.4871916  0.5050180  0.5001432  0.4982912  0.4764853  0.4526403  0.5036772  0.5243018  0.4959491  0.4537076  0.4064785  0.3570703  0.4574432  0.5102231
 1  0.7287496  0.6818591  0.6433843  0.6230507  0.5819349  0.4727765  0.6679540  0.4937918  0.5644201  0.5767824  0.6051846  0.6680958  0.6339246  0.6064860  0.6341681  0.6545774  0.6589341  0.6515762  0.6493993  0.6583871  0.6678116  0.6567981  0.6432970  0.6540175  0.6753117  0.6689606  0.6767984
 2  0.5722266  0.5235127  0.4909546  0.4647237  0.4141980  0.4199212  0.5906536  0.4592270  0.5156067  0.5207879  0.5664367  0.5875906  0.5529656  0.5250171  0.5555121  0.5768580  0.5738112  0.5595320  0.5486164  0.5575725  0.5613396  0.5391333  0.5109542  0.5470963  0.5821554  0.5869152  0.5887230
 3  0.7522206  0.7083418  0.6677563  0.6435531  0.6002855  0.4780129  0.6922763  0.5093439  0.5813357  0.5966563  0.6162976  0.6938076  0.6607249  0.6251250  0.6503538  0.6754929  0.6814880  0.6732617  0.6685066  0.6766682  0.6882562  0.6775455  0.6606446  0.6686502  0.6961969  0.6906774  0.6987424
 4  0.4567510  0.4181136  0.3829860  0.3486433  0.3023680  0.4139038  0.5428148  0.4343937  0.4792902  0.4778790  0.5267077  0.5352763  0.4627361  0.4507290  0.5070920  0.5190967  0.5030487  0.4742510  0.4693317  0.4911463  0.4844221  0.4297356  0.4125136  0.4977758  0.5264179  0.5211843  0.5210036
 1  0.7314508  0.6878004  0.6513738  0.6356230  0.6452118  0.6573830  0.6560016  0.6525636  0.6562640  0.6803821  0.7097248  0.7057456  0.6995635  0.7023996  0.7086509  0.7085575  0.6858064  0.6664691  0.6450409  0.6145721  0.6544775  0.6409870  0.6248209  0.6018159  0.6146399  0.6405317  0.6539018
 2  0.5718119  0.5234790  0.4924122  0.4896036  0.5178252  0.5355851  0.5244266  0.4922938  0.4828056  0.5642285  0.6027157  0.6045419  0.5784828  0.5552040  0.5603550  0.5694080  0.5545603  0.5324536  0.5147478  0.5300230  0.5668113  0.5550366  0.5255809  0.4980202  0.5185962  0.5442382  0.5726926
 3  0.7538355  0.7130726  0.6749871  0.6547990  0.6619846  0.6761076  0.6750531  0.6695417  0.6706411  0.6939374  0.7314265  0.7282461  0.7189372  0.7186361  0.7249644  0.7275509  0.7057089  0.6849848  0.6636506  0.6297299  0.6750187  0.6640764  0.6451223  0.6211832  0.6303876  0.6593103  0.6717711
 4  0.4534029  0.4143047  0.3846195  0.4041562  0.4539822  0.4585555  0.4117844  0.3544097  0.3926502  0.5213389  0.5435471  0.5082571  0.4474500  0.4438797  0.4858709  0.4898264  0.4548346  0.4370639  0.4316528  0.4839303  0.5120528  0.4740824  0.4385787  0.4180246  0.4612419  0.4843266  0.5117865
 1  0.7320621  0.6914412  0.6613934  0.6463168  0.6437437  0.6510257  0.6608546  0.6785609  0.6908372  0.7043550  0.7072526  0.7077006  0.7087709  0.7063892  0.7020996  0.6968277  0.6857724  0.6651071  0.6481539  0.6489592  0.6368322  0.6617384  0.6542215  0.6554116  0.6603369  0.6756788  0.6972334
 2  0.5746545  0.5263231  0.4971403  0.4778720  0.4717983  0.4763712  0.4969798  0.5287229  0.5630894  0.5848418  0.5881996  0.5805750  0.5666891  0.5543664  0.5379486  0.5252371  0.5066878  0.4810176  0.5154692  0.5712713  0.5752692  0.5800961  0.5702751  0.5522519  0.5469614  0.5706257  0.5940267
 3  0.7544364  0.7162697  0.6843678  0.6658795  0.6603741  0.6665705  0.6756092  0.6940069  0.7076076  0.7235071  0.7274033  0.7261600  0.7264627  0.7237685  0.7186738  0.7130456  0.7020625  0.6814186  0.6622328  0.6698162  0.6572449  0.6851652  0.6779955  0.6749646  0.6779369  0.6931540  0.7173021
 4  0.4545522  0.4138657  0.3839822  0.3624055  0.3705242  0.3800080  0.4168460  0.4556049  0.4954856  0.5123960  0.4958396  0.4758746  0.4640724  0.4462280  0.4261275  0.4125873  0.3901319  0.3709582  0.4672979  0.5245194  0.5199929  0.5215602  0.4812213  0.4542437  0.4698619  0.5092357  0.5282987
 1  0.7287904  0.6835164  0.6508430  0.6351062  0.6348119  0.6484109  0.6596583  0.6639050  0.6632679  0.6699212  0.6792887  0.7002897  0.7012021  0.7038149  0.7010427  0.7023336  0.7039057  0.7005653  0.7021247  0.6973749  0.6953311  0.7004960  0.7041722  0.7008992  0.7016479  0.7061042  0.7163414
 2  0.5701777  0.5238196  0.4955134  0.4757538  0.4765276  0.4981163  0.5117104  0.5077567  0.5080173  0.5315244  0.5652759  0.5861997  0.5859352  0.5705343  0.5426174  0.5261740  0.5232079  0.5403360  0.5608719  0.5698308  0.5765851  0.5883413  0.5921325  0.5813460  0.5596736  0.5383086  0.5342380
 3  0.7520664  0.7098105  0.6748696  0.6550445  0.6512846  0.6640848  0.6764200  0.6805624  0.6784426  0.6868164  0.6967886  0.7199354  0.7213954  0.7222232  0.7177858  0.7177957  0.7194937  0.7169457  0.7201187  0.7167935  0.7143050  0.7201686  0.7252021  0.7210441  0.7196176  0.7216811  0.7311241
 4  0.4552733  0.4179815  0.3844386  0.3634300  0.3890228  0.4238526  0.4217481  0.3945331  0.4236273  0.4649267  0.5003563  0.5123040  0.4900771  0.4517992  0.4164714  0.4127798  0.4262821  0.4598655  0.4853631  0.4876439  0.4987151  0.5167330  0.5102486  0.4763906  0.4299217  0.4134034  0.4318117
 1  0.7295185  0.6835518  0.6512267  0.6409540  0.6422422  0.6356830  0.5933372  0.6517115  0.6375120  0.6184617  0.6414085  0.6531788  0.6283510  0.6008288  0.6484397  0.6856455  0.6695351  0.6546783  0.6601261  0.6688422  0.6750932  0.6797892  0.6873893  0.6945003  0.6887836  0.6796030  0.6734950
 2  0.5718653  0.5230020  0.4952343  0.4955810  0.5114316  0.5118980  0.5151578  0.5772205  0.5592793  0.5371816  0.5503270  0.5590456  0.5385097  0.5307634  0.5822759  0.5989253  0.5783887  0.5414606  0.5214550  0.5158042  0.5182380  0.5310288  0.5483773  0.5603966  0.5550074  0.5365627  0.5317808
 3  0.7524887  0.7094268  0.6749891  0.6599677  0.6597751  0.6550051  0.6072753  0.6750364  0.6639754  0.6386778  0.6594317  0.6735105  0.6487546  0.6189746  0.6648974  0.7092992  0.6936568  0.6748249  0.6772871  0.6852895  0.6912085  0.6961787  0.7042038  0.7123743  0.7075692  0.6978798  0.6898548
 4  0.4555759  0.4158283  0.3863982  0.4093180  0.4421411  0.4272572  0.4710327  0.5310088  0.4790316  0.4584593  0.4882410  0.4894032  0.4706514  0.4796554  0.5312792  0.5364458  0.4816755  0.4252864  0.4186987  0.4223387  0.4287439  0.4457357  0.4693032  0.4777675  0.4595494  0.4264657  0.4488231
 1  0.7274045  0.6818744  0.6456023  0.6263908  0.6206473  0.6223606  0.6486898  0.6595249  0.6613401  0.6596099  0.6585288  0.6495563  0.6448397  0.6597848  0.6514571  0.6904257  0.6983413  0.7161724  0.7224304  0.7148700  0.6970216  0.6858086  0.6779708  0.6742804  0.6769158  0.6857015  0.6882679
 2  0.5715916  0.5239169  0.4919767  0.4679817  0.4460656  0.4535106  0.5071163  0.5407980  0.5473660  0.5437754  0.5358707  0.5206378  0.5421692  0.5680724  0.5875851  0.6043528  0.6157472  0.6239800  0.6232211  0.6127221  0.5709984  0.5127435  0.4534027  0.4332105  0.4808961  0.5391398  0.5675813
 3  0.7509238  0.7080620  0.6696574  0.6466284  0.6382100  0.6366857  0.6629627  0.6779300  0.6805567  0.6785703  0.6775125  0.6681667  0.6603274  0.6812228  0.6690293  0.7140856  0.7213397  0.7372240  0.7462495  0.7379060  0.7170903  0.7023585  0.6917900  0.6871813  0.6901593  0.7021015  0.7071118
 4  0.4571408  0.4171220  0.3829453  0.3553769  0.3259412  0.3780026  0.4546049  0.4733594  0.4655331  0.4596503  0.4471256  0.4296409  0.4882123  0.5125945  0.5310355  0.5476296  0.5399255  0.5518132  0.5513220  0.5139436  0.4282375  0.3373271  0.2986408  0.3254185  0.4187152  0.4787443  0.4945065
 1  0.7295224  0.6865967  0.6550415  0.6415392  0.6411872  0.6440435  0.6507730  0.6497324  0.6373857  0.6138494  0.6447557  0.6692691  0.6843727  0.6914314  0.6947419  0.7007127  0.7123445  0.7095975  0.6996082  0.6953450  0.6948095  0.6966632  0.7153127  0.6953010  0.6749033  0.6667324  0.6718850
 2  0.5724896  0.5259165  0.4963217  0.4852865  0.4896009  0.5004443  0.5084540  0.5039336  0.4872915  0.4964395  0.5544430  0.5874529  0.5958234  0.5946370  0.5747584  0.5639309  0.5757512  0.5805056  0.5676701  0.5498491  0.5351000  0.5727967  0.6031466  0.5917022  0.5459197  0.4954908  0.4814148
 3  0.7526309  0.7122956  0.6785717  0.6608103  0.6582301  0.6608015  0.6674804  0.6671757  0.6544620  0.6293843  0.6612574  0.6891782  0.7071934  0.7133118  0.7141883  0.7169095  0.7299680  0.7296912  0.7188727  0.7127067  0.7117671  0.7111627  0.7375671  0.7191582  0.6946932  0.6825642  0.6863765
 4  0.4564538  0.4168345  0.3834578  0.3859297  0.4052984  0.4189002  0.4215922  0.4055497  0.3916094  0.4435142  0.5055069  0.5305460  0.5262859  0.5003754  0.4538528  0.4686333  0.5052088  0.4952565  0.4570302  0.4394574  0.4260368  0.5160791  0.5445468  0.4895133  0.3927448  0.3588019  0.3827936
 1  0.7309671  0.6881320  0.6558689  0.6409624  0.6397174  0.6405519  0.6388443  0.6471725  0.6707933  0.6687942  0.6796850  0.6896215  0.7089022  0.7094443  0.7051821  0.7051305  0.7076920  0.7087284  0.7096886  0.7088189  0.7075066  0.7046612  0.7051615  0.6958493  0.6896186  0.6963202  0.6951357
 2  0.5684563  0.5234431  0.4958542  0.4793558  0.4681701  0.4535835  0.4478702  0.5070431  0.5569594  0.5727441  0.5779654  0.5919548  0.6003218  0.5960649  0.5754592  0.5534588  0.5394807  0.5276329  0.5278020  0.5309675  0.5352911  0.5480483  0.5602780  0.5505994  0.5416525  0.5497798  0.5539297
 3  0.7533426  0.7135582  0.6793671  0.6606164  0.6568595  0.6563879  0.6530483  0.6606173  0.6893789  0.6886768  0.7003540  0.7088440  0.7295445  0.7302254  0.7238681  0.7220469  0.7238787  0.7240068  0.7248267  0.7242751  0.7233928  0.7207941  0.7230856  0.7146340  0.7059176  0.7133215  0.7135048
 4  0.4519946  0.4152868  0.3844126  0.3693997  0.3573592  0.3330912  0.3520478  0.4617322  0.4990098  0.5031892  0.5029898  0.5175605  0.5249115  0.4988800  0.4586013  0.4388500  0.4234006  0.4147358  0.4195963  0.4293143  0.4356061  0.4649644  0.4765509  0.4389610  0.4429057  0.4708095  0.4599540
 1  0.7317671  0.6900678  0.6576256  0.6412413  0.6363867  0.6415537  0.6489152  0.6518147  0.6613268  0.6691854  0.6757999  0.6978513  0.7020465  0.7013899  0.7049663  0.7153962  0.7282612  0.7276096  0.7222779  0.7193582  0.7184606  0.7160210  0.7190839  0.7203663  0.7260302  0.7264348  0.7211846
 2  0.5734793  0.5252307  0.4954914  0.4797762  0.4786840  0.4916980  0.5050545  0.5123522  0.5239842  0.5300509  0.5591594  0.5896579  0.5962413  0.5806086  0.5471540  0.5250632  0.5343997  0.5543906  0.5622350  0.5650647  0.5670214  0.5677517  0.5686709  0.5679403  0.5762955  0.5902379  0.5924221
 3  0.7541083  0.7150693  0.6808460  0.6607814  0.6532762  0.6576778  0.6653693  0.6687509  0.6780766  0.6865698  0.6915906  0.7175233  0.7239413  0.7210530  0.7214590  0.7290929  0.7424844  0.7441409  0.7393634  0.7364004  0.7361163  0.7336986  0.7368286  0.7371592  0.7427441  0.7449044  0.7413508
 4  0.4539986  0.4140657  0.3841550  0.3740226  0.3897764  0.4118454  0.4225101  0.4270602  0.4408725  0.4420417  0.4963003  0.5293246  0.5098686  0.4542058  0.3885613  0.4004947  0.4499900  0.4645041  0.4597492  0.4677941  0.4725145  0.4746396  0.4655600  0.4640810  0.4910333  0.5138189  0.5040450
 1  0.7288535  0.6820883  0.6470861  0.6335071  0.6452631  0.6640527  0.6766820  0.6728959  0.6697698  0.6727628  0.6852951  0.6851677  0.6792466  0.6753465  0.6654968  0.6501727  0.6415823  0.6467942  0.6710539  0.6789267  0.7020663  0.7026094  0.7064005  0.7147073  0.7091523  0.7043235  0.6971853
 2  0.5713388  0.5228276  0.4933103  0.4881250  0.5138671  0.5468353  0.5588498  0.5430973  0.5095253  0.4924021  0.5150960  0.5372234  0.5548636  0.5621531  0.5495926  0.5184569  0.5078736  0.5578702  0.5933276  0.6036284  0.6143755  0.6078649  0.5912710  0.5749801  0.5488053  0.5189195  0.4984006
 3  0.7520863  0.7082459  0.6711182  0.6528810  0.6618263  0.6812740  0.6958391  0.6921665  0.6866852  0.6872093  0.7003703  0.7025332  0.6972498  0.6954037  0.6865621  0.6691432  0.6578436  0.6621684  0.6923864  0.7013961  0.7263551  0.7250697  0.7254174  0.7324978  0.7263131  0.7197754  0.7119870
 4  0.4561338  0.4167630  0.3856477  0.3985061  0.4470046  0.4823923  0.4763038  0.4262795  0.3680724  0.3914642  0.4421433  0.4607718  0.4829475  0.4896003  0.4523329  0.4063816  0.4318950  0.5125069  0.5409114  0.5444768  0.5425828  0.5090894  0.4829505  0.4657564  0.4233564  0.3827246  0.3752586
