FL 2019 2020 2021 2022 2023 2024 2025 2026 2027 2028 2029 2030 2031 2032 2033 2034 2035 2036 2037 2038 2039 2040 2041 2042 2043 2044 2045
 1    4109.00    1983.83    1983.83    3969.04    3969.04   20431.03   20431.03   40120.08   40120.08   35803.62   35803.62   14193.56   14193.56   15527.82   15527.82   20092.38   20092.38   10392.23   10392.23    3454.84    3454.84    6923.07    6923.07   18475.84   18475.84   35176.22   35176.22
 2     783.00     377.87     377.87     756.01     756.01    3891.62    3891.62    7641.92    7641.92    6819.74    6819.74    2703.54    2703.54    2957.68    2957.68    3827.12    3827.12    1979.47    1979.47     658.06     658.06    1318.68    1318.68    3519.21    3519.21    6700.23    6700.23
 3    3537.00    1078.97    1494.84    3842.39    4455.01    9978.34   15130.02   30203.94   20242.71   18091.90   10675.55    7769.04    6330.31    6173.38    4578.67    6998.22    5467.77    3661.14    3189.23    2424.38    3541.11    8918.45    9159.94   12103.56   12146.97   18366.61   12845.34
 4    1379.00    2749.99    2717.03    6490.75   11687.70   14215.37    9140.33    8339.94    4788.39    4665.86    3978.77    4279.85    3072.31    2915.56    2524.91    3650.92    2367.52    2060.58    2548.80    3732.52    4438.30    6352.21    5424.79    7839.11    6995.61    6558.34    3838.87
 1    4109.00    2048.51    2048.51    6033.26    6033.26    9572.64    9572.64   15529.21   15529.21   16726.71   16726.71    8699.00    8699.00    9132.35    9132.35    8157.53    8157.53   12133.97   12133.97   59864.58   59864.58   32664.33   32664.33    9794.86    9794.86    3914.53    3914.53
 2     783.00     390.19     390.19    1149.19    1149.19    1823.36    1823.36    2957.94    2957.94    3186.04    3186.04    1656.95    1656.95    1739.50    1739.50    1553.82    1553.82    2311.23    2311.23   11402.78   11402.78    6221.78    6221.78    1865.69    1865.69     745.62     745.62
 3    3537.00    2156.17    3047.18    4803.64    5411.58    7746.85    9696.78   11172.05   11761.55   10465.66   10621.88    9922.48    9899.95   12068.71   12304.56   12676.40   11995.29   11099.35   15595.56   32866.91   24335.85   14913.79   11836.54    3669.78    3636.47    2427.21    3485.45
 4    1379.00    2384.24    3093.16    3161.17    3275.64    4689.08    5328.05    4926.11    5898.65    4615.74    4121.17    4227.31    3876.26    4652.74    4842.23    5407.76    9357.64    9189.05    7799.21    4590.82    3556.58    4011.66    2683.94    1870.42    2072.61    2153.35    2767.97
 1    4109.00    3005.31    3005.31    5539.84    5539.84   28224.97   28224.97   17541.68   17541.68   13170.70   13170.70   15685.82   15685.82    7420.64    7420.64   18124.72   18124.72   17817.03   17817.03   14793.70   14793.70   23043.17   23043.17    9555.55    9555.55   13891.42   13891.42
 2     783.00     572.44     572.44    1055.21    1055.21    5376.18    5376.18    3341.27    3341.27    2508.70    2508.70    2987.78    2987.78    1413.46    1413.46    3452.33    3452.33    3393.72    3393.72    2817.85    2817.85    4389.18    4389.18    1820.10    1820.10    2645.98    2645.98
 3    3537.00    2191.43    2816.00    3971.11    5776.25   12757.50    9993.08    8209.68    9225.74    7330.02    7343.20    6349.87    5806.66    6774.61    7028.52    8941.05    7522.05    8604.98    7853.12    9605.36    9694.64   11007.50    9402.47    3208.37    4507.75    7824.08    9661.27
 4    1379.00    2498.46    3651.66    4634.17    4780.59    4743.45    4243.43    4016.83    4007.75    2898.87    2726.52    3299.32    3322.96    3508.64    3663.41    4148.39    3882.91    4102.97    3837.79    3880.85    3152.45    2431.30    3125.83    4362.15    5715.19    5468.06    4188.42
 1    4109.00     973.90     973.90    6861.62    6861.62    9941.78    9941.78    7448.36    7448.36    7941.78    7941.78   12729.49   12729.49   15374.90   15374.90   19137.43   19137.43   29752.34   29752.34   21518.11   21518.11   29605.42   29605.42   29026.08   29026.08   16450.90   16450.90
 2     783.00     185.50     185.50    1306.98    1306.98    1893.67    1893.67    1418.74    1418.74    1512.72    1512.72    2424.66    2424.66    2928.55    2928.55    3645.22    3645.22    5667.11    5667.11    4098.69    4098.69    5639.13    5639.13    5528.78    5528.78    3133.50    3133.50
 3    3537.00    1563.90    2024.90    4241.15    5362.14    6611.53    7039.51    4938.16    5473.85    5494.38    7165.75   16264.07   17064.32   18065.30   16992.07   15179.57   11530.27   14175.78   12692.89   12030.13   10884.39   13218.23   12753.48   15916.07   11966.03    8685.92    7516.95
 4    1379.00    2303.12    2956.85    3822.63    3644.60    3556.48    3995.86    4658.47    6951.76    7960.23    7803.59    9983.86    8376.72    6707.60    6362.43    5772.32    5684.40    5381.22    5351.08    5930.79    7276.82    7485.32    4924.47    4700.85    3384.60    3105.88    3182.73
 1    4109.00    1834.60    1834.60    4403.32    4403.32   20669.42   20669.42   52024.90   52024.90   51939.43   51939.43   11294.98   11294.98    7164.23    7164.23   26881.93   26881.93   25030.24   25030.24   10108.56   10108.56   25002.98   25002.98   25504.71   25504.71    4061.90    4061.90
 2     783.00     349.45     349.45     838.73     838.73    3937.03    3937.03    9909.50    9909.50    9893.22    9893.22    2151.42    2151.42    1364.62    1364.62    5120.37    5120.37    4767.66    4767.66    1925.44    1925.44    4762.47    4762.47    4858.04    4858.04     773.70     773.70
 3    3537.00    1366.43    1586.35    3230.89    4091.76    9434.47   11233.18   15391.79   12954.59   17620.49   14129.72    5304.47    5719.41    4034.98    7774.09   19540.91   15478.72   11259.68    8343.57    7156.55   11245.49   17048.73   12861.12    6736.06    5607.14    1416.90    2463.39
 4    1379.00    2196.93    2800.09    4863.65    6093.89    7842.72    7625.10    7193.62    7033.70    3245.89    2125.23    2605.21    4725.94    5215.97    5618.77    4792.20    3152.58    3397.36    4919.80    5273.21    4621.62    3430.09    2467.88    1519.26    1638.31    2212.53    2951.11
 1    4109.00    3351.81    3351.81    8323.85    8323.85   17497.79   17497.79   14940.62   14940.62   17914.05   17914.05   10410.25   10410.25   15493.17   15493.17   17809.18   17809.18   10599.20   10599.20    5599.44    5599.44   11263.10   11263.10   26868.07   26868.07    8430.11    8430.11
 2     783.00     638.44     638.44    1585.50    1585.50    3332.91    3332.91    2845.83    2845.83    3412.20    3412.20    1982.90    1982.90    2951.08    2951.08    3392.22    3392.22    2018.90    2018.90    1066.56    1066.56    2145.35    2145.35    5117.73    5117.73    1605.74    1605.74
 3    3537.00    1910.02    2549.77    3839.47    4308.85    6268.46    6583.15    4671.16    5827.89   10047.58   10898.19   10531.39    9680.28   10819.92   11188.13    8554.52    7404.16    5292.79    4368.13    3080.28    3829.71    4854.76    7387.99   13027.30   10404.91    7289.36    8787.49
 4    1379.00    2328.70    3125.72    3677.91    3355.24    3181.51    3385.83    4427.78    5595.42    5300.82    3922.67    3208.81    3679.03    4151.03    4183.80    3051.87    2212.61    2207.03    2335.53    2393.63    4077.08    4914.14    5180.36    4275.06    4927.82    4801.75    4248.46
 1    4109.00    3241.39    3241.39    3456.68    3456.68    7527.37    7527.37    9106.48    9106.48    9499.18    9499.18    7438.20    7438.20    6484.63    6484.63   25574.94   25574.94   14796.47   14796.47    8206.04    8206.04   14687.44   14687.44   32910.11   32910.11   21780.99   21780.99
 2     783.00     617.41     617.41     658.42     658.42    1433.78    1433.78    1734.57    1734.57    1809.37    1809.37    1416.80    1416.80    1235.17    1235.17    4871.42    4871.42    2818.38    2818.38    1563.06    1563.06    2797.61    2797.61    6268.59    6268.59    4148.76    4148.76
 3    3537.00    1911.35    2697.63    4385.30    6648.99    5716.19    5668.42    8124.11    6034.83    5378.09    4827.50    3960.52    5001.17    4368.58    5311.62    9129.49    8031.60    8104.80    6004.66    4906.62    9980.41   23017.27   22915.36   23756.30   21587.10   20467.79   15674.60
 4    1379.00    2408.00    3250.01    4349.06    4670.76    3033.75    2694.67    2456.66    1912.27    1769.58    2162.03    3713.32    4820.06    4185.08    3703.06    3222.40    2496.73    3472.01    6832.12    7641.35    9050.59   12132.78    9866.83    5827.59    4888.76    5287.43    3419.57
 1    4109.00     541.00     541.00    1406.79    1406.79    6115.03    6115.03   28070.66   28070.66   21355.49   21355.49   45635.44   45635.44   23574.01   23574.01   10035.10   10035.10   28325.68   28325.68   71272.28   71272.28   39853.51   39853.51    6428.73    6428.73    5957.95    5957.95
 2     783.00     103.05     103.05     267.96     267.96    1164.77    1164.77    5346.79    5346.79    4067.71    4067.71    8692.46    8692.46    4490.29    4490.29    1911.45    1911.45    5395.37    5395.37   13575.67   13575.67    7591.14    7591.14    1224.52    1224.52    1134.85    1134.85
 3    3537.00    1358.16    1672.12    2113.36    2987.23    5385.96    5558.32    9356.98   12432.95   15051.95   18092.03   17842.85   14031.13   10692.09    7826.36    5645.77    5370.69    9633.22   14095.13   36623.98   26968.35   16003.15   11131.50    3769.52    4827.71    4392.92    6338.50
 4    1379.00    2375.19    2698.99    2650.12    2576.90    3269.21    5616.47    7111.79    9260.75    9096.14    8239.44    5110.32    3734.31    3277.75    2676.86    4290.56    9131.08   11484.49    8724.38    9190.95    6361.10    3486.31    2825.13    2819.63    3809.14    5461.23    7690.65
 1    4109.00    3120.35    3120.35   11284.81   11284.81   14291.05   14291.05    5129.59    5129.59   18029.55   18029.55   33431.25   33431.25   25802.70   25802.70   13663.19   13663.19    6405.63    6405.63    6210.67    6210.67    7631.78    7631.78   10778.92   10778.92   26855.60   26855.60
 2     783.00     594.35     594.35    2149.49    2149.49    2722.10    2722.10     977.06     977.06    3434.20    3434.20    6367.86    6367.86    4914.80    4914.80    2602.51    2602.51    1220.12    1220.12    1182.98    1182.98    1453.67    1453.67    2053.13    2053.13    5115.35    5115.35
 3    3537.00    2137.31    2615.14    3746.36    4604.20    4829.17    5796.16    4114.41    5546.87   10859.62   13725.39   24035.72   19651.48   16649.87   13332.39    8629.43    7501.24    5464.78    5069.89    5901.84    6475.28    5397.08    5725.38    7866.85   12096.46   17454.61   22776.60
 4    1379.00    2460.43    2648.02    3147.31    3441.20    3381.02    4734.26    6329.91    9465.34    9583.70    7851.85    7540.09    5951.84    4492.32    3087.99    2296.80    2458.51    3435.68    3262.01    3447.97    4082.88    3938.58    5982.45   15241.07   20028.34   14622.23   11922.37
 1    4109.00    3203.05    3203.05    4919.38    4919.38   10243.00   10243.00   13542.61   13542.61   11518.58   11518.58    9847.07    9847.07   10250.39   10250.39   13996.75   13996.75   29260.77   29260.77   24474.91   24474.91   28153.82   28153.82    7170.70    7170.70    7516.28    7516.28
 2     783.00     610.10     610.10     937.02     937.02    1951.05    1951.05    2579.54    2579.54    2194.02    2194.02    1875.63    1875.63    1952.46    1952.46    2666.05    2666.05    5573.48    5573.48    4661.89    4661.89    5362.63    5362.63    1365.85    1365.85    1431.67    1431.67
 3    3537.00    1514.14    1917.62    3834.33    6356.76   11574.30   11615.46   11180.31    9505.20    8134.18    7670.45    6640.65    7401.38    6387.75    6531.49   10098.60   12583.62   19689.21   16196.21   15357.41   10403.75    7685.52    6249.03    4263.73    4498.10    3967.16    5933.57
 4    1379.00    2274.93    3432.43    5745.89    5401.40    3778.23    2992.69    3125.10    3034.33    3405.01    3706.72    3135.73    3200.86    5084.09    6265.92    8318.00    8302.09    7355.89    4630.89    3394.52    2830.83    2650.74    2551.04    2469.85    3505.82    3604.16    3446.20
 1    4109.00    1403.09    1403.09    3471.01    3471.01    9428.50    9428.50   17205.80   17205.80   16559.47   16559.47   14368.20   14368.20   29722.77   29722.77   28155.67   28155.67   27586.95   27586.95   14760.90   14760.90   20639.39   20639.39   13700.61   13700.61   17439.58   17439.58
 2     783.00     267.26     267.26     661.14     661.14    1795.90    1795.90    3277.30    3277.30    3154.18    3154.18    2736.80    2736.80    5661.48    5661.48    5362.98    5362.98    5254.66    5254.66    2811.60    2811.60    3931.31    3931.31    2609.64    2609.64    3321.82    3321.82
 3    3537.00    1135.25    1642.72    4502.48    4960.73    6610.18    7424.89    9505.09   10839.57   11338.59    9077.99    7075.79    8153.86   15562.28   16964.12   17069.67   18056.27   17897.36   17737.89   14157.18   11885.48    9059.49    8268.73    9178.16    8481.29    7412.38    6260.62
 4    1379.00    2291.57    2898.89    3994.29    3947.63    4247.38    5250.12    5291.82    4107.92    3528.10    3924.53    7001.51    7501.52    6635.52    7015.61    7620.58    6915.59    5091.79    4324.89    4938.09    3776.54    3464.26    3609.76    3371.77    2734.41    2888.60    5195.93
 1    4109.00    2231.00    2231.00    5957.95    5957.95   14852.38   14852.38   18628.76   18628.76   13006.69   13006.69    9265.87    9265.87   23110.63   23110.63   38409.76   38409.76   29369.34   29369.34   11305.60   11305.60   16802.94   16802.94   29536.59   29536.59   42790.90   42790.90
 2     783.00     424.95     424.95    1134.85    1134.85    2829.02    2829.02    3548.34    3548.34    2477.46    2477.46    1764.93    1764.93    4402.02    4402.02    7316.14    7316.14    5594.16    5594.16    2153.45    2153.45    3200.56    3200.56    5626.02    5626.02    8150.65    8150.65
 3    3537.00    2126.45    2495.61    3207.20    4179.01    9137.23    8391.46    7061.32    6304.83    3407.23    4229.48    4915.83    7432.46   19494.98   21456.21   27134.64   23021.53   10432.99   10142.05    8331.84   10000.03   12319.66   13474.40   13026.25   15575.47   22322.23   19670.29
 4    1379.00    2493.89    3311.42    3931.39    3719.05    3271.75    2649.63    2324.93    2808.02    2898.09    5024.86    7098.45    9729.00   10161.35    7843.30    4849.57    4280.10    4272.33    4283.02    6043.24    6220.12    5935.11    7763.37   10921.69   10798.84    9530.38    7809.92
