FL 2019 2020 2021 2022 2023 2024 2025 2026 2027 2028 2029 2030 2031 2032 2033 2034 2035 2036 2037 2038 2039 2040 2041 2042 2043 2044 2045
 1  0.7288134  0.6828411  0.6546595  0.6446341  0.6609318  0.7016357  0.6934173  0.6848596  0.6780240  0.6747075  0.6755643  0.6746832  0.6801377  0.6738542  0.6707890  0.6799397  0.6813232  0.6611560  0.6549794  0.6775928  0.7019649  0.7078848  0.7063747  0.7074262  0.7129507  0.7034073  0.6845989
 2  0.5725724  0.5257627  0.5094962  0.5045587  0.5615817  0.5972461  0.5924275  0.5615843  0.5148929  0.4831206  0.4882549  0.5297735  0.5505957  0.5415662  0.5288653  0.5432408  0.5554650  0.5356226  0.5297789  0.5661685  0.5950952  0.6022080  0.5903180  0.5839106  0.5834601  0.5750458  0.5428343
 3  0.7521145  0.7090282  0.6789928  0.6656369  0.6751037  0.7228030  0.7163789  0.7042799  0.6946138  0.6896400  0.6898262  0.6911329  0.6990376  0.6929687  0.6876906  0.6961438  0.7006376  0.6819970  0.6722879  0.6937802  0.7222092  0.7290261  0.7267101  0.7250487  0.7322420  0.7235548  0.7033456
 4  0.4566311  0.4242774  0.4164016  0.4076908  0.5094193  0.5394188  0.4959614  0.4243533  0.3729650  0.3651825  0.4120379  0.4666851  0.4702472  0.4344586  0.4285813  0.4726844  0.4820467  0.4339256  0.4425828  0.5094422  0.5301681  0.5186873  0.4851189  0.4929915  0.5054648  0.4759106  0.4241864
 1  0.7290193  0.6837882  0.6545517  0.6437762  0.6383460  0.6458357  0.6715712  0.6772860  0.6780569  0.6885293  0.6883209  0.6857745  0.6931597  0.6942256  0.7008712  0.7015590  0.7044867  0.7190215  0.7097711  0.7040714  0.6748712  0.6418959  0.6451780  0.6185587  0.6232129  0.6462692  0.6746312
 2  0.5731135  0.5265721  0.5087143  0.5045135  0.4986683  0.5201178  0.5522710  0.5600536  0.5593754  0.5646935  0.5602131  0.5510370  0.5500749  0.5499388  0.5542734  0.5541096  0.5752340  0.5947318  0.5921646  0.5697966  0.5213856  0.5047692  0.5203669  0.5033890  0.5070522  0.5356031  0.5641461
 3  0.7523618  0.7098613  0.6787557  0.6645732  0.6567520  0.6614506  0.6889670  0.6969320  0.6960726  0.7069830  0.7076743  0.7033642  0.7105934  0.7114369  0.7176643  0.7193660  0.7204850  0.7390413  0.7310093  0.7224306  0.6922432  0.6588959  0.6633571  0.6391919  0.6403871  0.6624375  0.6929117
 4  0.4573780  0.4241020  0.4146744  0.4103909  0.4049436  0.4540843  0.4880816  0.4735664  0.4730682  0.4848105  0.4642584  0.4547507  0.4556522  0.4555496  0.4656489  0.4545553  0.5031343  0.5268025  0.4927739  0.4431344  0.4120735  0.4344567  0.4517245  0.4152833  0.4270927  0.4749613  0.4948627
 1  0.7283085  0.6840857  0.6504140  0.6407132  0.6557581  0.6610342  0.6473433  0.6488141  0.6654527  0.6683716  0.6704194  0.6753687  0.6867376  0.6892261  0.6884274  0.6976855  0.6913498  0.6931284  0.6890513  0.6882215  0.6828620  0.6764932  0.6698939  0.6754855  0.6975167  0.7011004  0.6935367
 2  0.5726575  0.5268711  0.5055609  0.5166643  0.5363513  0.5373845  0.5183512  0.5292889  0.5501930  0.5496602  0.5397109  0.5386041  0.5573891  0.5650734  0.5679109  0.5678219  0.5630852  0.5628414  0.5633769  0.5615988  0.5486818  0.5313747  0.5260433  0.5642137  0.5952770  0.5992006  0.5794056
 3  0.7516802  0.7099972  0.6746589  0.6605563  0.6745479  0.6802045  0.6648167  0.6653988  0.6841630  0.6877471  0.6887444  0.6918563  0.7038711  0.7091275  0.7070424  0.7160351  0.7098721  0.7115730  0.7079617  0.7071666  0.7018784  0.6940973  0.6861769  0.6922380  0.7180691  0.7233845  0.7143336
 4  0.4573648  0.4236758  0.4130826  0.4433874  0.4625767  0.4417168  0.4272187  0.4647953  0.4784098  0.4594021  0.4348404  0.4522429  0.4896334  0.4831977  0.4773198  0.4779350  0.4758895  0.4793418  0.4791985  0.4736453  0.4468014  0.4223459  0.4470047  0.5093941  0.5327391  0.5159464  0.4639987
 1  0.7292546  0.6838950  0.6613909  0.6564508  0.6557146  0.6600714  0.6652830  0.6766211  0.6911101  0.7082276  0.7085508  0.7064951  0.7122101  0.7089658  0.7067967  0.7061971  0.7050117  0.7078206  0.6971713  0.6918364  0.6935881  0.7023724  0.6899017  0.6776044  0.6710485  0.6706750  0.6745011
 2  0.5718989  0.5260567  0.5138338  0.5138115  0.5128231  0.5128096  0.5205848  0.5378195  0.5710448  0.5933497  0.5940414  0.5843814  0.5734407  0.5606743  0.5430695  0.5337316  0.5391832  0.5475764  0.5500534  0.5495496  0.5684094  0.5818403  0.5685428  0.5376367  0.5086321  0.5078553  0.5211429
 3  0.7524902  0.7101951  0.6855321  0.6768672  0.6737275  0.6772473  0.6813869  0.6932740  0.7079556  0.7279848  0.7296900  0.7249823  0.7301587  0.7268779  0.7230174  0.7220341  0.7206244  0.7246463  0.7148889  0.7094703  0.7110740  0.7223372  0.7107518  0.6961030  0.6874019  0.6863502  0.6911166
 4  0.4556608  0.4248787  0.4171258  0.4166245  0.4205443  0.4181179  0.4365781  0.4615835  0.5044693  0.5243737  0.5003075  0.4800539  0.4758013  0.4493707  0.4270015  0.4235836  0.4486884  0.4596026  0.4563378  0.4621477  0.4974608  0.5073178  0.4654166  0.4107310  0.3966307  0.4237263  0.4420484
 1  0.7307392  0.6865184  0.6580272  0.6500188  0.6606392  0.6813684  0.6807489  0.6864285  0.6689179  0.6619127  0.6262433  0.5441956  0.6066405  0.6792307  0.6849449  0.6919086  0.6808700  0.6725248  0.6721895  0.6933568  0.6867622  0.6807491  0.6694388  0.6580215  0.6340947  0.6050125  0.6562501
 2  0.5709265  0.5258337  0.5099441  0.5127397  0.5385623  0.5603592  0.5644413  0.5619956  0.5499977  0.5460962  0.5106427  0.4395432  0.5402399  0.5898985  0.5961310  0.5834241  0.5483894  0.5146445  0.5402849  0.5812635  0.5812261  0.5586279  0.5251611  0.5048107  0.4909124  0.5302968  0.5820043
 3  0.7534590  0.7123403  0.6821658  0.6704496  0.6778091  0.6999580  0.6997616  0.7051943  0.6877730  0.6814780  0.6483082  0.5620419  0.6153401  0.7001291  0.7072771  0.7120015  0.6997563  0.6895780  0.6863004  0.7137218  0.7091329  0.6998811  0.6867634  0.6753320  0.6510578  0.6185546  0.6753635
 4  0.4540021  0.4236161  0.4156876  0.4240859  0.4701048  0.4867996  0.4801759  0.4718875  0.4702193  0.4723771  0.4127018  0.3676456  0.5057004  0.5363612  0.5110363  0.4765657  0.4311254  0.3976430  0.4857047  0.5245340  0.4868154  0.4379940  0.4195545  0.4086410  0.4150186  0.4919544  0.5302243
 1  0.7296156  0.6865591  0.6498931  0.6347095  0.6371724  0.6412060  0.6418955  0.6580997  0.6865920  0.6952731  0.6880128  0.6828383  0.6879758  0.6986489  0.6998215  0.6966100  0.6856356  0.6766181  0.6821082  0.6888925  0.6957408  0.7096847  0.7108544  0.7010026  0.6872071  0.6888164  0.6982152
 2  0.5721350  0.5269808  0.5042167  0.5046033  0.5145427  0.5159479  0.5147518  0.5450425  0.5814247  0.5894779  0.5713436  0.5390752  0.5239779  0.5374583  0.5543014  0.5577823  0.5402296  0.5191021  0.5291080  0.5477388  0.5690367  0.5922493  0.5956152  0.5793818  0.5515968  0.5602411  0.5742472
 3  0.7525046  0.7121357  0.6741534  0.6553890  0.6556779  0.6596972  0.6591543  0.6736421  0.7053731  0.7166899  0.7086477  0.7005453  0.7031798  0.7144587  0.7172177  0.7151201  0.7040808  0.6932063  0.6977953  0.7065125  0.7132264  0.7282144  0.7322089  0.7213963  0.7045968  0.7061179  0.7177902
 4  0.4555682  0.4230816  0.4132670  0.4230574  0.4373887  0.4284638  0.4290940  0.4863094  0.5206487  0.5091640  0.4571121  0.4062634  0.4246838  0.4597119  0.4743443  0.4634949  0.4251048  0.4115300  0.4522080  0.4707911  0.4922730  0.5220209  0.5142928  0.4652537  0.4499285  0.4921080  0.4966950
 1  0.7282820  0.6799588  0.6441057  0.6332987  0.6488397  0.6550653  0.6602318  0.6700214  0.6783465  0.6832074  0.6828104  0.6912881  0.7097075  0.7092448  0.7076870  0.7086761  0.7015485  0.6919025  0.6947339  0.7154812  0.7095771  0.7081722  0.7070977  0.7056043  0.6962231  0.6889239  0.6857635
 2  0.5697585  0.5240958  0.5045988  0.5111235  0.5249948  0.5208186  0.5051649  0.4968133  0.5016409  0.5087746  0.5185785  0.5586933  0.5930649  0.6002022  0.5896589  0.5692571  0.5405879  0.5199439  0.5689572  0.6058774  0.6111119  0.6012545  0.5851403  0.5680811  0.5393949  0.5159778  0.5008018
 3  0.7517544  0.7067786  0.6690899  0.6537588  0.6676178  0.6734396  0.6765372  0.6849939  0.6933657  0.6988256  0.6986449  0.7065371  0.7293976  0.7308741  0.7278000  0.7262195  0.7181374  0.7086560  0.7089285  0.7374790  0.7328642  0.7287319  0.7263841  0.7243155  0.7135587  0.7050988  0.7013286
 4  0.4555172  0.4257960  0.4150037  0.4340551  0.4425547  0.4153678  0.3868365  0.3905449  0.4078646  0.4124333  0.4249662  0.4982060  0.5306633  0.5169701  0.4785330  0.4461528  0.4296682  0.4120962  0.5141728  0.5488089  0.5277858  0.5018154  0.4871570  0.4594224  0.4193297  0.3959233  0.3850364
 1  0.7315684  0.6873634  0.6662300  0.6601783  0.6628062  0.6710170  0.6850217  0.7054846  0.6982393  0.6954581  0.6922922  0.6896237  0.6772680  0.6648616  0.6654875  0.6637635  0.6884142  0.7164498  0.6995266  0.6884860  0.6674155  0.6367014  0.6104963  0.5936043  0.6378182  0.6666961  0.6944020
 2  0.5697771  0.5246284  0.5155095  0.5130138  0.5058024  0.4995452  0.5336306  0.5735280  0.5862829  0.5859671  0.5786249  0.5608192  0.5266815  0.5004835  0.4978791  0.5119089  0.5865231  0.6143566  0.6031492  0.5764689  0.5382790  0.5054833  0.4758093  0.4904729  0.5393861  0.5726132  0.5977192
 3  0.7537993  0.7128878  0.6900189  0.6808720  0.6807605  0.6865889  0.6988388  0.7234246  0.7186315  0.7163100  0.7130492  0.7087262  0.6950752  0.6814610  0.6813220  0.6800444  0.7024534  0.7399958  0.7238649  0.7083780  0.6857470  0.6566893  0.6284931  0.6085495  0.6545886  0.6845087  0.7138691
 4  0.4515532  0.4227631  0.4207217  0.4100070  0.3900045  0.3874716  0.4713464  0.5114955  0.5116028  0.5065762  0.4849270  0.4500672  0.4088470  0.3935238  0.4071590  0.4344659  0.5352225  0.5551791  0.5074258  0.4604498  0.4478032  0.4114723  0.3862287  0.4404297  0.4822963  0.5092025  0.5308183
 1  0.7286303  0.6827316  0.6481144  0.6348830  0.6244428  0.6330722  0.6514507  0.6673950  0.6984678  0.7106026  0.7069715  0.7021760  0.6946484  0.6921164  0.6892430  0.6813880  0.6814016  0.6860987  0.7015292  0.6995494  0.7033942  0.7092398  0.7071742  0.7164644  0.7309760  0.7174365  0.7049662
 2  0.5686480  0.5247601  0.5053079  0.4994966  0.4962373  0.5151837  0.5388547  0.5673246  0.5969830  0.6072229  0.5954057  0.5706719  0.5367667  0.5181766  0.5082651  0.4954345  0.4937521  0.5251309  0.5581341  0.5680966  0.5731384  0.5765642  0.5701552  0.6031390  0.6222947  0.6184321  0.5905005
 3  0.7517398  0.7089221  0.6726628  0.6560958  0.6426623  0.6497104  0.6692877  0.6846860  0.7179212  0.7320943  0.7280453  0.7209915  0.7112906  0.7080014  0.7053130  0.6970102  0.6963020  0.7005684  0.7190150  0.7182759  0.7208796  0.7278357  0.7259154  0.7320989  0.7548841  0.7415997  0.7256084
 4  0.4547156  0.4242532  0.4145746  0.4063984  0.4150499  0.4498720  0.4696055  0.5042309  0.5319419  0.5292653  0.4945373  0.4451520  0.4150658  0.4129304  0.3961149  0.3775413  0.3859003  0.4587677  0.4873358  0.4755833  0.4849683  0.4907380  0.4654026  0.5390096  0.5615556  0.5283121  0.4598107
 1  0.7290541  0.6815356  0.6441664  0.6372068  0.6618937  0.6622013  0.6593751  0.6644886  0.6793103  0.6856032  0.6934363  0.6962685  0.6935480  0.6953763  0.7098339  0.7112521  0.7109692  0.7056400  0.6940205  0.6858649  0.6801580  0.6810840  0.6763126  0.6527541  0.6667882  0.6890492  0.6878149
 2  0.5720311  0.5252907  0.5040914  0.5271910  0.5515056  0.5451597  0.5139772  0.4946679  0.5068467  0.5289736  0.5559234  0.5638974  0.5544402  0.5585257  0.5817064  0.5965103  0.5978017  0.5871288  0.5568919  0.5182612  0.4905735  0.4987389  0.5262254  0.5316973  0.5646885  0.5833745  0.5772301
 3  0.7524456  0.7079812  0.6689529  0.6564320  0.6816510  0.6826146  0.6768029  0.6792506  0.6942310  0.7015205  0.7105409  0.7149788  0.7119157  0.7114081  0.7282063  0.7313811  0.7318387  0.7261856  0.7128990  0.7026668  0.6952002  0.6955441  0.6933619  0.6722004  0.6842368  0.7095191  0.7088853
 4  0.4569095  0.4252592  0.4156676  0.4642044  0.4814800  0.4383164  0.3767566  0.3899713  0.4247222  0.4536916  0.4790701  0.4751711  0.4445164  0.4776053  0.5142965  0.5221695  0.5150991  0.4855338  0.4329115  0.3812758  0.3707405  0.4193586  0.4566237  0.4592230  0.5013387  0.5136782  0.4767274
 1  0.7304056  0.6862981  0.6616752  0.6533896  0.6589773  0.6713658  0.6785295  0.6906002  0.6865288  0.6829094  0.6892232  0.6941837  0.7083358  0.7026181  0.6907182  0.6882869  0.6824050  0.6781195  0.6822262  0.6733796  0.6743282  0.6755244  0.6788625  0.6821290  0.6774561  0.6748537  0.6737872
 2  0.5719358  0.5261459  0.5120362  0.5112045  0.5197980  0.5297871  0.5439650  0.5559482  0.5461454  0.5297284  0.5304346  0.5643573  0.5919432  0.5954436  0.5793874  0.5666785  0.5505104  0.5397523  0.5432621  0.5368622  0.5287299  0.5246100  0.5354084  0.5456567  0.5434091  0.5339483  0.5400167
 3  0.7532408  0.7121606  0.6856533  0.6738242  0.6767304  0.6884570  0.6949625  0.7085232  0.7053432  0.6992457  0.7052599  0.7102763  0.7283932  0.7245184  0.7109739  0.7077442  0.7015891  0.6952451  0.6998420  0.6920912  0.6917129  0.6921311  0.6951547  0.7003725  0.6962353  0.6921204  0.6906495
 4  0.4545313  0.4234454  0.4155556  0.4170173  0.4332202  0.4413165  0.4657917  0.4735523  0.4336578  0.4196081  0.4420781  0.5018296  0.5285572  0.5107109  0.4866393  0.4756438  0.4475384  0.4485652  0.4606223  0.4424330  0.4247615  0.4281213  0.4587243  0.4663132  0.4439578  0.4362920  0.4652826
 1  0.7281665  0.6808930  0.6531121  0.6465405  0.6531524  0.6553055  0.6539219  0.6541893  0.6594796  0.6741236  0.6812246  0.7036616  0.7066412  0.7108806  0.7000404  0.6955166  0.6878483  0.6803203  0.6868288  0.6793114  0.6915655  0.6922605  0.6906896  0.6991700  0.7083000  0.6960110  0.6880423
 2  0.5709774  0.5244168  0.5100340  0.5172541  0.5261280  0.5232478  0.5090695  0.4979251  0.5167053  0.5442315  0.5784811  0.6007809  0.6097067  0.6054687  0.5829569  0.5535514  0.5180044  0.5124666  0.5364525  0.5590063  0.5767899  0.5776554  0.5677387  0.5812250  0.5927629  0.5857318  0.5675614
 3  0.7515019  0.7073161  0.6776145  0.6669398  0.6718824  0.6737746  0.6710527  0.6705423  0.6747480  0.6919156  0.6987545  0.7245318  0.7285037  0.7327979  0.7206355  0.7133823  0.7044143  0.6954599  0.7035985  0.6977838  0.7109614  0.7126221  0.7095390  0.7161959  0.7295217  0.7173076  0.7075863
 4  0.4557197  0.4247425  0.4182733  0.4351771  0.4441208  0.4262532  0.4040917  0.3985438  0.4482450  0.4770173  0.5145413  0.5367661  0.5347833  0.5178763  0.4709460  0.4281539  0.3941091  0.4279337  0.4671693  0.4892931  0.5037065  0.4880072  0.4697487  0.5112565  0.5227234  0.4937996  0.4710711
 1  0.7281973  0.6811210  0.6513039  0.6399235  0.6474991  0.6787232  0.6861041  0.6888928  0.6916059  0.6964117  0.6992139  0.7049115  0.6993110  0.6913404  0.6781356  0.6738315  0.6816090  0.6897058  0.7095160  0.7007507  0.6924042  0.6932062  0.6937381  0.6941290  0.6872126  0.6898725  0.7045269
 2  0.5743464  0.5256035  0.5089468  0.5016911  0.5260527  0.5581070  0.5668613  0.5543997  0.5290262  0.4999055  0.4900600  0.5251059  0.5520920  0.5581002  0.5491728  0.5451422  0.5470924  0.5751623  0.5985564  0.5951978  0.5725267  0.5476697  0.5323847  0.5339191  0.5581837  0.5972791  0.6083286
 3  0.7516029  0.7071254  0.6755594  0.6613525  0.6640980  0.6962704  0.7056363  0.7071078  0.7080038  0.7110230  0.7122963  0.7197650  0.7169106  0.7105112  0.6972962  0.6917567  0.7000455  0.7057219  0.7303202  0.7235295  0.7122169  0.7102897  0.7100990  0.7101550  0.7045067  0.7086430  0.7290046
 4  0.4584144  0.4238650  0.4194745  0.4040469  0.4564828  0.4928379  0.4781217  0.4356220  0.3906771  0.3512469  0.3924541  0.4526437  0.4770018  0.4717263  0.4549058  0.4617702  0.4562393  0.5090628  0.5364810  0.5044512  0.4518469  0.4306273  0.4297917  0.4499739  0.4945303  0.5413720  0.5422638
 1  0.7281184  0.6804225  0.6482801  0.6377564  0.6280133  0.6342521  0.6642838  0.6683701  0.6565721  0.6405869  0.6595416  0.6814311  0.6822370  0.6750563  0.6638888  0.6567966  0.6767841  0.6914078  0.6937701  0.7096226  0.7058355  0.7001386  0.6892205  0.6790635  0.6819012  0.6819228  0.6831370
 2  0.5729084  0.5253939  0.5073031  0.5043208  0.4988212  0.5273472  0.5648639  0.5707151  0.5495804  0.5289346  0.5548248  0.5801571  0.5805731  0.5631620  0.5329039  0.5206113  0.5576269  0.5777498  0.5907021  0.5981222  0.5897331  0.5633731  0.5156352  0.4825166  0.4944656  0.5290037  0.5430731
 3  0.7517145  0.7069668  0.6729717  0.6589323  0.6466140  0.6498205  0.6828097  0.6897542  0.6776522  0.6593512  0.6760341  0.7013042  0.7039264  0.6957045  0.6828227  0.6733738  0.6929000  0.7119186  0.7129425  0.7298114  0.7269608  0.7187295  0.7054363  0.6938187  0.6960314  0.6986330  0.7015014
 4  0.4576816  0.4254499  0.4172013  0.4131281  0.4140799  0.4713076  0.5074565  0.4945522  0.4555111  0.4446091  0.4952810  0.5173252  0.4994410  0.4619428  0.4219774  0.4387302  0.5004148  0.5064108  0.5118334  0.5219210  0.4908540  0.4285852  0.3681851  0.3634627  0.4197629  0.4592229  0.4509789
 1  0.7289669  0.6799096  0.6459996  0.6371230  0.6538075  0.6709040  0.6700422  0.6692072  0.6705348  0.6742981  0.6850382  0.7090843  0.7207722  0.7118568  0.7010326  0.7006451  0.7024852  0.7072772  0.7051703  0.7022220  0.6968297  0.6862990  0.6838530  0.6875089  0.6975061  0.7068640  0.7108223
 2  0.5742236  0.5244783  0.5066273  0.5178877  0.5470862  0.5606151  0.5488456  0.5186682  0.4830695  0.4679836  0.5320189  0.6053228  0.6216566  0.6135824  0.5752443  0.5303829  0.4991033  0.5012704  0.5343714  0.5636331  0.5744788  0.5662200  0.5529876  0.5457725  0.5546459  0.5745760  0.5871655
 3  0.7523603  0.7061980  0.6706291  0.6575691  0.6719083  0.6907269  0.6896851  0.6864818  0.6859417  0.6879858  0.6983579  0.7277570  0.7452701  0.7348523  0.7199777  0.7165754  0.7165604  0.7209523  0.7206709  0.7199676  0.7168082  0.7067164  0.7025953  0.7044857  0.7142071  0.7243747  0.7302176
 4  0.4578898  0.4245232  0.4202045  0.4447043  0.4828797  0.4825091  0.4388945  0.3829327  0.3405423  0.3619568  0.4862264  0.5520186  0.5541723  0.5060410  0.4309950  0.3795460  0.3728546  0.4085236  0.4589300  0.4933721  0.4969439  0.4723202  0.4466916  0.4493739  0.4732314  0.5006154  0.5096240
 1  0.7287269  0.6811145  0.6504560  0.6386283  0.6421914  0.6626252  0.6744802  0.6804446  0.6796313  0.6727546  0.6812248  0.6836957  0.6749885  0.6716761  0.6722798  0.6701599  0.6932108  0.7136258  0.7044423  0.6976596  0.6918458  0.6894623  0.6901532  0.6915569  0.6880498  0.6859347  0.6826159
 2  0.5719461  0.5247374  0.5084479  0.5022139  0.5082287  0.5310015  0.5502951  0.5623715  0.5614938  0.5605612  0.5725200  0.5738796  0.5570441  0.5383915  0.5333303  0.5428140  0.5932782  0.6128652  0.6059289  0.5771668  0.5279466  0.4802242  0.4802112  0.5366121  0.5725270  0.5805188  0.5848031
 3  0.7520538  0.7075128  0.6750741  0.6600434  0.6600469  0.6788273  0.6922476  0.6989860  0.6992280  0.6917506  0.7001638  0.7048172  0.6952869  0.6893173  0.6895146  0.6875496  0.7096265  0.7370114  0.7278546  0.7174156  0.7085106  0.7036630  0.7029577  0.7077152  0.7071851  0.7074642  0.7031042
 4  0.4562514  0.4249534  0.4185818  0.4061860  0.4210237  0.4585859  0.4778527  0.4851352  0.4789571  0.4825243  0.5042844  0.4930125  0.4514555  0.4375237  0.4485473  0.4714059  0.5368348  0.5495457  0.5090503  0.4402067  0.3676985  0.3304240  0.4030177  0.4792579  0.5088283  0.5085677  0.5079092
 1  0.7276935  0.6809570  0.6447616  0.6317799  0.6470610  0.6667298  0.6738192  0.6753341  0.6808712  0.6906364  0.6969900  0.6962337  0.6967442  0.7079603  0.7187283  0.7059591  0.6839782  0.6745717  0.6866688  0.6891094  0.6754984  0.6596829  0.6442471  0.6239314  0.6375425  0.6781939  0.6857068
 2  0.5721492  0.5253584  0.5039955  0.5066197  0.5296131  0.5483927  0.5483965  0.5358098  0.5306300  0.5443622  0.5581600  0.5604460  0.5612353  0.5908478  0.6057600  0.5951826  0.5455312  0.5118126  0.5434011  0.5646214  0.5548187  0.5243115  0.4984312  0.4846682  0.5306304  0.5764853  0.5845873
 3  0.7511928  0.7072493  0.6693843  0.6524696  0.6649921  0.6847683  0.6924409  0.6929997  0.6969626  0.7069429  0.7148710  0.7144866  0.7142078  0.7248990  0.7409070  0.7281418  0.7028218  0.6896350  0.7022484  0.7090123  0.6963897  0.6783043  0.6610779  0.6418104  0.6519244  0.6969897  0.7075676
 4  0.4573467  0.4243489  0.4147852  0.4273428  0.4576269  0.4716023  0.4541486  0.4262241  0.4351598  0.4674376  0.4763916  0.4655516  0.4707898  0.5269957  0.5378411  0.4861183  0.3928827  0.4105814  0.4862339  0.4949188  0.4514121  0.4089246  0.4074672  0.4037041  0.4784208  0.5208119  0.4999593
